copying 33 paths...
copying path '/tmp/obrador-shared-pins-linux/round-3-retry-after/chain-round-1-jobs-8/store/w84rmzf6an0jshhnpcksik2hklqq0yf4-seed' to 'local://'...
copying path '/tmp/obrador-shared-pins-linux/round-3-retry-after/chain-round-1-jobs-8/store/94977yj37r4y789gq3fb2am8adl125n9-leaf-0.drv.drv' to 'local://'...
copying path '/tmp/obrador-shared-pins-linux/round-3-retry-after/chain-round-1-jobs-8/store/lcljayh6i9kxwiq2qb6alsjb4a4714f7-leaf-1.drv.drv' to 'local://'...
copying path '/tmp/obrador-shared-pins-linux/round-3-retry-after/chain-round-1-jobs-8/store/sjzmpm4vdppq1zj7pqxsjiqmr4y31plm-leaf-2.drv.drv' to 'local://'...
copying path '/tmp/obrador-shared-pins-linux/round-3-retry-after/chain-round-1-jobs-8/store/90w1niahj0vxwrv3cmg4jwqwrmrn5ibs-leaf-3.drv.drv' to 'local://'...
copying path '/tmp/obrador-shared-pins-linux/round-3-retry-after/chain-round-1-jobs-8/store/yyiryydjixvmay510y57fnnhbr6siivf-leaf-4.drv.drv' to 'local://'...
copying path '/tmp/obrador-shared-pins-linux/round-3-retry-after/chain-round-1-jobs-8/store/95wmrrphkijy2yrzrd0kl313j08x4pyh-leaf-5.drv.drv' to 'local://'...
copying path '/tmp/obrador-shared-pins-linux/round-3-retry-after/chain-round-1-jobs-8/store/32fi4rgii5shggj3b633b4pi8vg5rms5-leaf-6.drv.drv' to 'local://'...
copying path '/tmp/obrador-shared-pins-linux/round-3-retry-after/chain-round-1-jobs-8/store/wp6v85s6l9068cncpiba7n13qxv1bdif-leaf-7.drv.drv' to 'local://'...
copying path '/tmp/obrador-shared-pins-linux/round-3-retry-after/chain-round-1-jobs-8/store/2qvf6grz3pa12vh11zmh1v2a8d74pw72-leaf-8.drv.drv' to 'local://'...
copying path '/tmp/obrador-shared-pins-linux/round-3-retry-after/chain-round-1-jobs-8/store/21nd7wv4a2chgk7d7rq4yzhizj20k9g6-leaf-9.drv.drv' to 'local://'...
copying path '/tmp/obrador-shared-pins-linux/round-3-retry-after/chain-round-1-jobs-8/store/1f7mn0ka3r5zk1rfrj2nmw9s3iqmjmlb-leaf-10.drv.drv' to 'local://'...
copying path '/tmp/obrador-shared-pins-linux/round-3-retry-after/chain-round-1-jobs-8/store/65vdrsdpgb3hhdvwkwfxazs3iq3qahgn-leaf-11.drv.drv' to 'local://'...
copying path '/tmp/obrador-shared-pins-linux/round-3-retry-after/chain-round-1-jobs-8/store/5jyahq86lqkqa2syf8sjp8fbclfs13x7-leaf-12.drv.drv' to 'local://'...
copying path '/tmp/obrador-shared-pins-linux/round-3-retry-after/chain-round-1-jobs-8/store/5ihxx18s0bmzh10l41xk2xi4s4ph88sp-leaf-13.drv.drv' to 'local://'...
copying path '/tmp/obrador-shared-pins-linux/round-3-retry-after/chain-round-1-jobs-8/store/wvcd2n0qk83db1cqfj58dmb8xas4zn33-leaf-14.drv.drv' to 'local://'...
copying path '/tmp/obrador-shared-pins-linux/round-3-retry-after/chain-round-1-jobs-8/store/1gn0av5jkzk8spzpyqga5cf185wikbkg-leaf-15.drv.drv' to 'local://'...
copying path '/tmp/obrador-shared-pins-linux/round-3-retry-after/chain-round-1-jobs-8/store/d72lfq9a3l2gqfmr1yi06v0bv4h7737w-leaf-16.drv.drv' to 'local://'...
copying path '/tmp/obrador-shared-pins-linux/round-3-retry-after/chain-round-1-jobs-8/store/w3kjd56n5nyw6v2bw26kxj3w6ic3mcgr-leaf-17.drv.drv' to 'local://'...
copying path '/tmp/obrador-shared-pins-linux/round-3-retry-after/chain-round-1-jobs-8/store/11lsw7rqrxmscdzgwzck4bk1wbxn23am-leaf-18.drv.drv' to 'local://'...
copying path '/tmp/obrador-shared-pins-linux/round-3-retry-after/chain-round-1-jobs-8/store/l35g86hmlijf6xzysz42zxs1srpynlfy-leaf-19.drv.drv' to 'local://'...
copying path '/tmp/obrador-shared-pins-linux/round-3-retry-after/chain-round-1-jobs-8/store/39gcxvsfy3g9q3bql3c1jy9jxwdq4853-leaf-20.drv.drv' to 'local://'...
copying path '/tmp/obrador-shared-pins-linux/round-3-retry-after/chain-round-1-jobs-8/store/26bm96bxmwpjs5cwhakynnymx85817j2-leaf-21.drv.drv' to 'local://'...
copying path '/tmp/obrador-shared-pins-linux/round-3-retry-after/chain-round-1-jobs-8/store/4k02sf3cafp9hz0v7d0c91qiwsy099j2-leaf-22.drv.drv' to 'local://'...
copying path '/tmp/obrador-shared-pins-linux/round-3-retry-after/chain-round-1-jobs-8/store/y4p6nrqs97gsbb0w4rl4v1wv0i7vasha-leaf-23.drv.drv' to 'local://'...
copying path '/tmp/obrador-shared-pins-linux/round-3-retry-after/chain-round-1-jobs-8/store/aj42m0c3isk2qx2l147f4lj4cqv49d75-leaf-24.drv.drv' to 'local://'...
copying path '/tmp/obrador-shared-pins-linux/round-3-retry-after/chain-round-1-jobs-8/store/2wp78p18mr48dyccbpd4m3787klliwk3-leaf-25.drv.drv' to 'local://'...
copying path '/tmp/obrador-shared-pins-linux/round-3-retry-after/chain-round-1-jobs-8/store/6950yn34v46hr655pqgxp522wncnpilb-leaf-26.drv.drv' to 'local://'...
copying path '/tmp/obrador-shared-pins-linux/round-3-retry-after/chain-round-1-jobs-8/store/07mjcg7xhwlgdkr20qpcnisw2z1wcj2v-leaf-27.drv.drv' to 'local://'...
copying path '/tmp/obrador-shared-pins-linux/round-3-retry-after/chain-round-1-jobs-8/store/iz0s7vdmz75x2shi24nm7av6g62avlyv-leaf-28.drv.drv' to 'local://'...
copying path '/tmp/obrador-shared-pins-linux/round-3-retry-after/chain-round-1-jobs-8/store/37gwfj5drv8aksngjqvaxnadrjrsdz2m-leaf-29.drv.drv' to 'local://'...
copying path '/tmp/obrador-shared-pins-linux/round-3-retry-after/chain-round-1-jobs-8/store/11885p1gqz3jm79l75cwz445ryw62qs1-leaf-30.drv.drv' to 'local://'...
copying path '/tmp/obrador-shared-pins-linux/round-3-retry-after/chain-round-1-jobs-8/store/sghzf8454ds01ambbjxm76670774hd93-leaf-31.drv.drv' to 'local://'...
