copying 33 paths...
copying path '/tmp/obrador-shared-pins-linux/round-1-baseline/chain-round-1-jobs-8/store/b8d955kd01ccdmfigbd1f6yp2vfvclw2-seed' to 'local://'...
copying path '/tmp/obrador-shared-pins-linux/round-1-baseline/chain-round-1-jobs-8/store/nsv3aksip75b58lnynz4bd04w7mvpnin-leaf-0.drv.drv' to 'local://'...
copying path '/tmp/obrador-shared-pins-linux/round-1-baseline/chain-round-1-jobs-8/store/f9x185kc3kdmi2plqma0sc603x6lgzbn-leaf-1.drv.drv' to 'local://'...
copying path '/tmp/obrador-shared-pins-linux/round-1-baseline/chain-round-1-jobs-8/store/8rrq38sfk085s0jba0kcyx78xrmigmag-leaf-2.drv.drv' to 'local://'...
copying path '/tmp/obrador-shared-pins-linux/round-1-baseline/chain-round-1-jobs-8/store/azv5k19611101vsdrywbrn9cg03y6lim-leaf-3.drv.drv' to 'local://'...
copying path '/tmp/obrador-shared-pins-linux/round-1-baseline/chain-round-1-jobs-8/store/dcnay0vhhmrqsvnssx1ir2wh6v4jhx4n-leaf-4.drv.drv' to 'local://'...
copying path '/tmp/obrador-shared-pins-linux/round-1-baseline/chain-round-1-jobs-8/store/4d3n8k76isb9lfb6j39b6g38vh7l85k6-leaf-5.drv.drv' to 'local://'...
copying path '/tmp/obrador-shared-pins-linux/round-1-baseline/chain-round-1-jobs-8/store/i1qip5ak52p5c9fndwqwxvmpc5fr5kw5-leaf-6.drv.drv' to 'local://'...
copying path '/tmp/obrador-shared-pins-linux/round-1-baseline/chain-round-1-jobs-8/store/9w0han45vfsn8lb6laqx7sfmd41263iv-leaf-7.drv.drv' to 'local://'...
copying path '/tmp/obrador-shared-pins-linux/round-1-baseline/chain-round-1-jobs-8/store/fccxijb12i6m33y1drpi6hgq430xcrqa-leaf-8.drv.drv' to 'local://'...
copying path '/tmp/obrador-shared-pins-linux/round-1-baseline/chain-round-1-jobs-8/store/1r9ffnwb8dzvv0hzm0lhykwp6g65igmw-leaf-9.drv.drv' to 'local://'...
copying path '/tmp/obrador-shared-pins-linux/round-1-baseline/chain-round-1-jobs-8/store/wyh61li51yynv7vcc8s6k5g730xbvzr0-leaf-10.drv.drv' to 'local://'...
copying path '/tmp/obrador-shared-pins-linux/round-1-baseline/chain-round-1-jobs-8/store/m6vr8djvdk9scsvsb7dnkizphpp39xh7-leaf-11.drv.drv' to 'local://'...
copying path '/tmp/obrador-shared-pins-linux/round-1-baseline/chain-round-1-jobs-8/store/ldwgz2l87a7ar96rgw00bp1yaq1ldlqn-leaf-12.drv.drv' to 'local://'...
copying path '/tmp/obrador-shared-pins-linux/round-1-baseline/chain-round-1-jobs-8/store/bwrfp36vdh9nx7jdvai0jrdyx1k4yg8v-leaf-13.drv.drv' to 'local://'...
copying path '/tmp/obrador-shared-pins-linux/round-1-baseline/chain-round-1-jobs-8/store/wn1wrmr4mzv455v6c5xcdjpxlm9cha56-leaf-14.drv.drv' to 'local://'...
copying path '/tmp/obrador-shared-pins-linux/round-1-baseline/chain-round-1-jobs-8/store/hq93lxkvvagpp2qj0wlsajwbn834h2rb-leaf-15.drv.drv' to 'local://'...
copying path '/tmp/obrador-shared-pins-linux/round-1-baseline/chain-round-1-jobs-8/store/7l70fqkywcrcq7acy0zdcxf6p4avim7b-leaf-16.drv.drv' to 'local://'...
copying path '/tmp/obrador-shared-pins-linux/round-1-baseline/chain-round-1-jobs-8/store/d0hfc9fpkp1v5ffywhxb4mzgrqd8m3fh-leaf-17.drv.drv' to 'local://'...
copying path '/tmp/obrador-shared-pins-linux/round-1-baseline/chain-round-1-jobs-8/store/l2gxs4g12mhg4y5q5dmq36shjq5xfnkk-leaf-18.drv.drv' to 'local://'...
copying path '/tmp/obrador-shared-pins-linux/round-1-baseline/chain-round-1-jobs-8/store/frgnn3wdmrav9481bvzkv67h9whd9q2p-leaf-19.drv.drv' to 'local://'...
copying path '/tmp/obrador-shared-pins-linux/round-1-baseline/chain-round-1-jobs-8/store/0lzncnqmllpin4dc934jvn5gxrckl7gm-leaf-20.drv.drv' to 'local://'...
copying path '/tmp/obrador-shared-pins-linux/round-1-baseline/chain-round-1-jobs-8/store/bf4c3cv20yh1q3hfs3vhd01zc100ny79-leaf-21.drv.drv' to 'local://'...
copying path '/tmp/obrador-shared-pins-linux/round-1-baseline/chain-round-1-jobs-8/store/dkwnpqi32q6yspffpb5xmppichs5w9qq-leaf-22.drv.drv' to 'local://'...
copying path '/tmp/obrador-shared-pins-linux/round-1-baseline/chain-round-1-jobs-8/store/zm873g6lg3ylmf2i4hpj3aj1j793p0kh-leaf-23.drv.drv' to 'local://'...
copying path '/tmp/obrador-shared-pins-linux/round-1-baseline/chain-round-1-jobs-8/store/3nbvyn5jh51n4s6pkgxwg82j55j3nd36-leaf-24.drv.drv' to 'local://'...
copying path '/tmp/obrador-shared-pins-linux/round-1-baseline/chain-round-1-jobs-8/store/mlans63758vybl63jgz6lhifl96q83qm-leaf-25.drv.drv' to 'local://'...
copying path '/tmp/obrador-shared-pins-linux/round-1-baseline/chain-round-1-jobs-8/store/rl0ib287w2z2xqpab592dwas3vrmbkzb-leaf-26.drv.drv' to 'local://'...
copying path '/tmp/obrador-shared-pins-linux/round-1-baseline/chain-round-1-jobs-8/store/wszxkzni0bhmacmy88809ma5nl3bqh2k-leaf-27.drv.drv' to 'local://'...
copying path '/tmp/obrador-shared-pins-linux/round-1-baseline/chain-round-1-jobs-8/store/y4b1rlffanp5asp05xklj68kr0v26w78-leaf-28.drv.drv' to 'local://'...
copying path '/tmp/obrador-shared-pins-linux/round-1-baseline/chain-round-1-jobs-8/store/xamz46fmn2jj2j77hc1v8dyx9nnq9ibz-leaf-29.drv.drv' to 'local://'...
copying path '/tmp/obrador-shared-pins-linux/round-1-baseline/chain-round-1-jobs-8/store/f6rpyabca87nxj2bfdkzc4m3w629m6a8-leaf-30.drv.drv' to 'local://'...
copying path '/tmp/obrador-shared-pins-linux/round-1-baseline/chain-round-1-jobs-8/store/ifm6wqzvbz1bmwzic0bg4g7hx6gq1qah-leaf-31.drv.drv' to 'local://'...
