copying 33 paths...
copying path '/tmp/casita-chain-rerun-l2oceybd/round-2-baseline/chain-round-1-jobs-8/store/04h660pghhddwaxaj05v13lky9b4biar-seed' to 'local://'...
copying path '/tmp/casita-chain-rerun-l2oceybd/round-2-baseline/chain-round-1-jobs-8/store/hvyr149ldi2biqpigccfqb1s706ir6rn-leaf-0.drv.drv' to 'local://'...
copying path '/tmp/casita-chain-rerun-l2oceybd/round-2-baseline/chain-round-1-jobs-8/store/vvd6g18pz60asvhdlsyii64kn7lz14bd-leaf-1.drv.drv' to 'local://'...
copying path '/tmp/casita-chain-rerun-l2oceybd/round-2-baseline/chain-round-1-jobs-8/store/0qhdv4sv4c55k428lmir1z6977ryflrq-leaf-2.drv.drv' to 'local://'...
copying path '/tmp/casita-chain-rerun-l2oceybd/round-2-baseline/chain-round-1-jobs-8/store/z23ang2alj5za6db155kq2bjzq7hgzdf-leaf-3.drv.drv' to 'local://'...
copying path '/tmp/casita-chain-rerun-l2oceybd/round-2-baseline/chain-round-1-jobs-8/store/msjsk5xba1gw4xlkkg2fmgvr77cj349n-leaf-4.drv.drv' to 'local://'...
copying path '/tmp/casita-chain-rerun-l2oceybd/round-2-baseline/chain-round-1-jobs-8/store/bhnv8gbkxi6kkb5qmlkqz6yfdy084jcc-leaf-5.drv.drv' to 'local://'...
copying path '/tmp/casita-chain-rerun-l2oceybd/round-2-baseline/chain-round-1-jobs-8/store/0n19h9ik13qvm55i9x5v4y051y0sailw-leaf-6.drv.drv' to 'local://'...
copying path '/tmp/casita-chain-rerun-l2oceybd/round-2-baseline/chain-round-1-jobs-8/store/avxahb9klm5rl9zk9wgb0j284grkyivr-leaf-7.drv.drv' to 'local://'...
copying path '/tmp/casita-chain-rerun-l2oceybd/round-2-baseline/chain-round-1-jobs-8/store/9rzx06997ihxzknbh2w8x2xrkdzqckl2-leaf-8.drv.drv' to 'local://'...
copying path '/tmp/casita-chain-rerun-l2oceybd/round-2-baseline/chain-round-1-jobs-8/store/qqbi5p8x5l3iiw8sfxrm5yv69rh8783v-leaf-9.drv.drv' to 'local://'...
copying path '/tmp/casita-chain-rerun-l2oceybd/round-2-baseline/chain-round-1-jobs-8/store/2fdih0fqnlkcri4hzancna0dmqj39k09-leaf-10.drv.drv' to 'local://'...
copying path '/tmp/casita-chain-rerun-l2oceybd/round-2-baseline/chain-round-1-jobs-8/store/81clbfkqvyh6l5gqri796nljzk2x47cg-leaf-11.drv.drv' to 'local://'...
copying path '/tmp/casita-chain-rerun-l2oceybd/round-2-baseline/chain-round-1-jobs-8/store/76b90vcgkf8yjrpwf04w4r8bw950apm0-leaf-12.drv.drv' to 'local://'...
copying path '/tmp/casita-chain-rerun-l2oceybd/round-2-baseline/chain-round-1-jobs-8/store/slynndz7m83vf34ygn23q6vgbbs3cqr1-leaf-13.drv.drv' to 'local://'...
copying path '/tmp/casita-chain-rerun-l2oceybd/round-2-baseline/chain-round-1-jobs-8/store/bc7wdwq2bjcf7g0h5m1hxjkq59nz4p4n-leaf-14.drv.drv' to 'local://'...
copying path '/tmp/casita-chain-rerun-l2oceybd/round-2-baseline/chain-round-1-jobs-8/store/g6ihyd5bx6gpz5dz5aibqyr1jf4d4nq5-leaf-15.drv.drv' to 'local://'...
copying path '/tmp/casita-chain-rerun-l2oceybd/round-2-baseline/chain-round-1-jobs-8/store/lb0i5p558vikndzdp4asvznkp1pcsnr5-leaf-16.drv.drv' to 'local://'...
copying path '/tmp/casita-chain-rerun-l2oceybd/round-2-baseline/chain-round-1-jobs-8/store/6xlfy7301vpap9lw4i1aiga06j4d777r-leaf-17.drv.drv' to 'local://'...
copying path '/tmp/casita-chain-rerun-l2oceybd/round-2-baseline/chain-round-1-jobs-8/store/vklm0nn9c8n55wnzh0qzph0w880835h4-leaf-18.drv.drv' to 'local://'...
copying path '/tmp/casita-chain-rerun-l2oceybd/round-2-baseline/chain-round-1-jobs-8/store/j227mdjmxwc1aj89k3qwm6dlxn2ysqgk-leaf-19.drv.drv' to 'local://'...
copying path '/tmp/casita-chain-rerun-l2oceybd/round-2-baseline/chain-round-1-jobs-8/store/clpxssbfddlxa7jizn6nkgk3lgx9whi4-leaf-20.drv.drv' to 'local://'...
copying path '/tmp/casita-chain-rerun-l2oceybd/round-2-baseline/chain-round-1-jobs-8/store/r7db36q047rpwzmm1g7yzqr4qnyajaln-leaf-21.drv.drv' to 'local://'...
copying path '/tmp/casita-chain-rerun-l2oceybd/round-2-baseline/chain-round-1-jobs-8/store/q9z7pf7wspvn1zqkc0ffwfjfiw0szzxc-leaf-22.drv.drv' to 'local://'...
copying path '/tmp/casita-chain-rerun-l2oceybd/round-2-baseline/chain-round-1-jobs-8/store/xqd4azhkbnl540swngxwbg6grnwvqa5z-leaf-23.drv.drv' to 'local://'...
copying path '/tmp/casita-chain-rerun-l2oceybd/round-2-baseline/chain-round-1-jobs-8/store/n5nrpp3fj21k3spsd0jpwiy8i26vdpwl-leaf-24.drv.drv' to 'local://'...
copying path '/tmp/casita-chain-rerun-l2oceybd/round-2-baseline/chain-round-1-jobs-8/store/h2b6lpgp22qy3zjapaj4003f6xi1b69g-leaf-25.drv.drv' to 'local://'...
copying path '/tmp/casita-chain-rerun-l2oceybd/round-2-baseline/chain-round-1-jobs-8/store/3dlk9196zj0rqys7c72qs42vqgl2j5c1-leaf-26.drv.drv' to 'local://'...
copying path '/tmp/casita-chain-rerun-l2oceybd/round-2-baseline/chain-round-1-jobs-8/store/1bksmp796zlpwdhk9008wja1ix0kl2mp-leaf-27.drv.drv' to 'local://'...
copying path '/tmp/casita-chain-rerun-l2oceybd/round-2-baseline/chain-round-1-jobs-8/store/vg8a769fwfzf97lfql0f4llfnmvclp2d-leaf-28.drv.drv' to 'local://'...
copying path '/tmp/casita-chain-rerun-l2oceybd/round-2-baseline/chain-round-1-jobs-8/store/kn3p0imangyq9lgm8zanzyfidw9217qa-leaf-29.drv.drv' to 'local://'...
copying path '/tmp/casita-chain-rerun-l2oceybd/round-2-baseline/chain-round-1-jobs-8/store/jfrizq6rjlxcdp8ppn37mkj8i20h4dar-leaf-30.drv.drv' to 'local://'...
copying path '/tmp/casita-chain-rerun-l2oceybd/round-2-baseline/chain-round-1-jobs-8/store/73sjfv4r3rgl286l05ygyqwvxlj29n4i-leaf-31.drv.drv' to 'local://'...
