@nix {"action":"msg","level":3,"msg":"these 32 derivations will be built:"}
@nix {"action":"msg","level":3,"msg":"  /tmp/obrador-shared-pins-linux/trace-baseline/chain-round-1-jobs-8/store/kmg8yavq76xshvlr3d4pb0dzh091ilzr-leaf-0.drv.drv"}
@nix {"action":"msg","level":3,"msg":"  /tmp/obrador-shared-pins-linux/trace-baseline/chain-round-1-jobs-8/store/m5nnr99y79wxpn6xsba6k9bf410fvwm1-leaf-1.drv.drv"}
@nix {"action":"msg","level":3,"msg":"  /tmp/obrador-shared-pins-linux/trace-baseline/chain-round-1-jobs-8/store/51dla4w73wj152dzsmlmvbsfwxcma8d4-leaf-2.drv.drv"}
@nix {"action":"msg","level":3,"msg":"  /tmp/obrador-shared-pins-linux/trace-baseline/chain-round-1-jobs-8/store/dmy7x4lxj3vkwsnqgysgg0l4j3ayr4w6-leaf-3.drv.drv"}
@nix {"action":"msg","level":3,"msg":"  /tmp/obrador-shared-pins-linux/trace-baseline/chain-round-1-jobs-8/store/h8vsw5f5695yk83b0rpyz42llfq520yw-leaf-4.drv.drv"}
@nix {"action":"msg","level":3,"msg":"  /tmp/obrador-shared-pins-linux/trace-baseline/chain-round-1-jobs-8/store/si2w2v79xsyjyk58kx19kbp8dhflvrbn-leaf-5.drv.drv"}
@nix {"action":"msg","level":3,"msg":"  /tmp/obrador-shared-pins-linux/trace-baseline/chain-round-1-jobs-8/store/g5hfs1aanzna17sc2j3p5scfvsjvf4q8-leaf-6.drv.drv"}
@nix {"action":"msg","level":3,"msg":"  /tmp/obrador-shared-pins-linux/trace-baseline/chain-round-1-jobs-8/store/cppmfw5lhhlb8w5jpdxcsgg1j03i7mp0-leaf-7.drv.drv"}
@nix {"action":"msg","level":3,"msg":"  /tmp/obrador-shared-pins-linux/trace-baseline/chain-round-1-jobs-8/store/yirq86lkarxn4cba0h31apjad4k8ksch-leaf-8.drv.drv"}
@nix {"action":"msg","level":3,"msg":"  /tmp/obrador-shared-pins-linux/trace-baseline/chain-round-1-jobs-8/store/j7696107krx431wngxfglw66kc6xwvyd-leaf-9.drv.drv"}
@nix {"action":"msg","level":3,"msg":"  /tmp/obrador-shared-pins-linux/trace-baseline/chain-round-1-jobs-8/store/x8f2v3a5x1mq5kb9mxch9lgnm8fivf5w-leaf-10.drv.drv"}
@nix {"action":"msg","level":3,"msg":"  /tmp/obrador-shared-pins-linux/trace-baseline/chain-round-1-jobs-8/store/2dcj7c0kzzdp5ngvx63z46df5drlc8ii-leaf-11.drv.drv"}
@nix {"action":"msg","level":3,"msg":"  /tmp/obrador-shared-pins-linux/trace-baseline/chain-round-1-jobs-8/store/633lf6hsb3r4br7z0kwv1w2jcsgwyk1k-leaf-12.drv.drv"}
@nix {"action":"msg","level":3,"msg":"  /tmp/obrador-shared-pins-linux/trace-baseline/chain-round-1-jobs-8/store/fdq7q8pdirjqpwvzjbzpkz90jfqn84ar-leaf-13.drv.drv"}
@nix {"action":"msg","level":3,"msg":"  /tmp/obrador-shared-pins-linux/trace-baseline/chain-round-1-jobs-8/store/m3s7x41qwq7h1a56yqfyc9345m5r6hay-leaf-14.drv.drv"}
@nix {"action":"msg","level":3,"msg":"  /tmp/obrador-shared-pins-linux/trace-baseline/chain-round-1-jobs-8/store/h38flm8yfhwj7g3chm9r126dgwlymg6f-leaf-15.drv.drv"}
@nix {"action":"msg","level":3,"msg":"  /tmp/obrador-shared-pins-linux/trace-baseline/chain-round-1-jobs-8/store/401zszm1wx953sz7xb31jp55xn11r3cx-leaf-16.drv.drv"}
@nix {"action":"msg","level":3,"msg":"  /tmp/obrador-shared-pins-linux/trace-baseline/chain-round-1-jobs-8/store/p1fm67ik3i3fvx69m2ji3vvcn1glv8vz-leaf-17.drv.drv"}
@nix {"action":"msg","level":3,"msg":"  /tmp/obrador-shared-pins-linux/trace-baseline/chain-round-1-jobs-8/store/b0wabfr2kgdmjl1vxhnaib7gj16psxrq-leaf-18.drv.drv"}
@nix {"action":"msg","level":3,"msg":"  /tmp/obrador-shared-pins-linux/trace-baseline/chain-round-1-jobs-8/store/q0ngcy9nl6yf8zv56pk12zgfhnq2la9w-leaf-19.drv.drv"}
@nix {"action":"msg","level":3,"msg":"  /tmp/obrador-shared-pins-linux/trace-baseline/chain-round-1-jobs-8/store/sgapnlxrybj7x9mnazkfdkr37rhs682p-leaf-20.drv.drv"}
@nix {"action":"msg","level":3,"msg":"  /tmp/obrador-shared-pins-linux/trace-baseline/chain-round-1-jobs-8/store/h26i7n3wbv43bph001l9h8s4qap1c4xw-leaf-21.drv.drv"}
@nix {"action":"msg","level":3,"msg":"  /tmp/obrador-shared-pins-linux/trace-baseline/chain-round-1-jobs-8/store/wqaz1lyviml3ip4xi5dika9qh5qclhrs-leaf-22.drv.drv"}
@nix {"action":"msg","level":3,"msg":"  /tmp/obrador-shared-pins-linux/trace-baseline/chain-round-1-jobs-8/store/p09nwbp9695s8w50k6pk40a37d36ilvn-leaf-23.drv.drv"}
@nix {"action":"msg","level":3,"msg":"  /tmp/obrador-shared-pins-linux/trace-baseline/chain-round-1-jobs-8/store/cqcnns426ja09j82762qdd52hkhw8i9z-leaf-24.drv.drv"}
@nix {"action":"msg","level":3,"msg":"  /tmp/obrador-shared-pins-linux/trace-baseline/chain-round-1-jobs-8/store/j9f452x72qr409nv5fj2gn6pz47sjlwl-leaf-25.drv.drv"}
@nix {"action":"msg","level":3,"msg":"  /tmp/obrador-shared-pins-linux/trace-baseline/chain-round-1-jobs-8/store/483pfi6rwyksfjrrjp5fnznr1b9zj0l3-leaf-26.drv.drv"}
@nix {"action":"msg","level":3,"msg":"  /tmp/obrador-shared-pins-linux/trace-baseline/chain-round-1-jobs-8/store/mi097bfi8z6rc3c1qladbgw97fciq0j8-leaf-27.drv.drv"}
@nix {"action":"msg","level":3,"msg":"  /tmp/obrador-shared-pins-linux/trace-baseline/chain-round-1-jobs-8/store/hkvxg0ys0hfpfh71p5j7v5ghm39jh8cx-leaf-28.drv.drv"}
@nix {"action":"msg","level":3,"msg":"  /tmp/obrador-shared-pins-linux/trace-baseline/chain-round-1-jobs-8/store/gq7mkcd20z4wbsmqcp18nl18l5x6g75h-leaf-29.drv.drv"}
@nix {"action":"msg","level":3,"msg":"  /tmp/obrador-shared-pins-linux/trace-baseline/chain-round-1-jobs-8/store/2093r54myj1jmnw4s2cp2mhdcgigd5j3-leaf-30.drv.drv"}
@nix {"action":"msg","level":3,"msg":"  /tmp/obrador-shared-pins-linux/trace-baseline/chain-round-1-jobs-8/store/k08gpffqwf4gv4lz7yvkaj1wplqjnyv2-leaf-31.drv.drv"}
@nix {"action":"start","fields":["/tmp/obrador-shared-pins-linux/trace-baseline/chain-round-1-jobs-8/store/kmg8yavq76xshvlr3d4pb0dzh091ilzr-leaf-0.drv.drv","",1,1],"id":159300337008640,"level":3,"parent":0,"text":"building 'leaf-0.drv.drv'","type":105}
@nix {"action":"stop","id":159300337008640}
@nix {"action":"start","fields":["/tmp/obrador-shared-pins-linux/trace-baseline/chain-round-1-jobs-8/store/dim78i9ahjb4wddhpm91lyck9dpmpd6c-leaf-0.drv","",1,1],"id":159300337008641,"level":3,"parent":0,"text":"building 'leaf-0.drv'","type":105}
@nix {"action":"stop","id":159300337008641}
@nix {"action":"start","fields":["/tmp/obrador-shared-pins-linux/trace-baseline/chain-round-1-jobs-8/store/hl39xghj78cddrf0jljmhzrizfzamggd-leaf-1.drv.drv","",1,1],"id":159300337008642,"level":3,"parent":0,"text":"building 'leaf-1.drv.drv'","type":105}
@nix {"action":"stop","id":159300337008642}
@nix {"action":"start","fields":["/tmp/obrador-shared-pins-linux/trace-baseline/chain-round-1-jobs-8/store/2a4dqvfv21dqj3narqfbbr5izv42mvh5-leaf-1.drv","",1,1],"id":159300337008643,"level":3,"parent":0,"text":"building 'leaf-1.drv'","type":105}
@nix {"action":"stop","id":159300337008643}
@nix {"action":"start","fields":["/tmp/obrador-shared-pins-linux/trace-baseline/chain-round-1-jobs-8/store/y7gpkg04q9qf49260s95q485h6j8n4nq-leaf-2.drv.drv","",1,1],"id":159300337008644,"level":3,"parent":0,"text":"building 'leaf-2.drv.drv'","type":105}
@nix {"action":"stop","id":159300337008644}
@nix {"action":"start","fields":["/tmp/obrador-shared-pins-linux/trace-baseline/chain-round-1-jobs-8/store/s2xx4wdfzn1grv2971kvzws7i6rxk52b-leaf-2.drv","",1,1],"id":159300337008645,"level":3,"parent":0,"text":"building 'leaf-2.drv'","type":105}
@nix {"action":"stop","id":159300337008645}
@nix {"action":"start","fields":["/tmp/obrador-shared-pins-linux/trace-baseline/chain-round-1-jobs-8/store/hwxk57rmy8ja2y92vwrjnq2gzgalxhfl-leaf-3.drv.drv","",1,1],"id":159300337008646,"level":3,"parent":0,"text":"building 'leaf-3.drv.drv'","type":105}
@nix {"action":"stop","id":159300337008646}
@nix {"action":"start","fields":["/tmp/obrador-shared-pins-linux/trace-baseline/chain-round-1-jobs-8/store/x7dv8r3i5b1c91dbdyfn19n9yy434x04-leaf-3.drv","",1,1],"id":159300337008647,"level":3,"parent":0,"text":"building 'leaf-3.drv'","type":105}
@nix {"action":"stop","id":159300337008647}
@nix {"action":"start","fields":["/tmp/obrador-shared-pins-linux/trace-baseline/chain-round-1-jobs-8/store/jay4rigx5r5sm7iqm4mha4lhmrgm23i2-leaf-4.drv.drv","",1,1],"id":159300337008648,"level":3,"parent":0,"text":"building 'leaf-4.drv.drv'","type":105}
@nix {"action":"stop","id":159300337008648}
@nix {"action":"start","fields":["/tmp/obrador-shared-pins-linux/trace-baseline/chain-round-1-jobs-8/store/j0frw7khjf4hwjxkswqmqp02hm5zihmj-leaf-4.drv","",1,1],"id":159300337008649,"level":3,"parent":0,"text":"building 'leaf-4.drv'","type":105}
@nix {"action":"stop","id":159300337008649}
@nix {"action":"start","fields":["/tmp/obrador-shared-pins-linux/trace-baseline/chain-round-1-jobs-8/store/45nxr3n5n3wk7qpk0604xqlpkf4l59iw-leaf-5.drv.drv","",1,1],"id":159300337008650,"level":3,"parent":0,"text":"building 'leaf-5.drv.drv'","type":105}
@nix {"action":"stop","id":159300337008650}
@nix {"action":"start","fields":["/tmp/obrador-shared-pins-linux/trace-baseline/chain-round-1-jobs-8/store/b8mqg5sxw0r2rcg7ixh6iyhjiniianyn-leaf-5.drv","",1,1],"id":159300337008651,"level":3,"parent":0,"text":"building 'leaf-5.drv'","type":105}
@nix {"action":"stop","id":159300337008651}
@nix {"action":"start","fields":["/tmp/obrador-shared-pins-linux/trace-baseline/chain-round-1-jobs-8/store/lpmqmp8ipg6yy34wvzahj7ys41yqdvnr-leaf-6.drv.drv","",1,1],"id":159300337008652,"level":3,"parent":0,"text":"building 'leaf-6.drv.drv'","type":105}
@nix {"action":"stop","id":159300337008652}
@nix {"action":"start","fields":["/tmp/obrador-shared-pins-linux/trace-baseline/chain-round-1-jobs-8/store/f3mj7ca9447kfjzn9cw2ip29ds32d0dm-leaf-6.drv","",1,1],"id":159300337008653,"level":3,"parent":0,"text":"building 'leaf-6.drv'","type":105}
@nix {"action":"stop","id":159300337008653}
@nix {"action":"start","fields":["/tmp/obrador-shared-pins-linux/trace-baseline/chain-round-1-jobs-8/store/s8jng4kma18c906ryims5zm82zq9j2fk-leaf-7.drv.drv","",1,1],"id":159300337008654,"level":3,"parent":0,"text":"building 'leaf-7.drv.drv'","type":105}
@nix {"action":"stop","id":159300337008654}
@nix {"action":"start","fields":["/tmp/obrador-shared-pins-linux/trace-baseline/chain-round-1-jobs-8/store/0wrw21hkfw0k24k7p180r559rz5zbbji-leaf-7.drv","",1,1],"id":159300337008655,"level":3,"parent":0,"text":"building 'leaf-7.drv'","type":105}
@nix {"action":"stop","id":159300337008655}
@nix {"action":"start","fields":["/tmp/obrador-shared-pins-linux/trace-baseline/chain-round-1-jobs-8/store/hdn7k41l2mq1j1sw89ds0acdnk568dzi-leaf-8.drv.drv","",1,1],"id":159300337008656,"level":3,"parent":0,"text":"building 'leaf-8.drv.drv'","type":105}
@nix {"action":"stop","id":159300337008656}
@nix {"action":"start","fields":["/tmp/obrador-shared-pins-linux/trace-baseline/chain-round-1-jobs-8/store/n5m4zgq3hky6hnxjlj9k28k5a1l3rs33-leaf-8.drv","",1,1],"id":159300337008657,"level":3,"parent":0,"text":"building 'leaf-8.drv'","type":105}
@nix {"action":"stop","id":159300337008657}
@nix {"action":"start","fields":["/tmp/obrador-shared-pins-linux/trace-baseline/chain-round-1-jobs-8/store/nzb6bby61y79j7vkj9gdnjmbvnrnlfj0-leaf-9.drv.drv","",1,1],"id":159300337008658,"level":3,"parent":0,"text":"building 'leaf-9.drv.drv'","type":105}
@nix {"action":"stop","id":159300337008658}
@nix {"action":"start","fields":["/tmp/obrador-shared-pins-linux/trace-baseline/chain-round-1-jobs-8/store/dvmy0nl5h5hx1s14lbcxbpnfpw0krbmr-leaf-9.drv","",1,1],"id":159300337008659,"level":3,"parent":0,"text":"building 'leaf-9.drv'","type":105}
@nix {"action":"stop","id":159300337008659}
@nix {"action":"start","fields":["/tmp/obrador-shared-pins-linux/trace-baseline/chain-round-1-jobs-8/store/654cnji277ffmn8zc171qhc2sxkpxpxv-leaf-10.drv.drv","",1,1],"id":159300337008660,"level":3,"parent":0,"text":"building 'leaf-10.drv.drv'","type":105}
@nix {"action":"stop","id":159300337008660}
@nix {"action":"start","fields":["/tmp/obrador-shared-pins-linux/trace-baseline/chain-round-1-jobs-8/store/f7jrlfj4msikphwszpdifvaqnv979yjz-leaf-10.drv","",1,1],"id":159300337008661,"level":3,"parent":0,"text":"building 'leaf-10.drv'","type":105}
@nix {"action":"stop","id":159300337008661}
@nix {"action":"start","fields":["/tmp/obrador-shared-pins-linux/trace-baseline/chain-round-1-jobs-8/store/ddck0g967m0yifkhgaigwhzvycvpfpzs-leaf-11.drv.drv","",1,1],"id":159300337008662,"level":3,"parent":0,"text":"building 'leaf-11.drv.drv'","type":105}
@nix {"action":"stop","id":159300337008662}
@nix {"action":"start","fields":["/tmp/obrador-shared-pins-linux/trace-baseline/chain-round-1-jobs-8/store/mxlmvrmmf3cfms0ll0agzb71z63zp86b-leaf-11.drv","",1,1],"id":159300337008663,"level":3,"parent":0,"text":"building 'leaf-11.drv'","type":105}
@nix {"action":"stop","id":159300337008663}
@nix {"action":"start","fields":["/tmp/obrador-shared-pins-linux/trace-baseline/chain-round-1-jobs-8/store/lqm2cri790yg8ls0cfmlrkgjlcljyxay-leaf-12.drv.drv","",1,1],"id":159300337008664,"level":3,"parent":0,"text":"building 'leaf-12.drv.drv'","type":105}
@nix {"action":"stop","id":159300337008664}
@nix {"action":"start","fields":["/tmp/obrador-shared-pins-linux/trace-baseline/chain-round-1-jobs-8/store/33bhvmhns3h3rywaqa6yshgrx7xpsd4h-leaf-12.drv","",1,1],"id":159300337008665,"level":3,"parent":0,"text":"building 'leaf-12.drv'","type":105}
@nix {"action":"stop","id":159300337008665}
@nix {"action":"start","fields":["/tmp/obrador-shared-pins-linux/trace-baseline/chain-round-1-jobs-8/store/kc0jjfijillq6v2xg0kp7zgjr5p1rxh4-leaf-13.drv.drv","",1,1],"id":159300337008666,"level":3,"parent":0,"text":"building 'leaf-13.drv.drv'","type":105}
@nix {"action":"stop","id":159300337008666}
@nix {"action":"start","fields":["/tmp/obrador-shared-pins-linux/trace-baseline/chain-round-1-jobs-8/store/gyawld28rffi31h1llhyjgfbdckmyjn8-leaf-13.drv","",1,1],"id":159300337008667,"level":3,"parent":0,"text":"building 'leaf-13.drv'","type":105}
@nix {"action":"stop","id":159300337008667}
@nix {"action":"start","fields":["/tmp/obrador-shared-pins-linux/trace-baseline/chain-round-1-jobs-8/store/ilrnwva9m5qqajqfcig8y9f2kw3482w0-leaf-14.drv.drv","",1,1],"id":159300337008668,"level":3,"parent":0,"text":"building 'leaf-14.drv.drv'","type":105}
@nix {"action":"stop","id":159300337008668}
@nix {"action":"start","fields":["/tmp/obrador-shared-pins-linux/trace-baseline/chain-round-1-jobs-8/store/g8glbci5dxgclv7ag97axg8b9pmhap3f-leaf-14.drv","",1,1],"id":159300337008669,"level":3,"parent":0,"text":"building 'leaf-14.drv'","type":105}
@nix {"action":"stop","id":159300337008669}
@nix {"action":"start","fields":["/tmp/obrador-shared-pins-linux/trace-baseline/chain-round-1-jobs-8/store/xq0bf1km22fw8shfmb6dgsf1yw76qz53-leaf-15.drv.drv","",1,1],"id":159300337008670,"level":3,"parent":0,"text":"building 'leaf-15.drv.drv'","type":105}
@nix {"action":"stop","id":159300337008670}
@nix {"action":"start","fields":["/tmp/obrador-shared-pins-linux/trace-baseline/chain-round-1-jobs-8/store/jxffciabi5xdfwdi1492rzrn79apgry6-leaf-15.drv","",1,1],"id":159300337008671,"level":3,"parent":0,"text":"building 'leaf-15.drv'","type":105}
@nix {"action":"stop","id":159300337008671}
@nix {"action":"start","fields":["/tmp/obrador-shared-pins-linux/trace-baseline/chain-round-1-jobs-8/store/3mxlqm4ggwhvsmkkf2ackx208sp6xd0d-leaf-16.drv.drv","",1,1],"id":159300337008672,"level":3,"parent":0,"text":"building 'leaf-16.drv.drv'","type":105}
@nix {"action":"stop","id":159300337008672}
@nix {"action":"start","fields":["/tmp/obrador-shared-pins-linux/trace-baseline/chain-round-1-jobs-8/store/15mqdak4qhv0zkws6ar824p2lxa7h820-leaf-16.drv","",1,1],"id":159300337008673,"level":3,"parent":0,"text":"building 'leaf-16.drv'","type":105}
@nix {"action":"stop","id":159300337008673}
@nix {"action":"start","fields":["/tmp/obrador-shared-pins-linux/trace-baseline/chain-round-1-jobs-8/store/ksngppls0gjznbjlwzx2gc0g33di2ln8-leaf-17.drv.drv","",1,1],"id":159300337008674,"level":3,"parent":0,"text":"building 'leaf-17.drv.drv'","type":105}
@nix {"action":"stop","id":159300337008674}
@nix {"action":"start","fields":["/tmp/obrador-shared-pins-linux/trace-baseline/chain-round-1-jobs-8/store/kj2klh5fjhh3hc5gv7l3w60sfih02h39-leaf-17.drv","",1,1],"id":159300337008675,"level":3,"parent":0,"text":"building 'leaf-17.drv'","type":105}
@nix {"action":"stop","id":159300337008675}
@nix {"action":"start","fields":["/tmp/obrador-shared-pins-linux/trace-baseline/chain-round-1-jobs-8/store/lk15k71247wiapxr07nd69y5dq0n2h53-leaf-18.drv.drv","",1,1],"id":159300337008676,"level":3,"parent":0,"text":"building 'leaf-18.drv.drv'","type":105}
@nix {"action":"stop","id":159300337008676}
@nix {"action":"start","fields":["/tmp/obrador-shared-pins-linux/trace-baseline/chain-round-1-jobs-8/store/hiy4yh9kfmx7csqp61pcw2l42kmm5vqv-leaf-18.drv","",1,1],"id":159300337008677,"level":3,"parent":0,"text":"building 'leaf-18.drv'","type":105}
@nix {"action":"stop","id":159300337008677}
@nix {"action":"start","fields":["/tmp/obrador-shared-pins-linux/trace-baseline/chain-round-1-jobs-8/store/h9jvfwq3fp6lpwikw13mlhh2mrfmk1nv-leaf-19.drv.drv","",1,1],"id":159300337008678,"level":3,"parent":0,"text":"building 'leaf-19.drv.drv'","type":105}
@nix {"action":"stop","id":159300337008678}
@nix {"action":"start","fields":["/tmp/obrador-shared-pins-linux/trace-baseline/chain-round-1-jobs-8/store/66hbfd6p4dfzq38w3wj7sg8axmj1agn2-leaf-19.drv","",1,1],"id":159300337008679,"level":3,"parent":0,"text":"building 'leaf-19.drv'","type":105}
@nix {"action":"stop","id":159300337008679}
@nix {"action":"start","fields":["/tmp/obrador-shared-pins-linux/trace-baseline/chain-round-1-jobs-8/store/m4sc6jj9z3axs2k016li4lx17zqb2kwj-leaf-20.drv.drv","",1,1],"id":159300337008680,"level":3,"parent":0,"text":"building 'leaf-20.drv.drv'","type":105}
@nix {"action":"stop","id":159300337008680}
@nix {"action":"start","fields":["/tmp/obrador-shared-pins-linux/trace-baseline/chain-round-1-jobs-8/store/jkykihfw6v87li6lz9s9bwl1d2z6j707-leaf-20.drv","",1,1],"id":159300337008681,"level":3,"parent":0,"text":"building 'leaf-20.drv'","type":105}
@nix {"action":"stop","id":159300337008681}
@nix {"action":"start","fields":["/tmp/obrador-shared-pins-linux/trace-baseline/chain-round-1-jobs-8/store/6h38911kpmr5a4j7pcrh3wb990n6x9n3-leaf-21.drv.drv","",1,1],"id":159300337008682,"level":3,"parent":0,"text":"building 'leaf-21.drv.drv'","type":105}
@nix {"action":"stop","id":159300337008682}
@nix {"action":"start","fields":["/tmp/obrador-shared-pins-linux/trace-baseline/chain-round-1-jobs-8/store/pfhxbg1w9nv4iyyc67fv1rqhhshh0yfa-leaf-21.drv","",1,1],"id":159300337008683,"level":3,"parent":0,"text":"building 'leaf-21.drv'","type":105}
@nix {"action":"stop","id":159300337008683}
@nix {"action":"start","fields":["/tmp/obrador-shared-pins-linux/trace-baseline/chain-round-1-jobs-8/store/5jds9rn1a915lqi79965ybnz27lgkwv5-leaf-22.drv.drv","",1,1],"id":159300337008684,"level":3,"parent":0,"text":"building 'leaf-22.drv.drv'","type":105}
@nix {"action":"stop","id":159300337008684}
@nix {"action":"start","fields":["/tmp/obrador-shared-pins-linux/trace-baseline/chain-round-1-jobs-8/store/9vipc1d5p8v9s8zyj4175bllwppd6lab-leaf-22.drv","",1,1],"id":159300337008685,"level":3,"parent":0,"text":"building 'leaf-22.drv'","type":105}
@nix {"action":"stop","id":159300337008685}
@nix {"action":"start","fields":["/tmp/obrador-shared-pins-linux/trace-baseline/chain-round-1-jobs-8/store/fh5vsky9l4vw8k2mykrs2ppbkdrpmzdj-leaf-23.drv.drv","",1,1],"id":159300337008686,"level":3,"parent":0,"text":"building 'leaf-23.drv.drv'","type":105}
@nix {"action":"stop","id":159300337008686}
@nix {"action":"start","fields":["/tmp/obrador-shared-pins-linux/trace-baseline/chain-round-1-jobs-8/store/jg622p76x7s6n1nx5lvxcjnqkvzkn34k-leaf-23.drv","",1,1],"id":159300337008687,"level":3,"parent":0,"text":"building 'leaf-23.drv'","type":105}
@nix {"action":"stop","id":159300337008687}
@nix {"action":"start","fields":["/tmp/obrador-shared-pins-linux/trace-baseline/chain-round-1-jobs-8/store/zzcf68vhqmsbkafa3hy8f0kkkq55sfav-leaf-24.drv.drv","",1,1],"id":159300337008688,"level":3,"parent":0,"text":"building 'leaf-24.drv.drv'","type":105}
@nix {"action":"stop","id":159300337008688}
@nix {"action":"start","fields":["/tmp/obrador-shared-pins-linux/trace-baseline/chain-round-1-jobs-8/store/v589ls4ahn91xcba8nxjlrz2s952f6bq-leaf-24.drv","",1,1],"id":159300337008689,"level":3,"parent":0,"text":"building 'leaf-24.drv'","type":105}
@nix {"action":"stop","id":159300337008689}
@nix {"action":"start","fields":["/tmp/obrador-shared-pins-linux/trace-baseline/chain-round-1-jobs-8/store/rqb7l6mp6iznc93dr7xkv9bddacq6521-leaf-25.drv.drv","",1,1],"id":159300337008690,"level":3,"parent":0,"text":"building 'leaf-25.drv.drv'","type":105}
@nix {"action":"stop","id":159300337008690}
@nix {"action":"start","fields":["/tmp/obrador-shared-pins-linux/trace-baseline/chain-round-1-jobs-8/store/a88anmna8sqflbdm70n6317m6br4vprj-leaf-25.drv","",1,1],"id":159300337008691,"level":3,"parent":0,"text":"building 'leaf-25.drv'","type":105}
@nix {"action":"stop","id":159300337008691}
@nix {"action":"start","fields":["/tmp/obrador-shared-pins-linux/trace-baseline/chain-round-1-jobs-8/store/q6jpqndixxqskfd6rkr0b1jfzg181iz2-leaf-26.drv.drv","",1,1],"id":159300337008692,"level":3,"parent":0,"text":"building 'leaf-26.drv.drv'","type":105}
@nix {"action":"stop","id":159300337008692}
@nix {"action":"start","fields":["/tmp/obrador-shared-pins-linux/trace-baseline/chain-round-1-jobs-8/store/1bnkjwihi700nnll5y7lp322k27rh45g-leaf-26.drv","",1,1],"id":159300337008693,"level":3,"parent":0,"text":"building 'leaf-26.drv'","type":105}
@nix {"action":"stop","id":159300337008693}
@nix {"action":"start","fields":["/tmp/obrador-shared-pins-linux/trace-baseline/chain-round-1-jobs-8/store/78cikm7as1r5rr8xgy0br9m6l9m16l4q-leaf-27.drv.drv","",1,1],"id":159300337008694,"level":3,"parent":0,"text":"building 'leaf-27.drv.drv'","type":105}
@nix {"action":"stop","id":159300337008694}
@nix {"action":"start","fields":["/tmp/obrador-shared-pins-linux/trace-baseline/chain-round-1-jobs-8/store/fjgj05l257gj7g90syjlcfzf2wjb5agc-leaf-27.drv","",1,1],"id":159300337008695,"level":3,"parent":0,"text":"building 'leaf-27.drv'","type":105}
@nix {"action":"stop","id":159300337008695}
@nix {"action":"start","fields":["/tmp/obrador-shared-pins-linux/trace-baseline/chain-round-1-jobs-8/store/cj6kw5gq8csxf11akjxrhp3sgmwrr9y9-leaf-28.drv.drv","",1,1],"id":159300337008696,"level":3,"parent":0,"text":"building 'leaf-28.drv.drv'","type":105}
@nix {"action":"stop","id":159300337008696}
@nix {"action":"start","fields":["/tmp/obrador-shared-pins-linux/trace-baseline/chain-round-1-jobs-8/store/wvas959fjc2bfaq9c4blrm1p6lfc9c6v-leaf-28.drv","",1,1],"id":159300337008697,"level":3,"parent":0,"text":"building 'leaf-28.drv'","type":105}
@nix {"action":"stop","id":159300337008697}
@nix {"action":"start","fields":["/tmp/obrador-shared-pins-linux/trace-baseline/chain-round-1-jobs-8/store/gw4s1vlhgzycaif8phgryil3v3s9mrbm-leaf-29.drv.drv","",1,1],"id":159300337008698,"level":3,"parent":0,"text":"building 'leaf-29.drv.drv'","type":105}
@nix {"action":"stop","id":159300337008698}
@nix {"action":"start","fields":["/tmp/obrador-shared-pins-linux/trace-baseline/chain-round-1-jobs-8/store/haai1hzii6mfqqysvw2wlnqcpi5szh7g-leaf-29.drv","",1,1],"id":159300337008699,"level":3,"parent":0,"text":"building 'leaf-29.drv'","type":105}
@nix {"action":"stop","id":159300337008699}
@nix {"action":"start","fields":["/tmp/obrador-shared-pins-linux/trace-baseline/chain-round-1-jobs-8/store/qg523bq5fm3h6a5ca5nw9lv5w0msgx5f-leaf-30.drv.drv","",1,1],"id":159300337008700,"level":3,"parent":0,"text":"building 'leaf-30.drv.drv'","type":105}
@nix {"action":"stop","id":159300337008700}
@nix {"action":"start","fields":["/tmp/obrador-shared-pins-linux/trace-baseline/chain-round-1-jobs-8/store/721xhbc1d6y2cqwlgzpgym1gznp02i10-leaf-30.drv","",1,1],"id":159300337008701,"level":3,"parent":0,"text":"building 'leaf-30.drv'","type":105}
@nix {"action":"stop","id":159300337008701}
@nix {"action":"start","fields":["/tmp/obrador-shared-pins-linux/trace-baseline/chain-round-1-jobs-8/store/9fv733imx39w2d7f20z0rs56i7slmkng-leaf-31.drv.drv","",1,1],"id":159300337008702,"level":3,"parent":0,"text":"building 'leaf-31.drv.drv'","type":105}
@nix {"action":"stop","id":159300337008702}
@nix {"action":"start","fields":["/tmp/obrador-shared-pins-linux/trace-baseline/chain-round-1-jobs-8/store/wjiqyj851hby428qfs748rgd2agwmgmx-leaf-31.drv","",1,1],"id":159300337008703,"level":3,"parent":0,"text":"building 'leaf-31.drv'","type":105}
@nix {"action":"stop","id":159300337008703}
