copying 33 paths...
copying path '/tmp/obrador-shared-pins-linux/trace-baseline/chain-round-1-jobs-8/store/hjh76583liafcg11rd80231ck3vziqv4-seed' to 'obrador+local:///tmp/obrador-shared-pins-linux/trace-baseline/chain-round-1-jobs-8/obrador/state'...
copying path '/tmp/obrador-shared-pins-linux/trace-baseline/chain-round-1-jobs-8/store/kmg8yavq76xshvlr3d4pb0dzh091ilzr-leaf-0.drv.drv' to 'obrador+local:///tmp/obrador-shared-pins-linux/trace-baseline/chain-round-1-jobs-8/obrador/state'...
copying path '/tmp/obrador-shared-pins-linux/trace-baseline/chain-round-1-jobs-8/store/m5nnr99y79wxpn6xsba6k9bf410fvwm1-leaf-1.drv.drv' to 'obrador+local:///tmp/obrador-shared-pins-linux/trace-baseline/chain-round-1-jobs-8/obrador/state'...
copying path '/tmp/obrador-shared-pins-linux/trace-baseline/chain-round-1-jobs-8/store/51dla4w73wj152dzsmlmvbsfwxcma8d4-leaf-2.drv.drv' to 'obrador+local:///tmp/obrador-shared-pins-linux/trace-baseline/chain-round-1-jobs-8/obrador/state'...
copying path '/tmp/obrador-shared-pins-linux/trace-baseline/chain-round-1-jobs-8/store/dmy7x4lxj3vkwsnqgysgg0l4j3ayr4w6-leaf-3.drv.drv' to 'obrador+local:///tmp/obrador-shared-pins-linux/trace-baseline/chain-round-1-jobs-8/obrador/state'...
copying path '/tmp/obrador-shared-pins-linux/trace-baseline/chain-round-1-jobs-8/store/h8vsw5f5695yk83b0rpyz42llfq520yw-leaf-4.drv.drv' to 'obrador+local:///tmp/obrador-shared-pins-linux/trace-baseline/chain-round-1-jobs-8/obrador/state'...
copying path '/tmp/obrador-shared-pins-linux/trace-baseline/chain-round-1-jobs-8/store/si2w2v79xsyjyk58kx19kbp8dhflvrbn-leaf-5.drv.drv' to 'obrador+local:///tmp/obrador-shared-pins-linux/trace-baseline/chain-round-1-jobs-8/obrador/state'...
copying path '/tmp/obrador-shared-pins-linux/trace-baseline/chain-round-1-jobs-8/store/g5hfs1aanzna17sc2j3p5scfvsjvf4q8-leaf-6.drv.drv' to 'obrador+local:///tmp/obrador-shared-pins-linux/trace-baseline/chain-round-1-jobs-8/obrador/state'...
copying path '/tmp/obrador-shared-pins-linux/trace-baseline/chain-round-1-jobs-8/store/cppmfw5lhhlb8w5jpdxcsgg1j03i7mp0-leaf-7.drv.drv' to 'obrador+local:///tmp/obrador-shared-pins-linux/trace-baseline/chain-round-1-jobs-8/obrador/state'...
copying path '/tmp/obrador-shared-pins-linux/trace-baseline/chain-round-1-jobs-8/store/yirq86lkarxn4cba0h31apjad4k8ksch-leaf-8.drv.drv' to 'obrador+local:///tmp/obrador-shared-pins-linux/trace-baseline/chain-round-1-jobs-8/obrador/state'...
copying path '/tmp/obrador-shared-pins-linux/trace-baseline/chain-round-1-jobs-8/store/j7696107krx431wngxfglw66kc6xwvyd-leaf-9.drv.drv' to 'obrador+local:///tmp/obrador-shared-pins-linux/trace-baseline/chain-round-1-jobs-8/obrador/state'...
copying path '/tmp/obrador-shared-pins-linux/trace-baseline/chain-round-1-jobs-8/store/x8f2v3a5x1mq5kb9mxch9lgnm8fivf5w-leaf-10.drv.drv' to 'obrador+local:///tmp/obrador-shared-pins-linux/trace-baseline/chain-round-1-jobs-8/obrador/state'...
copying path '/tmp/obrador-shared-pins-linux/trace-baseline/chain-round-1-jobs-8/store/2dcj7c0kzzdp5ngvx63z46df5drlc8ii-leaf-11.drv.drv' to 'obrador+local:///tmp/obrador-shared-pins-linux/trace-baseline/chain-round-1-jobs-8/obrador/state'...
copying path '/tmp/obrador-shared-pins-linux/trace-baseline/chain-round-1-jobs-8/store/633lf6hsb3r4br7z0kwv1w2jcsgwyk1k-leaf-12.drv.drv' to 'obrador+local:///tmp/obrador-shared-pins-linux/trace-baseline/chain-round-1-jobs-8/obrador/state'...
copying path '/tmp/obrador-shared-pins-linux/trace-baseline/chain-round-1-jobs-8/store/fdq7q8pdirjqpwvzjbzpkz90jfqn84ar-leaf-13.drv.drv' to 'obrador+local:///tmp/obrador-shared-pins-linux/trace-baseline/chain-round-1-jobs-8/obrador/state'...
copying path '/tmp/obrador-shared-pins-linux/trace-baseline/chain-round-1-jobs-8/store/m3s7x41qwq7h1a56yqfyc9345m5r6hay-leaf-14.drv.drv' to 'obrador+local:///tmp/obrador-shared-pins-linux/trace-baseline/chain-round-1-jobs-8/obrador/state'...
copying path '/tmp/obrador-shared-pins-linux/trace-baseline/chain-round-1-jobs-8/store/h38flm8yfhwj7g3chm9r126dgwlymg6f-leaf-15.drv.drv' to 'obrador+local:///tmp/obrador-shared-pins-linux/trace-baseline/chain-round-1-jobs-8/obrador/state'...
copying path '/tmp/obrador-shared-pins-linux/trace-baseline/chain-round-1-jobs-8/store/401zszm1wx953sz7xb31jp55xn11r3cx-leaf-16.drv.drv' to 'obrador+local:///tmp/obrador-shared-pins-linux/trace-baseline/chain-round-1-jobs-8/obrador/state'...
copying path '/tmp/obrador-shared-pins-linux/trace-baseline/chain-round-1-jobs-8/store/p1fm67ik3i3fvx69m2ji3vvcn1glv8vz-leaf-17.drv.drv' to 'obrador+local:///tmp/obrador-shared-pins-linux/trace-baseline/chain-round-1-jobs-8/obrador/state'...
copying path '/tmp/obrador-shared-pins-linux/trace-baseline/chain-round-1-jobs-8/store/b0wabfr2kgdmjl1vxhnaib7gj16psxrq-leaf-18.drv.drv' to 'obrador+local:///tmp/obrador-shared-pins-linux/trace-baseline/chain-round-1-jobs-8/obrador/state'...
copying path '/tmp/obrador-shared-pins-linux/trace-baseline/chain-round-1-jobs-8/store/q0ngcy9nl6yf8zv56pk12zgfhnq2la9w-leaf-19.drv.drv' to 'obrador+local:///tmp/obrador-shared-pins-linux/trace-baseline/chain-round-1-jobs-8/obrador/state'...
copying path '/tmp/obrador-shared-pins-linux/trace-baseline/chain-round-1-jobs-8/store/sgapnlxrybj7x9mnazkfdkr37rhs682p-leaf-20.drv.drv' to 'obrador+local:///tmp/obrador-shared-pins-linux/trace-baseline/chain-round-1-jobs-8/obrador/state'...
copying path '/tmp/obrador-shared-pins-linux/trace-baseline/chain-round-1-jobs-8/store/h26i7n3wbv43bph001l9h8s4qap1c4xw-leaf-21.drv.drv' to 'obrador+local:///tmp/obrador-shared-pins-linux/trace-baseline/chain-round-1-jobs-8/obrador/state'...
copying path '/tmp/obrador-shared-pins-linux/trace-baseline/chain-round-1-jobs-8/store/wqaz1lyviml3ip4xi5dika9qh5qclhrs-leaf-22.drv.drv' to 'obrador+local:///tmp/obrador-shared-pins-linux/trace-baseline/chain-round-1-jobs-8/obrador/state'...
copying path '/tmp/obrador-shared-pins-linux/trace-baseline/chain-round-1-jobs-8/store/p09nwbp9695s8w50k6pk40a37d36ilvn-leaf-23.drv.drv' to 'obrador+local:///tmp/obrador-shared-pins-linux/trace-baseline/chain-round-1-jobs-8/obrador/state'...
copying path '/tmp/obrador-shared-pins-linux/trace-baseline/chain-round-1-jobs-8/store/cqcnns426ja09j82762qdd52hkhw8i9z-leaf-24.drv.drv' to 'obrador+local:///tmp/obrador-shared-pins-linux/trace-baseline/chain-round-1-jobs-8/obrador/state'...
copying path '/tmp/obrador-shared-pins-linux/trace-baseline/chain-round-1-jobs-8/store/j9f452x72qr409nv5fj2gn6pz47sjlwl-leaf-25.drv.drv' to 'obrador+local:///tmp/obrador-shared-pins-linux/trace-baseline/chain-round-1-jobs-8/obrador/state'...
copying path '/tmp/obrador-shared-pins-linux/trace-baseline/chain-round-1-jobs-8/store/483pfi6rwyksfjrrjp5fnznr1b9zj0l3-leaf-26.drv.drv' to 'obrador+local:///tmp/obrador-shared-pins-linux/trace-baseline/chain-round-1-jobs-8/obrador/state'...
copying path '/tmp/obrador-shared-pins-linux/trace-baseline/chain-round-1-jobs-8/store/mi097bfi8z6rc3c1qladbgw97fciq0j8-leaf-27.drv.drv' to 'obrador+local:///tmp/obrador-shared-pins-linux/trace-baseline/chain-round-1-jobs-8/obrador/state'...
copying path '/tmp/obrador-shared-pins-linux/trace-baseline/chain-round-1-jobs-8/store/hkvxg0ys0hfpfh71p5j7v5ghm39jh8cx-leaf-28.drv.drv' to 'obrador+local:///tmp/obrador-shared-pins-linux/trace-baseline/chain-round-1-jobs-8/obrador/state'...
copying path '/tmp/obrador-shared-pins-linux/trace-baseline/chain-round-1-jobs-8/store/gq7mkcd20z4wbsmqcp18nl18l5x6g75h-leaf-29.drv.drv' to 'obrador+local:///tmp/obrador-shared-pins-linux/trace-baseline/chain-round-1-jobs-8/obrador/state'...
copying path '/tmp/obrador-shared-pins-linux/trace-baseline/chain-round-1-jobs-8/store/2093r54myj1jmnw4s2cp2mhdcgigd5j3-leaf-30.drv.drv' to 'obrador+local:///tmp/obrador-shared-pins-linux/trace-baseline/chain-round-1-jobs-8/obrador/state'...
copying path '/tmp/obrador-shared-pins-linux/trace-baseline/chain-round-1-jobs-8/store/k08gpffqwf4gv4lz7yvkaj1wplqjnyv2-leaf-31.drv.drv' to 'obrador+local:///tmp/obrador-shared-pins-linux/trace-baseline/chain-round-1-jobs-8/obrador/state'...
