@nix {"action":"msg","level":3,"msg":"these 32 derivations will be built:"}
@nix {"action":"msg","level":3,"msg":"  /tmp/obrador-shared-pins-linux/round-2-baseline/wide-round-1-jobs-8/store/1m6j1rf53xjrpw4lww97q4hdc4ni8yh5-leaf-10.drv.drv"}
@nix {"action":"msg","level":3,"msg":"  /tmp/obrador-shared-pins-linux/round-2-baseline/wide-round-1-jobs-8/store/2w8r5a62lcn6riqfnn9lmqv4vq8ah6g5-leaf-17.drv.drv"}
@nix {"action":"msg","level":3,"msg":"  /tmp/obrador-shared-pins-linux/round-2-baseline/wide-round-1-jobs-8/store/358li16pj8xpw4scjw3avbd42isis1ls-leaf-20.drv.drv"}
@nix {"action":"msg","level":3,"msg":"  /tmp/obrador-shared-pins-linux/round-2-baseline/wide-round-1-jobs-8/store/4b4b4zmwfa914b4wa991yixmwg0rmqsk-leaf-8.drv.drv"}
@nix {"action":"msg","level":3,"msg":"  /tmp/obrador-shared-pins-linux/round-2-baseline/wide-round-1-jobs-8/store/6jw8acd8l3829mq0a4h25333z0n91wn7-leaf-11.drv.drv"}
@nix {"action":"msg","level":3,"msg":"  /tmp/obrador-shared-pins-linux/round-2-baseline/wide-round-1-jobs-8/store/6pxxmy31npkrrr12885b1g9a789a7wn8-leaf-2.drv.drv"}
@nix {"action":"msg","level":3,"msg":"  /tmp/obrador-shared-pins-linux/round-2-baseline/wide-round-1-jobs-8/store/7j9vsz8ph3419sxabalsd7i1ln1rhhgj-leaf-5.drv.drv"}
@nix {"action":"msg","level":3,"msg":"  /tmp/obrador-shared-pins-linux/round-2-baseline/wide-round-1-jobs-8/store/86qwwhdwdc6iwaq9jlk55w40l3d74am9-leaf-4.drv.drv"}
@nix {"action":"msg","level":3,"msg":"  /tmp/obrador-shared-pins-linux/round-2-baseline/wide-round-1-jobs-8/store/8wb7lns2349za1w17h6jidvcmkiyfd7v-leaf-23.drv.drv"}
@nix {"action":"msg","level":3,"msg":"  /tmp/obrador-shared-pins-linux/round-2-baseline/wide-round-1-jobs-8/store/9bvi5xd335mbqj2nvb48zlh4bnc2k1hb-leaf-24.drv.drv"}
@nix {"action":"msg","level":3,"msg":"  /tmp/obrador-shared-pins-linux/round-2-baseline/wide-round-1-jobs-8/store/b3xdr7h4qn3nyl0y4wx24cifxdfr6r9x-leaf-26.drv.drv"}
@nix {"action":"msg","level":3,"msg":"  /tmp/obrador-shared-pins-linux/round-2-baseline/wide-round-1-jobs-8/store/f4g7v11h1glvbslvr419rn7wqka3dpgy-leaf-12.drv.drv"}
@nix {"action":"msg","level":3,"msg":"  /tmp/obrador-shared-pins-linux/round-2-baseline/wide-round-1-jobs-8/store/f5n2qbqdvmf8ijhff9ax5bdmb040znxb-leaf-1.drv.drv"}
@nix {"action":"msg","level":3,"msg":"  /tmp/obrador-shared-pins-linux/round-2-baseline/wide-round-1-jobs-8/store/fbkksc185w380501b37ibp0kcidk7bgq-leaf-7.drv.drv"}
@nix {"action":"msg","level":3,"msg":"  /tmp/obrador-shared-pins-linux/round-2-baseline/wide-round-1-jobs-8/store/h4x65rrvmzc6qbrvz9drk9c9jpk4wgwf-leaf-15.drv.drv"}
@nix {"action":"msg","level":3,"msg":"  /tmp/obrador-shared-pins-linux/round-2-baseline/wide-round-1-jobs-8/store/hagaxlvzzhqknch9594y8f2xsij286bb-leaf-6.drv.drv"}
@nix {"action":"msg","level":3,"msg":"  /tmp/obrador-shared-pins-linux/round-2-baseline/wide-round-1-jobs-8/store/l5rwdblkl0068pkvn81f5apfnd6bcsjf-leaf-14.drv.drv"}
@nix {"action":"msg","level":3,"msg":"  /tmp/obrador-shared-pins-linux/round-2-baseline/wide-round-1-jobs-8/store/llx1al6shi85f6ailwhr3bk56fgmjisc-leaf-21.drv.drv"}
@nix {"action":"msg","level":3,"msg":"  /tmp/obrador-shared-pins-linux/round-2-baseline/wide-round-1-jobs-8/store/lr5b8aqnzr3ypgbc000cw0zdx4hxkq3s-leaf-25.drv.drv"}
@nix {"action":"msg","level":3,"msg":"  /tmp/obrador-shared-pins-linux/round-2-baseline/wide-round-1-jobs-8/store/m7kyi68pw3avqkapnfvf8gnmx5ckydfi-leaf-30.drv.drv"}
@nix {"action":"msg","level":3,"msg":"  /tmp/obrador-shared-pins-linux/round-2-baseline/wide-round-1-jobs-8/store/n1zcp9xld1b193k5gpcf7lcggcfh7ay2-leaf-27.drv.drv"}
@nix {"action":"msg","level":3,"msg":"  /tmp/obrador-shared-pins-linux/round-2-baseline/wide-round-1-jobs-8/store/p3qc2lix9b2fspb9gdqqna7r71lbk9x3-leaf-13.drv.drv"}
@nix {"action":"msg","level":3,"msg":"  /tmp/obrador-shared-pins-linux/round-2-baseline/wide-round-1-jobs-8/store/ql2zg67iy0q29n9abysszhwy9fbykr72-leaf-16.drv.drv"}
@nix {"action":"msg","level":3,"msg":"  /tmp/obrador-shared-pins-linux/round-2-baseline/wide-round-1-jobs-8/store/ribngx1lkd0pci35bi3rscrsn1mb8p0h-leaf-22.drv.drv"}
@nix {"action":"msg","level":3,"msg":"  /tmp/obrador-shared-pins-linux/round-2-baseline/wide-round-1-jobs-8/store/rjw79d4prgpz6rr3cdpl98cdn1l1kgy1-leaf-3.drv.drv"}
@nix {"action":"msg","level":3,"msg":"  /tmp/obrador-shared-pins-linux/round-2-baseline/wide-round-1-jobs-8/store/s47fik2ncsmngvdxpbrh63hv9a9ih83g-leaf-28.drv.drv"}
@nix {"action":"msg","level":3,"msg":"  /tmp/obrador-shared-pins-linux/round-2-baseline/wide-round-1-jobs-8/store/w8s5y2lzah8z6aah6sadw4d87mv8aj6z-leaf-19.drv.drv"}
@nix {"action":"msg","level":3,"msg":"  /tmp/obrador-shared-pins-linux/round-2-baseline/wide-round-1-jobs-8/store/whpy2xi6hgkbvwgcyyi0pjsbrvpiyw81-leaf-0.drv.drv"}
@nix {"action":"msg","level":3,"msg":"  /tmp/obrador-shared-pins-linux/round-2-baseline/wide-round-1-jobs-8/store/wyw4awl07lx0x5z87hxj3x44rzlv1hlw-leaf-18.drv.drv"}
@nix {"action":"msg","level":3,"msg":"  /tmp/obrador-shared-pins-linux/round-2-baseline/wide-round-1-jobs-8/store/x10sy0nbznbwdx248rrn94wd721gd0xg-leaf-31.drv.drv"}
@nix {"action":"msg","level":3,"msg":"  /tmp/obrador-shared-pins-linux/round-2-baseline/wide-round-1-jobs-8/store/xyj888yyyp61qjfhqbpsgzkwn0wmc8pb-leaf-29.drv.drv"}
@nix {"action":"msg","level":3,"msg":"  /tmp/obrador-shared-pins-linux/round-2-baseline/wide-round-1-jobs-8/store/ybzc10a98lilswfc98znfqyibgpcrxz4-leaf-9.drv.drv"}
@nix {"action":"start","fields":["/tmp/obrador-shared-pins-linux/round-2-baseline/wide-round-1-jobs-8/store/whpy2xi6hgkbvwgcyyi0pjsbrvpiyw81-leaf-0.drv.drv","",1,1],"id":5460900593008640,"level":3,"parent":0,"text":"building 'leaf-0.drv.drv'","type":105}
@nix {"action":"start","fields":["/tmp/obrador-shared-pins-linux/round-2-baseline/wide-round-1-jobs-8/store/f5n2qbqdvmf8ijhff9ax5bdmb040znxb-leaf-1.drv.drv","",1,1],"id":5460900593008641,"level":3,"parent":0,"text":"building 'leaf-1.drv.drv'","type":105}
@nix {"action":"start","fields":["/tmp/obrador-shared-pins-linux/round-2-baseline/wide-round-1-jobs-8/store/6pxxmy31npkrrr12885b1g9a789a7wn8-leaf-2.drv.drv","",1,1],"id":5460900593008642,"level":3,"parent":0,"text":"building 'leaf-2.drv.drv'","type":105}
@nix {"action":"start","fields":["/tmp/obrador-shared-pins-linux/round-2-baseline/wide-round-1-jobs-8/store/rjw79d4prgpz6rr3cdpl98cdn1l1kgy1-leaf-3.drv.drv","",1,1],"id":5460900593008643,"level":3,"parent":0,"text":"building 'leaf-3.drv.drv'","type":105}
@nix {"action":"start","fields":["/tmp/obrador-shared-pins-linux/round-2-baseline/wide-round-1-jobs-8/store/86qwwhdwdc6iwaq9jlk55w40l3d74am9-leaf-4.drv.drv","",1,1],"id":5460900593008644,"level":3,"parent":0,"text":"building 'leaf-4.drv.drv'","type":105}
@nix {"action":"start","fields":["/tmp/obrador-shared-pins-linux/round-2-baseline/wide-round-1-jobs-8/store/7j9vsz8ph3419sxabalsd7i1ln1rhhgj-leaf-5.drv.drv","",1,1],"id":5460900593008645,"level":3,"parent":0,"text":"building 'leaf-5.drv.drv'","type":105}
@nix {"action":"start","fields":["/tmp/obrador-shared-pins-linux/round-2-baseline/wide-round-1-jobs-8/store/hagaxlvzzhqknch9594y8f2xsij286bb-leaf-6.drv.drv","",1,1],"id":5460900593008646,"level":3,"parent":0,"text":"building 'leaf-6.drv.drv'","type":105}
@nix {"action":"start","fields":["/tmp/obrador-shared-pins-linux/round-2-baseline/wide-round-1-jobs-8/store/fbkksc185w380501b37ibp0kcidk7bgq-leaf-7.drv.drv","",1,1],"id":5460900593008647,"level":3,"parent":0,"text":"building 'leaf-7.drv.drv'","type":105}
@nix {"action":"stop","id":5460900593008642}
@nix {"action":"stop","id":5460900593008644}
@nix {"action":"stop","id":5460900593008647}
@nix {"action":"stop","id":5460900593008643}
@nix {"action":"stop","id":5460900593008640}
@nix {"action":"start","fields":["/tmp/obrador-shared-pins-linux/round-2-baseline/wide-round-1-jobs-8/store/dp5ljbihra65962y0zgb8nhcj715l1l9-leaf-2.drv","",1,1],"id":5460900593008648,"level":3,"parent":0,"text":"building 'leaf-2.drv'","type":105}
@nix {"action":"stop","id":5460900593008646}
@nix {"action":"start","fields":["/tmp/obrador-shared-pins-linux/round-2-baseline/wide-round-1-jobs-8/store/lqsshnpmg5a3grgg0wsvm6lbdfvawgv4-leaf-4.drv","",1,1],"id":5460900593008649,"level":3,"parent":0,"text":"building 'leaf-4.drv'","type":105}
@nix {"action":"stop","id":5460900593008641}
@nix {"action":"stop","id":5460900593008645}
@nix {"action":"stop","id":5460900593008648}
@nix {"action":"start","fields":["/tmp/obrador-shared-pins-linux/round-2-baseline/wide-round-1-jobs-8/store/v2x7dp16vhhsjl7mfnvyzm7lf59y40ng-leaf-7.drv","",1,1],"id":5460900593008650,"level":3,"parent":0,"text":"building 'leaf-7.drv'","type":105}
@nix {"action":"stop","id":5460900593008649}
@nix {"action":"start","fields":["/tmp/obrador-shared-pins-linux/round-2-baseline/wide-round-1-jobs-8/store/6rmahfablmcr3a89p2hplylfcd60ygz9-leaf-3.drv","",1,1],"id":5460900593008651,"level":3,"parent":0,"text":"building 'leaf-3.drv'","type":105}
@nix {"action":"stop","id":5460900593008650}
@nix {"action":"stop","id":5460900593008651}
@nix {"action":"start","fields":["/tmp/obrador-shared-pins-linux/round-2-baseline/wide-round-1-jobs-8/store/z7l9654pyywa0hihlmynw1symik4lrbw-leaf-0.drv","",1,1],"id":5460900593008652,"level":3,"parent":0,"text":"building 'leaf-0.drv'","type":105}
@nix {"action":"stop","id":5460900593008652}
@nix {"action":"start","fields":["/tmp/obrador-shared-pins-linux/round-2-baseline/wide-round-1-jobs-8/store/1c0jca2nbfi5yqwsg86rsn13zam5piik-leaf-6.drv","",1,1],"id":5460900593008653,"level":3,"parent":0,"text":"building 'leaf-6.drv'","type":105}
@nix {"action":"stop","id":5460900593008653}
@nix {"action":"start","fields":["/tmp/obrador-shared-pins-linux/round-2-baseline/wide-round-1-jobs-8/store/njaf98l742w5xxbckbjdxyqnmx12i77v-leaf-1.drv","",1,1],"id":5460900593008654,"level":3,"parent":0,"text":"building 'leaf-1.drv'","type":105}
@nix {"action":"start","fields":["/tmp/obrador-shared-pins-linux/round-2-baseline/wide-round-1-jobs-8/store/dg71gjczncg77figsbwwyv70i364j010-leaf-5.drv","",1,1],"id":5460900593008655,"level":3,"parent":0,"text":"building 'leaf-5.drv'","type":105}
@nix {"action":"stop","id":5460900593008654}
@nix {"action":"stop","id":5460900593008655}
@nix {"action":"start","fields":["/tmp/obrador-shared-pins-linux/round-2-baseline/wide-round-1-jobs-8/store/4b4b4zmwfa914b4wa991yixmwg0rmqsk-leaf-8.drv.drv","",1,1],"id":5460900593008656,"level":3,"parent":0,"text":"building 'leaf-8.drv.drv'","type":105}
@nix {"action":"stop","id":5460900593008656}
@nix {"action":"start","fields":["/tmp/obrador-shared-pins-linux/round-2-baseline/wide-round-1-jobs-8/store/ybzc10a98lilswfc98znfqyibgpcrxz4-leaf-9.drv.drv","",1,1],"id":5460900593008657,"level":3,"parent":0,"text":"building 'leaf-9.drv.drv'","type":105}
@nix {"action":"start","fields":["/tmp/obrador-shared-pins-linux/round-2-baseline/wide-round-1-jobs-8/store/1m6j1rf53xjrpw4lww97q4hdc4ni8yh5-leaf-10.drv.drv","",1,1],"id":5460900593008658,"level":3,"parent":0,"text":"building 'leaf-10.drv.drv'","type":105}
@nix {"action":"start","fields":["/tmp/obrador-shared-pins-linux/round-2-baseline/wide-round-1-jobs-8/store/6jw8acd8l3829mq0a4h25333z0n91wn7-leaf-11.drv.drv","",1,1],"id":5460900593008659,"level":3,"parent":0,"text":"building 'leaf-11.drv.drv'","type":105}
@nix {"action":"start","fields":["/tmp/obrador-shared-pins-linux/round-2-baseline/wide-round-1-jobs-8/store/f4g7v11h1glvbslvr419rn7wqka3dpgy-leaf-12.drv.drv","",1,1],"id":5460900593008660,"level":3,"parent":0,"text":"building 'leaf-12.drv.drv'","type":105}
@nix {"action":"stop","id":5460900593008657}
@nix {"action":"stop","id":5460900593008658}
@nix {"action":"start","fields":["/tmp/obrador-shared-pins-linux/round-2-baseline/wide-round-1-jobs-8/store/p3qc2lix9b2fspb9gdqqna7r71lbk9x3-leaf-13.drv.drv","",1,1],"id":5460900593008661,"level":3,"parent":0,"text":"building 'leaf-13.drv.drv'","type":105}
@nix {"action":"start","fields":["/tmp/obrador-shared-pins-linux/round-2-baseline/wide-round-1-jobs-8/store/l5rwdblkl0068pkvn81f5apfnd6bcsjf-leaf-14.drv.drv","",1,1],"id":5460900593008662,"level":3,"parent":0,"text":"building 'leaf-14.drv.drv'","type":105}
@nix {"action":"start","fields":["/tmp/obrador-shared-pins-linux/round-2-baseline/wide-round-1-jobs-8/store/h4x65rrvmzc6qbrvz9drk9c9jpk4wgwf-leaf-15.drv.drv","",1,1],"id":5460900593008663,"level":3,"parent":0,"text":"building 'leaf-15.drv.drv'","type":105}
@nix {"action":"stop","id":5460900593008659}
@nix {"action":"stop","id":5460900593008660}
@nix {"action":"stop","id":5460900593008661}
@nix {"action":"start","fields":["/tmp/obrador-shared-pins-linux/round-2-baseline/wide-round-1-jobs-8/store/nkpwikswv1jddzi71hxqmfpncp9ah98w-leaf-8.drv","",1,1],"id":5460900593008664,"level":3,"parent":0,"text":"building 'leaf-8.drv'","type":105}
@nix {"action":"stop","id":5460900593008663}
@nix {"action":"start","fields":["/tmp/obrador-shared-pins-linux/round-2-baseline/wide-round-1-jobs-8/store/2aj5apscbdjxvps3bfldjkpmfixwk916-leaf-9.drv","",1,1],"id":5460900593008665,"level":3,"parent":0,"text":"building 'leaf-9.drv'","type":105}
@nix {"action":"stop","id":5460900593008662}
@nix {"action":"stop","id":5460900593008664}
@nix {"action":"stop","id":5460900593008665}
@nix {"action":"start","fields":["/tmp/obrador-shared-pins-linux/round-2-baseline/wide-round-1-jobs-8/store/baphxch7ankp33q3qljvsi6by2shc92l-leaf-10.drv","",1,1],"id":5460900593008666,"level":3,"parent":0,"text":"building 'leaf-10.drv'","type":105}
@nix {"action":"stop","id":5460900593008666}
@nix {"action":"start","fields":["/tmp/obrador-shared-pins-linux/round-2-baseline/wide-round-1-jobs-8/store/kp8kvsnwsij8a6sgv7lqm78fnvhhgmia-leaf-11.drv","",1,1],"id":5460900593008667,"level":3,"parent":0,"text":"building 'leaf-11.drv'","type":105}
@nix {"action":"stop","id":5460900593008667}
@nix {"action":"start","fields":["/tmp/obrador-shared-pins-linux/round-2-baseline/wide-round-1-jobs-8/store/hxsg8ipipjmvhg4invr9nc96y6f4p77h-leaf-12.drv","",1,1],"id":5460900593008668,"level":3,"parent":0,"text":"building 'leaf-12.drv'","type":105}
@nix {"action":"stop","id":5460900593008668}
@nix {"action":"start","fields":["/tmp/obrador-shared-pins-linux/round-2-baseline/wide-round-1-jobs-8/store/zvpm8gg5cihdn4j6k700mz64xfv21bq0-leaf-13.drv","",1,1],"id":5460900593008669,"level":3,"parent":0,"text":"building 'leaf-13.drv'","type":105}
@nix {"action":"start","fields":["/tmp/obrador-shared-pins-linux/round-2-baseline/wide-round-1-jobs-8/store/hcjhw9hpgaqh70kvlz550d2pb664aai7-leaf-15.drv","",1,1],"id":5460900593008670,"level":3,"parent":0,"text":"building 'leaf-15.drv'","type":105}
@nix {"action":"stop","id":5460900593008669}
@nix {"action":"stop","id":5460900593008670}
@nix {"action":"start","fields":["/tmp/obrador-shared-pins-linux/round-2-baseline/wide-round-1-jobs-8/store/906l0r7932fbvg2pn2pjy8b2q2n5l5il-leaf-14.drv","",1,1],"id":5460900593008671,"level":3,"parent":0,"text":"building 'leaf-14.drv'","type":105}
@nix {"action":"stop","id":5460900593008671}
@nix {"action":"start","fields":["/tmp/obrador-shared-pins-linux/round-2-baseline/wide-round-1-jobs-8/store/ql2zg67iy0q29n9abysszhwy9fbykr72-leaf-16.drv.drv","",1,1],"id":5460900593008672,"level":3,"parent":0,"text":"building 'leaf-16.drv.drv'","type":105}
@nix {"action":"stop","id":5460900593008672}
@nix {"action":"start","fields":["/tmp/obrador-shared-pins-linux/round-2-baseline/wide-round-1-jobs-8/store/2w8r5a62lcn6riqfnn9lmqv4vq8ah6g5-leaf-17.drv.drv","",1,1],"id":5460900593008673,"level":3,"parent":0,"text":"building 'leaf-17.drv.drv'","type":105}
@nix {"action":"stop","id":5460900593008673}
@nix {"action":"start","fields":["/tmp/obrador-shared-pins-linux/round-2-baseline/wide-round-1-jobs-8/store/wyw4awl07lx0x5z87hxj3x44rzlv1hlw-leaf-18.drv.drv","",1,1],"id":5460900593008674,"level":3,"parent":0,"text":"building 'leaf-18.drv.drv'","type":105}
@nix {"action":"stop","id":5460900593008674}
@nix {"action":"start","fields":["/tmp/obrador-shared-pins-linux/round-2-baseline/wide-round-1-jobs-8/store/w8s5y2lzah8z6aah6sadw4d87mv8aj6z-leaf-19.drv.drv","",1,1],"id":5460900593008675,"level":3,"parent":0,"text":"building 'leaf-19.drv.drv'","type":105}
@nix {"action":"stop","id":5460900593008675}
@nix {"action":"start","fields":["/tmp/obrador-shared-pins-linux/round-2-baseline/wide-round-1-jobs-8/store/358li16pj8xpw4scjw3avbd42isis1ls-leaf-20.drv.drv","",1,1],"id":5460900593008676,"level":3,"parent":0,"text":"building 'leaf-20.drv.drv'","type":105}
@nix {"action":"stop","id":5460900593008676}
@nix {"action":"start","fields":["/tmp/obrador-shared-pins-linux/round-2-baseline/wide-round-1-jobs-8/store/llx1al6shi85f6ailwhr3bk56fgmjisc-leaf-21.drv.drv","",1,1],"id":5460900593008677,"level":3,"parent":0,"text":"building 'leaf-21.drv.drv'","type":105}
@nix {"action":"stop","id":5460900593008677}
@nix {"action":"start","fields":["/tmp/obrador-shared-pins-linux/round-2-baseline/wide-round-1-jobs-8/store/ribngx1lkd0pci35bi3rscrsn1mb8p0h-leaf-22.drv.drv","",1,1],"id":5460900593008678,"level":3,"parent":0,"text":"building 'leaf-22.drv.drv'","type":105}
@nix {"action":"start","fields":["/tmp/obrador-shared-pins-linux/round-2-baseline/wide-round-1-jobs-8/store/8wb7lns2349za1w17h6jidvcmkiyfd7v-leaf-23.drv.drv","",1,1],"id":5460900593008679,"level":3,"parent":0,"text":"building 'leaf-23.drv.drv'","type":105}
@nix {"action":"stop","id":5460900593008679}
@nix {"action":"stop","id":5460900593008678}
@nix {"action":"start","fields":["/tmp/obrador-shared-pins-linux/round-2-baseline/wide-round-1-jobs-8/store/lkb7rhy28kn72inrsr78dicyy9bd44px-leaf-16.drv","",1,1],"id":5460900593008680,"level":3,"parent":0,"text":"building 'leaf-16.drv'","type":105}
@nix {"action":"stop","id":5460900593008680}
@nix {"action":"start","fields":["/tmp/obrador-shared-pins-linux/round-2-baseline/wide-round-1-jobs-8/store/zh94qnz68qkj74w5v8nva1laq8bz7af9-leaf-17.drv","",1,1],"id":5460900593008681,"level":3,"parent":0,"text":"building 'leaf-17.drv'","type":105}
@nix {"action":"stop","id":5460900593008681}
@nix {"action":"start","fields":["/tmp/obrador-shared-pins-linux/round-2-baseline/wide-round-1-jobs-8/store/jwjnhf17pgsqd9x1ri7ma69mpx184p39-leaf-18.drv","",1,1],"id":5460900593008682,"level":3,"parent":0,"text":"building 'leaf-18.drv'","type":105}
@nix {"action":"stop","id":5460900593008682}
@nix {"action":"start","fields":["/tmp/obrador-shared-pins-linux/round-2-baseline/wide-round-1-jobs-8/store/qcl1afimz1065lc7rq06q151bn664qra-leaf-19.drv","",1,1],"id":5460900593008683,"level":3,"parent":0,"text":"building 'leaf-19.drv'","type":105}
@nix {"action":"stop","id":5460900593008683}
@nix {"action":"start","fields":["/tmp/obrador-shared-pins-linux/round-2-baseline/wide-round-1-jobs-8/store/ijkj654nyy1927b64pa0hpby7v9dr1nd-leaf-20.drv","",1,1],"id":5460900593008684,"level":3,"parent":0,"text":"building 'leaf-20.drv'","type":105}
@nix {"action":"stop","id":5460900593008684}
@nix {"action":"start","fields":["/tmp/obrador-shared-pins-linux/round-2-baseline/wide-round-1-jobs-8/store/drjy5d4j7hg9mla9jwjdibfx8d0l2fxd-leaf-21.drv","",1,1],"id":5460900593008685,"level":3,"parent":0,"text":"building 'leaf-21.drv'","type":105}
@nix {"action":"stop","id":5460900593008685}
@nix {"action":"start","fields":["/tmp/obrador-shared-pins-linux/round-2-baseline/wide-round-1-jobs-8/store/072h4glk72pn6wgmzhv1in18yhlar947-leaf-23.drv","",1,1],"id":5460900593008686,"level":3,"parent":0,"text":"building 'leaf-23.drv'","type":105}
@nix {"action":"stop","id":5460900593008686}
@nix {"action":"start","fields":["/tmp/obrador-shared-pins-linux/round-2-baseline/wide-round-1-jobs-8/store/799inr5h6lmvl1rrad7ph3sy7l3y2r1k-leaf-22.drv","",1,1],"id":5460900593008687,"level":3,"parent":0,"text":"building 'leaf-22.drv'","type":105}
@nix {"action":"start","fields":["/tmp/obrador-shared-pins-linux/round-2-baseline/wide-round-1-jobs-8/store/9bvi5xd335mbqj2nvb48zlh4bnc2k1hb-leaf-24.drv.drv","",1,1],"id":5460900593008688,"level":3,"parent":0,"text":"building 'leaf-24.drv.drv'","type":105}
@nix {"action":"stop","id":5460900593008687}
@nix {"action":"stop","id":5460900593008688}
@nix {"action":"start","fields":["/tmp/obrador-shared-pins-linux/round-2-baseline/wide-round-1-jobs-8/store/lr5b8aqnzr3ypgbc000cw0zdx4hxkq3s-leaf-25.drv.drv","",1,1],"id":5460900593008689,"level":3,"parent":0,"text":"building 'leaf-25.drv.drv'","type":105}
@nix {"action":"stop","id":5460900593008689}
@nix {"action":"start","fields":["/tmp/obrador-shared-pins-linux/round-2-baseline/wide-round-1-jobs-8/store/b3xdr7h4qn3nyl0y4wx24cifxdfr6r9x-leaf-26.drv.drv","",1,1],"id":5460900593008690,"level":3,"parent":0,"text":"building 'leaf-26.drv.drv'","type":105}
@nix {"action":"start","fields":["/tmp/obrador-shared-pins-linux/round-2-baseline/wide-round-1-jobs-8/store/n1zcp9xld1b193k5gpcf7lcggcfh7ay2-leaf-27.drv.drv","",1,1],"id":5460900593008691,"level":3,"parent":0,"text":"building 'leaf-27.drv.drv'","type":105}
@nix {"action":"stop","id":5460900593008690}
@nix {"action":"stop","id":5460900593008691}
@nix {"action":"start","fields":["/tmp/obrador-shared-pins-linux/round-2-baseline/wide-round-1-jobs-8/store/s47fik2ncsmngvdxpbrh63hv9a9ih83g-leaf-28.drv.drv","",1,1],"id":5460900593008692,"level":3,"parent":0,"text":"building 'leaf-28.drv.drv'","type":105}
@nix {"action":"stop","id":5460900593008692}
@nix {"action":"start","fields":["/tmp/obrador-shared-pins-linux/round-2-baseline/wide-round-1-jobs-8/store/xyj888yyyp61qjfhqbpsgzkwn0wmc8pb-leaf-29.drv.drv","",1,1],"id":5460900593008693,"level":3,"parent":0,"text":"building 'leaf-29.drv.drv'","type":105}
@nix {"action":"stop","id":5460900593008693}
@nix {"action":"start","fields":["/tmp/obrador-shared-pins-linux/round-2-baseline/wide-round-1-jobs-8/store/m7kyi68pw3avqkapnfvf8gnmx5ckydfi-leaf-30.drv.drv","",1,1],"id":5460900593008694,"level":3,"parent":0,"text":"building 'leaf-30.drv.drv'","type":105}
@nix {"action":"start","fields":["/tmp/obrador-shared-pins-linux/round-2-baseline/wide-round-1-jobs-8/store/x10sy0nbznbwdx248rrn94wd721gd0xg-leaf-31.drv.drv","",1,1],"id":5460900593008695,"level":3,"parent":0,"text":"building 'leaf-31.drv.drv'","type":105}
@nix {"action":"stop","id":5460900593008694}
@nix {"action":"stop","id":5460900593008695}
@nix {"action":"start","fields":["/tmp/obrador-shared-pins-linux/round-2-baseline/wide-round-1-jobs-8/store/mvg0yanfykbjy1la3zvr1bskdajhnvag-leaf-24.drv","",1,1],"id":5460900593008696,"level":3,"parent":0,"text":"building 'leaf-24.drv'","type":105}
@nix {"action":"start","fields":["/tmp/obrador-shared-pins-linux/round-2-baseline/wide-round-1-jobs-8/store/2k66xkfxfcaajdf7bzywydkcp73r4gqf-leaf-25.drv","",1,1],"id":5460900593008697,"level":3,"parent":0,"text":"building 'leaf-25.drv'","type":105}
@nix {"action":"stop","id":5460900593008696}
@nix {"action":"stop","id":5460900593008697}
@nix {"action":"start","fields":["/tmp/obrador-shared-pins-linux/round-2-baseline/wide-round-1-jobs-8/store/xmfzp5mibm90pwxscxndkijq17qgvny5-leaf-26.drv","",1,1],"id":5460900593008698,"level":3,"parent":0,"text":"building 'leaf-26.drv'","type":105}
@nix {"action":"stop","id":5460900593008698}
@nix {"action":"start","fields":["/tmp/obrador-shared-pins-linux/round-2-baseline/wide-round-1-jobs-8/store/53kv7ffms5phijczy61559m4m4nqr2iq-leaf-27.drv","",1,1],"id":5460900593008699,"level":3,"parent":0,"text":"building 'leaf-27.drv'","type":105}
@nix {"action":"stop","id":5460900593008699}
@nix {"action":"start","fields":["/tmp/obrador-shared-pins-linux/round-2-baseline/wide-round-1-jobs-8/store/hdrcmdlgb0211qnshdic5cga5yr4sr5b-leaf-28.drv","",1,1],"id":5460900593008700,"level":3,"parent":0,"text":"building 'leaf-28.drv'","type":105}
@nix {"action":"stop","id":5460900593008700}
@nix {"action":"start","fields":["/tmp/obrador-shared-pins-linux/round-2-baseline/wide-round-1-jobs-8/store/y4z8wrfbs580i784q2zjg2knjdaljq35-leaf-29.drv","",1,1],"id":5460900593008701,"level":3,"parent":0,"text":"building 'leaf-29.drv'","type":105}
@nix {"action":"stop","id":5460900593008701}
@nix {"action":"start","fields":["/tmp/obrador-shared-pins-linux/round-2-baseline/wide-round-1-jobs-8/store/6dgaywrwavz8k38s49a9ljjgxrpq7na8-leaf-30.drv","",1,1],"id":5460900593008702,"level":3,"parent":0,"text":"building 'leaf-30.drv'","type":105}
@nix {"action":"start","fields":["/tmp/obrador-shared-pins-linux/round-2-baseline/wide-round-1-jobs-8/store/x5sgfmmr6rghk2804rbs5x9ra8m4rqhn-leaf-31.drv","",1,1],"id":5460900593008703,"level":3,"parent":0,"text":"building 'leaf-31.drv'","type":105}
@nix {"action":"stop","id":5460900593008702}
@nix {"action":"stop","id":5460900593008703}
