copying 33 paths...
copying path '/tmp/obrador-shared-pins-linux/round-2-baseline/wide-round-1-jobs-8/store/ba6s2cgz755z6g8dgd7nx5w36aw26xaa-seed' to 'obrador+local:///tmp/obrador-shared-pins-linux/round-2-baseline/wide-round-1-jobs-8/obrador/state'...
copying path '/tmp/obrador-shared-pins-linux/round-2-baseline/wide-round-1-jobs-8/store/hagaxlvzzhqknch9594y8f2xsij286bb-leaf-6.drv.drv' to 'obrador+local:///tmp/obrador-shared-pins-linux/round-2-baseline/wide-round-1-jobs-8/obrador/state'...
copying path '/tmp/obrador-shared-pins-linux/round-2-baseline/wide-round-1-jobs-8/store/2w8r5a62lcn6riqfnn9lmqv4vq8ah6g5-leaf-17.drv.drv' to 'obrador+local:///tmp/obrador-shared-pins-linux/round-2-baseline/wide-round-1-jobs-8/obrador/state'...
copying path '/tmp/obrador-shared-pins-linux/round-2-baseline/wide-round-1-jobs-8/store/7j9vsz8ph3419sxabalsd7i1ln1rhhgj-leaf-5.drv.drv' to 'obrador+local:///tmp/obrador-shared-pins-linux/round-2-baseline/wide-round-1-jobs-8/obrador/state'...
copying path '/tmp/obrador-shared-pins-linux/round-2-baseline/wide-round-1-jobs-8/store/h4x65rrvmzc6qbrvz9drk9c9jpk4wgwf-leaf-15.drv.drv' to 'obrador+local:///tmp/obrador-shared-pins-linux/round-2-baseline/wide-round-1-jobs-8/obrador/state'...
copying path '/tmp/obrador-shared-pins-linux/round-2-baseline/wide-round-1-jobs-8/store/358li16pj8xpw4scjw3avbd42isis1ls-leaf-20.drv.drv' to 'obrador+local:///tmp/obrador-shared-pins-linux/round-2-baseline/wide-round-1-jobs-8/obrador/state'...
copying path '/tmp/obrador-shared-pins-linux/round-2-baseline/wide-round-1-jobs-8/store/1m6j1rf53xjrpw4lww97q4hdc4ni8yh5-leaf-10.drv.drv' to 'obrador+local:///tmp/obrador-shared-pins-linux/round-2-baseline/wide-round-1-jobs-8/obrador/state'...
copying path '/tmp/obrador-shared-pins-linux/round-2-baseline/wide-round-1-jobs-8/store/6pxxmy31npkrrr12885b1g9a789a7wn8-leaf-2.drv.drv' to 'obrador+local:///tmp/obrador-shared-pins-linux/round-2-baseline/wide-round-1-jobs-8/obrador/state'...
copying path '/tmp/obrador-shared-pins-linux/round-2-baseline/wide-round-1-jobs-8/store/4b4b4zmwfa914b4wa991yixmwg0rmqsk-leaf-8.drv.drv' to 'obrador+local:///tmp/obrador-shared-pins-linux/round-2-baseline/wide-round-1-jobs-8/obrador/state'...
copying path '/tmp/obrador-shared-pins-linux/round-2-baseline/wide-round-1-jobs-8/store/86qwwhdwdc6iwaq9jlk55w40l3d74am9-leaf-4.drv.drv' to 'obrador+local:///tmp/obrador-shared-pins-linux/round-2-baseline/wide-round-1-jobs-8/obrador/state'...
copying path '/tmp/obrador-shared-pins-linux/round-2-baseline/wide-round-1-jobs-8/store/9bvi5xd335mbqj2nvb48zlh4bnc2k1hb-leaf-24.drv.drv' to 'obrador+local:///tmp/obrador-shared-pins-linux/round-2-baseline/wide-round-1-jobs-8/obrador/state'...
copying path '/tmp/obrador-shared-pins-linux/round-2-baseline/wide-round-1-jobs-8/store/b3xdr7h4qn3nyl0y4wx24cifxdfr6r9x-leaf-26.drv.drv' to 'obrador+local:///tmp/obrador-shared-pins-linux/round-2-baseline/wide-round-1-jobs-8/obrador/state'...
copying path '/tmp/obrador-shared-pins-linux/round-2-baseline/wide-round-1-jobs-8/store/f4g7v11h1glvbslvr419rn7wqka3dpgy-leaf-12.drv.drv' to 'obrador+local:///tmp/obrador-shared-pins-linux/round-2-baseline/wide-round-1-jobs-8/obrador/state'...
copying path '/tmp/obrador-shared-pins-linux/round-2-baseline/wide-round-1-jobs-8/store/6jw8acd8l3829mq0a4h25333z0n91wn7-leaf-11.drv.drv' to 'obrador+local:///tmp/obrador-shared-pins-linux/round-2-baseline/wide-round-1-jobs-8/obrador/state'...
copying path '/tmp/obrador-shared-pins-linux/round-2-baseline/wide-round-1-jobs-8/store/fbkksc185w380501b37ibp0kcidk7bgq-leaf-7.drv.drv' to 'obrador+local:///tmp/obrador-shared-pins-linux/round-2-baseline/wide-round-1-jobs-8/obrador/state'...
copying path '/tmp/obrador-shared-pins-linux/round-2-baseline/wide-round-1-jobs-8/store/f5n2qbqdvmf8ijhff9ax5bdmb040znxb-leaf-1.drv.drv' to 'obrador+local:///tmp/obrador-shared-pins-linux/round-2-baseline/wide-round-1-jobs-8/obrador/state'...
copying path '/tmp/obrador-shared-pins-linux/round-2-baseline/wide-round-1-jobs-8/store/8wb7lns2349za1w17h6jidvcmkiyfd7v-leaf-23.drv.drv' to 'obrador+local:///tmp/obrador-shared-pins-linux/round-2-baseline/wide-round-1-jobs-8/obrador/state'...
copying path '/tmp/obrador-shared-pins-linux/round-2-baseline/wide-round-1-jobs-8/store/l5rwdblkl0068pkvn81f5apfnd6bcsjf-leaf-14.drv.drv' to 'obrador+local:///tmp/obrador-shared-pins-linux/round-2-baseline/wide-round-1-jobs-8/obrador/state'...
copying path '/tmp/obrador-shared-pins-linux/round-2-baseline/wide-round-1-jobs-8/store/llx1al6shi85f6ailwhr3bk56fgmjisc-leaf-21.drv.drv' to 'obrador+local:///tmp/obrador-shared-pins-linux/round-2-baseline/wide-round-1-jobs-8/obrador/state'...
copying path '/tmp/obrador-shared-pins-linux/round-2-baseline/wide-round-1-jobs-8/store/lr5b8aqnzr3ypgbc000cw0zdx4hxkq3s-leaf-25.drv.drv' to 'obrador+local:///tmp/obrador-shared-pins-linux/round-2-baseline/wide-round-1-jobs-8/obrador/state'...
copying path '/tmp/obrador-shared-pins-linux/round-2-baseline/wide-round-1-jobs-8/store/m7kyi68pw3avqkapnfvf8gnmx5ckydfi-leaf-30.drv.drv' to 'obrador+local:///tmp/obrador-shared-pins-linux/round-2-baseline/wide-round-1-jobs-8/obrador/state'...
copying path '/tmp/obrador-shared-pins-linux/round-2-baseline/wide-round-1-jobs-8/store/n1zcp9xld1b193k5gpcf7lcggcfh7ay2-leaf-27.drv.drv' to 'obrador+local:///tmp/obrador-shared-pins-linux/round-2-baseline/wide-round-1-jobs-8/obrador/state'...
copying path '/tmp/obrador-shared-pins-linux/round-2-baseline/wide-round-1-jobs-8/store/p3qc2lix9b2fspb9gdqqna7r71lbk9x3-leaf-13.drv.drv' to 'obrador+local:///tmp/obrador-shared-pins-linux/round-2-baseline/wide-round-1-jobs-8/obrador/state'...
copying path '/tmp/obrador-shared-pins-linux/round-2-baseline/wide-round-1-jobs-8/store/ql2zg67iy0q29n9abysszhwy9fbykr72-leaf-16.drv.drv' to 'obrador+local:///tmp/obrador-shared-pins-linux/round-2-baseline/wide-round-1-jobs-8/obrador/state'...
copying path '/tmp/obrador-shared-pins-linux/round-2-baseline/wide-round-1-jobs-8/store/ribngx1lkd0pci35bi3rscrsn1mb8p0h-leaf-22.drv.drv' to 'obrador+local:///tmp/obrador-shared-pins-linux/round-2-baseline/wide-round-1-jobs-8/obrador/state'...
copying path '/tmp/obrador-shared-pins-linux/round-2-baseline/wide-round-1-jobs-8/store/rjw79d4prgpz6rr3cdpl98cdn1l1kgy1-leaf-3.drv.drv' to 'obrador+local:///tmp/obrador-shared-pins-linux/round-2-baseline/wide-round-1-jobs-8/obrador/state'...
copying path '/tmp/obrador-shared-pins-linux/round-2-baseline/wide-round-1-jobs-8/store/s47fik2ncsmngvdxpbrh63hv9a9ih83g-leaf-28.drv.drv' to 'obrador+local:///tmp/obrador-shared-pins-linux/round-2-baseline/wide-round-1-jobs-8/obrador/state'...
copying path '/tmp/obrador-shared-pins-linux/round-2-baseline/wide-round-1-jobs-8/store/w8s5y2lzah8z6aah6sadw4d87mv8aj6z-leaf-19.drv.drv' to 'obrador+local:///tmp/obrador-shared-pins-linux/round-2-baseline/wide-round-1-jobs-8/obrador/state'...
copying path '/tmp/obrador-shared-pins-linux/round-2-baseline/wide-round-1-jobs-8/store/whpy2xi6hgkbvwgcyyi0pjsbrvpiyw81-leaf-0.drv.drv' to 'obrador+local:///tmp/obrador-shared-pins-linux/round-2-baseline/wide-round-1-jobs-8/obrador/state'...
copying path '/tmp/obrador-shared-pins-linux/round-2-baseline/wide-round-1-jobs-8/store/wyw4awl07lx0x5z87hxj3x44rzlv1hlw-leaf-18.drv.drv' to 'obrador+local:///tmp/obrador-shared-pins-linux/round-2-baseline/wide-round-1-jobs-8/obrador/state'...
copying path '/tmp/obrador-shared-pins-linux/round-2-baseline/wide-round-1-jobs-8/store/x10sy0nbznbwdx248rrn94wd721gd0xg-leaf-31.drv.drv' to 'obrador+local:///tmp/obrador-shared-pins-linux/round-2-baseline/wide-round-1-jobs-8/obrador/state'...
copying path '/tmp/obrador-shared-pins-linux/round-2-baseline/wide-round-1-jobs-8/store/xyj888yyyp61qjfhqbpsgzkwn0wmc8pb-leaf-29.drv.drv' to 'obrador+local:///tmp/obrador-shared-pins-linux/round-2-baseline/wide-round-1-jobs-8/obrador/state'...
copying path '/tmp/obrador-shared-pins-linux/round-2-baseline/wide-round-1-jobs-8/store/ybzc10a98lilswfc98znfqyibgpcrxz4-leaf-9.drv.drv' to 'obrador+local:///tmp/obrador-shared-pins-linux/round-2-baseline/wide-round-1-jobs-8/obrador/state'...
