@nix {"action":"msg","level":3,"msg":"these 32 derivations will be built:"}
@nix {"action":"msg","level":3,"msg":"  /Users/hetzner/obrador-shared-pins-20260909/round-3-baseline/wide-round-1-jobs-8/store/3hkh4rd94kx7knyp8lb778grb9x2lpnq-leaf-28.drv.drv"}
@nix {"action":"msg","level":3,"msg":"  /Users/hetzner/obrador-shared-pins-20260909/round-3-baseline/wide-round-1-jobs-8/store/45xi9gb4d61brqki44280mv5z4bm0ry2-leaf-9.drv.drv"}
@nix {"action":"msg","level":3,"msg":"  /Users/hetzner/obrador-shared-pins-20260909/round-3-baseline/wide-round-1-jobs-8/store/5r0lwakyxr7mmkn57ic56ssk8n3q9nyg-leaf-7.drv.drv"}
@nix {"action":"msg","level":3,"msg":"  /Users/hetzner/obrador-shared-pins-20260909/round-3-baseline/wide-round-1-jobs-8/store/6d47zjddx60v8ax52r64s6cmhc9xyz9j-leaf-20.drv.drv"}
@nix {"action":"msg","level":3,"msg":"  /Users/hetzner/obrador-shared-pins-20260909/round-3-baseline/wide-round-1-jobs-8/store/7r2bxpvi64cfxps4vvpyxcz86x3kg51n-leaf-17.drv.drv"}
@nix {"action":"msg","level":3,"msg":"  /Users/hetzner/obrador-shared-pins-20260909/round-3-baseline/wide-round-1-jobs-8/store/8rf8g5hpabxmcwa1y9sa3ignn4n6fy05-leaf-0.drv.drv"}
@nix {"action":"msg","level":3,"msg":"  /Users/hetzner/obrador-shared-pins-20260909/round-3-baseline/wide-round-1-jobs-8/store/a1k7wcl9m2lc0nhwpbmc4pk799fa7h66-leaf-11.drv.drv"}
@nix {"action":"msg","level":3,"msg":"  /Users/hetzner/obrador-shared-pins-20260909/round-3-baseline/wide-round-1-jobs-8/store/amlixb6rrzsxn1xawymgxclv81v7dfxv-leaf-31.drv.drv"}
@nix {"action":"msg","level":3,"msg":"  /Users/hetzner/obrador-shared-pins-20260909/round-3-baseline/wide-round-1-jobs-8/store/apfwhjpyssc5zipk7h1fkj5568rdp3n1-leaf-14.drv.drv"}
@nix {"action":"msg","level":3,"msg":"  /Users/hetzner/obrador-shared-pins-20260909/round-3-baseline/wide-round-1-jobs-8/store/bdf5wxw4mi1fylgrkjyqk2lyjqxppky0-leaf-19.drv.drv"}
@nix {"action":"msg","level":3,"msg":"  /Users/hetzner/obrador-shared-pins-20260909/round-3-baseline/wide-round-1-jobs-8/store/cg7mmnp8s07cnq6g93lldp3r8plyfqan-leaf-18.drv.drv"}
@nix {"action":"msg","level":3,"msg":"  /Users/hetzner/obrador-shared-pins-20260909/round-3-baseline/wide-round-1-jobs-8/store/f3lgv2pxm1l3kir2hakiqlb7p4ih4qih-leaf-27.drv.drv"}
@nix {"action":"msg","level":3,"msg":"  /Users/hetzner/obrador-shared-pins-20260909/round-3-baseline/wide-round-1-jobs-8/store/fjyjy6i6hzina5b2i3w7z8yavl08wskc-leaf-26.drv.drv"}
@nix {"action":"msg","level":3,"msg":"  /Users/hetzner/obrador-shared-pins-20260909/round-3-baseline/wide-round-1-jobs-8/store/fniw6rvsfcg4jzms3101bl7ylgg280ry-leaf-22.drv.drv"}
@nix {"action":"msg","level":3,"msg":"  /Users/hetzner/obrador-shared-pins-20260909/round-3-baseline/wide-round-1-jobs-8/store/g82bw4ngg7k4q1cm2v70p5r3zyk1fmdl-leaf-4.drv.drv"}
@nix {"action":"msg","level":3,"msg":"  /Users/hetzner/obrador-shared-pins-20260909/round-3-baseline/wide-round-1-jobs-8/store/hcblijhgcri4d4d01kmc8sy4vkrwjfd3-leaf-2.drv.drv"}
@nix {"action":"msg","level":3,"msg":"  /Users/hetzner/obrador-shared-pins-20260909/round-3-baseline/wide-round-1-jobs-8/store/izc3mq0b2n3zq7w95f951q4iaax5xwff-leaf-16.drv.drv"}
@nix {"action":"msg","level":3,"msg":"  /Users/hetzner/obrador-shared-pins-20260909/round-3-baseline/wide-round-1-jobs-8/store/k81hj07gkw8jzz145rjrb7l3ia9fmkn2-leaf-25.drv.drv"}
@nix {"action":"msg","level":3,"msg":"  /Users/hetzner/obrador-shared-pins-20260909/round-3-baseline/wide-round-1-jobs-8/store/kqcibflna0wrsbny57c5zw69n48pb4sv-leaf-29.drv.drv"}
@nix {"action":"msg","level":3,"msg":"  /Users/hetzner/obrador-shared-pins-20260909/round-3-baseline/wide-round-1-jobs-8/store/lszanrk2yka1dv389q1i4vpm9k8s8xc1-leaf-12.drv.drv"}
@nix {"action":"msg","level":3,"msg":"  /Users/hetzner/obrador-shared-pins-20260909/round-3-baseline/wide-round-1-jobs-8/store/mjnbfn3jwjcamry8ghqxgllgm8h7dpjq-leaf-30.drv.drv"}
@nix {"action":"msg","level":3,"msg":"  /Users/hetzner/obrador-shared-pins-20260909/round-3-baseline/wide-round-1-jobs-8/store/nr8w4nqpfrwmnvcq8czlvzk1h41hdy2b-leaf-13.drv.drv"}
@nix {"action":"msg","level":3,"msg":"  /Users/hetzner/obrador-shared-pins-20260909/round-3-baseline/wide-round-1-jobs-8/store/pwn74ylqy4lbqwpgjhy2rdn8djddmx7g-leaf-15.drv.drv"}
@nix {"action":"msg","level":3,"msg":"  /Users/hetzner/obrador-shared-pins-20260909/round-3-baseline/wide-round-1-jobs-8/store/q5i7q18fvwzrnsmdqpr5q8md2xm23qj0-leaf-21.drv.drv"}
@nix {"action":"msg","level":3,"msg":"  /Users/hetzner/obrador-shared-pins-20260909/round-3-baseline/wide-round-1-jobs-8/store/rdsglilf8fbjzbqlral1kz8l5xykdahh-leaf-5.drv.drv"}
@nix {"action":"msg","level":3,"msg":"  /Users/hetzner/obrador-shared-pins-20260909/round-3-baseline/wide-round-1-jobs-8/store/rmf0q30ig40wif1z2v93k7qg33nbh8mn-leaf-6.drv.drv"}
@nix {"action":"msg","level":3,"msg":"  /Users/hetzner/obrador-shared-pins-20260909/round-3-baseline/wide-round-1-jobs-8/store/sai83lfgiazinv4bqbnid5jgcf81lkcl-leaf-24.drv.drv"}
@nix {"action":"msg","level":3,"msg":"  /Users/hetzner/obrador-shared-pins-20260909/round-3-baseline/wide-round-1-jobs-8/store/x62zmfmjdrc5yjpwjczprcsxb620psc8-leaf-8.drv.drv"}
@nix {"action":"msg","level":3,"msg":"  /Users/hetzner/obrador-shared-pins-20260909/round-3-baseline/wide-round-1-jobs-8/store/xp6gdbwlcckjdy8fa0qnqqc87qhgaxnj-leaf-1.drv.drv"}
@nix {"action":"msg","level":3,"msg":"  /Users/hetzner/obrador-shared-pins-20260909/round-3-baseline/wide-round-1-jobs-8/store/xww4cd2q8bprhxqvvar81mnv68qwrw9q-leaf-10.drv.drv"}
@nix {"action":"msg","level":3,"msg":"  /Users/hetzner/obrador-shared-pins-20260909/round-3-baseline/wide-round-1-jobs-8/store/yjrmzn8vg7khbl8lr85m1g494n6kz1mw-leaf-3.drv.drv"}
@nix {"action":"msg","level":3,"msg":"  /Users/hetzner/obrador-shared-pins-20260909/round-3-baseline/wide-round-1-jobs-8/store/zl2d390bysqwcif9xiv8d6lm0j5n5j68-leaf-23.drv.drv"}
@nix {"action":"start","fields":["/Users/hetzner/obrador-shared-pins-20260909/round-3-baseline/wide-round-1-jobs-8/store/8rf8g5hpabxmcwa1y9sa3ignn4n6fy05-leaf-0.drv.drv","",1,1],"id":243473106075648,"level":3,"parent":0,"text":"building 'leaf-0.drv.drv'","type":105}
@nix {"action":"start","fields":["/Users/hetzner/obrador-shared-pins-20260909/round-3-baseline/wide-round-1-jobs-8/store/xp6gdbwlcckjdy8fa0qnqqc87qhgaxnj-leaf-1.drv.drv","",1,1],"id":243473106075649,"level":3,"parent":0,"text":"building 'leaf-1.drv.drv'","type":105}
@nix {"action":"start","fields":["/Users/hetzner/obrador-shared-pins-20260909/round-3-baseline/wide-round-1-jobs-8/store/hcblijhgcri4d4d01kmc8sy4vkrwjfd3-leaf-2.drv.drv","",1,1],"id":243473106075650,"level":3,"parent":0,"text":"building 'leaf-2.drv.drv'","type":105}
@nix {"action":"start","fields":["/Users/hetzner/obrador-shared-pins-20260909/round-3-baseline/wide-round-1-jobs-8/store/yjrmzn8vg7khbl8lr85m1g494n6kz1mw-leaf-3.drv.drv","",1,1],"id":243473106075651,"level":3,"parent":0,"text":"building 'leaf-3.drv.drv'","type":105}
@nix {"action":"start","fields":["/Users/hetzner/obrador-shared-pins-20260909/round-3-baseline/wide-round-1-jobs-8/store/g82bw4ngg7k4q1cm2v70p5r3zyk1fmdl-leaf-4.drv.drv","",1,1],"id":243473106075652,"level":3,"parent":0,"text":"building 'leaf-4.drv.drv'","type":105}
@nix {"action":"start","fields":["/Users/hetzner/obrador-shared-pins-20260909/round-3-baseline/wide-round-1-jobs-8/store/rdsglilf8fbjzbqlral1kz8l5xykdahh-leaf-5.drv.drv","",1,1],"id":243473106075653,"level":3,"parent":0,"text":"building 'leaf-5.drv.drv'","type":105}
@nix {"action":"start","fields":["/Users/hetzner/obrador-shared-pins-20260909/round-3-baseline/wide-round-1-jobs-8/store/rmf0q30ig40wif1z2v93k7qg33nbh8mn-leaf-6.drv.drv","",1,1],"id":243473106075654,"level":3,"parent":0,"text":"building 'leaf-6.drv.drv'","type":105}
@nix {"action":"start","fields":["/Users/hetzner/obrador-shared-pins-20260909/round-3-baseline/wide-round-1-jobs-8/store/5r0lwakyxr7mmkn57ic56ssk8n3q9nyg-leaf-7.drv.drv","",1,1],"id":243473106075655,"level":3,"parent":0,"text":"building 'leaf-7.drv.drv'","type":105}
@nix {"action":"stop","id":243473106075650}
@nix {"action":"stop","id":243473106075649}
@nix {"action":"stop","id":243473106075652}
@nix {"action":"stop","id":243473106075653}
@nix {"action":"stop","id":243473106075648}
@nix {"action":"stop","id":243473106075651}
@nix {"action":"stop","id":243473106075655}
@nix {"action":"stop","id":243473106075654}
@nix {"action":"start","fields":["/Users/hetzner/obrador-shared-pins-20260909/round-3-baseline/wide-round-1-jobs-8/store/4jr0yxhwwrp85m3b1545iq6v54ghc8r1-leaf-2.drv","",1,1],"id":243473106075656,"level":3,"parent":0,"text":"building 'leaf-2.drv'","type":105}
@nix {"action":"stop","id":243473106075656}
@nix {"action":"start","fields":["/Users/hetzner/obrador-shared-pins-20260909/round-3-baseline/wide-round-1-jobs-8/store/npzj2kmj09c4pccy28ni7w8fy6mhnaax-leaf-1.drv","",1,1],"id":243473106075657,"level":3,"parent":0,"text":"building 'leaf-1.drv'","type":105}
@nix {"action":"stop","id":243473106075657}
@nix {"action":"start","fields":["/Users/hetzner/obrador-shared-pins-20260909/round-3-baseline/wide-round-1-jobs-8/store/j9q7ijj5mj9jib5lrlicnbk9zyyw5kn7-leaf-4.drv","",1,1],"id":243473106075658,"level":3,"parent":0,"text":"building 'leaf-4.drv'","type":105}
@nix {"action":"start","fields":["/Users/hetzner/obrador-shared-pins-20260909/round-3-baseline/wide-round-1-jobs-8/store/476y6dggzsysyjw32v0qzqjdzzpc5gsx-leaf-5.drv","",1,1],"id":243473106075659,"level":3,"parent":0,"text":"building 'leaf-5.drv'","type":105}
@nix {"action":"stop","id":243473106075658}
@nix {"action":"start","fields":["/Users/hetzner/obrador-shared-pins-20260909/round-3-baseline/wide-round-1-jobs-8/store/4swr06wzkw3lkzipwfn1ab6i8dyzcc3h-leaf-0.drv","",1,1],"id":243473106075660,"level":3,"parent":0,"text":"building 'leaf-0.drv'","type":105}
@nix {"action":"stop","id":243473106075659}
@nix {"action":"start","fields":["/Users/hetzner/obrador-shared-pins-20260909/round-3-baseline/wide-round-1-jobs-8/store/9yc6kc31nrfw6q9lmham1drcxqhm2c7g-leaf-3.drv","",1,1],"id":243473106075661,"level":3,"parent":0,"text":"building 'leaf-3.drv'","type":105}
@nix {"action":"stop","id":243473106075660}
@nix {"action":"start","fields":["/Users/hetzner/obrador-shared-pins-20260909/round-3-baseline/wide-round-1-jobs-8/store/wdc2mc0gjnrwfy5bsf93y1w6yfqrv7fp-leaf-7.drv","",1,1],"id":243473106075662,"level":3,"parent":0,"text":"building 'leaf-7.drv'","type":105}
@nix {"action":"stop","id":243473106075661}
@nix {"action":"stop","id":243473106075662}
@nix {"action":"start","fields":["/Users/hetzner/obrador-shared-pins-20260909/round-3-baseline/wide-round-1-jobs-8/store/p7k441x2xkbaixviiyjy4mzzly0dn1jz-leaf-6.drv","",1,1],"id":243473106075663,"level":3,"parent":0,"text":"building 'leaf-6.drv'","type":105}
@nix {"action":"stop","id":243473106075663}
@nix {"action":"start","fields":["/Users/hetzner/obrador-shared-pins-20260909/round-3-baseline/wide-round-1-jobs-8/store/x62zmfmjdrc5yjpwjczprcsxb620psc8-leaf-8.drv.drv","",1,1],"id":243473106075664,"level":3,"parent":0,"text":"building 'leaf-8.drv.drv'","type":105}
@nix {"action":"start","fields":["/Users/hetzner/obrador-shared-pins-20260909/round-3-baseline/wide-round-1-jobs-8/store/45xi9gb4d61brqki44280mv5z4bm0ry2-leaf-9.drv.drv","",1,1],"id":243473106075665,"level":3,"parent":0,"text":"building 'leaf-9.drv.drv'","type":105}
@nix {"action":"start","fields":["/Users/hetzner/obrador-shared-pins-20260909/round-3-baseline/wide-round-1-jobs-8/store/xww4cd2q8bprhxqvvar81mnv68qwrw9q-leaf-10.drv.drv","",1,1],"id":243473106075666,"level":3,"parent":0,"text":"building 'leaf-10.drv.drv'","type":105}
@nix {"action":"start","fields":["/Users/hetzner/obrador-shared-pins-20260909/round-3-baseline/wide-round-1-jobs-8/store/a1k7wcl9m2lc0nhwpbmc4pk799fa7h66-leaf-11.drv.drv","",1,1],"id":243473106075667,"level":3,"parent":0,"text":"building 'leaf-11.drv.drv'","type":105}
@nix {"action":"start","fields":["/Users/hetzner/obrador-shared-pins-20260909/round-3-baseline/wide-round-1-jobs-8/store/lszanrk2yka1dv389q1i4vpm9k8s8xc1-leaf-12.drv.drv","",1,1],"id":243473106075668,"level":3,"parent":0,"text":"building 'leaf-12.drv.drv'","type":105}
@nix {"action":"start","fields":["/Users/hetzner/obrador-shared-pins-20260909/round-3-baseline/wide-round-1-jobs-8/store/nr8w4nqpfrwmnvcq8czlvzk1h41hdy2b-leaf-13.drv.drv","",1,1],"id":243473106075669,"level":3,"parent":0,"text":"building 'leaf-13.drv.drv'","type":105}
@nix {"action":"stop","id":243473106075666}
@nix {"action":"stop","id":243473106075665}
@nix {"action":"stop","id":243473106075664}
@nix {"action":"stop","id":243473106075667}
@nix {"action":"stop","id":243473106075668}
@nix {"action":"stop","id":243473106075669}
@nix {"action":"start","fields":["/Users/hetzner/obrador-shared-pins-20260909/round-3-baseline/wide-round-1-jobs-8/store/apfwhjpyssc5zipk7h1fkj5568rdp3n1-leaf-14.drv.drv","",1,1],"id":243473106075670,"level":3,"parent":0,"text":"building 'leaf-14.drv.drv'","type":105}
@nix {"action":"start","fields":["/Users/hetzner/obrador-shared-pins-20260909/round-3-baseline/wide-round-1-jobs-8/store/pwn74ylqy4lbqwpgjhy2rdn8djddmx7g-leaf-15.drv.drv","",1,1],"id":243473106075671,"level":3,"parent":0,"text":"building 'leaf-15.drv.drv'","type":105}
@nix {"action":"stop","id":243473106075671}
@nix {"action":"stop","id":243473106075670}
@nix {"action":"start","fields":["/Users/hetzner/obrador-shared-pins-20260909/round-3-baseline/wide-round-1-jobs-8/store/pk9yi2vks1j2jch67pwl2q9rm0gy1xp8-leaf-10.drv","",1,1],"id":243473106075672,"level":3,"parent":0,"text":"building 'leaf-10.drv'","type":105}
@nix {"action":"start","fields":["/Users/hetzner/obrador-shared-pins-20260909/round-3-baseline/wide-round-1-jobs-8/store/pfh2cq1qjm1r0k2y74hhr8b2rdlqgy0s-leaf-9.drv","",1,1],"id":243473106075673,"level":3,"parent":0,"text":"building 'leaf-9.drv'","type":105}
@nix {"action":"stop","id":243473106075672}
@nix {"action":"stop","id":243473106075673}
@nix {"action":"start","fields":["/Users/hetzner/obrador-shared-pins-20260909/round-3-baseline/wide-round-1-jobs-8/store/vid0n82cyhivas4fd57w53nc01bnrcxg-leaf-8.drv","",1,1],"id":243473106075674,"level":3,"parent":0,"text":"building 'leaf-8.drv'","type":105}
@nix {"action":"start","fields":["/Users/hetzner/obrador-shared-pins-20260909/round-3-baseline/wide-round-1-jobs-8/store/iq76f0an53dc9rd2gn860pcp7yljl7fz-leaf-11.drv","",1,1],"id":243473106075675,"level":3,"parent":0,"text":"building 'leaf-11.drv'","type":105}
@nix {"action":"start","fields":["/Users/hetzner/obrador-shared-pins-20260909/round-3-baseline/wide-round-1-jobs-8/store/ka4y402bma181m72xwxfj4rfr1x4dnnc-leaf-12.drv","",1,1],"id":243473106075676,"level":3,"parent":0,"text":"building 'leaf-12.drv'","type":105}
@nix {"action":"stop","id":243473106075674}
@nix {"action":"start","fields":["/Users/hetzner/obrador-shared-pins-20260909/round-3-baseline/wide-round-1-jobs-8/store/ibyh1wgqwk54j4angi6fb7zhn53a9srh-leaf-13.drv","",1,1],"id":243473106075677,"level":3,"parent":0,"text":"building 'leaf-13.drv'","type":105}
@nix {"action":"stop","id":243473106075675}
@nix {"action":"stop","id":243473106075676}
@nix {"action":"start","fields":["/Users/hetzner/obrador-shared-pins-20260909/round-3-baseline/wide-round-1-jobs-8/store/wv32klbv8z5zjqapj25i5jqp5l1c5yhr-leaf-15.drv","",1,1],"id":243473106075678,"level":3,"parent":0,"text":"building 'leaf-15.drv'","type":105}
@nix {"action":"stop","id":243473106075677}
@nix {"action":"stop","id":243473106075678}
@nix {"action":"start","fields":["/Users/hetzner/obrador-shared-pins-20260909/round-3-baseline/wide-round-1-jobs-8/store/b8ffj389pyp53823q0d9q3vidpmqinwk-leaf-14.drv","",1,1],"id":243473106075679,"level":3,"parent":0,"text":"building 'leaf-14.drv'","type":105}
@nix {"action":"stop","id":243473106075679}
@nix {"action":"start","fields":["/Users/hetzner/obrador-shared-pins-20260909/round-3-baseline/wide-round-1-jobs-8/store/izc3mq0b2n3zq7w95f951q4iaax5xwff-leaf-16.drv.drv","",1,1],"id":243473106075680,"level":3,"parent":0,"text":"building 'leaf-16.drv.drv'","type":105}
@nix {"action":"start","fields":["/Users/hetzner/obrador-shared-pins-20260909/round-3-baseline/wide-round-1-jobs-8/store/7r2bxpvi64cfxps4vvpyxcz86x3kg51n-leaf-17.drv.drv","",1,1],"id":243473106075681,"level":3,"parent":0,"text":"building 'leaf-17.drv.drv'","type":105}
@nix {"action":"start","fields":["/Users/hetzner/obrador-shared-pins-20260909/round-3-baseline/wide-round-1-jobs-8/store/cg7mmnp8s07cnq6g93lldp3r8plyfqan-leaf-18.drv.drv","",1,1],"id":243473106075682,"level":3,"parent":0,"text":"building 'leaf-18.drv.drv'","type":105}
@nix {"action":"stop","id":243473106075682}
@nix {"action":"start","fields":["/Users/hetzner/obrador-shared-pins-20260909/round-3-baseline/wide-round-1-jobs-8/store/bdf5wxw4mi1fylgrkjyqk2lyjqxppky0-leaf-19.drv.drv","",1,1],"id":243473106075683,"level":3,"parent":0,"text":"building 'leaf-19.drv.drv'","type":105}
@nix {"action":"stop","id":243473106075680}
@nix {"action":"start","fields":["/Users/hetzner/obrador-shared-pins-20260909/round-3-baseline/wide-round-1-jobs-8/store/6d47zjddx60v8ax52r64s6cmhc9xyz9j-leaf-20.drv.drv","",1,1],"id":243473106075684,"level":3,"parent":0,"text":"building 'leaf-20.drv.drv'","type":105}
@nix {"action":"stop","id":243473106075681}
@nix {"action":"stop","id":243473106075683}
@nix {"action":"stop","id":243473106075684}
@nix {"action":"start","fields":["/Users/hetzner/obrador-shared-pins-20260909/round-3-baseline/wide-round-1-jobs-8/store/q5i7q18fvwzrnsmdqpr5q8md2xm23qj0-leaf-21.drv.drv","",1,1],"id":243473106075685,"level":3,"parent":0,"text":"building 'leaf-21.drv.drv'","type":105}
@nix {"action":"stop","id":243473106075685}
@nix {"action":"start","fields":["/Users/hetzner/obrador-shared-pins-20260909/round-3-baseline/wide-round-1-jobs-8/store/fniw6rvsfcg4jzms3101bl7ylgg280ry-leaf-22.drv.drv","",1,1],"id":243473106075686,"level":3,"parent":0,"text":"building 'leaf-22.drv.drv'","type":105}
@nix {"action":"start","fields":["/Users/hetzner/obrador-shared-pins-20260909/round-3-baseline/wide-round-1-jobs-8/store/zl2d390bysqwcif9xiv8d6lm0j5n5j68-leaf-23.drv.drv","",1,1],"id":243473106075687,"level":3,"parent":0,"text":"building 'leaf-23.drv.drv'","type":105}
@nix {"action":"stop","id":243473106075687}
@nix {"action":"start","fields":["/Users/hetzner/obrador-shared-pins-20260909/round-3-baseline/wide-round-1-jobs-8/store/xy6mddk2na42nv93q880bkgxq5cijjir-leaf-18.drv","",1,1],"id":243473106075688,"level":3,"parent":0,"text":"building 'leaf-18.drv'","type":105}
@nix {"action":"stop","id":243473106075686}
@nix {"action":"start","fields":["/Users/hetzner/obrador-shared-pins-20260909/round-3-baseline/wide-round-1-jobs-8/store/yd065j017fkkjs5gvj84b0cqa2m09zyb-leaf-16.drv","",1,1],"id":243473106075689,"level":3,"parent":0,"text":"building 'leaf-16.drv'","type":105}
@nix {"action":"stop","id":243473106075688}
@nix {"action":"stop","id":243473106075689}
@nix {"action":"start","fields":["/Users/hetzner/obrador-shared-pins-20260909/round-3-baseline/wide-round-1-jobs-8/store/zf0kbqq9mb5nn4sjrnshbiciafj6jaqf-leaf-17.drv","",1,1],"id":243473106075690,"level":3,"parent":0,"text":"building 'leaf-17.drv'","type":105}
@nix {"action":"stop","id":243473106075690}
@nix {"action":"start","fields":["/Users/hetzner/obrador-shared-pins-20260909/round-3-baseline/wide-round-1-jobs-8/store/j6lj4gx9pg4351m84pm2fjggv5alfm5a-leaf-19.drv","",1,1],"id":243473106075691,"level":3,"parent":0,"text":"building 'leaf-19.drv'","type":105}
@nix {"action":"stop","id":243473106075691}
@nix {"action":"start","fields":["/Users/hetzner/obrador-shared-pins-20260909/round-3-baseline/wide-round-1-jobs-8/store/x5g0cpgjgp0fpf36xqvvvvwfkfwaj3qc-leaf-20.drv","",1,1],"id":243473106075692,"level":3,"parent":0,"text":"building 'leaf-20.drv'","type":105}
@nix {"action":"start","fields":["/Users/hetzner/obrador-shared-pins-20260909/round-3-baseline/wide-round-1-jobs-8/store/zjrs42126vwc3wgc58iy307kdka72l6g-leaf-21.drv","",1,1],"id":243473106075693,"level":3,"parent":0,"text":"building 'leaf-21.drv'","type":105}
@nix {"action":"start","fields":["/Users/hetzner/obrador-shared-pins-20260909/round-3-baseline/wide-round-1-jobs-8/store/8cbww6vqij46d36w84cv5zbcy0d5kf1q-leaf-23.drv","",1,1],"id":243473106075694,"level":3,"parent":0,"text":"building 'leaf-23.drv'","type":105}
@nix {"action":"stop","id":243473106075692}
@nix {"action":"stop","id":243473106075693}
@nix {"action":"stop","id":243473106075694}
@nix {"action":"start","fields":["/Users/hetzner/obrador-shared-pins-20260909/round-3-baseline/wide-round-1-jobs-8/store/hvdy3vp2gw23bvfzb80kp6539g1sp4c6-leaf-22.drv","",1,1],"id":243473106075695,"level":3,"parent":0,"text":"building 'leaf-22.drv'","type":105}
@nix {"action":"stop","id":243473106075695}
@nix {"action":"start","fields":["/Users/hetzner/obrador-shared-pins-20260909/round-3-baseline/wide-round-1-jobs-8/store/sai83lfgiazinv4bqbnid5jgcf81lkcl-leaf-24.drv.drv","",1,1],"id":243473106075696,"level":3,"parent":0,"text":"building 'leaf-24.drv.drv'","type":105}
@nix {"action":"start","fields":["/Users/hetzner/obrador-shared-pins-20260909/round-3-baseline/wide-round-1-jobs-8/store/k81hj07gkw8jzz145rjrb7l3ia9fmkn2-leaf-25.drv.drv","",1,1],"id":243473106075697,"level":3,"parent":0,"text":"building 'leaf-25.drv.drv'","type":105}
@nix {"action":"start","fields":["/Users/hetzner/obrador-shared-pins-20260909/round-3-baseline/wide-round-1-jobs-8/store/fjyjy6i6hzina5b2i3w7z8yavl08wskc-leaf-26.drv.drv","",1,1],"id":243473106075698,"level":3,"parent":0,"text":"building 'leaf-26.drv.drv'","type":105}
@nix {"action":"start","fields":["/Users/hetzner/obrador-shared-pins-20260909/round-3-baseline/wide-round-1-jobs-8/store/f3lgv2pxm1l3kir2hakiqlb7p4ih4qih-leaf-27.drv.drv","",1,1],"id":243473106075699,"level":3,"parent":0,"text":"building 'leaf-27.drv.drv'","type":105}
@nix {"action":"stop","id":243473106075696}
@nix {"action":"stop","id":243473106075697}
@nix {"action":"stop","id":243473106075698}
@nix {"action":"stop","id":243473106075699}
@nix {"action":"start","fields":["/Users/hetzner/obrador-shared-pins-20260909/round-3-baseline/wide-round-1-jobs-8/store/3hkh4rd94kx7knyp8lb778grb9x2lpnq-leaf-28.drv.drv","",1,1],"id":243473106075700,"level":3,"parent":0,"text":"building 'leaf-28.drv.drv'","type":105}
@nix {"action":"stop","id":243473106075700}
@nix {"action":"start","fields":["/Users/hetzner/obrador-shared-pins-20260909/round-3-baseline/wide-round-1-jobs-8/store/kqcibflna0wrsbny57c5zw69n48pb4sv-leaf-29.drv.drv","",1,1],"id":243473106075701,"level":3,"parent":0,"text":"building 'leaf-29.drv.drv'","type":105}
@nix {"action":"stop","id":243473106075701}
@nix {"action":"start","fields":["/Users/hetzner/obrador-shared-pins-20260909/round-3-baseline/wide-round-1-jobs-8/store/mjnbfn3jwjcamry8ghqxgllgm8h7dpjq-leaf-30.drv.drv","",1,1],"id":243473106075702,"level":3,"parent":0,"text":"building 'leaf-30.drv.drv'","type":105}
@nix {"action":"start","fields":["/Users/hetzner/obrador-shared-pins-20260909/round-3-baseline/wide-round-1-jobs-8/store/amlixb6rrzsxn1xawymgxclv81v7dfxv-leaf-31.drv.drv","",1,1],"id":243473106075703,"level":3,"parent":0,"text":"building 'leaf-31.drv.drv'","type":105}
@nix {"action":"stop","id":243473106075702}
@nix {"action":"stop","id":243473106075703}
@nix {"action":"start","fields":["/Users/hetzner/obrador-shared-pins-20260909/round-3-baseline/wide-round-1-jobs-8/store/127j786117yja19j10dvmjw8nqdad64f-leaf-24.drv","",1,1],"id":243473106075704,"level":3,"parent":0,"text":"building 'leaf-24.drv'","type":105}
@nix {"action":"stop","id":243473106075704}
@nix {"action":"start","fields":["/Users/hetzner/obrador-shared-pins-20260909/round-3-baseline/wide-round-1-jobs-8/store/s45vzy8v50lbxkzvrs946zmghvq2a3zl-leaf-25.drv","",1,1],"id":243473106075705,"level":3,"parent":0,"text":"building 'leaf-25.drv'","type":105}
@nix {"action":"stop","id":243473106075705}
@nix {"action":"start","fields":["/Users/hetzner/obrador-shared-pins-20260909/round-3-baseline/wide-round-1-jobs-8/store/pzj4m5cickxa2g693rb661whysl1lx7c-leaf-26.drv","",1,1],"id":243473106075706,"level":3,"parent":0,"text":"building 'leaf-26.drv'","type":105}
@nix {"action":"stop","id":243473106075706}
@nix {"action":"start","fields":["/Users/hetzner/obrador-shared-pins-20260909/round-3-baseline/wide-round-1-jobs-8/store/zg502q0fj3fri75kd25sah7gjrnz6w3z-leaf-27.drv","",1,1],"id":243473106075707,"level":3,"parent":0,"text":"building 'leaf-27.drv'","type":105}
@nix {"action":"start","fields":["/Users/hetzner/obrador-shared-pins-20260909/round-3-baseline/wide-round-1-jobs-8/store/ydvn33r1mgw7czr3szvghl7lk17a211q-leaf-28.drv","",1,1],"id":243473106075708,"level":3,"parent":0,"text":"building 'leaf-28.drv'","type":105}
@nix {"action":"stop","id":243473106075707}
@nix {"action":"stop","id":243473106075708}
@nix {"action":"start","fields":["/Users/hetzner/obrador-shared-pins-20260909/round-3-baseline/wide-round-1-jobs-8/store/ylg49nmhng4p1wfz5xh311mlfvirnm32-leaf-29.drv","",1,1],"id":243473106075709,"level":3,"parent":0,"text":"building 'leaf-29.drv'","type":105}
@nix {"action":"stop","id":243473106075709}
@nix {"action":"start","fields":["/Users/hetzner/obrador-shared-pins-20260909/round-3-baseline/wide-round-1-jobs-8/store/dnqib626diprywxnbhj4lwiz996qg22k-leaf-30.drv","",1,1],"id":243473106075710,"level":3,"parent":0,"text":"building 'leaf-30.drv'","type":105}
@nix {"action":"stop","id":243473106075710}
@nix {"action":"start","fields":["/Users/hetzner/obrador-shared-pins-20260909/round-3-baseline/wide-round-1-jobs-8/store/w0jkhw3dmj6b4fc2lrar3k99gcp1dwgb-leaf-31.drv","",1,1],"id":243473106075711,"level":3,"parent":0,"text":"building 'leaf-31.drv'","type":105}
@nix {"action":"stop","id":243473106075711}
