copying 33 paths...
copying path '/Users/hetzner/obrador-shared-pins-20260909/round-3-baseline/wide-round-1-jobs-8/store/4zxhw9g4hyn5n0xq35qcjmxpcf7qb9y2-seed' to 'obrador+local:///Users/hetzner/obrador-shared-pins-20260909/round-3-baseline/wide-round-1-jobs-8/obrador/state'...
copying path '/Users/hetzner/obrador-shared-pins-20260909/round-3-baseline/wide-round-1-jobs-8/store/amlixb6rrzsxn1xawymgxclv81v7dfxv-leaf-31.drv.drv' to 'obrador+local:///Users/hetzner/obrador-shared-pins-20260909/round-3-baseline/wide-round-1-jobs-8/obrador/state'...
copying path '/Users/hetzner/obrador-shared-pins-20260909/round-3-baseline/wide-round-1-jobs-8/store/7r2bxpvi64cfxps4vvpyxcz86x3kg51n-leaf-17.drv.drv' to 'obrador+local:///Users/hetzner/obrador-shared-pins-20260909/round-3-baseline/wide-round-1-jobs-8/obrador/state'...
copying path '/Users/hetzner/obrador-shared-pins-20260909/round-3-baseline/wide-round-1-jobs-8/store/45xi9gb4d61brqki44280mv5z4bm0ry2-leaf-9.drv.drv' to 'obrador+local:///Users/hetzner/obrador-shared-pins-20260909/round-3-baseline/wide-round-1-jobs-8/obrador/state'...
copying path '/Users/hetzner/obrador-shared-pins-20260909/round-3-baseline/wide-round-1-jobs-8/store/6d47zjddx60v8ax52r64s6cmhc9xyz9j-leaf-20.drv.drv' to 'obrador+local:///Users/hetzner/obrador-shared-pins-20260909/round-3-baseline/wide-round-1-jobs-8/obrador/state'...
copying path '/Users/hetzner/obrador-shared-pins-20260909/round-3-baseline/wide-round-1-jobs-8/store/3hkh4rd94kx7knyp8lb778grb9x2lpnq-leaf-28.drv.drv' to 'obrador+local:///Users/hetzner/obrador-shared-pins-20260909/round-3-baseline/wide-round-1-jobs-8/obrador/state'...
copying path '/Users/hetzner/obrador-shared-pins-20260909/round-3-baseline/wide-round-1-jobs-8/store/a1k7wcl9m2lc0nhwpbmc4pk799fa7h66-leaf-11.drv.drv' to 'obrador+local:///Users/hetzner/obrador-shared-pins-20260909/round-3-baseline/wide-round-1-jobs-8/obrador/state'...
copying path '/Users/hetzner/obrador-shared-pins-20260909/round-3-baseline/wide-round-1-jobs-8/store/5r0lwakyxr7mmkn57ic56ssk8n3q9nyg-leaf-7.drv.drv' to 'obrador+local:///Users/hetzner/obrador-shared-pins-20260909/round-3-baseline/wide-round-1-jobs-8/obrador/state'...
copying path '/Users/hetzner/obrador-shared-pins-20260909/round-3-baseline/wide-round-1-jobs-8/store/8rf8g5hpabxmcwa1y9sa3ignn4n6fy05-leaf-0.drv.drv' to 'obrador+local:///Users/hetzner/obrador-shared-pins-20260909/round-3-baseline/wide-round-1-jobs-8/obrador/state'...
copying path '/Users/hetzner/obrador-shared-pins-20260909/round-3-baseline/wide-round-1-jobs-8/store/apfwhjpyssc5zipk7h1fkj5568rdp3n1-leaf-14.drv.drv' to 'obrador+local:///Users/hetzner/obrador-shared-pins-20260909/round-3-baseline/wide-round-1-jobs-8/obrador/state'...
copying path '/Users/hetzner/obrador-shared-pins-20260909/round-3-baseline/wide-round-1-jobs-8/store/bdf5wxw4mi1fylgrkjyqk2lyjqxppky0-leaf-19.drv.drv' to 'obrador+local:///Users/hetzner/obrador-shared-pins-20260909/round-3-baseline/wide-round-1-jobs-8/obrador/state'...
copying path '/Users/hetzner/obrador-shared-pins-20260909/round-3-baseline/wide-round-1-jobs-8/store/cg7mmnp8s07cnq6g93lldp3r8plyfqan-leaf-18.drv.drv' to 'obrador+local:///Users/hetzner/obrador-shared-pins-20260909/round-3-baseline/wide-round-1-jobs-8/obrador/state'...
copying path '/Users/hetzner/obrador-shared-pins-20260909/round-3-baseline/wide-round-1-jobs-8/store/f3lgv2pxm1l3kir2hakiqlb7p4ih4qih-leaf-27.drv.drv' to 'obrador+local:///Users/hetzner/obrador-shared-pins-20260909/round-3-baseline/wide-round-1-jobs-8/obrador/state'...
copying path '/Users/hetzner/obrador-shared-pins-20260909/round-3-baseline/wide-round-1-jobs-8/store/fjyjy6i6hzina5b2i3w7z8yavl08wskc-leaf-26.drv.drv' to 'obrador+local:///Users/hetzner/obrador-shared-pins-20260909/round-3-baseline/wide-round-1-jobs-8/obrador/state'...
copying path '/Users/hetzner/obrador-shared-pins-20260909/round-3-baseline/wide-round-1-jobs-8/store/fniw6rvsfcg4jzms3101bl7ylgg280ry-leaf-22.drv.drv' to 'obrador+local:///Users/hetzner/obrador-shared-pins-20260909/round-3-baseline/wide-round-1-jobs-8/obrador/state'...
copying path '/Users/hetzner/obrador-shared-pins-20260909/round-3-baseline/wide-round-1-jobs-8/store/g82bw4ngg7k4q1cm2v70p5r3zyk1fmdl-leaf-4.drv.drv' to 'obrador+local:///Users/hetzner/obrador-shared-pins-20260909/round-3-baseline/wide-round-1-jobs-8/obrador/state'...
copying path '/Users/hetzner/obrador-shared-pins-20260909/round-3-baseline/wide-round-1-jobs-8/store/hcblijhgcri4d4d01kmc8sy4vkrwjfd3-leaf-2.drv.drv' to 'obrador+local:///Users/hetzner/obrador-shared-pins-20260909/round-3-baseline/wide-round-1-jobs-8/obrador/state'...
copying path '/Users/hetzner/obrador-shared-pins-20260909/round-3-baseline/wide-round-1-jobs-8/store/izc3mq0b2n3zq7w95f951q4iaax5xwff-leaf-16.drv.drv' to 'obrador+local:///Users/hetzner/obrador-shared-pins-20260909/round-3-baseline/wide-round-1-jobs-8/obrador/state'...
copying path '/Users/hetzner/obrador-shared-pins-20260909/round-3-baseline/wide-round-1-jobs-8/store/k81hj07gkw8jzz145rjrb7l3ia9fmkn2-leaf-25.drv.drv' to 'obrador+local:///Users/hetzner/obrador-shared-pins-20260909/round-3-baseline/wide-round-1-jobs-8/obrador/state'...
copying path '/Users/hetzner/obrador-shared-pins-20260909/round-3-baseline/wide-round-1-jobs-8/store/kqcibflna0wrsbny57c5zw69n48pb4sv-leaf-29.drv.drv' to 'obrador+local:///Users/hetzner/obrador-shared-pins-20260909/round-3-baseline/wide-round-1-jobs-8/obrador/state'...
copying path '/Users/hetzner/obrador-shared-pins-20260909/round-3-baseline/wide-round-1-jobs-8/store/lszanrk2yka1dv389q1i4vpm9k8s8xc1-leaf-12.drv.drv' to 'obrador+local:///Users/hetzner/obrador-shared-pins-20260909/round-3-baseline/wide-round-1-jobs-8/obrador/state'...
copying path '/Users/hetzner/obrador-shared-pins-20260909/round-3-baseline/wide-round-1-jobs-8/store/mjnbfn3jwjcamry8ghqxgllgm8h7dpjq-leaf-30.drv.drv' to 'obrador+local:///Users/hetzner/obrador-shared-pins-20260909/round-3-baseline/wide-round-1-jobs-8/obrador/state'...
copying path '/Users/hetzner/obrador-shared-pins-20260909/round-3-baseline/wide-round-1-jobs-8/store/nr8w4nqpfrwmnvcq8czlvzk1h41hdy2b-leaf-13.drv.drv' to 'obrador+local:///Users/hetzner/obrador-shared-pins-20260909/round-3-baseline/wide-round-1-jobs-8/obrador/state'...
copying path '/Users/hetzner/obrador-shared-pins-20260909/round-3-baseline/wide-round-1-jobs-8/store/pwn74ylqy4lbqwpgjhy2rdn8djddmx7g-leaf-15.drv.drv' to 'obrador+local:///Users/hetzner/obrador-shared-pins-20260909/round-3-baseline/wide-round-1-jobs-8/obrador/state'...
copying path '/Users/hetzner/obrador-shared-pins-20260909/round-3-baseline/wide-round-1-jobs-8/store/q5i7q18fvwzrnsmdqpr5q8md2xm23qj0-leaf-21.drv.drv' to 'obrador+local:///Users/hetzner/obrador-shared-pins-20260909/round-3-baseline/wide-round-1-jobs-8/obrador/state'...
copying path '/Users/hetzner/obrador-shared-pins-20260909/round-3-baseline/wide-round-1-jobs-8/store/rdsglilf8fbjzbqlral1kz8l5xykdahh-leaf-5.drv.drv' to 'obrador+local:///Users/hetzner/obrador-shared-pins-20260909/round-3-baseline/wide-round-1-jobs-8/obrador/state'...
copying path '/Users/hetzner/obrador-shared-pins-20260909/round-3-baseline/wide-round-1-jobs-8/store/rmf0q30ig40wif1z2v93k7qg33nbh8mn-leaf-6.drv.drv' to 'obrador+local:///Users/hetzner/obrador-shared-pins-20260909/round-3-baseline/wide-round-1-jobs-8/obrador/state'...
copying path '/Users/hetzner/obrador-shared-pins-20260909/round-3-baseline/wide-round-1-jobs-8/store/sai83lfgiazinv4bqbnid5jgcf81lkcl-leaf-24.drv.drv' to 'obrador+local:///Users/hetzner/obrador-shared-pins-20260909/round-3-baseline/wide-round-1-jobs-8/obrador/state'...
copying path '/Users/hetzner/obrador-shared-pins-20260909/round-3-baseline/wide-round-1-jobs-8/store/x62zmfmjdrc5yjpwjczprcsxb620psc8-leaf-8.drv.drv' to 'obrador+local:///Users/hetzner/obrador-shared-pins-20260909/round-3-baseline/wide-round-1-jobs-8/obrador/state'...
copying path '/Users/hetzner/obrador-shared-pins-20260909/round-3-baseline/wide-round-1-jobs-8/store/xp6gdbwlcckjdy8fa0qnqqc87qhgaxnj-leaf-1.drv.drv' to 'obrador+local:///Users/hetzner/obrador-shared-pins-20260909/round-3-baseline/wide-round-1-jobs-8/obrador/state'...
copying path '/Users/hetzner/obrador-shared-pins-20260909/round-3-baseline/wide-round-1-jobs-8/store/xww4cd2q8bprhxqvvar81mnv68qwrw9q-leaf-10.drv.drv' to 'obrador+local:///Users/hetzner/obrador-shared-pins-20260909/round-3-baseline/wide-round-1-jobs-8/obrador/state'...
copying path '/Users/hetzner/obrador-shared-pins-20260909/round-3-baseline/wide-round-1-jobs-8/store/yjrmzn8vg7khbl8lr85m1g494n6kz1mw-leaf-3.drv.drv' to 'obrador+local:///Users/hetzner/obrador-shared-pins-20260909/round-3-baseline/wide-round-1-jobs-8/obrador/state'...
copying path '/Users/hetzner/obrador-shared-pins-20260909/round-3-baseline/wide-round-1-jobs-8/store/zl2d390bysqwcif9xiv8d6lm0j5n5j68-leaf-23.drv.drv' to 'obrador+local:///Users/hetzner/obrador-shared-pins-20260909/round-3-baseline/wide-round-1-jobs-8/obrador/state'...
