copying 32 paths...
copying path '/Users/hetzner/obrador-shared-pins-20260909/round-3-baseline/wide-round-1-jobs-8/store/0dh7znw1m9i9h4aa1j50w7kykwbf0rwl-leaf-12-result' from 'obrador+local:///Users/hetzner/obrador-shared-pins-20260909/round-3-baseline/wide-round-1-jobs-8/obrador/state'...
copying path '/Users/hetzner/obrador-shared-pins-20260909/round-3-baseline/wide-round-1-jobs-8/store/1b6b1v145vvxi31adsm56r5hp5d62a8f-leaf-6-result' from 'obrador+local:///Users/hetzner/obrador-shared-pins-20260909/round-3-baseline/wide-round-1-jobs-8/obrador/state'...
copying path '/Users/hetzner/obrador-shared-pins-20260909/round-3-baseline/wide-round-1-jobs-8/store/1dn5059aaw13in4rr9hhr76sx6w7jk21-leaf-27-result' from 'obrador+local:///Users/hetzner/obrador-shared-pins-20260909/round-3-baseline/wide-round-1-jobs-8/obrador/state'...
copying path '/Users/hetzner/obrador-shared-pins-20260909/round-3-baseline/wide-round-1-jobs-8/store/3z645rdhh2jpcfwxrakpbw01h723vg8a-leaf-7-result' from 'obrador+local:///Users/hetzner/obrador-shared-pins-20260909/round-3-baseline/wide-round-1-jobs-8/obrador/state'...
copying path '/Users/hetzner/obrador-shared-pins-20260909/round-3-baseline/wide-round-1-jobs-8/store/57xdlmjxky7x8rg328h89rq1fk927528-leaf-11-result' from 'obrador+local:///Users/hetzner/obrador-shared-pins-20260909/round-3-baseline/wide-round-1-jobs-8/obrador/state'...
copying path '/Users/hetzner/obrador-shared-pins-20260909/round-3-baseline/wide-round-1-jobs-8/store/23q7j57kp0542v9118696fs614adpyx8-leaf-29-result' from 'obrador+local:///Users/hetzner/obrador-shared-pins-20260909/round-3-baseline/wide-round-1-jobs-8/obrador/state'...
copying path '/Users/hetzner/obrador-shared-pins-20260909/round-3-baseline/wide-round-1-jobs-8/store/25n9k8102h9qizmk66nx932yjn3g9mq8-leaf-1-result' from 'obrador+local:///Users/hetzner/obrador-shared-pins-20260909/round-3-baseline/wide-round-1-jobs-8/obrador/state'...
copying path '/Users/hetzner/obrador-shared-pins-20260909/round-3-baseline/wide-round-1-jobs-8/store/491lhd4gqf84vdpxbcbziqwmljx44jsz-leaf-15-result' from 'obrador+local:///Users/hetzner/obrador-shared-pins-20260909/round-3-baseline/wide-round-1-jobs-8/obrador/state'...
copying path '/Users/hetzner/obrador-shared-pins-20260909/round-3-baseline/wide-round-1-jobs-8/store/5wnna7s9ppg3d31nsvy75l1a4fr8rqhb-leaf-10-result' from 'obrador+local:///Users/hetzner/obrador-shared-pins-20260909/round-3-baseline/wide-round-1-jobs-8/obrador/state'...
copying path '/Users/hetzner/obrador-shared-pins-20260909/round-3-baseline/wide-round-1-jobs-8/store/5z3kr3bwb83xvvxdpqcq5n77vi64mba6-leaf-23-result' from 'obrador+local:///Users/hetzner/obrador-shared-pins-20260909/round-3-baseline/wide-round-1-jobs-8/obrador/state'...
copying path '/Users/hetzner/obrador-shared-pins-20260909/round-3-baseline/wide-round-1-jobs-8/store/6nxl1c10ksbcargk48c2fw04bihkkk1w-leaf-21-result' from 'obrador+local:///Users/hetzner/obrador-shared-pins-20260909/round-3-baseline/wide-round-1-jobs-8/obrador/state'...
copying path '/Users/hetzner/obrador-shared-pins-20260909/round-3-baseline/wide-round-1-jobs-8/store/6wpl2sr2xmk2mfxh6hqw7kkx67lv65mn-leaf-16-result' from 'obrador+local:///Users/hetzner/obrador-shared-pins-20260909/round-3-baseline/wide-round-1-jobs-8/obrador/state'...
copying path '/Users/hetzner/obrador-shared-pins-20260909/round-3-baseline/wide-round-1-jobs-8/store/7lfgrhpsl6afy6f26ksc18vvl1xkxlz3-leaf-14-result' from 'obrador+local:///Users/hetzner/obrador-shared-pins-20260909/round-3-baseline/wide-round-1-jobs-8/obrador/state'...
copying path '/Users/hetzner/obrador-shared-pins-20260909/round-3-baseline/wide-round-1-jobs-8/store/7pjygl752a7cx5g56494j7nq08knw4dy-leaf-25-result' from 'obrador+local:///Users/hetzner/obrador-shared-pins-20260909/round-3-baseline/wide-round-1-jobs-8/obrador/state'...
copying path '/Users/hetzner/obrador-shared-pins-20260909/round-3-baseline/wide-round-1-jobs-8/store/amp4rypca7arqwxw8938pc8jn75jhwyr-leaf-0-result' from 'obrador+local:///Users/hetzner/obrador-shared-pins-20260909/round-3-baseline/wide-round-1-jobs-8/obrador/state'...
copying path '/Users/hetzner/obrador-shared-pins-20260909/round-3-baseline/wide-round-1-jobs-8/store/dncmhyvz7rv4c3x8njfzdh508rz7fk74-leaf-13-result' from 'obrador+local:///Users/hetzner/obrador-shared-pins-20260909/round-3-baseline/wide-round-1-jobs-8/obrador/state'...
copying path '/Users/hetzner/obrador-shared-pins-20260909/round-3-baseline/wide-round-1-jobs-8/store/hjwbha1m54k8pxwrwi79v0bp0d33f91k-leaf-18-result' from 'obrador+local:///Users/hetzner/obrador-shared-pins-20260909/round-3-baseline/wide-round-1-jobs-8/obrador/state'...
copying path '/Users/hetzner/obrador-shared-pins-20260909/round-3-baseline/wide-round-1-jobs-8/store/jss2crfrg1zbpc4i6rknaibs4nvyrms7-leaf-28-result' from 'obrador+local:///Users/hetzner/obrador-shared-pins-20260909/round-3-baseline/wide-round-1-jobs-8/obrador/state'...
copying path '/Users/hetzner/obrador-shared-pins-20260909/round-3-baseline/wide-round-1-jobs-8/store/jvyb8j0dcmbsx9kw8qg34fdd1c8qk79j-leaf-22-result' from 'obrador+local:///Users/hetzner/obrador-shared-pins-20260909/round-3-baseline/wide-round-1-jobs-8/obrador/state'...
copying path '/Users/hetzner/obrador-shared-pins-20260909/round-3-baseline/wide-round-1-jobs-8/store/k6snbjp68pjw97iycb1kk6wmdw49k7av-leaf-4-result' from 'obrador+local:///Users/hetzner/obrador-shared-pins-20260909/round-3-baseline/wide-round-1-jobs-8/obrador/state'...
copying path '/Users/hetzner/obrador-shared-pins-20260909/round-3-baseline/wide-round-1-jobs-8/store/lrq93himmilxcd91b1b7aarlng2n774r-leaf-17-result' from 'obrador+local:///Users/hetzner/obrador-shared-pins-20260909/round-3-baseline/wide-round-1-jobs-8/obrador/state'...
copying path '/Users/hetzner/obrador-shared-pins-20260909/round-3-baseline/wide-round-1-jobs-8/store/lv7sskvx48wx8mrrkqm4vpk31xsj3cxd-leaf-30-result' from 'obrador+local:///Users/hetzner/obrador-shared-pins-20260909/round-3-baseline/wide-round-1-jobs-8/obrador/state'...
copying path '/Users/hetzner/obrador-shared-pins-20260909/round-3-baseline/wide-round-1-jobs-8/store/m0p20pvv178sx2n3dcqv6j7myksjlnlf-leaf-24-result' from 'obrador+local:///Users/hetzner/obrador-shared-pins-20260909/round-3-baseline/wide-round-1-jobs-8/obrador/state'...
copying path '/Users/hetzner/obrador-shared-pins-20260909/round-3-baseline/wide-round-1-jobs-8/store/mag67rd9kmqkfy974ygc7417k5nnlq1i-leaf-8-result' from 'obrador+local:///Users/hetzner/obrador-shared-pins-20260909/round-3-baseline/wide-round-1-jobs-8/obrador/state'...
copying path '/Users/hetzner/obrador-shared-pins-20260909/round-3-baseline/wide-round-1-jobs-8/store/n3k703ml83maig0vk246srwsw2fim0gl-leaf-2-result' from 'obrador+local:///Users/hetzner/obrador-shared-pins-20260909/round-3-baseline/wide-round-1-jobs-8/obrador/state'...
copying path '/Users/hetzner/obrador-shared-pins-20260909/round-3-baseline/wide-round-1-jobs-8/store/nvv8jn8zlqc8cbxq6cqf7654x9zpnjr2-leaf-26-result' from 'obrador+local:///Users/hetzner/obrador-shared-pins-20260909/round-3-baseline/wide-round-1-jobs-8/obrador/state'...
copying path '/Users/hetzner/obrador-shared-pins-20260909/round-3-baseline/wide-round-1-jobs-8/store/r4a2wgvdb4fay8pi7c3gcsj8ib0wpr29-leaf-31-result' from 'obrador+local:///Users/hetzner/obrador-shared-pins-20260909/round-3-baseline/wide-round-1-jobs-8/obrador/state'...
copying path '/Users/hetzner/obrador-shared-pins-20260909/round-3-baseline/wide-round-1-jobs-8/store/ryyfyyzwyl6rv0234l9603wijl6jiapy-leaf-20-result' from 'obrador+local:///Users/hetzner/obrador-shared-pins-20260909/round-3-baseline/wide-round-1-jobs-8/obrador/state'...
copying path '/Users/hetzner/obrador-shared-pins-20260909/round-3-baseline/wide-round-1-jobs-8/store/vnr3fjlx2hm3llggxyadpdakibg8jzyr-leaf-19-result' from 'obrador+local:///Users/hetzner/obrador-shared-pins-20260909/round-3-baseline/wide-round-1-jobs-8/obrador/state'...
copying path '/Users/hetzner/obrador-shared-pins-20260909/round-3-baseline/wide-round-1-jobs-8/store/wb3ccygqqm9rn2s87g3g20pkj346si53-leaf-3-result' from 'obrador+local:///Users/hetzner/obrador-shared-pins-20260909/round-3-baseline/wide-round-1-jobs-8/obrador/state'...
copying path '/Users/hetzner/obrador-shared-pins-20260909/round-3-baseline/wide-round-1-jobs-8/store/xhn6kvz5mhzf0famm9pfy723g7sdx32l-leaf-9-result' from 'obrador+local:///Users/hetzner/obrador-shared-pins-20260909/round-3-baseline/wide-round-1-jobs-8/obrador/state'...
copying path '/Users/hetzner/obrador-shared-pins-20260909/round-3-baseline/wide-round-1-jobs-8/store/ynhqmyfn2vc17z2ali7aplfv1jnciby3-leaf-5-result' from 'obrador+local:///Users/hetzner/obrador-shared-pins-20260909/round-3-baseline/wide-round-1-jobs-8/obrador/state'...
