copying 33 paths...
copying path '/tmp/casita-chain-rerun-l2oceybd/round-2-after/chain-round-1-jobs-8/store/5gxk98839vgrlpakrj6v6304rhiq0583-seed' to 'local://'...
copying path '/tmp/casita-chain-rerun-l2oceybd/round-2-after/chain-round-1-jobs-8/store/yj4kzbxgc9rgzd4ha2b1gkclizpprds9-leaf-0.drv.drv' to 'local://'...
copying path '/tmp/casita-chain-rerun-l2oceybd/round-2-after/chain-round-1-jobs-8/store/59wxw7a6li8n1h4v0g6f0yh9dshbbk2s-leaf-1.drv.drv' to 'local://'...
copying path '/tmp/casita-chain-rerun-l2oceybd/round-2-after/chain-round-1-jobs-8/store/w6k7cwmgks76a371jf200nb8ck7bcg02-leaf-2.drv.drv' to 'local://'...
copying path '/tmp/casita-chain-rerun-l2oceybd/round-2-after/chain-round-1-jobs-8/store/1rr134cim2sh8jxhpbgaggz7s24n41bh-leaf-3.drv.drv' to 'local://'...
copying path '/tmp/casita-chain-rerun-l2oceybd/round-2-after/chain-round-1-jobs-8/store/nldd959g50jp5kscxx8wl3dmq6aqddiv-leaf-4.drv.drv' to 'local://'...
copying path '/tmp/casita-chain-rerun-l2oceybd/round-2-after/chain-round-1-jobs-8/store/vd2kynwsirk19d8jwp43f3shw9rcahlq-leaf-5.drv.drv' to 'local://'...
copying path '/tmp/casita-chain-rerun-l2oceybd/round-2-after/chain-round-1-jobs-8/store/wdxrhvj1f1rf91d0b2nif06b04clz44b-leaf-6.drv.drv' to 'local://'...
copying path '/tmp/casita-chain-rerun-l2oceybd/round-2-after/chain-round-1-jobs-8/store/p4zjjgd0551gk8cg9m6vklc7xnr83nqw-leaf-7.drv.drv' to 'local://'...
copying path '/tmp/casita-chain-rerun-l2oceybd/round-2-after/chain-round-1-jobs-8/store/2mja4rfywyzy90l91pcz6rjhicmjrxzq-leaf-8.drv.drv' to 'local://'...
copying path '/tmp/casita-chain-rerun-l2oceybd/round-2-after/chain-round-1-jobs-8/store/jmwf7djl866wxnn9irzcdl9hq4vpag3d-leaf-9.drv.drv' to 'local://'...
copying path '/tmp/casita-chain-rerun-l2oceybd/round-2-after/chain-round-1-jobs-8/store/pfc8l1c207dx8g0xnfxcm3540i52az5z-leaf-10.drv.drv' to 'local://'...
copying path '/tmp/casita-chain-rerun-l2oceybd/round-2-after/chain-round-1-jobs-8/store/8lj2m2bawgb07prbx1g5kf94hqdqgdp8-leaf-11.drv.drv' to 'local://'...
copying path '/tmp/casita-chain-rerun-l2oceybd/round-2-after/chain-round-1-jobs-8/store/02mhk14ln3qcdhw738z7jhcbnzp562zk-leaf-12.drv.drv' to 'local://'...
copying path '/tmp/casita-chain-rerun-l2oceybd/round-2-after/chain-round-1-jobs-8/store/wm8c90kdjf8i9657iq573hnxqbhqxpi4-leaf-13.drv.drv' to 'local://'...
copying path '/tmp/casita-chain-rerun-l2oceybd/round-2-after/chain-round-1-jobs-8/store/kzc92mm8mj49r9xlmm4vig47br7wr4xv-leaf-14.drv.drv' to 'local://'...
copying path '/tmp/casita-chain-rerun-l2oceybd/round-2-after/chain-round-1-jobs-8/store/7b5w0hn7c96hdajfx4lyq7rdah22akpl-leaf-15.drv.drv' to 'local://'...
copying path '/tmp/casita-chain-rerun-l2oceybd/round-2-after/chain-round-1-jobs-8/store/05qr0lhgp9jp7xssqwr21x542qixndyq-leaf-16.drv.drv' to 'local://'...
copying path '/tmp/casita-chain-rerun-l2oceybd/round-2-after/chain-round-1-jobs-8/store/q1rw9ny187589r76f3p7425c59r9nw3z-leaf-17.drv.drv' to 'local://'...
copying path '/tmp/casita-chain-rerun-l2oceybd/round-2-after/chain-round-1-jobs-8/store/6j2djsqnbs72a4i3ycncd8hzbk3l4py5-leaf-18.drv.drv' to 'local://'...
copying path '/tmp/casita-chain-rerun-l2oceybd/round-2-after/chain-round-1-jobs-8/store/r72d6h2q1ncwx8pjzlgjlj1jx7h4csfz-leaf-19.drv.drv' to 'local://'...
copying path '/tmp/casita-chain-rerun-l2oceybd/round-2-after/chain-round-1-jobs-8/store/0k8xa6rx3jwvf07c40cd9f8199qjswyq-leaf-20.drv.drv' to 'local://'...
copying path '/tmp/casita-chain-rerun-l2oceybd/round-2-after/chain-round-1-jobs-8/store/dy0rv587pm6zpjlf8wnzcynq0s1x83mq-leaf-21.drv.drv' to 'local://'...
copying path '/tmp/casita-chain-rerun-l2oceybd/round-2-after/chain-round-1-jobs-8/store/v8ji99sfskkbm0g5rq7p8n0g2c9xz4ir-leaf-22.drv.drv' to 'local://'...
copying path '/tmp/casita-chain-rerun-l2oceybd/round-2-after/chain-round-1-jobs-8/store/kfn11q9r1bx1ka9c6gpbkdwkn0342pa2-leaf-23.drv.drv' to 'local://'...
copying path '/tmp/casita-chain-rerun-l2oceybd/round-2-after/chain-round-1-jobs-8/store/4vlhv7zvmskfqlnv17bc33c4dcjxwkq1-leaf-24.drv.drv' to 'local://'...
copying path '/tmp/casita-chain-rerun-l2oceybd/round-2-after/chain-round-1-jobs-8/store/d6x3h57hhw5hfznycg0mvyw7kz143k5r-leaf-25.drv.drv' to 'local://'...
copying path '/tmp/casita-chain-rerun-l2oceybd/round-2-after/chain-round-1-jobs-8/store/9d2shnagasxf4xh88jk7a7hxihi6sk3n-leaf-26.drv.drv' to 'local://'...
copying path '/tmp/casita-chain-rerun-l2oceybd/round-2-after/chain-round-1-jobs-8/store/7kbhckdqpfx0rxn5aav68r37jzlz9kxy-leaf-27.drv.drv' to 'local://'...
copying path '/tmp/casita-chain-rerun-l2oceybd/round-2-after/chain-round-1-jobs-8/store/i3i16p3i5iyp7g56kkscn8jb7zsvbyy3-leaf-28.drv.drv' to 'local://'...
copying path '/tmp/casita-chain-rerun-l2oceybd/round-2-after/chain-round-1-jobs-8/store/rbx8iby28rnmicf77i407fqplxvidzhi-leaf-29.drv.drv' to 'local://'...
copying path '/tmp/casita-chain-rerun-l2oceybd/round-2-after/chain-round-1-jobs-8/store/x63yiqrnprmnpv8zcxf5km0ryg6rwy09-leaf-30.drv.drv' to 'local://'...
copying path '/tmp/casita-chain-rerun-l2oceybd/round-2-after/chain-round-1-jobs-8/store/m0bxva8ylc9738iv00gijx70fm3ymg1g-leaf-31.drv.drv' to 'local://'...
