@nix {"action":"msg","level":3,"msg":"these 32 derivations will be built:"}
@nix {"action":"msg","level":3,"msg":"  /Users/hetzner/obrador-shared-pins-20260909/round-3-after/chain-round-1-jobs-8/store/5j04a6dmhplpl5xsdlh36v27dk6yhav4-leaf-0.drv.drv"}
@nix {"action":"msg","level":3,"msg":"  /Users/hetzner/obrador-shared-pins-20260909/round-3-after/chain-round-1-jobs-8/store/aas6bl145l4qn6fprvl0zs0cjvzj41jc-leaf-1.drv.drv"}
@nix {"action":"msg","level":3,"msg":"  /Users/hetzner/obrador-shared-pins-20260909/round-3-after/chain-round-1-jobs-8/store/g77f58jikgshkphqzhyj7s6q62i0aa4n-leaf-2.drv.drv"}
@nix {"action":"msg","level":3,"msg":"  /Users/hetzner/obrador-shared-pins-20260909/round-3-after/chain-round-1-jobs-8/store/sx4mi1njq95zz0jzyxav5iq1idgkyjdr-leaf-3.drv.drv"}
@nix {"action":"msg","level":3,"msg":"  /Users/hetzner/obrador-shared-pins-20260909/round-3-after/chain-round-1-jobs-8/store/n0177n83y97r3rf1bwnbh5dksd173d1p-leaf-4.drv.drv"}
@nix {"action":"msg","level":3,"msg":"  /Users/hetzner/obrador-shared-pins-20260909/round-3-after/chain-round-1-jobs-8/store/p4ahbfbjj5c435zah0g30pbrbld4cxav-leaf-5.drv.drv"}
@nix {"action":"msg","level":3,"msg":"  /Users/hetzner/obrador-shared-pins-20260909/round-3-after/chain-round-1-jobs-8/store/85z49x2h85zyxvy790ccwzdwvlkl0jgc-leaf-6.drv.drv"}
@nix {"action":"msg","level":3,"msg":"  /Users/hetzner/obrador-shared-pins-20260909/round-3-after/chain-round-1-jobs-8/store/7aa1lbi9ak9qr7bs17lmilkzyydf1gjp-leaf-7.drv.drv"}
@nix {"action":"msg","level":3,"msg":"  /Users/hetzner/obrador-shared-pins-20260909/round-3-after/chain-round-1-jobs-8/store/q7a707rwnf3rv4pp1qydvmim532n10xk-leaf-8.drv.drv"}
@nix {"action":"msg","level":3,"msg":"  /Users/hetzner/obrador-shared-pins-20260909/round-3-after/chain-round-1-jobs-8/store/7vxy734w083kaqr7psp527glwa5rqsph-leaf-9.drv.drv"}
@nix {"action":"msg","level":3,"msg":"  /Users/hetzner/obrador-shared-pins-20260909/round-3-after/chain-round-1-jobs-8/store/bkwik56bbkqgijy3yln37p3a7qklnra5-leaf-10.drv.drv"}
@nix {"action":"msg","level":3,"msg":"  /Users/hetzner/obrador-shared-pins-20260909/round-3-after/chain-round-1-jobs-8/store/mxp5g6qji1c6wyki4w5wwri3sqp22w4v-leaf-11.drv.drv"}
@nix {"action":"msg","level":3,"msg":"  /Users/hetzner/obrador-shared-pins-20260909/round-3-after/chain-round-1-jobs-8/store/acabfwwha70k8v2l9cgzmpqh29b2r93b-leaf-12.drv.drv"}
@nix {"action":"msg","level":3,"msg":"  /Users/hetzner/obrador-shared-pins-20260909/round-3-after/chain-round-1-jobs-8/store/lmzb5ja7mdaq9nhyjrk9qsvgzn6vv8af-leaf-13.drv.drv"}
@nix {"action":"msg","level":3,"msg":"  /Users/hetzner/obrador-shared-pins-20260909/round-3-after/chain-round-1-jobs-8/store/sv8g0w3f60w2z9nx1605i1ys1zz8z9lp-leaf-14.drv.drv"}
@nix {"action":"msg","level":3,"msg":"  /Users/hetzner/obrador-shared-pins-20260909/round-3-after/chain-round-1-jobs-8/store/drvi2gd2hvlm9g4ph9wkk16h2vbmwr1z-leaf-15.drv.drv"}
@nix {"action":"msg","level":3,"msg":"  /Users/hetzner/obrador-shared-pins-20260909/round-3-after/chain-round-1-jobs-8/store/4xyld5jwlgp20d4zccrv06qxgbgh5iix-leaf-16.drv.drv"}
@nix {"action":"msg","level":3,"msg":"  /Users/hetzner/obrador-shared-pins-20260909/round-3-after/chain-round-1-jobs-8/store/95fghxpsgl2b5vpksz235d3iz3fy2pw8-leaf-17.drv.drv"}
@nix {"action":"msg","level":3,"msg":"  /Users/hetzner/obrador-shared-pins-20260909/round-3-after/chain-round-1-jobs-8/store/kg7s9jg5gna7j5axpdaiqskv5qrlgcrq-leaf-18.drv.drv"}
@nix {"action":"msg","level":3,"msg":"  /Users/hetzner/obrador-shared-pins-20260909/round-3-after/chain-round-1-jobs-8/store/g4msg59fnsvl2gqybb92snjjfcfss1rb-leaf-19.drv.drv"}
@nix {"action":"msg","level":3,"msg":"  /Users/hetzner/obrador-shared-pins-20260909/round-3-after/chain-round-1-jobs-8/store/l29qyjxr85c9n3rfnav6f3xyav2baz1m-leaf-20.drv.drv"}
@nix {"action":"msg","level":3,"msg":"  /Users/hetzner/obrador-shared-pins-20260909/round-3-after/chain-round-1-jobs-8/store/16api9ascrhcgb4l7g716jcprh6kvjiq-leaf-21.drv.drv"}
@nix {"action":"msg","level":3,"msg":"  /Users/hetzner/obrador-shared-pins-20260909/round-3-after/chain-round-1-jobs-8/store/l8hb28csgh514239i2nm8dk3l844d8as-leaf-22.drv.drv"}
@nix {"action":"msg","level":3,"msg":"  /Users/hetzner/obrador-shared-pins-20260909/round-3-after/chain-round-1-jobs-8/store/h107jl1fx1678ahc4mw7pfl8lk81w9sk-leaf-23.drv.drv"}
@nix {"action":"msg","level":3,"msg":"  /Users/hetzner/obrador-shared-pins-20260909/round-3-after/chain-round-1-jobs-8/store/8g8zsnhw8yk67y5nhk2v362vz658wvy4-leaf-24.drv.drv"}
@nix {"action":"msg","level":3,"msg":"  /Users/hetzner/obrador-shared-pins-20260909/round-3-after/chain-round-1-jobs-8/store/9grjh6vzw0m1bgi7vqcf0fj47mz0b3w5-leaf-25.drv.drv"}
@nix {"action":"msg","level":3,"msg":"  /Users/hetzner/obrador-shared-pins-20260909/round-3-after/chain-round-1-jobs-8/store/ps1rp62m6rq81xzm35fyar56lszpgi3v-leaf-26.drv.drv"}
@nix {"action":"msg","level":3,"msg":"  /Users/hetzner/obrador-shared-pins-20260909/round-3-after/chain-round-1-jobs-8/store/0z2gqdahwbs0r293f12amivw3npk3850-leaf-27.drv.drv"}
@nix {"action":"msg","level":3,"msg":"  /Users/hetzner/obrador-shared-pins-20260909/round-3-after/chain-round-1-jobs-8/store/5p1323jb4znn2f6fqshznphzrdijjf29-leaf-28.drv.drv"}
@nix {"action":"msg","level":3,"msg":"  /Users/hetzner/obrador-shared-pins-20260909/round-3-after/chain-round-1-jobs-8/store/c1jr7blzpv70n9rsrv9j1qsrd3vbbq5h-leaf-29.drv.drv"}
@nix {"action":"msg","level":3,"msg":"  /Users/hetzner/obrador-shared-pins-20260909/round-3-after/chain-round-1-jobs-8/store/50yb2f72kx8sj7rxdh6s34dwp208z3rq-leaf-30.drv.drv"}
@nix {"action":"msg","level":3,"msg":"  /Users/hetzner/obrador-shared-pins-20260909/round-3-after/chain-round-1-jobs-8/store/n632ijjirbm1c0hibc7ran1vg2ra1mii-leaf-31.drv.drv"}
@nix {"action":"start","fields":["/Users/hetzner/obrador-shared-pins-20260909/round-3-after/chain-round-1-jobs-8/store/5j04a6dmhplpl5xsdlh36v27dk6yhav4-leaf-0.drv.drv","",1,1],"id":244589797572608,"level":3,"parent":0,"text":"building 'leaf-0.drv.drv'","type":105}
@nix {"action":"stop","id":244589797572608}
@nix {"action":"start","fields":["/Users/hetzner/obrador-shared-pins-20260909/round-3-after/chain-round-1-jobs-8/store/jcv3dmaqffhxxih3292k56zlxlwz7g3a-leaf-0.drv","",1,1],"id":244589797572609,"level":3,"parent":0,"text":"building 'leaf-0.drv'","type":105}
@nix {"action":"stop","id":244589797572609}
@nix {"action":"start","fields":["/Users/hetzner/obrador-shared-pins-20260909/round-3-after/chain-round-1-jobs-8/store/hcwi9nxyr06a9jrhgp8r6mxzaza28iil-leaf-1.drv.drv","",1,1],"id":244589797572610,"level":3,"parent":0,"text":"building 'leaf-1.drv.drv'","type":105}
@nix {"action":"stop","id":244589797572610}
@nix {"action":"start","fields":["/Users/hetzner/obrador-shared-pins-20260909/round-3-after/chain-round-1-jobs-8/store/av1b3mapydz88w19y2lv27mircdzlh4s-leaf-1.drv","",1,1],"id":244589797572611,"level":3,"parent":0,"text":"building 'leaf-1.drv'","type":105}
@nix {"action":"stop","id":244589797572611}
@nix {"action":"start","fields":["/Users/hetzner/obrador-shared-pins-20260909/round-3-after/chain-round-1-jobs-8/store/j7a1yannnvddb09f8qldwyg2cjfb3281-leaf-2.drv.drv","",1,1],"id":244589797572612,"level":3,"parent":0,"text":"building 'leaf-2.drv.drv'","type":105}
@nix {"action":"stop","id":244589797572612}
@nix {"action":"start","fields":["/Users/hetzner/obrador-shared-pins-20260909/round-3-after/chain-round-1-jobs-8/store/gxdd88lwiqf8my8h0r0s8db2p23ipkbv-leaf-2.drv","",1,1],"id":244589797572613,"level":3,"parent":0,"text":"building 'leaf-2.drv'","type":105}
@nix {"action":"stop","id":244589797572613}
@nix {"action":"start","fields":["/Users/hetzner/obrador-shared-pins-20260909/round-3-after/chain-round-1-jobs-8/store/51f18sbhj2n05iszh0hq82xn22749drq-leaf-3.drv.drv","",1,1],"id":244589797572614,"level":3,"parent":0,"text":"building 'leaf-3.drv.drv'","type":105}
@nix {"action":"stop","id":244589797572614}
@nix {"action":"start","fields":["/Users/hetzner/obrador-shared-pins-20260909/round-3-after/chain-round-1-jobs-8/store/aw90ia3wa11n1nrzckvq9bmkmg4m25jv-leaf-3.drv","",1,1],"id":244589797572615,"level":3,"parent":0,"text":"building 'leaf-3.drv'","type":105}
@nix {"action":"stop","id":244589797572615}
@nix {"action":"start","fields":["/Users/hetzner/obrador-shared-pins-20260909/round-3-after/chain-round-1-jobs-8/store/wxsi2nmrgz93mmav49ks65ynbiacp0s7-leaf-4.drv.drv","",1,1],"id":244589797572616,"level":3,"parent":0,"text":"building 'leaf-4.drv.drv'","type":105}
@nix {"action":"stop","id":244589797572616}
@nix {"action":"start","fields":["/Users/hetzner/obrador-shared-pins-20260909/round-3-after/chain-round-1-jobs-8/store/9rjqwgxhr3gm9vlxj4zzd9fgq16zypah-leaf-4.drv","",1,1],"id":244589797572617,"level":3,"parent":0,"text":"building 'leaf-4.drv'","type":105}
@nix {"action":"stop","id":244589797572617}
@nix {"action":"start","fields":["/Users/hetzner/obrador-shared-pins-20260909/round-3-after/chain-round-1-jobs-8/store/488xy7jdix34khzri7bnfh5imrwnwd17-leaf-5.drv.drv","",1,1],"id":244589797572618,"level":3,"parent":0,"text":"building 'leaf-5.drv.drv'","type":105}
@nix {"action":"stop","id":244589797572618}
@nix {"action":"start","fields":["/Users/hetzner/obrador-shared-pins-20260909/round-3-after/chain-round-1-jobs-8/store/a22ncvaj3jmga0zm27gja230vn58lzkn-leaf-5.drv","",1,1],"id":244589797572619,"level":3,"parent":0,"text":"building 'leaf-5.drv'","type":105}
@nix {"action":"stop","id":244589797572619}
@nix {"action":"start","fields":["/Users/hetzner/obrador-shared-pins-20260909/round-3-after/chain-round-1-jobs-8/store/5mgb1d7bi0vx4gl94h280cf4xlks070f-leaf-6.drv.drv","",1,1],"id":244589797572620,"level":3,"parent":0,"text":"building 'leaf-6.drv.drv'","type":105}
@nix {"action":"stop","id":244589797572620}
@nix {"action":"start","fields":["/Users/hetzner/obrador-shared-pins-20260909/round-3-after/chain-round-1-jobs-8/store/dfgr18dijg4gf15vavc1mz5s3zgd6kia-leaf-6.drv","",1,1],"id":244589797572621,"level":3,"parent":0,"text":"building 'leaf-6.drv'","type":105}
@nix {"action":"stop","id":244589797572621}
@nix {"action":"start","fields":["/Users/hetzner/obrador-shared-pins-20260909/round-3-after/chain-round-1-jobs-8/store/dwx00nms010hdaa337zyxdzjhylrqljs-leaf-7.drv.drv","",1,1],"id":244589797572622,"level":3,"parent":0,"text":"building 'leaf-7.drv.drv'","type":105}
@nix {"action":"stop","id":244589797572622}
@nix {"action":"start","fields":["/Users/hetzner/obrador-shared-pins-20260909/round-3-after/chain-round-1-jobs-8/store/ld9c0qaphc22d0ldfsiga6pfqscy06ah-leaf-7.drv","",1,1],"id":244589797572623,"level":3,"parent":0,"text":"building 'leaf-7.drv'","type":105}
@nix {"action":"stop","id":244589797572623}
@nix {"action":"start","fields":["/Users/hetzner/obrador-shared-pins-20260909/round-3-after/chain-round-1-jobs-8/store/qfaar5kq0ckl5kzk6jz643k6sk3i42x3-leaf-8.drv.drv","",1,1],"id":244589797572624,"level":3,"parent":0,"text":"building 'leaf-8.drv.drv'","type":105}
@nix {"action":"stop","id":244589797572624}
@nix {"action":"start","fields":["/Users/hetzner/obrador-shared-pins-20260909/round-3-after/chain-round-1-jobs-8/store/0gm2h2v4yzsrza9ix61fz63p5hnsvfwz-leaf-8.drv","",1,1],"id":244589797572625,"level":3,"parent":0,"text":"building 'leaf-8.drv'","type":105}
@nix {"action":"stop","id":244589797572625}
@nix {"action":"start","fields":["/Users/hetzner/obrador-shared-pins-20260909/round-3-after/chain-round-1-jobs-8/store/1b2lvsj88rxn9m4g8181a4y8rnp1fc00-leaf-9.drv.drv","",1,1],"id":244589797572626,"level":3,"parent":0,"text":"building 'leaf-9.drv.drv'","type":105}
@nix {"action":"stop","id":244589797572626}
@nix {"action":"start","fields":["/Users/hetzner/obrador-shared-pins-20260909/round-3-after/chain-round-1-jobs-8/store/x7nsgv3yl88k6nmqj5rvm25kngvk24sp-leaf-9.drv","",1,1],"id":244589797572627,"level":3,"parent":0,"text":"building 'leaf-9.drv'","type":105}
@nix {"action":"stop","id":244589797572627}
@nix {"action":"start","fields":["/Users/hetzner/obrador-shared-pins-20260909/round-3-after/chain-round-1-jobs-8/store/gsc3q1zwgzkfv4qcm9wys5y2r05rymca-leaf-10.drv.drv","",1,1],"id":244589797572628,"level":3,"parent":0,"text":"building 'leaf-10.drv.drv'","type":105}
@nix {"action":"stop","id":244589797572628}
@nix {"action":"start","fields":["/Users/hetzner/obrador-shared-pins-20260909/round-3-after/chain-round-1-jobs-8/store/rm3hkap9x523hv8r8yjw19p5brc7xznb-leaf-10.drv","",1,1],"id":244589797572629,"level":3,"parent":0,"text":"building 'leaf-10.drv'","type":105}
@nix {"action":"stop","id":244589797572629}
@nix {"action":"start","fields":["/Users/hetzner/obrador-shared-pins-20260909/round-3-after/chain-round-1-jobs-8/store/iy42m3mwg4z5blgknpcy34j58g3ahfxv-leaf-11.drv.drv","",1,1],"id":244589797572630,"level":3,"parent":0,"text":"building 'leaf-11.drv.drv'","type":105}
@nix {"action":"stop","id":244589797572630}
@nix {"action":"start","fields":["/Users/hetzner/obrador-shared-pins-20260909/round-3-after/chain-round-1-jobs-8/store/jz13cwh22063ip3ylyn3k3ilmv5sy09h-leaf-11.drv","",1,1],"id":244589797572631,"level":3,"parent":0,"text":"building 'leaf-11.drv'","type":105}
@nix {"action":"stop","id":244589797572631}
@nix {"action":"start","fields":["/Users/hetzner/obrador-shared-pins-20260909/round-3-after/chain-round-1-jobs-8/store/h4w6sja17j631nlg1jbw5vp89brqg2wk-leaf-12.drv.drv","",1,1],"id":244589797572632,"level":3,"parent":0,"text":"building 'leaf-12.drv.drv'","type":105}
@nix {"action":"stop","id":244589797572632}
@nix {"action":"start","fields":["/Users/hetzner/obrador-shared-pins-20260909/round-3-after/chain-round-1-jobs-8/store/c0qzqqd03im7wk5z7ry2zw1pzplhxf2h-leaf-12.drv","",1,1],"id":244589797572633,"level":3,"parent":0,"text":"building 'leaf-12.drv'","type":105}
@nix {"action":"stop","id":244589797572633}
@nix {"action":"start","fields":["/Users/hetzner/obrador-shared-pins-20260909/round-3-after/chain-round-1-jobs-8/store/54zw5mppbnl092f4mvqn3asra2wisnpv-leaf-13.drv.drv","",1,1],"id":244589797572634,"level":3,"parent":0,"text":"building 'leaf-13.drv.drv'","type":105}
@nix {"action":"stop","id":244589797572634}
@nix {"action":"start","fields":["/Users/hetzner/obrador-shared-pins-20260909/round-3-after/chain-round-1-jobs-8/store/8i8zvcp80qnfbffvyw0i4j6brfc8d55v-leaf-13.drv","",1,1],"id":244589797572635,"level":3,"parent":0,"text":"building 'leaf-13.drv'","type":105}
@nix {"action":"stop","id":244589797572635}
@nix {"action":"start","fields":["/Users/hetzner/obrador-shared-pins-20260909/round-3-after/chain-round-1-jobs-8/store/cvxkny2ssylc4xmr5a72c4iyj9ciyc2f-leaf-14.drv.drv","",1,1],"id":244589797572636,"level":3,"parent":0,"text":"building 'leaf-14.drv.drv'","type":105}
@nix {"action":"stop","id":244589797572636}
@nix {"action":"start","fields":["/Users/hetzner/obrador-shared-pins-20260909/round-3-after/chain-round-1-jobs-8/store/jclq3qd2ffb41pgvqjiz25ayd2pbfb3n-leaf-14.drv","",1,1],"id":244589797572637,"level":3,"parent":0,"text":"building 'leaf-14.drv'","type":105}
@nix {"action":"stop","id":244589797572637}
@nix {"action":"start","fields":["/Users/hetzner/obrador-shared-pins-20260909/round-3-after/chain-round-1-jobs-8/store/fmg1zp9xpqyb8pqh85wc0w306db49qlm-leaf-15.drv.drv","",1,1],"id":244589797572638,"level":3,"parent":0,"text":"building 'leaf-15.drv.drv'","type":105}
@nix {"action":"stop","id":244589797572638}
@nix {"action":"start","fields":["/Users/hetzner/obrador-shared-pins-20260909/round-3-after/chain-round-1-jobs-8/store/k4i540fy1db0ahzx0457bchgacbrr54g-leaf-15.drv","",1,1],"id":244589797572639,"level":3,"parent":0,"text":"building 'leaf-15.drv'","type":105}
@nix {"action":"stop","id":244589797572639}
@nix {"action":"start","fields":["/Users/hetzner/obrador-shared-pins-20260909/round-3-after/chain-round-1-jobs-8/store/idfm34dwbjihmv7r1568549g4lxp20g8-leaf-16.drv.drv","",1,1],"id":244589797572640,"level":3,"parent":0,"text":"building 'leaf-16.drv.drv'","type":105}
@nix {"action":"stop","id":244589797572640}
@nix {"action":"start","fields":["/Users/hetzner/obrador-shared-pins-20260909/round-3-after/chain-round-1-jobs-8/store/c2wfmj6c9biq1lq1ssawhgfpnbm3q0x4-leaf-16.drv","",1,1],"id":244589797572641,"level":3,"parent":0,"text":"building 'leaf-16.drv'","type":105}
@nix {"action":"stop","id":244589797572641}
@nix {"action":"start","fields":["/Users/hetzner/obrador-shared-pins-20260909/round-3-after/chain-round-1-jobs-8/store/rfy0dxvyhrijhmhd6lff0x9a7ifnjvq2-leaf-17.drv.drv","",1,1],"id":244589797572642,"level":3,"parent":0,"text":"building 'leaf-17.drv.drv'","type":105}
@nix {"action":"stop","id":244589797572642}
@nix {"action":"start","fields":["/Users/hetzner/obrador-shared-pins-20260909/round-3-after/chain-round-1-jobs-8/store/y5kcsq35gl4dakn39pbiln1af2s4vj8w-leaf-17.drv","",1,1],"id":244589797572643,"level":3,"parent":0,"text":"building 'leaf-17.drv'","type":105}
@nix {"action":"stop","id":244589797572643}
@nix {"action":"start","fields":["/Users/hetzner/obrador-shared-pins-20260909/round-3-after/chain-round-1-jobs-8/store/6qapixjfals7vyw1l7k6da7hx4mnwvrz-leaf-18.drv.drv","",1,1],"id":244589797572644,"level":3,"parent":0,"text":"building 'leaf-18.drv.drv'","type":105}
@nix {"action":"stop","id":244589797572644}
@nix {"action":"start","fields":["/Users/hetzner/obrador-shared-pins-20260909/round-3-after/chain-round-1-jobs-8/store/0qvymxrx35jckmbm458r4r6568kxr472-leaf-18.drv","",1,1],"id":244589797572645,"level":3,"parent":0,"text":"building 'leaf-18.drv'","type":105}
@nix {"action":"stop","id":244589797572645}
@nix {"action":"start","fields":["/Users/hetzner/obrador-shared-pins-20260909/round-3-after/chain-round-1-jobs-8/store/c816r36jp6nm001yr7nswzrxifqfxmmj-leaf-19.drv.drv","",1,1],"id":244589797572646,"level":3,"parent":0,"text":"building 'leaf-19.drv.drv'","type":105}
@nix {"action":"stop","id":244589797572646}
@nix {"action":"start","fields":["/Users/hetzner/obrador-shared-pins-20260909/round-3-after/chain-round-1-jobs-8/store/0gd3rhcfmgsd2nml3h8jzng88vn2lql6-leaf-19.drv","",1,1],"id":244589797572647,"level":3,"parent":0,"text":"building 'leaf-19.drv'","type":105}
@nix {"action":"stop","id":244589797572647}
@nix {"action":"start","fields":["/Users/hetzner/obrador-shared-pins-20260909/round-3-after/chain-round-1-jobs-8/store/i7j92k95wfwfh9dwy8lffj5gq5gyb4as-leaf-20.drv.drv","",1,1],"id":244589797572648,"level":3,"parent":0,"text":"building 'leaf-20.drv.drv'","type":105}
@nix {"action":"stop","id":244589797572648}
@nix {"action":"start","fields":["/Users/hetzner/obrador-shared-pins-20260909/round-3-after/chain-round-1-jobs-8/store/ibwbwi0s0b8zr8zixfr58258g4s1pba6-leaf-20.drv","",1,1],"id":244589797572649,"level":3,"parent":0,"text":"building 'leaf-20.drv'","type":105}
@nix {"action":"stop","id":244589797572649}
@nix {"action":"start","fields":["/Users/hetzner/obrador-shared-pins-20260909/round-3-after/chain-round-1-jobs-8/store/bmi9x7x3jzlbx3h1w7sjp76n36halapf-leaf-21.drv.drv","",1,1],"id":244589797572650,"level":3,"parent":0,"text":"building 'leaf-21.drv.drv'","type":105}
@nix {"action":"stop","id":244589797572650}
@nix {"action":"start","fields":["/Users/hetzner/obrador-shared-pins-20260909/round-3-after/chain-round-1-jobs-8/store/2gpa752il8dpakjj5kj0b57mpprp8djc-leaf-21.drv","",1,1],"id":244589797572651,"level":3,"parent":0,"text":"building 'leaf-21.drv'","type":105}
@nix {"action":"stop","id":244589797572651}
@nix {"action":"start","fields":["/Users/hetzner/obrador-shared-pins-20260909/round-3-after/chain-round-1-jobs-8/store/ak4faqacp7567aa0aih1845d8x3snyg0-leaf-22.drv.drv","",1,1],"id":244589797572652,"level":3,"parent":0,"text":"building 'leaf-22.drv.drv'","type":105}
@nix {"action":"stop","id":244589797572652}
@nix {"action":"start","fields":["/Users/hetzner/obrador-shared-pins-20260909/round-3-after/chain-round-1-jobs-8/store/5hl54xsdhzd7bscmp5x78q0sqmvaf7ij-leaf-22.drv","",1,1],"id":244589797572653,"level":3,"parent":0,"text":"building 'leaf-22.drv'","type":105}
@nix {"action":"stop","id":244589797572653}
@nix {"action":"start","fields":["/Users/hetzner/obrador-shared-pins-20260909/round-3-after/chain-round-1-jobs-8/store/61w4ilkl3266fh3lxnbpx59ank3l039k-leaf-23.drv.drv","",1,1],"id":244589797572654,"level":3,"parent":0,"text":"building 'leaf-23.drv.drv'","type":105}
@nix {"action":"stop","id":244589797572654}
@nix {"action":"start","fields":["/Users/hetzner/obrador-shared-pins-20260909/round-3-after/chain-round-1-jobs-8/store/glmzpfz8xcbxk19j9lxwv945ikp1wzq2-leaf-23.drv","",1,1],"id":244589797572655,"level":3,"parent":0,"text":"building 'leaf-23.drv'","type":105}
@nix {"action":"stop","id":244589797572655}
@nix {"action":"start","fields":["/Users/hetzner/obrador-shared-pins-20260909/round-3-after/chain-round-1-jobs-8/store/1f2b66lw3g5w3mik64r10qz494agag5i-leaf-24.drv.drv","",1,1],"id":244589797572656,"level":3,"parent":0,"text":"building 'leaf-24.drv.drv'","type":105}
@nix {"action":"stop","id":244589797572656}
@nix {"action":"start","fields":["/Users/hetzner/obrador-shared-pins-20260909/round-3-after/chain-round-1-jobs-8/store/y9na7baf8p8a5fa8mlhaafjkzljiv2kn-leaf-24.drv","",1,1],"id":244589797572657,"level":3,"parent":0,"text":"building 'leaf-24.drv'","type":105}
@nix {"action":"stop","id":244589797572657}
@nix {"action":"start","fields":["/Users/hetzner/obrador-shared-pins-20260909/round-3-after/chain-round-1-jobs-8/store/a85rapniglmzdxqcrb9b4fcn8qniarwb-leaf-25.drv.drv","",1,1],"id":244589797572658,"level":3,"parent":0,"text":"building 'leaf-25.drv.drv'","type":105}
@nix {"action":"stop","id":244589797572658}
@nix {"action":"start","fields":["/Users/hetzner/obrador-shared-pins-20260909/round-3-after/chain-round-1-jobs-8/store/akdn47sl0gx2w0m123ibb5ql1ypz9fbq-leaf-25.drv","",1,1],"id":244589797572659,"level":3,"parent":0,"text":"building 'leaf-25.drv'","type":105}
@nix {"action":"stop","id":244589797572659}
@nix {"action":"start","fields":["/Users/hetzner/obrador-shared-pins-20260909/round-3-after/chain-round-1-jobs-8/store/14swyw52i3y5ayjda0sij4kqnaidrmga-leaf-26.drv.drv","",1,1],"id":244589797572660,"level":3,"parent":0,"text":"building 'leaf-26.drv.drv'","type":105}
@nix {"action":"stop","id":244589797572660}
@nix {"action":"start","fields":["/Users/hetzner/obrador-shared-pins-20260909/round-3-after/chain-round-1-jobs-8/store/wdvkd2mk7j7vgwwsa1hf9dn6h0asr44y-leaf-26.drv","",1,1],"id":244589797572661,"level":3,"parent":0,"text":"building 'leaf-26.drv'","type":105}
@nix {"action":"stop","id":244589797572661}
@nix {"action":"start","fields":["/Users/hetzner/obrador-shared-pins-20260909/round-3-after/chain-round-1-jobs-8/store/xnna40w0g4n4590fyfm5vc8r8aiznrlc-leaf-27.drv.drv","",1,1],"id":244589797572662,"level":3,"parent":0,"text":"building 'leaf-27.drv.drv'","type":105}
@nix {"action":"stop","id":244589797572662}
@nix {"action":"start","fields":["/Users/hetzner/obrador-shared-pins-20260909/round-3-after/chain-round-1-jobs-8/store/g5a3dsih5vmm677543n0lxgmv6s8055d-leaf-27.drv","",1,1],"id":244589797572663,"level":3,"parent":0,"text":"building 'leaf-27.drv'","type":105}
@nix {"action":"stop","id":244589797572663}
@nix {"action":"start","fields":["/Users/hetzner/obrador-shared-pins-20260909/round-3-after/chain-round-1-jobs-8/store/4pd2cxpk2ksavh4nnshc9k08c89cqgpr-leaf-28.drv.drv","",1,1],"id":244589797572664,"level":3,"parent":0,"text":"building 'leaf-28.drv.drv'","type":105}
@nix {"action":"stop","id":244589797572664}
@nix {"action":"start","fields":["/Users/hetzner/obrador-shared-pins-20260909/round-3-after/chain-round-1-jobs-8/store/gy82xwrbq8wwjdb4f645az8c87s5h631-leaf-28.drv","",1,1],"id":244589797572665,"level":3,"parent":0,"text":"building 'leaf-28.drv'","type":105}
@nix {"action":"stop","id":244589797572665}
@nix {"action":"start","fields":["/Users/hetzner/obrador-shared-pins-20260909/round-3-after/chain-round-1-jobs-8/store/8afp34yfjqxgh0l92xw51fkvgg6fac00-leaf-29.drv.drv","",1,1],"id":244589797572666,"level":3,"parent":0,"text":"building 'leaf-29.drv.drv'","type":105}
@nix {"action":"stop","id":244589797572666}
@nix {"action":"start","fields":["/Users/hetzner/obrador-shared-pins-20260909/round-3-after/chain-round-1-jobs-8/store/wwxc2q1rhnrs24r75ni848b0zrqf1da1-leaf-29.drv","",1,1],"id":244589797572667,"level":3,"parent":0,"text":"building 'leaf-29.drv'","type":105}
@nix {"action":"stop","id":244589797572667}
@nix {"action":"start","fields":["/Users/hetzner/obrador-shared-pins-20260909/round-3-after/chain-round-1-jobs-8/store/gdcd05pfz0y1fah5g0k6qnlzrkn1s5cn-leaf-30.drv.drv","",1,1],"id":244589797572668,"level":3,"parent":0,"text":"building 'leaf-30.drv.drv'","type":105}
@nix {"action":"stop","id":244589797572668}
@nix {"action":"start","fields":["/Users/hetzner/obrador-shared-pins-20260909/round-3-after/chain-round-1-jobs-8/store/wr5k0nj6s318z7jgz1mfkbqmlapwj34m-leaf-30.drv","",1,1],"id":244589797572669,"level":3,"parent":0,"text":"building 'leaf-30.drv'","type":105}
@nix {"action":"stop","id":244589797572669}
@nix {"action":"start","fields":["/Users/hetzner/obrador-shared-pins-20260909/round-3-after/chain-round-1-jobs-8/store/4npndwdlmi1sl6p8qdkd026na3xcif0x-leaf-31.drv.drv","",1,1],"id":244589797572670,"level":3,"parent":0,"text":"building 'leaf-31.drv.drv'","type":105}
@nix {"action":"stop","id":244589797572670}
@nix {"action":"start","fields":["/Users/hetzner/obrador-shared-pins-20260909/round-3-after/chain-round-1-jobs-8/store/mbbn059b3z9ap4m8rkz48nmf4nkrww8s-leaf-31.drv","",1,1],"id":244589797572671,"level":3,"parent":0,"text":"building 'leaf-31.drv'","type":105}
@nix {"action":"stop","id":244589797572671}
