copying 33 paths...
copying path '/Users/hetzner/obrador-shared-pins-20260909/round-3-after/chain-round-1-jobs-8/store/47b1cq0c1p9brdsp7g212v2308p93dyy-seed' to 'obrador+local:///Users/hetzner/obrador-shared-pins-20260909/round-3-after/chain-round-1-jobs-8/obrador/state'...
copying path '/Users/hetzner/obrador-shared-pins-20260909/round-3-after/chain-round-1-jobs-8/store/5j04a6dmhplpl5xsdlh36v27dk6yhav4-leaf-0.drv.drv' to 'obrador+local:///Users/hetzner/obrador-shared-pins-20260909/round-3-after/chain-round-1-jobs-8/obrador/state'...
copying path '/Users/hetzner/obrador-shared-pins-20260909/round-3-after/chain-round-1-jobs-8/store/aas6bl145l4qn6fprvl0zs0cjvzj41jc-leaf-1.drv.drv' to 'obrador+local:///Users/hetzner/obrador-shared-pins-20260909/round-3-after/chain-round-1-jobs-8/obrador/state'...
copying path '/Users/hetzner/obrador-shared-pins-20260909/round-3-after/chain-round-1-jobs-8/store/g77f58jikgshkphqzhyj7s6q62i0aa4n-leaf-2.drv.drv' to 'obrador+local:///Users/hetzner/obrador-shared-pins-20260909/round-3-after/chain-round-1-jobs-8/obrador/state'...
copying path '/Users/hetzner/obrador-shared-pins-20260909/round-3-after/chain-round-1-jobs-8/store/sx4mi1njq95zz0jzyxav5iq1idgkyjdr-leaf-3.drv.drv' to 'obrador+local:///Users/hetzner/obrador-shared-pins-20260909/round-3-after/chain-round-1-jobs-8/obrador/state'...
copying path '/Users/hetzner/obrador-shared-pins-20260909/round-3-after/chain-round-1-jobs-8/store/n0177n83y97r3rf1bwnbh5dksd173d1p-leaf-4.drv.drv' to 'obrador+local:///Users/hetzner/obrador-shared-pins-20260909/round-3-after/chain-round-1-jobs-8/obrador/state'...
copying path '/Users/hetzner/obrador-shared-pins-20260909/round-3-after/chain-round-1-jobs-8/store/p4ahbfbjj5c435zah0g30pbrbld4cxav-leaf-5.drv.drv' to 'obrador+local:///Users/hetzner/obrador-shared-pins-20260909/round-3-after/chain-round-1-jobs-8/obrador/state'...
copying path '/Users/hetzner/obrador-shared-pins-20260909/round-3-after/chain-round-1-jobs-8/store/85z49x2h85zyxvy790ccwzdwvlkl0jgc-leaf-6.drv.drv' to 'obrador+local:///Users/hetzner/obrador-shared-pins-20260909/round-3-after/chain-round-1-jobs-8/obrador/state'...
copying path '/Users/hetzner/obrador-shared-pins-20260909/round-3-after/chain-round-1-jobs-8/store/7aa1lbi9ak9qr7bs17lmilkzyydf1gjp-leaf-7.drv.drv' to 'obrador+local:///Users/hetzner/obrador-shared-pins-20260909/round-3-after/chain-round-1-jobs-8/obrador/state'...
copying path '/Users/hetzner/obrador-shared-pins-20260909/round-3-after/chain-round-1-jobs-8/store/q7a707rwnf3rv4pp1qydvmim532n10xk-leaf-8.drv.drv' to 'obrador+local:///Users/hetzner/obrador-shared-pins-20260909/round-3-after/chain-round-1-jobs-8/obrador/state'...
copying path '/Users/hetzner/obrador-shared-pins-20260909/round-3-after/chain-round-1-jobs-8/store/7vxy734w083kaqr7psp527glwa5rqsph-leaf-9.drv.drv' to 'obrador+local:///Users/hetzner/obrador-shared-pins-20260909/round-3-after/chain-round-1-jobs-8/obrador/state'...
copying path '/Users/hetzner/obrador-shared-pins-20260909/round-3-after/chain-round-1-jobs-8/store/bkwik56bbkqgijy3yln37p3a7qklnra5-leaf-10.drv.drv' to 'obrador+local:///Users/hetzner/obrador-shared-pins-20260909/round-3-after/chain-round-1-jobs-8/obrador/state'...
copying path '/Users/hetzner/obrador-shared-pins-20260909/round-3-after/chain-round-1-jobs-8/store/mxp5g6qji1c6wyki4w5wwri3sqp22w4v-leaf-11.drv.drv' to 'obrador+local:///Users/hetzner/obrador-shared-pins-20260909/round-3-after/chain-round-1-jobs-8/obrador/state'...
copying path '/Users/hetzner/obrador-shared-pins-20260909/round-3-after/chain-round-1-jobs-8/store/acabfwwha70k8v2l9cgzmpqh29b2r93b-leaf-12.drv.drv' to 'obrador+local:///Users/hetzner/obrador-shared-pins-20260909/round-3-after/chain-round-1-jobs-8/obrador/state'...
copying path '/Users/hetzner/obrador-shared-pins-20260909/round-3-after/chain-round-1-jobs-8/store/lmzb5ja7mdaq9nhyjrk9qsvgzn6vv8af-leaf-13.drv.drv' to 'obrador+local:///Users/hetzner/obrador-shared-pins-20260909/round-3-after/chain-round-1-jobs-8/obrador/state'...
copying path '/Users/hetzner/obrador-shared-pins-20260909/round-3-after/chain-round-1-jobs-8/store/sv8g0w3f60w2z9nx1605i1ys1zz8z9lp-leaf-14.drv.drv' to 'obrador+local:///Users/hetzner/obrador-shared-pins-20260909/round-3-after/chain-round-1-jobs-8/obrador/state'...
copying path '/Users/hetzner/obrador-shared-pins-20260909/round-3-after/chain-round-1-jobs-8/store/drvi2gd2hvlm9g4ph9wkk16h2vbmwr1z-leaf-15.drv.drv' to 'obrador+local:///Users/hetzner/obrador-shared-pins-20260909/round-3-after/chain-round-1-jobs-8/obrador/state'...
copying path '/Users/hetzner/obrador-shared-pins-20260909/round-3-after/chain-round-1-jobs-8/store/4xyld5jwlgp20d4zccrv06qxgbgh5iix-leaf-16.drv.drv' to 'obrador+local:///Users/hetzner/obrador-shared-pins-20260909/round-3-after/chain-round-1-jobs-8/obrador/state'...
copying path '/Users/hetzner/obrador-shared-pins-20260909/round-3-after/chain-round-1-jobs-8/store/95fghxpsgl2b5vpksz235d3iz3fy2pw8-leaf-17.drv.drv' to 'obrador+local:///Users/hetzner/obrador-shared-pins-20260909/round-3-after/chain-round-1-jobs-8/obrador/state'...
copying path '/Users/hetzner/obrador-shared-pins-20260909/round-3-after/chain-round-1-jobs-8/store/kg7s9jg5gna7j5axpdaiqskv5qrlgcrq-leaf-18.drv.drv' to 'obrador+local:///Users/hetzner/obrador-shared-pins-20260909/round-3-after/chain-round-1-jobs-8/obrador/state'...
copying path '/Users/hetzner/obrador-shared-pins-20260909/round-3-after/chain-round-1-jobs-8/store/g4msg59fnsvl2gqybb92snjjfcfss1rb-leaf-19.drv.drv' to 'obrador+local:///Users/hetzner/obrador-shared-pins-20260909/round-3-after/chain-round-1-jobs-8/obrador/state'...
copying path '/Users/hetzner/obrador-shared-pins-20260909/round-3-after/chain-round-1-jobs-8/store/l29qyjxr85c9n3rfnav6f3xyav2baz1m-leaf-20.drv.drv' to 'obrador+local:///Users/hetzner/obrador-shared-pins-20260909/round-3-after/chain-round-1-jobs-8/obrador/state'...
copying path '/Users/hetzner/obrador-shared-pins-20260909/round-3-after/chain-round-1-jobs-8/store/16api9ascrhcgb4l7g716jcprh6kvjiq-leaf-21.drv.drv' to 'obrador+local:///Users/hetzner/obrador-shared-pins-20260909/round-3-after/chain-round-1-jobs-8/obrador/state'...
copying path '/Users/hetzner/obrador-shared-pins-20260909/round-3-after/chain-round-1-jobs-8/store/l8hb28csgh514239i2nm8dk3l844d8as-leaf-22.drv.drv' to 'obrador+local:///Users/hetzner/obrador-shared-pins-20260909/round-3-after/chain-round-1-jobs-8/obrador/state'...
copying path '/Users/hetzner/obrador-shared-pins-20260909/round-3-after/chain-round-1-jobs-8/store/h107jl1fx1678ahc4mw7pfl8lk81w9sk-leaf-23.drv.drv' to 'obrador+local:///Users/hetzner/obrador-shared-pins-20260909/round-3-after/chain-round-1-jobs-8/obrador/state'...
copying path '/Users/hetzner/obrador-shared-pins-20260909/round-3-after/chain-round-1-jobs-8/store/8g8zsnhw8yk67y5nhk2v362vz658wvy4-leaf-24.drv.drv' to 'obrador+local:///Users/hetzner/obrador-shared-pins-20260909/round-3-after/chain-round-1-jobs-8/obrador/state'...
copying path '/Users/hetzner/obrador-shared-pins-20260909/round-3-after/chain-round-1-jobs-8/store/9grjh6vzw0m1bgi7vqcf0fj47mz0b3w5-leaf-25.drv.drv' to 'obrador+local:///Users/hetzner/obrador-shared-pins-20260909/round-3-after/chain-round-1-jobs-8/obrador/state'...
copying path '/Users/hetzner/obrador-shared-pins-20260909/round-3-after/chain-round-1-jobs-8/store/ps1rp62m6rq81xzm35fyar56lszpgi3v-leaf-26.drv.drv' to 'obrador+local:///Users/hetzner/obrador-shared-pins-20260909/round-3-after/chain-round-1-jobs-8/obrador/state'...
copying path '/Users/hetzner/obrador-shared-pins-20260909/round-3-after/chain-round-1-jobs-8/store/0z2gqdahwbs0r293f12amivw3npk3850-leaf-27.drv.drv' to 'obrador+local:///Users/hetzner/obrador-shared-pins-20260909/round-3-after/chain-round-1-jobs-8/obrador/state'...
copying path '/Users/hetzner/obrador-shared-pins-20260909/round-3-after/chain-round-1-jobs-8/store/5p1323jb4znn2f6fqshznphzrdijjf29-leaf-28.drv.drv' to 'obrador+local:///Users/hetzner/obrador-shared-pins-20260909/round-3-after/chain-round-1-jobs-8/obrador/state'...
copying path '/Users/hetzner/obrador-shared-pins-20260909/round-3-after/chain-round-1-jobs-8/store/c1jr7blzpv70n9rsrv9j1qsrd3vbbq5h-leaf-29.drv.drv' to 'obrador+local:///Users/hetzner/obrador-shared-pins-20260909/round-3-after/chain-round-1-jobs-8/obrador/state'...
copying path '/Users/hetzner/obrador-shared-pins-20260909/round-3-after/chain-round-1-jobs-8/store/50yb2f72kx8sj7rxdh6s34dwp208z3rq-leaf-30.drv.drv' to 'obrador+local:///Users/hetzner/obrador-shared-pins-20260909/round-3-after/chain-round-1-jobs-8/obrador/state'...
copying path '/Users/hetzner/obrador-shared-pins-20260909/round-3-after/chain-round-1-jobs-8/store/n632ijjirbm1c0hibc7ran1vg2ra1mii-leaf-31.drv.drv' to 'obrador+local:///Users/hetzner/obrador-shared-pins-20260909/round-3-after/chain-round-1-jobs-8/obrador/state'...
