@nix {"action":"msg","level":3,"msg":"these 32 derivations will be built:"}
@nix {"action":"msg","level":3,"msg":"  /tmp/obrador-shared-pins-linux/round-3-retry-after/chain-round-1-jobs-8/store/94977yj37r4y789gq3fb2am8adl125n9-leaf-0.drv.drv"}
@nix {"action":"msg","level":3,"msg":"  /tmp/obrador-shared-pins-linux/round-3-retry-after/chain-round-1-jobs-8/store/lcljayh6i9kxwiq2qb6alsjb4a4714f7-leaf-1.drv.drv"}
@nix {"action":"msg","level":3,"msg":"  /tmp/obrador-shared-pins-linux/round-3-retry-after/chain-round-1-jobs-8/store/sjzmpm4vdppq1zj7pqxsjiqmr4y31plm-leaf-2.drv.drv"}
@nix {"action":"msg","level":3,"msg":"  /tmp/obrador-shared-pins-linux/round-3-retry-after/chain-round-1-jobs-8/store/90w1niahj0vxwrv3cmg4jwqwrmrn5ibs-leaf-3.drv.drv"}
@nix {"action":"msg","level":3,"msg":"  /tmp/obrador-shared-pins-linux/round-3-retry-after/chain-round-1-jobs-8/store/yyiryydjixvmay510y57fnnhbr6siivf-leaf-4.drv.drv"}
@nix {"action":"msg","level":3,"msg":"  /tmp/obrador-shared-pins-linux/round-3-retry-after/chain-round-1-jobs-8/store/95wmrrphkijy2yrzrd0kl313j08x4pyh-leaf-5.drv.drv"}
@nix {"action":"msg","level":3,"msg":"  /tmp/obrador-shared-pins-linux/round-3-retry-after/chain-round-1-jobs-8/store/32fi4rgii5shggj3b633b4pi8vg5rms5-leaf-6.drv.drv"}
@nix {"action":"msg","level":3,"msg":"  /tmp/obrador-shared-pins-linux/round-3-retry-after/chain-round-1-jobs-8/store/wp6v85s6l9068cncpiba7n13qxv1bdif-leaf-7.drv.drv"}
@nix {"action":"msg","level":3,"msg":"  /tmp/obrador-shared-pins-linux/round-3-retry-after/chain-round-1-jobs-8/store/2qvf6grz3pa12vh11zmh1v2a8d74pw72-leaf-8.drv.drv"}
@nix {"action":"msg","level":3,"msg":"  /tmp/obrador-shared-pins-linux/round-3-retry-after/chain-round-1-jobs-8/store/21nd7wv4a2chgk7d7rq4yzhizj20k9g6-leaf-9.drv.drv"}
@nix {"action":"msg","level":3,"msg":"  /tmp/obrador-shared-pins-linux/round-3-retry-after/chain-round-1-jobs-8/store/1f7mn0ka3r5zk1rfrj2nmw9s3iqmjmlb-leaf-10.drv.drv"}
@nix {"action":"msg","level":3,"msg":"  /tmp/obrador-shared-pins-linux/round-3-retry-after/chain-round-1-jobs-8/store/65vdrsdpgb3hhdvwkwfxazs3iq3qahgn-leaf-11.drv.drv"}
@nix {"action":"msg","level":3,"msg":"  /tmp/obrador-shared-pins-linux/round-3-retry-after/chain-round-1-jobs-8/store/5jyahq86lqkqa2syf8sjp8fbclfs13x7-leaf-12.drv.drv"}
@nix {"action":"msg","level":3,"msg":"  /tmp/obrador-shared-pins-linux/round-3-retry-after/chain-round-1-jobs-8/store/5ihxx18s0bmzh10l41xk2xi4s4ph88sp-leaf-13.drv.drv"}
@nix {"action":"msg","level":3,"msg":"  /tmp/obrador-shared-pins-linux/round-3-retry-after/chain-round-1-jobs-8/store/wvcd2n0qk83db1cqfj58dmb8xas4zn33-leaf-14.drv.drv"}
@nix {"action":"msg","level":3,"msg":"  /tmp/obrador-shared-pins-linux/round-3-retry-after/chain-round-1-jobs-8/store/1gn0av5jkzk8spzpyqga5cf185wikbkg-leaf-15.drv.drv"}
@nix {"action":"msg","level":3,"msg":"  /tmp/obrador-shared-pins-linux/round-3-retry-after/chain-round-1-jobs-8/store/d72lfq9a3l2gqfmr1yi06v0bv4h7737w-leaf-16.drv.drv"}
@nix {"action":"msg","level":3,"msg":"  /tmp/obrador-shared-pins-linux/round-3-retry-after/chain-round-1-jobs-8/store/w3kjd56n5nyw6v2bw26kxj3w6ic3mcgr-leaf-17.drv.drv"}
@nix {"action":"msg","level":3,"msg":"  /tmp/obrador-shared-pins-linux/round-3-retry-after/chain-round-1-jobs-8/store/11lsw7rqrxmscdzgwzck4bk1wbxn23am-leaf-18.drv.drv"}
@nix {"action":"msg","level":3,"msg":"  /tmp/obrador-shared-pins-linux/round-3-retry-after/chain-round-1-jobs-8/store/l35g86hmlijf6xzysz42zxs1srpynlfy-leaf-19.drv.drv"}
@nix {"action":"msg","level":3,"msg":"  /tmp/obrador-shared-pins-linux/round-3-retry-after/chain-round-1-jobs-8/store/39gcxvsfy3g9q3bql3c1jy9jxwdq4853-leaf-20.drv.drv"}
@nix {"action":"msg","level":3,"msg":"  /tmp/obrador-shared-pins-linux/round-3-retry-after/chain-round-1-jobs-8/store/26bm96bxmwpjs5cwhakynnymx85817j2-leaf-21.drv.drv"}
@nix {"action":"msg","level":3,"msg":"  /tmp/obrador-shared-pins-linux/round-3-retry-after/chain-round-1-jobs-8/store/4k02sf3cafp9hz0v7d0c91qiwsy099j2-leaf-22.drv.drv"}
@nix {"action":"msg","level":3,"msg":"  /tmp/obrador-shared-pins-linux/round-3-retry-after/chain-round-1-jobs-8/store/y4p6nrqs97gsbb0w4rl4v1wv0i7vasha-leaf-23.drv.drv"}
@nix {"action":"msg","level":3,"msg":"  /tmp/obrador-shared-pins-linux/round-3-retry-after/chain-round-1-jobs-8/store/aj42m0c3isk2qx2l147f4lj4cqv49d75-leaf-24.drv.drv"}
@nix {"action":"msg","level":3,"msg":"  /tmp/obrador-shared-pins-linux/round-3-retry-after/chain-round-1-jobs-8/store/2wp78p18mr48dyccbpd4m3787klliwk3-leaf-25.drv.drv"}
@nix {"action":"msg","level":3,"msg":"  /tmp/obrador-shared-pins-linux/round-3-retry-after/chain-round-1-jobs-8/store/6950yn34v46hr655pqgxp522wncnpilb-leaf-26.drv.drv"}
@nix {"action":"msg","level":3,"msg":"  /tmp/obrador-shared-pins-linux/round-3-retry-after/chain-round-1-jobs-8/store/07mjcg7xhwlgdkr20qpcnisw2z1wcj2v-leaf-27.drv.drv"}
@nix {"action":"msg","level":3,"msg":"  /tmp/obrador-shared-pins-linux/round-3-retry-after/chain-round-1-jobs-8/store/iz0s7vdmz75x2shi24nm7av6g62avlyv-leaf-28.drv.drv"}
@nix {"action":"msg","level":3,"msg":"  /tmp/obrador-shared-pins-linux/round-3-retry-after/chain-round-1-jobs-8/store/37gwfj5drv8aksngjqvaxnadrjrsdz2m-leaf-29.drv.drv"}
@nix {"action":"msg","level":3,"msg":"  /tmp/obrador-shared-pins-linux/round-3-retry-after/chain-round-1-jobs-8/store/11885p1gqz3jm79l75cwz445ryw62qs1-leaf-30.drv.drv"}
@nix {"action":"msg","level":3,"msg":"  /tmp/obrador-shared-pins-linux/round-3-retry-after/chain-round-1-jobs-8/store/sghzf8454ds01ambbjxm76670774hd93-leaf-31.drv.drv"}
@nix {"action":"start","fields":["/tmp/obrador-shared-pins-linux/round-3-retry-after/chain-round-1-jobs-8/store/94977yj37r4y789gq3fb2am8adl125n9-leaf-0.drv.drv","",1,1],"id":149297358176256,"level":3,"parent":0,"text":"building 'leaf-0.drv.drv'","type":105}
@nix {"action":"stop","id":149297358176256}
@nix {"action":"start","fields":["/tmp/obrador-shared-pins-linux/round-3-retry-after/chain-round-1-jobs-8/store/daa9194rd8w2p6dnylxwmjmr9wcf352n-leaf-0.drv","",1,1],"id":149297358176257,"level":3,"parent":0,"text":"building 'leaf-0.drv'","type":105}
@nix {"action":"stop","id":149297358176257}
@nix {"action":"start","fields":["/tmp/obrador-shared-pins-linux/round-3-retry-after/chain-round-1-jobs-8/store/j730f9hl68z1pbm5zlm0sr8n43f2xrd5-leaf-1.drv.drv","",1,1],"id":149297358176258,"level":3,"parent":0,"text":"building 'leaf-1.drv.drv'","type":105}
@nix {"action":"stop","id":149297358176258}
@nix {"action":"start","fields":["/tmp/obrador-shared-pins-linux/round-3-retry-after/chain-round-1-jobs-8/store/xhgmzcn8f5l8d1q9raa9pmjnl7z4d4q1-leaf-1.drv","",1,1],"id":149297358176259,"level":3,"parent":0,"text":"building 'leaf-1.drv'","type":105}
@nix {"action":"stop","id":149297358176259}
@nix {"action":"start","fields":["/tmp/obrador-shared-pins-linux/round-3-retry-after/chain-round-1-jobs-8/store/g3kyzij0iyjkpiqjaaw3j90hn6s4llvh-leaf-2.drv.drv","",1,1],"id":149297358176260,"level":3,"parent":0,"text":"building 'leaf-2.drv.drv'","type":105}
@nix {"action":"stop","id":149297358176260}
@nix {"action":"start","fields":["/tmp/obrador-shared-pins-linux/round-3-retry-after/chain-round-1-jobs-8/store/qg0i0q2zpf98kxv1slr34ipz5n41kdq7-leaf-2.drv","",1,1],"id":149297358176261,"level":3,"parent":0,"text":"building 'leaf-2.drv'","type":105}
@nix {"action":"stop","id":149297358176261}
@nix {"action":"start","fields":["/tmp/obrador-shared-pins-linux/round-3-retry-after/chain-round-1-jobs-8/store/s40lw1dmn0vzk4qczd1hmxzaqlbmv645-leaf-3.drv.drv","",1,1],"id":149297358176262,"level":3,"parent":0,"text":"building 'leaf-3.drv.drv'","type":105}
@nix {"action":"stop","id":149297358176262}
@nix {"action":"start","fields":["/tmp/obrador-shared-pins-linux/round-3-retry-after/chain-round-1-jobs-8/store/3di3q7nvcrw4kdn6vlvjyq2dky6cmwmc-leaf-3.drv","",1,1],"id":149297358176263,"level":3,"parent":0,"text":"building 'leaf-3.drv'","type":105}
@nix {"action":"stop","id":149297358176263}
@nix {"action":"start","fields":["/tmp/obrador-shared-pins-linux/round-3-retry-after/chain-round-1-jobs-8/store/kzml3gsiwb8jz1j41l1gbnd0wyfiijj1-leaf-4.drv.drv","",1,1],"id":149297358176264,"level":3,"parent":0,"text":"building 'leaf-4.drv.drv'","type":105}
@nix {"action":"stop","id":149297358176264}
@nix {"action":"start","fields":["/tmp/obrador-shared-pins-linux/round-3-retry-after/chain-round-1-jobs-8/store/p610hv0l8a4grwkwyacz9m1bjwd3nqza-leaf-4.drv","",1,1],"id":149297358176265,"level":3,"parent":0,"text":"building 'leaf-4.drv'","type":105}
@nix {"action":"stop","id":149297358176265}
@nix {"action":"start","fields":["/tmp/obrador-shared-pins-linux/round-3-retry-after/chain-round-1-jobs-8/store/qf6zxjlznj6lmkf49y581c0dv204rsrh-leaf-5.drv.drv","",1,1],"id":149297358176266,"level":3,"parent":0,"text":"building 'leaf-5.drv.drv'","type":105}
@nix {"action":"stop","id":149297358176266}
@nix {"action":"start","fields":["/tmp/obrador-shared-pins-linux/round-3-retry-after/chain-round-1-jobs-8/store/7jvc5l84b4hxgyy6hcjc8jamxa54zvcx-leaf-5.drv","",1,1],"id":149297358176267,"level":3,"parent":0,"text":"building 'leaf-5.drv'","type":105}
@nix {"action":"stop","id":149297358176267}
@nix {"action":"start","fields":["/tmp/obrador-shared-pins-linux/round-3-retry-after/chain-round-1-jobs-8/store/s696h978h8pkc1ghxcbyhlmxra9wndz1-leaf-6.drv.drv","",1,1],"id":149297358176268,"level":3,"parent":0,"text":"building 'leaf-6.drv.drv'","type":105}
@nix {"action":"stop","id":149297358176268}
@nix {"action":"start","fields":["/tmp/obrador-shared-pins-linux/round-3-retry-after/chain-round-1-jobs-8/store/z2xdhivwqj4dv1mlqcrazxy4pmjwhkm3-leaf-6.drv","",1,1],"id":149297358176269,"level":3,"parent":0,"text":"building 'leaf-6.drv'","type":105}
@nix {"action":"stop","id":149297358176269}
@nix {"action":"start","fields":["/tmp/obrador-shared-pins-linux/round-3-retry-after/chain-round-1-jobs-8/store/f08nqdgwrnhcxkhlad7yiv01g61f80sj-leaf-7.drv.drv","",1,1],"id":149297358176270,"level":3,"parent":0,"text":"building 'leaf-7.drv.drv'","type":105}
@nix {"action":"stop","id":149297358176270}
@nix {"action":"start","fields":["/tmp/obrador-shared-pins-linux/round-3-retry-after/chain-round-1-jobs-8/store/2va2mff5csspcapcisg21kgyrlmmnicx-leaf-7.drv","",1,1],"id":149297358176271,"level":3,"parent":0,"text":"building 'leaf-7.drv'","type":105}
@nix {"action":"stop","id":149297358176271}
@nix {"action":"start","fields":["/tmp/obrador-shared-pins-linux/round-3-retry-after/chain-round-1-jobs-8/store/zk1h2jqafa01g7mbfv6m2yvv1c1xxbd6-leaf-8.drv.drv","",1,1],"id":149297358176272,"level":3,"parent":0,"text":"building 'leaf-8.drv.drv'","type":105}
@nix {"action":"stop","id":149297358176272}
@nix {"action":"start","fields":["/tmp/obrador-shared-pins-linux/round-3-retry-after/chain-round-1-jobs-8/store/ir75yvlzvjznavdlspjd5gybj0vl41yi-leaf-8.drv","",1,1],"id":149297358176273,"level":3,"parent":0,"text":"building 'leaf-8.drv'","type":105}
@nix {"action":"stop","id":149297358176273}
@nix {"action":"start","fields":["/tmp/obrador-shared-pins-linux/round-3-retry-after/chain-round-1-jobs-8/store/bl5pmf5skvxv44ijryf422jpw8l4g1jn-leaf-9.drv.drv","",1,1],"id":149297358176274,"level":3,"parent":0,"text":"building 'leaf-9.drv.drv'","type":105}
@nix {"action":"stop","id":149297358176274}
@nix {"action":"start","fields":["/tmp/obrador-shared-pins-linux/round-3-retry-after/chain-round-1-jobs-8/store/ncwry47sfh2w30sgma0izg1aybr53gzh-leaf-9.drv","",1,1],"id":149297358176275,"level":3,"parent":0,"text":"building 'leaf-9.drv'","type":105}
@nix {"action":"stop","id":149297358176275}
@nix {"action":"start","fields":["/tmp/obrador-shared-pins-linux/round-3-retry-after/chain-round-1-jobs-8/store/jzvdaqa379jjz0dksj6mzhy6agkjx1kj-leaf-10.drv.drv","",1,1],"id":149297358176276,"level":3,"parent":0,"text":"building 'leaf-10.drv.drv'","type":105}
@nix {"action":"stop","id":149297358176276}
@nix {"action":"start","fields":["/tmp/obrador-shared-pins-linux/round-3-retry-after/chain-round-1-jobs-8/store/8wza3g117s9j92r2w4wc7cg2m9kzq7bm-leaf-10.drv","",1,1],"id":149297358176277,"level":3,"parent":0,"text":"building 'leaf-10.drv'","type":105}
@nix {"action":"stop","id":149297358176277}
@nix {"action":"start","fields":["/tmp/obrador-shared-pins-linux/round-3-retry-after/chain-round-1-jobs-8/store/csl9zf7nkx17ifbvbpvxqm3j7bd209x3-leaf-11.drv.drv","",1,1],"id":149297358176278,"level":3,"parent":0,"text":"building 'leaf-11.drv.drv'","type":105}
@nix {"action":"stop","id":149297358176278}
@nix {"action":"start","fields":["/tmp/obrador-shared-pins-linux/round-3-retry-after/chain-round-1-jobs-8/store/ml11sqicsk7gwcxxpfxz5y03m9b36mnr-leaf-11.drv","",1,1],"id":149297358176279,"level":3,"parent":0,"text":"building 'leaf-11.drv'","type":105}
@nix {"action":"stop","id":149297358176279}
@nix {"action":"start","fields":["/tmp/obrador-shared-pins-linux/round-3-retry-after/chain-round-1-jobs-8/store/7x7c5ww50v3xzf9plnk9lgzpfv2ix8r2-leaf-12.drv.drv","",1,1],"id":149297358176280,"level":3,"parent":0,"text":"building 'leaf-12.drv.drv'","type":105}
@nix {"action":"stop","id":149297358176280}
@nix {"action":"start","fields":["/tmp/obrador-shared-pins-linux/round-3-retry-after/chain-round-1-jobs-8/store/z25f7nxcby5r3b0wix4rrbp9ph7x587l-leaf-12.drv","",1,1],"id":149297358176281,"level":3,"parent":0,"text":"building 'leaf-12.drv'","type":105}
@nix {"action":"stop","id":149297358176281}
@nix {"action":"start","fields":["/tmp/obrador-shared-pins-linux/round-3-retry-after/chain-round-1-jobs-8/store/mvl1q3cy4m3mjkcjqf2ngvjh6cmgq5zm-leaf-13.drv.drv","",1,1],"id":149297358176282,"level":3,"parent":0,"text":"building 'leaf-13.drv.drv'","type":105}
@nix {"action":"stop","id":149297358176282}
@nix {"action":"start","fields":["/tmp/obrador-shared-pins-linux/round-3-retry-after/chain-round-1-jobs-8/store/i7dlhmcbyaszdxihbni6w53x0ddr46ci-leaf-13.drv","",1,1],"id":149297358176283,"level":3,"parent":0,"text":"building 'leaf-13.drv'","type":105}
@nix {"action":"stop","id":149297358176283}
@nix {"action":"start","fields":["/tmp/obrador-shared-pins-linux/round-3-retry-after/chain-round-1-jobs-8/store/kk7rni5fni0fshy2l5sz7bnbrdqkf8yy-leaf-14.drv.drv","",1,1],"id":149297358176284,"level":3,"parent":0,"text":"building 'leaf-14.drv.drv'","type":105}
@nix {"action":"stop","id":149297358176284}
@nix {"action":"start","fields":["/tmp/obrador-shared-pins-linux/round-3-retry-after/chain-round-1-jobs-8/store/6nr8fhpr05hj51dbgafsdxnxx7p5l7ni-leaf-14.drv","",1,1],"id":149297358176285,"level":3,"parent":0,"text":"building 'leaf-14.drv'","type":105}
@nix {"action":"stop","id":149297358176285}
@nix {"action":"start","fields":["/tmp/obrador-shared-pins-linux/round-3-retry-after/chain-round-1-jobs-8/store/yjxc62gfr2hw9kr4n6ivf3ihhrp34489-leaf-15.drv.drv","",1,1],"id":149297358176286,"level":3,"parent":0,"text":"building 'leaf-15.drv.drv'","type":105}
@nix {"action":"stop","id":149297358176286}
@nix {"action":"start","fields":["/tmp/obrador-shared-pins-linux/round-3-retry-after/chain-round-1-jobs-8/store/9y7p490ys3w2kqi4q6y6s0jlpr6631k8-leaf-15.drv","",1,1],"id":149297358176287,"level":3,"parent":0,"text":"building 'leaf-15.drv'","type":105}
@nix {"action":"stop","id":149297358176287}
@nix {"action":"start","fields":["/tmp/obrador-shared-pins-linux/round-3-retry-after/chain-round-1-jobs-8/store/g1767m4lnvxclx42xacfrdsy5nysvq2y-leaf-16.drv.drv","",1,1],"id":149297358176288,"level":3,"parent":0,"text":"building 'leaf-16.drv.drv'","type":105}
@nix {"action":"stop","id":149297358176288}
@nix {"action":"start","fields":["/tmp/obrador-shared-pins-linux/round-3-retry-after/chain-round-1-jobs-8/store/356pzgb4vp1qx6gbl1xfmqmzc763km77-leaf-16.drv","",1,1],"id":149297358176289,"level":3,"parent":0,"text":"building 'leaf-16.drv'","type":105}
@nix {"action":"stop","id":149297358176289}
@nix {"action":"start","fields":["/tmp/obrador-shared-pins-linux/round-3-retry-after/chain-round-1-jobs-8/store/pkag1s0l03x1cy0n6x6ffsb2igyj7i6d-leaf-17.drv.drv","",1,1],"id":149297358176290,"level":3,"parent":0,"text":"building 'leaf-17.drv.drv'","type":105}
@nix {"action":"stop","id":149297358176290}
@nix {"action":"start","fields":["/tmp/obrador-shared-pins-linux/round-3-retry-after/chain-round-1-jobs-8/store/izw4rigslxa79zij548sl12p1aqjxdk8-leaf-17.drv","",1,1],"id":149297358176291,"level":3,"parent":0,"text":"building 'leaf-17.drv'","type":105}
@nix {"action":"stop","id":149297358176291}
@nix {"action":"start","fields":["/tmp/obrador-shared-pins-linux/round-3-retry-after/chain-round-1-jobs-8/store/qi057cvb11b3v91k5xirn3yr3764a3w2-leaf-18.drv.drv","",1,1],"id":149297358176292,"level":3,"parent":0,"text":"building 'leaf-18.drv.drv'","type":105}
@nix {"action":"stop","id":149297358176292}
@nix {"action":"start","fields":["/tmp/obrador-shared-pins-linux/round-3-retry-after/chain-round-1-jobs-8/store/ksf3x70bsgf665sppyp00sc0wgfvrpkl-leaf-18.drv","",1,1],"id":149297358176293,"level":3,"parent":0,"text":"building 'leaf-18.drv'","type":105}
@nix {"action":"stop","id":149297358176293}
@nix {"action":"start","fields":["/tmp/obrador-shared-pins-linux/round-3-retry-after/chain-round-1-jobs-8/store/avrfqiviij3mbag7lmd54gscsm2vmgl6-leaf-19.drv.drv","",1,1],"id":149297358176294,"level":3,"parent":0,"text":"building 'leaf-19.drv.drv'","type":105}
@nix {"action":"stop","id":149297358176294}
@nix {"action":"start","fields":["/tmp/obrador-shared-pins-linux/round-3-retry-after/chain-round-1-jobs-8/store/q3pxvsm50y68zq9w09mkpn1is8bps3yh-leaf-19.drv","",1,1],"id":149297358176295,"level":3,"parent":0,"text":"building 'leaf-19.drv'","type":105}
@nix {"action":"stop","id":149297358176295}
@nix {"action":"start","fields":["/tmp/obrador-shared-pins-linux/round-3-retry-after/chain-round-1-jobs-8/store/q85wh9rn9zwlpy0vd23rzsnsq5jpavcg-leaf-20.drv.drv","",1,1],"id":149297358176296,"level":3,"parent":0,"text":"building 'leaf-20.drv.drv'","type":105}
@nix {"action":"stop","id":149297358176296}
@nix {"action":"start","fields":["/tmp/obrador-shared-pins-linux/round-3-retry-after/chain-round-1-jobs-8/store/q2s23w7xbkvh4wvchfa18fd8c72azisn-leaf-20.drv","",1,1],"id":149297358176297,"level":3,"parent":0,"text":"building 'leaf-20.drv'","type":105}
@nix {"action":"stop","id":149297358176297}
@nix {"action":"start","fields":["/tmp/obrador-shared-pins-linux/round-3-retry-after/chain-round-1-jobs-8/store/h7nz00yq8vkfln311va0zk4a5pxwaxcr-leaf-21.drv.drv","",1,1],"id":149297358176298,"level":3,"parent":0,"text":"building 'leaf-21.drv.drv'","type":105}
@nix {"action":"stop","id":149297358176298}
@nix {"action":"start","fields":["/tmp/obrador-shared-pins-linux/round-3-retry-after/chain-round-1-jobs-8/store/idwlpgbz7gbrz361b1bp1ml3nanz3ny6-leaf-21.drv","",1,1],"id":149297358176299,"level":3,"parent":0,"text":"building 'leaf-21.drv'","type":105}
@nix {"action":"stop","id":149297358176299}
@nix {"action":"start","fields":["/tmp/obrador-shared-pins-linux/round-3-retry-after/chain-round-1-jobs-8/store/hq82kfszdi7dgw604pinbv589l6dk09d-leaf-22.drv.drv","",1,1],"id":149297358176300,"level":3,"parent":0,"text":"building 'leaf-22.drv.drv'","type":105}
@nix {"action":"stop","id":149297358176300}
@nix {"action":"start","fields":["/tmp/obrador-shared-pins-linux/round-3-retry-after/chain-round-1-jobs-8/store/r7gzy838ady9330sj504gs115vqhvd46-leaf-22.drv","",1,1],"id":149297358176301,"level":3,"parent":0,"text":"building 'leaf-22.drv'","type":105}
@nix {"action":"stop","id":149297358176301}
@nix {"action":"start","fields":["/tmp/obrador-shared-pins-linux/round-3-retry-after/chain-round-1-jobs-8/store/7caxsyrx1y9jksynil9h1rr4i32vf4l3-leaf-23.drv.drv","",1,1],"id":149297358176302,"level":3,"parent":0,"text":"building 'leaf-23.drv.drv'","type":105}
@nix {"action":"stop","id":149297358176302}
@nix {"action":"start","fields":["/tmp/obrador-shared-pins-linux/round-3-retry-after/chain-round-1-jobs-8/store/k29hvpkq7zymj1dvk09acswvwyjhixx2-leaf-23.drv","",1,1],"id":149297358176303,"level":3,"parent":0,"text":"building 'leaf-23.drv'","type":105}
@nix {"action":"stop","id":149297358176303}
@nix {"action":"start","fields":["/tmp/obrador-shared-pins-linux/round-3-retry-after/chain-round-1-jobs-8/store/3grn4nnb6jz56h1galq9caa7ccjg4d3g-leaf-24.drv.drv","",1,1],"id":149297358176304,"level":3,"parent":0,"text":"building 'leaf-24.drv.drv'","type":105}
@nix {"action":"stop","id":149297358176304}
@nix {"action":"start","fields":["/tmp/obrador-shared-pins-linux/round-3-retry-after/chain-round-1-jobs-8/store/iyngcclczaw1zsx3d18asabn9vkzlid1-leaf-24.drv","",1,1],"id":149297358176305,"level":3,"parent":0,"text":"building 'leaf-24.drv'","type":105}
@nix {"action":"stop","id":149297358176305}
@nix {"action":"start","fields":["/tmp/obrador-shared-pins-linux/round-3-retry-after/chain-round-1-jobs-8/store/aza5qygphkfmkqbyi9w4jx9xfv53qydy-leaf-25.drv.drv","",1,1],"id":149297358176306,"level":3,"parent":0,"text":"building 'leaf-25.drv.drv'","type":105}
@nix {"action":"stop","id":149297358176306}
@nix {"action":"start","fields":["/tmp/obrador-shared-pins-linux/round-3-retry-after/chain-round-1-jobs-8/store/b01158853s15m99yamm7lk5xxkzvaj28-leaf-25.drv","",1,1],"id":149297358176307,"level":3,"parent":0,"text":"building 'leaf-25.drv'","type":105}
@nix {"action":"stop","id":149297358176307}
@nix {"action":"start","fields":["/tmp/obrador-shared-pins-linux/round-3-retry-after/chain-round-1-jobs-8/store/mk03hx5bvbznlw6r2984f4x3iwi61izl-leaf-26.drv.drv","",1,1],"id":149297358176308,"level":3,"parent":0,"text":"building 'leaf-26.drv.drv'","type":105}
@nix {"action":"stop","id":149297358176308}
@nix {"action":"start","fields":["/tmp/obrador-shared-pins-linux/round-3-retry-after/chain-round-1-jobs-8/store/px57lsvjs2w7nh634yspl9wj2j0jl486-leaf-26.drv","",1,1],"id":149297358176309,"level":3,"parent":0,"text":"building 'leaf-26.drv'","type":105}
@nix {"action":"stop","id":149297358176309}
@nix {"action":"start","fields":["/tmp/obrador-shared-pins-linux/round-3-retry-after/chain-round-1-jobs-8/store/cnbv7x5gm0imhx3qwyh65n9iw7611cji-leaf-27.drv.drv","",1,1],"id":149297358176310,"level":3,"parent":0,"text":"building 'leaf-27.drv.drv'","type":105}
@nix {"action":"stop","id":149297358176310}
@nix {"action":"start","fields":["/tmp/obrador-shared-pins-linux/round-3-retry-after/chain-round-1-jobs-8/store/8kfv3gfq1y2sqsp357pncfpmd5pvxp0g-leaf-27.drv","",1,1],"id":149297358176311,"level":3,"parent":0,"text":"building 'leaf-27.drv'","type":105}
@nix {"action":"stop","id":149297358176311}
@nix {"action":"start","fields":["/tmp/obrador-shared-pins-linux/round-3-retry-after/chain-round-1-jobs-8/store/5bl2wwsfjfhhdi8rr2vi9yfr2pl66n63-leaf-28.drv.drv","",1,1],"id":149297358176312,"level":3,"parent":0,"text":"building 'leaf-28.drv.drv'","type":105}
@nix {"action":"stop","id":149297358176312}
@nix {"action":"start","fields":["/tmp/obrador-shared-pins-linux/round-3-retry-after/chain-round-1-jobs-8/store/i5f4j9g66zzqyy3lrj3xga3v837z9apm-leaf-28.drv","",1,1],"id":149297358176313,"level":3,"parent":0,"text":"building 'leaf-28.drv'","type":105}
@nix {"action":"stop","id":149297358176313}
@nix {"action":"start","fields":["/tmp/obrador-shared-pins-linux/round-3-retry-after/chain-round-1-jobs-8/store/zyr3wbpfirif0c5lh1gr7dwnx6qwnb0m-leaf-29.drv.drv","",1,1],"id":149297358176314,"level":3,"parent":0,"text":"building 'leaf-29.drv.drv'","type":105}
@nix {"action":"stop","id":149297358176314}
@nix {"action":"start","fields":["/tmp/obrador-shared-pins-linux/round-3-retry-after/chain-round-1-jobs-8/store/f1cwf4fj66bhm1rnycf7g7snf4qx5zjv-leaf-29.drv","",1,1],"id":149297358176315,"level":3,"parent":0,"text":"building 'leaf-29.drv'","type":105}
@nix {"action":"stop","id":149297358176315}
@nix {"action":"start","fields":["/tmp/obrador-shared-pins-linux/round-3-retry-after/chain-round-1-jobs-8/store/wzkm1gh26jzj1ykwv1f888c2m1y9i5d6-leaf-30.drv.drv","",1,1],"id":149297358176316,"level":3,"parent":0,"text":"building 'leaf-30.drv.drv'","type":105}
@nix {"action":"stop","id":149297358176316}
@nix {"action":"start","fields":["/tmp/obrador-shared-pins-linux/round-3-retry-after/chain-round-1-jobs-8/store/jlzpkqkgljdm9vkhnknbifk7ddybq1hb-leaf-30.drv","",1,1],"id":149297358176317,"level":3,"parent":0,"text":"building 'leaf-30.drv'","type":105}
@nix {"action":"stop","id":149297358176317}
@nix {"action":"start","fields":["/tmp/obrador-shared-pins-linux/round-3-retry-after/chain-round-1-jobs-8/store/gd7v258rxm5mbm3428c2hl2xsw8iixjr-leaf-31.drv.drv","",1,1],"id":149297358176318,"level":3,"parent":0,"text":"building 'leaf-31.drv.drv'","type":105}
@nix {"action":"stop","id":149297358176318}
@nix {"action":"start","fields":["/tmp/obrador-shared-pins-linux/round-3-retry-after/chain-round-1-jobs-8/store/d59pk6ipjs1rkrg0hb2l0vj774cbrx1r-leaf-31.drv","",1,1],"id":149297358176319,"level":3,"parent":0,"text":"building 'leaf-31.drv'","type":105}
@nix {"action":"stop","id":149297358176319}
