copying 32 paths...
copying path '/tmp/obrador-shared-pins-linux/round-2-baseline/wide-round-1-jobs-8/store/30cfkzcz13q2rm6j68sgh5wagp3b9v40-leaf-22-result' to 'local://'...
copying path '/tmp/obrador-shared-pins-linux/round-2-baseline/wide-round-1-jobs-8/store/2lkycldjr7jn3rzz81h8ji5z4q9q5m23-leaf-27-result' to 'local://'...
copying path '/tmp/obrador-shared-pins-linux/round-2-baseline/wide-round-1-jobs-8/store/5dyfhzrir3h2r8kzbhqd399cakv7dqgh-leaf-14-result' to 'local://'...
copying path '/tmp/obrador-shared-pins-linux/round-2-baseline/wide-round-1-jobs-8/store/bl773ijj8309cr0pnvz3djjisp1bld46-leaf-21-result' to 'local://'...
copying path '/tmp/obrador-shared-pins-linux/round-2-baseline/wide-round-1-jobs-8/store/9d6vg9af5v26kv7zph42r9pn5azk6bsv-leaf-29-result' to 'local://'...
copying path '/tmp/obrador-shared-pins-linux/round-2-baseline/wide-round-1-jobs-8/store/df0dr5aprivyryhjamgprjdaa4j1y362-leaf-19-result' to 'local://'...
copying path '/tmp/obrador-shared-pins-linux/round-2-baseline/wide-round-1-jobs-8/store/d1a3pzy68w428l3cljqk06d5szbxm54p-leaf-7-result' to 'local://'...
copying path '/tmp/obrador-shared-pins-linux/round-2-baseline/wide-round-1-jobs-8/store/hhcgxc5jhjmjr6l6cgdziqm5zs5v0z6a-leaf-16-result' to 'local://'...
copying path '/tmp/obrador-shared-pins-linux/round-2-baseline/wide-round-1-jobs-8/store/dsy5ack5crh3hyc27nd1ilzd9bdiq6zk-leaf-2-result' to 'local://'...
copying path '/tmp/obrador-shared-pins-linux/round-2-baseline/wide-round-1-jobs-8/store/h9dpz9v1kl9j8cbca2i3cqifmszisys1-leaf-11-result' to 'local://'...
copying path '/tmp/obrador-shared-pins-linux/round-2-baseline/wide-round-1-jobs-8/store/g3d3ld6cfnflfn9q85kmqrx6mbmznk1x-leaf-20-result' to 'local://'...
copying path '/tmp/obrador-shared-pins-linux/round-2-baseline/wide-round-1-jobs-8/store/ipyj418nqr0wpq7978rgfvkrxv3j8xz3-leaf-23-result' to 'local://'...
copying path '/tmp/obrador-shared-pins-linux/round-2-baseline/wide-round-1-jobs-8/store/brm1fvq7wfnxm5jnqwqw9rcql8i4b62b-leaf-13-result' to 'local://'...
copying path '/tmp/obrador-shared-pins-linux/round-2-baseline/wide-round-1-jobs-8/store/5v0c1pskc09mkflf9cbq55sll2lhc096-leaf-0-result' to 'local://'...
copying path '/tmp/obrador-shared-pins-linux/round-2-baseline/wide-round-1-jobs-8/store/nz7irhm4189j51grr496h784jnya8lq9-leaf-5-result' to 'local://'...
copying path '/tmp/obrador-shared-pins-linux/round-2-baseline/wide-round-1-jobs-8/store/r67mlqh7914qqk7nmvygf87fgg6axdc6-leaf-18-result' to 'local://'...
copying path '/tmp/obrador-shared-pins-linux/round-2-baseline/wide-round-1-jobs-8/store/lkf1y0spw6q9ccxnq36f28f5lbgh2ggv-leaf-26-result' to 'local://'...
copying path '/tmp/obrador-shared-pins-linux/round-2-baseline/wide-round-1-jobs-8/store/4a3z7i2krlczdfsrha3dygsyfqyva3kg-leaf-12-result' to 'local://'...
copying path '/tmp/obrador-shared-pins-linux/round-2-baseline/wide-round-1-jobs-8/store/fv2r59pxp9r7g2jhg5sj0vrz2vjvq9v6-leaf-10-result' to 'local://'...
copying path '/tmp/obrador-shared-pins-linux/round-2-baseline/wide-round-1-jobs-8/store/mcv3k8i38c8r74g52la89z02nrbksvbv-leaf-6-result' to 'local://'...
copying path '/tmp/obrador-shared-pins-linux/round-2-baseline/wide-round-1-jobs-8/store/j3rhmzn9q1bpaiwxhaaa1lgngfsns6h0-leaf-9-result' to 'local://'...
copying path '/tmp/obrador-shared-pins-linux/round-2-baseline/wide-round-1-jobs-8/store/nkpa2g0i2fay6z4bd7n4csw8apkwb2zp-leaf-1-result' to 'local://'...
copying path '/tmp/obrador-shared-pins-linux/round-2-baseline/wide-round-1-jobs-8/store/vrjynp94x9g1ry8na1x7l09nh7ykfdvs-leaf-4-result' to 'local://'...
copying path '/tmp/obrador-shared-pins-linux/round-2-baseline/wide-round-1-jobs-8/store/ncikkvgd8gpya5qhaiz5s7amnbw4klcr-leaf-25-result' to 'local://'...
copying path '/tmp/obrador-shared-pins-linux/round-2-baseline/wide-round-1-jobs-8/store/wl4hvm6i32mn185hmakkzmf0cvpyscvr-leaf-15-result' to 'local://'...
copying path '/tmp/obrador-shared-pins-linux/round-2-baseline/wide-round-1-jobs-8/store/scf6wkjzjxx81s9cass8qlgacx7hcjb5-leaf-31-result' to 'local://'...
copying path '/tmp/obrador-shared-pins-linux/round-2-baseline/wide-round-1-jobs-8/store/x78nlbgd8f6qyj7g4npb05i6il1h24ij-leaf-3-result' to 'local://'...
copying path '/tmp/obrador-shared-pins-linux/round-2-baseline/wide-round-1-jobs-8/store/r7haf3wn8kb1nwvfs6f21kyc98xil2jw-leaf-24-result' to 'local://'...
copying path '/tmp/obrador-shared-pins-linux/round-2-baseline/wide-round-1-jobs-8/store/ymgcv7g78p9zjxszzy6z501skkjkpknc-leaf-8-result' to 'local://'...
copying path '/tmp/obrador-shared-pins-linux/round-2-baseline/wide-round-1-jobs-8/store/gh0rx5dnyz4vp672xlm59vyvkd8dknxv-leaf-17-result' to 'local://'...
copying path '/tmp/obrador-shared-pins-linux/round-2-baseline/wide-round-1-jobs-8/store/y5030j883dqq3ad1pvv8hrjyl18f7dni-leaf-28-result' to 'local://'...
copying path '/tmp/obrador-shared-pins-linux/round-2-baseline/wide-round-1-jobs-8/store/yqymqxb6l79r7hl90dpaixijihxpv1f7-leaf-30-result' to 'local://'...
