Benchmarking filesystem_import/bytes-0-files-48/1
Benchmarking filesystem_import/bytes-0-files-48/1: Warming up for 200.00 ms
Benchmarking filesystem_import/bytes-0-files-48/1: Collecting 10 samples in estimated 535.25 ms (385 iterations)
Benchmarking filesystem_import/bytes-0-files-48/1: Analyzing
filesystem_import/bytes-0-files-48/1
                        time:   [1.3648 ms 1.5458 ms 1.7316 ms]
                        thrpt:  [0.0000   B/s 0.0000   B/s 0.0000   B/s]
Found 1 outliers among 10 measurements (10.00%)
  1 (10.00%) high severe
Benchmarking filesystem_import/bytes-0-files-48/16
Benchmarking filesystem_import/bytes-0-files-48/16: Warming up for 200.00 ms
Benchmarking filesystem_import/bytes-0-files-48/16: Collecting 10 samples in estimated 534.97 ms (275 iterations)
Benchmarking filesystem_import/bytes-0-files-48/16: Analyzing
filesystem_import/bytes-0-files-48/16
                        time:   [829.12 µs 1.0567 ms 1.5463 ms]
                        thrpt:  [0.0000   B/s 0.0000   B/s 0.0000   B/s]
Benchmarking filesystem_import/bytes-1024-files-48/1
Benchmarking filesystem_import/bytes-1024-files-48/1: Warming up for 200.00 ms
Benchmarking filesystem_import/bytes-1024-files-48/1: Collecting 10 samples in estimated 644.98 ms (165 iterations)
Benchmarking filesystem_import/bytes-1024-files-48/1: Analyzing
filesystem_import/bytes-1024-files-48/1
                        time:   [4.2557 ms 5.1608 ms 7.0906 ms]
                        thrpt:  [6.6109 MiB/s 9.0828 MiB/s 11.015 MiB/s]
Benchmarking filesystem_import/bytes-1024-files-48/16
Benchmarking filesystem_import/bytes-1024-files-48/16: Warming up for 200.00 ms
Benchmarking filesystem_import/bytes-1024-files-48/16: Collecting 10 samples in estimated 537.88 ms (550 iterations)
Benchmarking filesystem_import/bytes-1024-files-48/16: Analyzing
filesystem_import/bytes-1024-files-48/16
                        time:   [725.97 µs 758.09 µs 818.79 µs]
                        thrpt:  [57.249 MiB/s 61.833 MiB/s 64.569 MiB/s]
Benchmarking filesystem_import/bytes-262143-files-16/1
Benchmarking filesystem_import/bytes-262143-files-16/1: Warming up for 200.00 ms
Benchmarking filesystem_import/bytes-262143-files-16/1: Collecting 10 samples in estimated 791.62 ms (110 iterations)
Benchmarking filesystem_import/bytes-262143-files-16/1: Analyzing
filesystem_import/bytes-262143-files-16/1
                        time:   [4.5823 ms 4.6786 ms 4.7845 ms]
                        thrpt:  [836.03 MiB/s 854.96 MiB/s 872.92 MiB/s]
Benchmarking filesystem_import/bytes-262143-files-16/16
Benchmarking filesystem_import/bytes-262143-files-16/16: Warming up for 200.00 ms
Benchmarking filesystem_import/bytes-262143-files-16/16: Collecting 10 samples in estimated 890.21 ms (110 iterations)
Benchmarking filesystem_import/bytes-262143-files-16/16: Analyzing
filesystem_import/bytes-262143-files-16/16
                        time:   [5.3823 ms 5.5497 ms 5.6852 ms]
                        thrpt:  [703.58 MiB/s 720.75 MiB/s 743.17 MiB/s]
Benchmarking filesystem_import/bytes-262144-files-16/1
Benchmarking filesystem_import/bytes-262144-files-16/1: Warming up for 200.00 ms
Benchmarking filesystem_import/bytes-262144-files-16/1: Collecting 10 samples in estimated 739.04 ms (110 iterations)
Benchmarking filesystem_import/bytes-262144-files-16/1: Analyzing
filesystem_import/bytes-262144-files-16/1
                        time:   [4.4200 ms 4.4947 ms 4.5787 ms]
                        thrpt:  [873.61 MiB/s 889.95 MiB/s 904.98 MiB/s]
Found 1 outliers among 10 measurements (10.00%)
  1 (10.00%) high severe
Benchmarking filesystem_import/bytes-262144-files-16/16
Benchmarking filesystem_import/bytes-262144-files-16/16: Warming up for 200.00 ms
Benchmarking filesystem_import/bytes-262144-files-16/16: Collecting 10 samples in estimated 873.28 ms (110 iterations)
Benchmarking filesystem_import/bytes-262144-files-16/16: Analyzing
filesystem_import/bytes-262144-files-16/16
                        time:   [5.3461 ms 5.4806 ms 5.5655 ms]
                        thrpt:  [718.71 MiB/s 729.84 MiB/s 748.21 MiB/s]
Benchmarking filesystem_import/bytes-262145-files-16/1
Benchmarking filesystem_import/bytes-262145-files-16/1: Warming up for 200.00 ms
Benchmarking filesystem_import/bytes-262145-files-16/1: Collecting 10 samples in estimated 810.11 ms (110 iterations)
Benchmarking filesystem_import/bytes-262145-files-16/1: Analyzing
filesystem_import/bytes-262145-files-16/1
                        time:   [5.5637 ms 5.7750 ms 6.0079 ms]
                        thrpt:  [665.80 MiB/s 692.65 MiB/s 718.95 MiB/s]
Found 1 outliers among 10 measurements (10.00%)
  1 (10.00%) high mild
Benchmarking filesystem_import/bytes-262145-files-16/16
Benchmarking filesystem_import/bytes-262145-files-16/16: Warming up for 200.00 ms

Warning: Unable to complete 10 samples in 500.0ms. You may wish to increase target time to 634.3ms or enable flat sampling.
Benchmarking filesystem_import/bytes-262145-files-16/16: Collecting 10 samples in estimated 634.29 ms (55 iterations)
Benchmarking filesystem_import/bytes-262145-files-16/16: Analyzing
filesystem_import/bytes-262145-files-16/16
                        time:   [8.8525 ms 9.0665 ms 9.2049 ms]
                        thrpt:  [434.55 MiB/s 441.19 MiB/s 451.85 MiB/s]
Benchmarking filesystem_import/bytes-1048576-files-16/1
Benchmarking filesystem_import/bytes-1048576-files-16/1: Warming up for 200.00 ms
Benchmarking filesystem_import/bytes-1048576-files-16/1: Collecting 10 samples in estimated 741.03 ms (30 iterations)
Benchmarking filesystem_import/bytes-1048576-files-16/1: Analyzing
filesystem_import/bytes-1048576-files-16/1
                        time:   [17.688 ms 18.005 ms 18.389 ms]
                        thrpt:  [870.08 MiB/s 888.65 MiB/s 904.57 MiB/s]
Found 1 outliers among 10 measurements (10.00%)
  1 (10.00%) high mild
Benchmarking filesystem_import/bytes-1048576-files-16/16
Benchmarking filesystem_import/bytes-1048576-files-16/16: Warming up for 200.00 ms
Benchmarking filesystem_import/bytes-1048576-files-16/16: Collecting 10 samples in estimated 597.20 ms (20 iterations)
Benchmarking filesystem_import/bytes-1048576-files-16/16: Analyzing
filesystem_import/bytes-1048576-files-16/16
                        time:   [24.700 ms 26.024 ms 27.181 ms]
                        thrpt:  [588.65 MiB/s 614.82 MiB/s 647.78 MiB/s]
