@nix {"action":"msg","level":3,"msg":"these 32 derivations will be built:"}
@nix {"action":"msg","level":3,"msg":"  /Users/hetzner/obrador-shared-pins-20260909/round-1-after/wide-round-1-jobs-8/store/0lkjmb1ccvbpmk9fcq0a1jzdgyvqn4ya-leaf-12.drv.drv"}
@nix {"action":"msg","level":3,"msg":"  /Users/hetzner/obrador-shared-pins-20260909/round-1-after/wide-round-1-jobs-8/store/1i3i6aj6c6ypkjlmi3z2dhddjzvz2pjd-leaf-3.drv.drv"}
@nix {"action":"msg","level":3,"msg":"  /Users/hetzner/obrador-shared-pins-20260909/round-1-after/wide-round-1-jobs-8/store/2sgdsy5g1a5k33s1wkj4ay4m18k13i3n-leaf-22.drv.drv"}
@nix {"action":"msg","level":3,"msg":"  /Users/hetzner/obrador-shared-pins-20260909/round-1-after/wide-round-1-jobs-8/store/2xyjjzz9w9jqg75pr4h0ragxail8551x-leaf-18.drv.drv"}
@nix {"action":"msg","level":3,"msg":"  /Users/hetzner/obrador-shared-pins-20260909/round-1-after/wide-round-1-jobs-8/store/3l42b1dk8gwl6i2kb9ckhxlb0f8r1j6p-leaf-20.drv.drv"}
@nix {"action":"msg","level":3,"msg":"  /Users/hetzner/obrador-shared-pins-20260909/round-1-after/wide-round-1-jobs-8/store/4g3hf2fhvddrd0m75542h6b0jwmb81zx-leaf-10.drv.drv"}
@nix {"action":"msg","level":3,"msg":"  /Users/hetzner/obrador-shared-pins-20260909/round-1-after/wide-round-1-jobs-8/store/6835hj8kdb9vbyc56m3fsdqxhm7ibj20-leaf-25.drv.drv"}
@nix {"action":"msg","level":3,"msg":"  /Users/hetzner/obrador-shared-pins-20260909/round-1-after/wide-round-1-jobs-8/store/6yg8gkj6w2j3w4dwff80kz4md6c9398g-leaf-14.drv.drv"}
@nix {"action":"msg","level":3,"msg":"  /Users/hetzner/obrador-shared-pins-20260909/round-1-after/wide-round-1-jobs-8/store/bif97xds3qa53vqs4ll8a51dxmgxyw30-leaf-19.drv.drv"}
@nix {"action":"msg","level":3,"msg":"  /Users/hetzner/obrador-shared-pins-20260909/round-1-after/wide-round-1-jobs-8/store/djh6rx0y83s9f95nbdra5cn7zsm8xilf-leaf-17.drv.drv"}
@nix {"action":"msg","level":3,"msg":"  /Users/hetzner/obrador-shared-pins-20260909/round-1-after/wide-round-1-jobs-8/store/dqhw6czcamghj4qpkbg9nk6cs2qlbgbr-leaf-28.drv.drv"}
@nix {"action":"msg","level":3,"msg":"  /Users/hetzner/obrador-shared-pins-20260909/round-1-after/wide-round-1-jobs-8/store/fi64kgbyfsp7jwakzj0sm9bf0x4bv7gp-leaf-8.drv.drv"}
@nix {"action":"msg","level":3,"msg":"  /Users/hetzner/obrador-shared-pins-20260909/round-1-after/wide-round-1-jobs-8/store/fzl5247vm2f7ql4hdp9ic9rpfgcn4kwc-leaf-30.drv.drv"}
@nix {"action":"msg","level":3,"msg":"  /Users/hetzner/obrador-shared-pins-20260909/round-1-after/wide-round-1-jobs-8/store/ghaq1kwssp6hwn85l4lcx1kw6jyqy3ys-leaf-5.drv.drv"}
@nix {"action":"msg","level":3,"msg":"  /Users/hetzner/obrador-shared-pins-20260909/round-1-after/wide-round-1-jobs-8/store/i29b67m72qqw4fmzmabvgxrq9mmdq374-leaf-15.drv.drv"}
@nix {"action":"msg","level":3,"msg":"  /Users/hetzner/obrador-shared-pins-20260909/round-1-after/wide-round-1-jobs-8/store/ihgrzv53v3j0bc6f423bq2fyylfn355v-leaf-27.drv.drv"}
@nix {"action":"msg","level":3,"msg":"  /Users/hetzner/obrador-shared-pins-20260909/round-1-after/wide-round-1-jobs-8/store/il5yl02a0nvyrqrgkmfi1z2pxg0y2grh-leaf-11.drv.drv"}
@nix {"action":"msg","level":3,"msg":"  /Users/hetzner/obrador-shared-pins-20260909/round-1-after/wide-round-1-jobs-8/store/jmwjprv3pjb7n0az8m0sjmqpkml05c80-leaf-0.drv.drv"}
@nix {"action":"msg","level":3,"msg":"  /Users/hetzner/obrador-shared-pins-20260909/round-1-after/wide-round-1-jobs-8/store/lsn4gsl9qdqzwhsm0ngd5lv3x10jigdg-leaf-29.drv.drv"}
@nix {"action":"msg","level":3,"msg":"  /Users/hetzner/obrador-shared-pins-20260909/round-1-after/wide-round-1-jobs-8/store/m6ksyfcn846fz4ycyrxb9siimv0pf9j3-leaf-13.drv.drv"}
@nix {"action":"msg","level":3,"msg":"  /Users/hetzner/obrador-shared-pins-20260909/round-1-after/wide-round-1-jobs-8/store/q4ry1asjyhlpf8p0s88ax2vfv5mg0i3k-leaf-16.drv.drv"}
@nix {"action":"msg","level":3,"msg":"  /Users/hetzner/obrador-shared-pins-20260909/round-1-after/wide-round-1-jobs-8/store/qb86sra0lqcq349kzmn18bvp8l3g61k6-leaf-1.drv.drv"}
@nix {"action":"msg","level":3,"msg":"  /Users/hetzner/obrador-shared-pins-20260909/round-1-after/wide-round-1-jobs-8/store/qdcjdikvwrqmhdihh07j2zm74l77jvqw-leaf-7.drv.drv"}
@nix {"action":"msg","level":3,"msg":"  /Users/hetzner/obrador-shared-pins-20260909/round-1-after/wide-round-1-jobs-8/store/sap2f1qpzdhzdqw0x4q8vs9ijnq1vyyx-leaf-2.drv.drv"}
@nix {"action":"msg","level":3,"msg":"  /Users/hetzner/obrador-shared-pins-20260909/round-1-after/wide-round-1-jobs-8/store/sw8m6y86brh5r9mssazhj38ixf5isnir-leaf-31.drv.drv"}
@nix {"action":"msg","level":3,"msg":"  /Users/hetzner/obrador-shared-pins-20260909/round-1-after/wide-round-1-jobs-8/store/vi070wkmfc1c40bwbyhz4qvd4qkmflfg-leaf-24.drv.drv"}
@nix {"action":"msg","level":3,"msg":"  /Users/hetzner/obrador-shared-pins-20260909/round-1-after/wide-round-1-jobs-8/store/vncbr789mnlc8cmxq82nl0x3jk48bb1g-leaf-26.drv.drv"}
@nix {"action":"msg","level":3,"msg":"  /Users/hetzner/obrador-shared-pins-20260909/round-1-after/wide-round-1-jobs-8/store/vnqfza8ja15n8kj753sakqm9dbaikwjb-leaf-9.drv.drv"}
@nix {"action":"msg","level":3,"msg":"  /Users/hetzner/obrador-shared-pins-20260909/round-1-after/wide-round-1-jobs-8/store/w0gi6s3bf166g9zpvqsmnk1ljjrx0lsn-leaf-4.drv.drv"}
@nix {"action":"msg","level":3,"msg":"  /Users/hetzner/obrador-shared-pins-20260909/round-1-after/wide-round-1-jobs-8/store/wl1piaf3dj2s1xh5rpm5mvpph3yxh1wx-leaf-23.drv.drv"}
@nix {"action":"msg","level":3,"msg":"  /Users/hetzner/obrador-shared-pins-20260909/round-1-after/wide-round-1-jobs-8/store/xmirsk85hyrk5gxf207sp5wij1w61h4c-leaf-6.drv.drv"}
@nix {"action":"msg","level":3,"msg":"  /Users/hetzner/obrador-shared-pins-20260909/round-1-after/wide-round-1-jobs-8/store/y5wfyhjz25srb2kdvgbzabbz6hxxgjx9-leaf-21.drv.drv"}
@nix {"action":"start","fields":["/Users/hetzner/obrador-shared-pins-20260909/round-1-after/wide-round-1-jobs-8/store/jmwjprv3pjb7n0az8m0sjmqpkml05c80-leaf-0.drv.drv","",1,1],"id":236820201734144,"level":3,"parent":0,"text":"building 'leaf-0.drv.drv'","type":105}
@nix {"action":"start","fields":["/Users/hetzner/obrador-shared-pins-20260909/round-1-after/wide-round-1-jobs-8/store/qb86sra0lqcq349kzmn18bvp8l3g61k6-leaf-1.drv.drv","",1,1],"id":236820201734145,"level":3,"parent":0,"text":"building 'leaf-1.drv.drv'","type":105}
@nix {"action":"start","fields":["/Users/hetzner/obrador-shared-pins-20260909/round-1-after/wide-round-1-jobs-8/store/sap2f1qpzdhzdqw0x4q8vs9ijnq1vyyx-leaf-2.drv.drv","",1,1],"id":236820201734146,"level":3,"parent":0,"text":"building 'leaf-2.drv.drv'","type":105}
@nix {"action":"start","fields":["/Users/hetzner/obrador-shared-pins-20260909/round-1-after/wide-round-1-jobs-8/store/1i3i6aj6c6ypkjlmi3z2dhddjzvz2pjd-leaf-3.drv.drv","",1,1],"id":236820201734147,"level":3,"parent":0,"text":"building 'leaf-3.drv.drv'","type":105}
@nix {"action":"start","fields":["/Users/hetzner/obrador-shared-pins-20260909/round-1-after/wide-round-1-jobs-8/store/w0gi6s3bf166g9zpvqsmnk1ljjrx0lsn-leaf-4.drv.drv","",1,1],"id":236820201734148,"level":3,"parent":0,"text":"building 'leaf-4.drv.drv'","type":105}
@nix {"action":"start","fields":["/Users/hetzner/obrador-shared-pins-20260909/round-1-after/wide-round-1-jobs-8/store/ghaq1kwssp6hwn85l4lcx1kw6jyqy3ys-leaf-5.drv.drv","",1,1],"id":236820201734149,"level":3,"parent":0,"text":"building 'leaf-5.drv.drv'","type":105}
@nix {"action":"start","fields":["/Users/hetzner/obrador-shared-pins-20260909/round-1-after/wide-round-1-jobs-8/store/xmirsk85hyrk5gxf207sp5wij1w61h4c-leaf-6.drv.drv","",1,1],"id":236820201734150,"level":3,"parent":0,"text":"building 'leaf-6.drv.drv'","type":105}
@nix {"action":"start","fields":["/Users/hetzner/obrador-shared-pins-20260909/round-1-after/wide-round-1-jobs-8/store/qdcjdikvwrqmhdihh07j2zm74l77jvqw-leaf-7.drv.drv","",1,1],"id":236820201734151,"level":3,"parent":0,"text":"building 'leaf-7.drv.drv'","type":105}
@nix {"action":"stop","id":236820201734147}
@nix {"action":"stop","id":236820201734145}
@nix {"action":"stop","id":236820201734150}
@nix {"action":"stop","id":236820201734148}
@nix {"action":"stop","id":236820201734144}
@nix {"action":"stop","id":236820201734146}
@nix {"action":"stop","id":236820201734151}
@nix {"action":"stop","id":236820201734149}
@nix {"action":"start","fields":["/Users/hetzner/obrador-shared-pins-20260909/round-1-after/wide-round-1-jobs-8/store/l8pbd8k3s7v1j7yfbvlsxwhy5hy2x40g-leaf-3.drv","",1,1],"id":236820201734152,"level":3,"parent":0,"text":"building 'leaf-3.drv'","type":105}
@nix {"action":"stop","id":236820201734152}
@nix {"action":"start","fields":["/Users/hetzner/obrador-shared-pins-20260909/round-1-after/wide-round-1-jobs-8/store/c88434nyyx6ygawyw6blbsmxhf46j029-leaf-1.drv","",1,1],"id":236820201734153,"level":3,"parent":0,"text":"building 'leaf-1.drv'","type":105}
@nix {"action":"stop","id":236820201734153}
@nix {"action":"start","fields":["/Users/hetzner/obrador-shared-pins-20260909/round-1-after/wide-round-1-jobs-8/store/hjsisk33j1570sn792sxgfrc3n4xbzq3-leaf-6.drv","",1,1],"id":236820201734154,"level":3,"parent":0,"text":"building 'leaf-6.drv'","type":105}
@nix {"action":"stop","id":236820201734154}
@nix {"action":"start","fields":["/Users/hetzner/obrador-shared-pins-20260909/round-1-after/wide-round-1-jobs-8/store/mv0kjlrdnh54p8ha1z9ia7yqp191g0wp-leaf-4.drv","",1,1],"id":236820201734155,"level":3,"parent":0,"text":"building 'leaf-4.drv'","type":105}
@nix {"action":"start","fields":["/Users/hetzner/obrador-shared-pins-20260909/round-1-after/wide-round-1-jobs-8/store/8pj7isbb7cknhixfhz2im93s484fx986-leaf-0.drv","",1,1],"id":236820201734156,"level":3,"parent":0,"text":"building 'leaf-0.drv'","type":105}
@nix {"action":"stop","id":236820201734155}
@nix {"action":"start","fields":["/Users/hetzner/obrador-shared-pins-20260909/round-1-after/wide-round-1-jobs-8/store/ssz6x1jyxbsbmw2kvm2l5h6im7w484j7-leaf-2.drv","",1,1],"id":236820201734157,"level":3,"parent":0,"text":"building 'leaf-2.drv'","type":105}
@nix {"action":"start","fields":["/Users/hetzner/obrador-shared-pins-20260909/round-1-after/wide-round-1-jobs-8/store/cwnh75dl2hhvhy4i5l33v2ri4slasnss-leaf-7.drv","",1,1],"id":236820201734158,"level":3,"parent":0,"text":"building 'leaf-7.drv'","type":105}
@nix {"action":"stop","id":236820201734156}
@nix {"action":"start","fields":["/Users/hetzner/obrador-shared-pins-20260909/round-1-after/wide-round-1-jobs-8/store/gc66sldg7387h3vh5s2c2mk0i0pz9i73-leaf-5.drv","",1,1],"id":236820201734159,"level":3,"parent":0,"text":"building 'leaf-5.drv'","type":105}
@nix {"action":"stop","id":236820201734157}
@nix {"action":"stop","id":236820201734158}
@nix {"action":"stop","id":236820201734159}
@nix {"action":"start","fields":["/Users/hetzner/obrador-shared-pins-20260909/round-1-after/wide-round-1-jobs-8/store/fi64kgbyfsp7jwakzj0sm9bf0x4bv7gp-leaf-8.drv.drv","",1,1],"id":236820201734160,"level":3,"parent":0,"text":"building 'leaf-8.drv.drv'","type":105}
@nix {"action":"start","fields":["/Users/hetzner/obrador-shared-pins-20260909/round-1-after/wide-round-1-jobs-8/store/vnqfza8ja15n8kj753sakqm9dbaikwjb-leaf-9.drv.drv","",1,1],"id":236820201734161,"level":3,"parent":0,"text":"building 'leaf-9.drv.drv'","type":105}
@nix {"action":"start","fields":["/Users/hetzner/obrador-shared-pins-20260909/round-1-after/wide-round-1-jobs-8/store/4g3hf2fhvddrd0m75542h6b0jwmb81zx-leaf-10.drv.drv","",1,1],"id":236820201734162,"level":3,"parent":0,"text":"building 'leaf-10.drv.drv'","type":105}
@nix {"action":"start","fields":["/Users/hetzner/obrador-shared-pins-20260909/round-1-after/wide-round-1-jobs-8/store/il5yl02a0nvyrqrgkmfi1z2pxg0y2grh-leaf-11.drv.drv","",1,1],"id":236820201734163,"level":3,"parent":0,"text":"building 'leaf-11.drv.drv'","type":105}
@nix {"action":"start","fields":["/Users/hetzner/obrador-shared-pins-20260909/round-1-after/wide-round-1-jobs-8/store/0lkjmb1ccvbpmk9fcq0a1jzdgyvqn4ya-leaf-12.drv.drv","",1,1],"id":236820201734164,"level":3,"parent":0,"text":"building 'leaf-12.drv.drv'","type":105}
@nix {"action":"stop","id":236820201734161}
@nix {"action":"stop","id":236820201734160}
@nix {"action":"stop","id":236820201734164}
@nix {"action":"stop","id":236820201734163}
@nix {"action":"stop","id":236820201734162}
@nix {"action":"start","fields":["/Users/hetzner/obrador-shared-pins-20260909/round-1-after/wide-round-1-jobs-8/store/m6ksyfcn846fz4ycyrxb9siimv0pf9j3-leaf-13.drv.drv","",1,1],"id":236820201734165,"level":3,"parent":0,"text":"building 'leaf-13.drv.drv'","type":105}
@nix {"action":"start","fields":["/Users/hetzner/obrador-shared-pins-20260909/round-1-after/wide-round-1-jobs-8/store/6yg8gkj6w2j3w4dwff80kz4md6c9398g-leaf-14.drv.drv","",1,1],"id":236820201734166,"level":3,"parent":0,"text":"building 'leaf-14.drv.drv'","type":105}
@nix {"action":"start","fields":["/Users/hetzner/obrador-shared-pins-20260909/round-1-after/wide-round-1-jobs-8/store/i29b67m72qqw4fmzmabvgxrq9mmdq374-leaf-15.drv.drv","",1,1],"id":236820201734167,"level":3,"parent":0,"text":"building 'leaf-15.drv.drv'","type":105}
@nix {"action":"stop","id":236820201734165}
@nix {"action":"stop","id":236820201734167}
@nix {"action":"stop","id":236820201734166}
@nix {"action":"start","fields":["/Users/hetzner/obrador-shared-pins-20260909/round-1-after/wide-round-1-jobs-8/store/k239vx9w2mmabgwd9sf081jy6wa6nbz2-leaf-9.drv","",1,1],"id":236820201734168,"level":3,"parent":0,"text":"building 'leaf-9.drv'","type":105}
@nix {"action":"start","fields":["/Users/hetzner/obrador-shared-pins-20260909/round-1-after/wide-round-1-jobs-8/store/93vybls30vczsqah7k61j6aa5bbrd1i1-leaf-8.drv","",1,1],"id":236820201734169,"level":3,"parent":0,"text":"building 'leaf-8.drv'","type":105}
@nix {"action":"stop","id":236820201734168}
@nix {"action":"stop","id":236820201734169}
@nix {"action":"start","fields":["/Users/hetzner/obrador-shared-pins-20260909/round-1-after/wide-round-1-jobs-8/store/yd1sl1r1v84dr0g52y45pr9lkxmrfkic-leaf-12.drv","",1,1],"id":236820201734170,"level":3,"parent":0,"text":"building 'leaf-12.drv'","type":105}
@nix {"action":"stop","id":236820201734170}
@nix {"action":"start","fields":["/Users/hetzner/obrador-shared-pins-20260909/round-1-after/wide-round-1-jobs-8/store/lz46ia9awgc55qy0fcb7sx4p0milmx26-leaf-11.drv","",1,1],"id":236820201734171,"level":3,"parent":0,"text":"building 'leaf-11.drv'","type":105}
@nix {"action":"stop","id":236820201734171}
@nix {"action":"start","fields":["/Users/hetzner/obrador-shared-pins-20260909/round-1-after/wide-round-1-jobs-8/store/nx55drmgz6np3yzq8yn94n7sq630wpgx-leaf-10.drv","",1,1],"id":236820201734172,"level":3,"parent":0,"text":"building 'leaf-10.drv'","type":105}
@nix {"action":"start","fields":["/Users/hetzner/obrador-shared-pins-20260909/round-1-after/wide-round-1-jobs-8/store/wa5grcgk92zg3k8x5m5hl4kylrg5hzaa-leaf-13.drv","",1,1],"id":236820201734173,"level":3,"parent":0,"text":"building 'leaf-13.drv'","type":105}
@nix {"action":"stop","id":236820201734172}
@nix {"action":"stop","id":236820201734173}
@nix {"action":"start","fields":["/Users/hetzner/obrador-shared-pins-20260909/round-1-after/wide-round-1-jobs-8/store/w45csvw2hgbxmdqh9bcqp4qd1mx07d4j-leaf-15.drv","",1,1],"id":236820201734174,"level":3,"parent":0,"text":"building 'leaf-15.drv'","type":105}
@nix {"action":"stop","id":236820201734174}
@nix {"action":"start","fields":["/Users/hetzner/obrador-shared-pins-20260909/round-1-after/wide-round-1-jobs-8/store/bcmwshiflqzyg19sclva9w20zr47y9m6-leaf-14.drv","",1,1],"id":236820201734175,"level":3,"parent":0,"text":"building 'leaf-14.drv'","type":105}
@nix {"action":"stop","id":236820201734175}
@nix {"action":"start","fields":["/Users/hetzner/obrador-shared-pins-20260909/round-1-after/wide-round-1-jobs-8/store/q4ry1asjyhlpf8p0s88ax2vfv5mg0i3k-leaf-16.drv.drv","",1,1],"id":236820201734176,"level":3,"parent":0,"text":"building 'leaf-16.drv.drv'","type":105}
@nix {"action":"start","fields":["/Users/hetzner/obrador-shared-pins-20260909/round-1-after/wide-round-1-jobs-8/store/djh6rx0y83s9f95nbdra5cn7zsm8xilf-leaf-17.drv.drv","",1,1],"id":236820201734177,"level":3,"parent":0,"text":"building 'leaf-17.drv.drv'","type":105}
@nix {"action":"stop","id":236820201734176}
@nix {"action":"stop","id":236820201734177}
@nix {"action":"start","fields":["/Users/hetzner/obrador-shared-pins-20260909/round-1-after/wide-round-1-jobs-8/store/2xyjjzz9w9jqg75pr4h0ragxail8551x-leaf-18.drv.drv","",1,1],"id":236820201734178,"level":3,"parent":0,"text":"building 'leaf-18.drv.drv'","type":105}
@nix {"action":"start","fields":["/Users/hetzner/obrador-shared-pins-20260909/round-1-after/wide-round-1-jobs-8/store/bif97xds3qa53vqs4ll8a51dxmgxyw30-leaf-19.drv.drv","",1,1],"id":236820201734179,"level":3,"parent":0,"text":"building 'leaf-19.drv.drv'","type":105}
@nix {"action":"start","fields":["/Users/hetzner/obrador-shared-pins-20260909/round-1-after/wide-round-1-jobs-8/store/3l42b1dk8gwl6i2kb9ckhxlb0f8r1j6p-leaf-20.drv.drv","",1,1],"id":236820201734180,"level":3,"parent":0,"text":"building 'leaf-20.drv.drv'","type":105}
@nix {"action":"start","fields":["/Users/hetzner/obrador-shared-pins-20260909/round-1-after/wide-round-1-jobs-8/store/y5wfyhjz25srb2kdvgbzabbz6hxxgjx9-leaf-21.drv.drv","",1,1],"id":236820201734181,"level":3,"parent":0,"text":"building 'leaf-21.drv.drv'","type":105}
@nix {"action":"stop","id":236820201734179}
@nix {"action":"stop","id":236820201734180}
@nix {"action":"stop","id":236820201734178}
@nix {"action":"stop","id":236820201734181}
@nix {"action":"start","fields":["/Users/hetzner/obrador-shared-pins-20260909/round-1-after/wide-round-1-jobs-8/store/2sgdsy5g1a5k33s1wkj4ay4m18k13i3n-leaf-22.drv.drv","",1,1],"id":236820201734182,"level":3,"parent":0,"text":"building 'leaf-22.drv.drv'","type":105}
@nix {"action":"start","fields":["/Users/hetzner/obrador-shared-pins-20260909/round-1-after/wide-round-1-jobs-8/store/wl1piaf3dj2s1xh5rpm5mvpph3yxh1wx-leaf-23.drv.drv","",1,1],"id":236820201734183,"level":3,"parent":0,"text":"building 'leaf-23.drv.drv'","type":105}
@nix {"action":"stop","id":236820201734183}
@nix {"action":"start","fields":["/Users/hetzner/obrador-shared-pins-20260909/round-1-after/wide-round-1-jobs-8/store/vrcxx6701hzsgwgwp86bk5ckvx3md3s3-leaf-16.drv","",1,1],"id":236820201734184,"level":3,"parent":0,"text":"building 'leaf-16.drv'","type":105}
@nix {"action":"start","fields":["/Users/hetzner/obrador-shared-pins-20260909/round-1-after/wide-round-1-jobs-8/store/mzk5aap31qypcvhy5aw556916kz12fim-leaf-17.drv","",1,1],"id":236820201734185,"level":3,"parent":0,"text":"building 'leaf-17.drv'","type":105}
@nix {"action":"stop","id":236820201734182}
@nix {"action":"stop","id":236820201734184}
@nix {"action":"start","fields":["/Users/hetzner/obrador-shared-pins-20260909/round-1-after/wide-round-1-jobs-8/store/8kacgj3klwrawpnb2z7mnfscn7g22bwc-leaf-19.drv","",1,1],"id":236820201734186,"level":3,"parent":0,"text":"building 'leaf-19.drv'","type":105}
@nix {"action":"stop","id":236820201734185}
@nix {"action":"stop","id":236820201734186}
@nix {"action":"start","fields":["/Users/hetzner/obrador-shared-pins-20260909/round-1-after/wide-round-1-jobs-8/store/331109bc87s3v04qj57mm7l5cf9wqdsm-leaf-20.drv","",1,1],"id":236820201734187,"level":3,"parent":0,"text":"building 'leaf-20.drv'","type":105}
@nix {"action":"stop","id":236820201734187}
@nix {"action":"start","fields":["/Users/hetzner/obrador-shared-pins-20260909/round-1-after/wide-round-1-jobs-8/store/qxfy57w3r33n3b444pwjj3qs48cba5k0-leaf-18.drv","",1,1],"id":236820201734188,"level":3,"parent":0,"text":"building 'leaf-18.drv'","type":105}
@nix {"action":"start","fields":["/Users/hetzner/obrador-shared-pins-20260909/round-1-after/wide-round-1-jobs-8/store/z6q2z27s0pk8hzrf7fkv0vvvbc9l2vvd-leaf-21.drv","",1,1],"id":236820201734189,"level":3,"parent":0,"text":"building 'leaf-21.drv'","type":105}
@nix {"action":"stop","id":236820201734188}
@nix {"action":"start","fields":["/Users/hetzner/obrador-shared-pins-20260909/round-1-after/wide-round-1-jobs-8/store/f405rwiyza4jb8w9l38r9vpbi5mig9yr-leaf-23.drv","",1,1],"id":236820201734190,"level":3,"parent":0,"text":"building 'leaf-23.drv'","type":105}
@nix {"action":"stop","id":236820201734189}
@nix {"action":"stop","id":236820201734190}
@nix {"action":"start","fields":["/Users/hetzner/obrador-shared-pins-20260909/round-1-after/wide-round-1-jobs-8/store/7sy6v2br10c6k8lgs9xhl49skdc67xrg-leaf-22.drv","",1,1],"id":236820201734191,"level":3,"parent":0,"text":"building 'leaf-22.drv'","type":105}
@nix {"action":"stop","id":236820201734191}
@nix {"action":"start","fields":["/Users/hetzner/obrador-shared-pins-20260909/round-1-after/wide-round-1-jobs-8/store/vi070wkmfc1c40bwbyhz4qvd4qkmflfg-leaf-24.drv.drv","",1,1],"id":236820201734192,"level":3,"parent":0,"text":"building 'leaf-24.drv.drv'","type":105}
@nix {"action":"stop","id":236820201734192}
@nix {"action":"start","fields":["/Users/hetzner/obrador-shared-pins-20260909/round-1-after/wide-round-1-jobs-8/store/6835hj8kdb9vbyc56m3fsdqxhm7ibj20-leaf-25.drv.drv","",1,1],"id":236820201734193,"level":3,"parent":0,"text":"building 'leaf-25.drv.drv'","type":105}
@nix {"action":"stop","id":236820201734193}
@nix {"action":"start","fields":["/Users/hetzner/obrador-shared-pins-20260909/round-1-after/wide-round-1-jobs-8/store/vncbr789mnlc8cmxq82nl0x3jk48bb1g-leaf-26.drv.drv","",1,1],"id":236820201734194,"level":3,"parent":0,"text":"building 'leaf-26.drv.drv'","type":105}
@nix {"action":"start","fields":["/Users/hetzner/obrador-shared-pins-20260909/round-1-after/wide-round-1-jobs-8/store/ihgrzv53v3j0bc6f423bq2fyylfn355v-leaf-27.drv.drv","",1,1],"id":236820201734195,"level":3,"parent":0,"text":"building 'leaf-27.drv.drv'","type":105}
@nix {"action":"start","fields":["/Users/hetzner/obrador-shared-pins-20260909/round-1-after/wide-round-1-jobs-8/store/dqhw6czcamghj4qpkbg9nk6cs2qlbgbr-leaf-28.drv.drv","",1,1],"id":236820201734196,"level":3,"parent":0,"text":"building 'leaf-28.drv.drv'","type":105}
@nix {"action":"stop","id":236820201734194}
@nix {"action":"start","fields":["/Users/hetzner/obrador-shared-pins-20260909/round-1-after/wide-round-1-jobs-8/store/lsn4gsl9qdqzwhsm0ngd5lv3x10jigdg-leaf-29.drv.drv","",1,1],"id":236820201734197,"level":3,"parent":0,"text":"building 'leaf-29.drv.drv'","type":105}
@nix {"action":"stop","id":236820201734195}
@nix {"action":"stop","id":236820201734196}
@nix {"action":"stop","id":236820201734197}
@nix {"action":"start","fields":["/Users/hetzner/obrador-shared-pins-20260909/round-1-after/wide-round-1-jobs-8/store/fzl5247vm2f7ql4hdp9ic9rpfgcn4kwc-leaf-30.drv.drv","",1,1],"id":236820201734198,"level":3,"parent":0,"text":"building 'leaf-30.drv.drv'","type":105}
@nix {"action":"start","fields":["/Users/hetzner/obrador-shared-pins-20260909/round-1-after/wide-round-1-jobs-8/store/sw8m6y86brh5r9mssazhj38ixf5isnir-leaf-31.drv.drv","",1,1],"id":236820201734199,"level":3,"parent":0,"text":"building 'leaf-31.drv.drv'","type":105}
@nix {"action":"stop","id":236820201734198}
@nix {"action":"start","fields":["/Users/hetzner/obrador-shared-pins-20260909/round-1-after/wide-round-1-jobs-8/store/mnk90sg9d2v47d2gl780ppc5sv7239x7-leaf-24.drv","",1,1],"id":236820201734200,"level":3,"parent":0,"text":"building 'leaf-24.drv'","type":105}
@nix {"action":"stop","id":236820201734199}
@nix {"action":"stop","id":236820201734200}
@nix {"action":"start","fields":["/Users/hetzner/obrador-shared-pins-20260909/round-1-after/wide-round-1-jobs-8/store/kir50mjahmqbaamxjgb3asjdz324dgc3-leaf-25.drv","",1,1],"id":236820201734201,"level":3,"parent":0,"text":"building 'leaf-25.drv'","type":105}
@nix {"action":"stop","id":236820201734201}
@nix {"action":"start","fields":["/Users/hetzner/obrador-shared-pins-20260909/round-1-after/wide-round-1-jobs-8/store/053bsyywsxiavs1h6lwmgsww74d8aw00-leaf-26.drv","",1,1],"id":236820201734202,"level":3,"parent":0,"text":"building 'leaf-26.drv'","type":105}
@nix {"action":"start","fields":["/Users/hetzner/obrador-shared-pins-20260909/round-1-after/wide-round-1-jobs-8/store/vmnfpkm6yi1mnphkyqyyl88nhfpd4qma-leaf-27.drv","",1,1],"id":236820201734203,"level":3,"parent":0,"text":"building 'leaf-27.drv'","type":105}
@nix {"action":"stop","id":236820201734202}
@nix {"action":"stop","id":236820201734203}
@nix {"action":"start","fields":["/Users/hetzner/obrador-shared-pins-20260909/round-1-after/wide-round-1-jobs-8/store/apxg93mlz86q3rpxydy9vqpp326jp1vf-leaf-28.drv","",1,1],"id":236820201734204,"level":3,"parent":0,"text":"building 'leaf-28.drv'","type":105}
@nix {"action":"stop","id":236820201734204}
@nix {"action":"start","fields":["/Users/hetzner/obrador-shared-pins-20260909/round-1-after/wide-round-1-jobs-8/store/mhl05ml9v190vkfvqq4dwpidzsjrd971-leaf-29.drv","",1,1],"id":236820201734205,"level":3,"parent":0,"text":"building 'leaf-29.drv'","type":105}
@nix {"action":"stop","id":236820201734205}
@nix {"action":"start","fields":["/Users/hetzner/obrador-shared-pins-20260909/round-1-after/wide-round-1-jobs-8/store/rrn0ly28vr7jrrnrz4cgx6q8v9yyb2l2-leaf-30.drv","",1,1],"id":236820201734206,"level":3,"parent":0,"text":"building 'leaf-30.drv'","type":105}
@nix {"action":"stop","id":236820201734206}
@nix {"action":"start","fields":["/Users/hetzner/obrador-shared-pins-20260909/round-1-after/wide-round-1-jobs-8/store/6fljwk9q65cbc2lbwb06xi86l414jiqh-leaf-31.drv","",1,1],"id":236820201734207,"level":3,"parent":0,"text":"building 'leaf-31.drv'","type":105}
@nix {"action":"stop","id":236820201734207}
