copying 33 paths...
copying path '/Users/hetzner/obrador-shared-pins-20260909/round-1-after/wide-round-1-jobs-8/store/pvsx94zf96cgw984p2sh1df9xggvyd7h-seed' to 'obrador+local:///Users/hetzner/obrador-shared-pins-20260909/round-1-after/wide-round-1-jobs-8/obrador/state'...
copying path '/Users/hetzner/obrador-shared-pins-20260909/round-1-after/wide-round-1-jobs-8/store/6yg8gkj6w2j3w4dwff80kz4md6c9398g-leaf-14.drv.drv' to 'obrador+local:///Users/hetzner/obrador-shared-pins-20260909/round-1-after/wide-round-1-jobs-8/obrador/state'...
copying path '/Users/hetzner/obrador-shared-pins-20260909/round-1-after/wide-round-1-jobs-8/store/4g3hf2fhvddrd0m75542h6b0jwmb81zx-leaf-10.drv.drv' to 'obrador+local:///Users/hetzner/obrador-shared-pins-20260909/round-1-after/wide-round-1-jobs-8/obrador/state'...
copying path '/Users/hetzner/obrador-shared-pins-20260909/round-1-after/wide-round-1-jobs-8/store/3l42b1dk8gwl6i2kb9ckhxlb0f8r1j6p-leaf-20.drv.drv' to 'obrador+local:///Users/hetzner/obrador-shared-pins-20260909/round-1-after/wide-round-1-jobs-8/obrador/state'...
copying path '/Users/hetzner/obrador-shared-pins-20260909/round-1-after/wide-round-1-jobs-8/store/1i3i6aj6c6ypkjlmi3z2dhddjzvz2pjd-leaf-3.drv.drv' to 'obrador+local:///Users/hetzner/obrador-shared-pins-20260909/round-1-after/wide-round-1-jobs-8/obrador/state'...
copying path '/Users/hetzner/obrador-shared-pins-20260909/round-1-after/wide-round-1-jobs-8/store/6835hj8kdb9vbyc56m3fsdqxhm7ibj20-leaf-25.drv.drv' to 'obrador+local:///Users/hetzner/obrador-shared-pins-20260909/round-1-after/wide-round-1-jobs-8/obrador/state'...
copying path '/Users/hetzner/obrador-shared-pins-20260909/round-1-after/wide-round-1-jobs-8/store/0lkjmb1ccvbpmk9fcq0a1jzdgyvqn4ya-leaf-12.drv.drv' to 'obrador+local:///Users/hetzner/obrador-shared-pins-20260909/round-1-after/wide-round-1-jobs-8/obrador/state'...
copying path '/Users/hetzner/obrador-shared-pins-20260909/round-1-after/wide-round-1-jobs-8/store/2sgdsy5g1a5k33s1wkj4ay4m18k13i3n-leaf-22.drv.drv' to 'obrador+local:///Users/hetzner/obrador-shared-pins-20260909/round-1-after/wide-round-1-jobs-8/obrador/state'...
copying path '/Users/hetzner/obrador-shared-pins-20260909/round-1-after/wide-round-1-jobs-8/store/2xyjjzz9w9jqg75pr4h0ragxail8551x-leaf-18.drv.drv' to 'obrador+local:///Users/hetzner/obrador-shared-pins-20260909/round-1-after/wide-round-1-jobs-8/obrador/state'...
copying path '/Users/hetzner/obrador-shared-pins-20260909/round-1-after/wide-round-1-jobs-8/store/bif97xds3qa53vqs4ll8a51dxmgxyw30-leaf-19.drv.drv' to 'obrador+local:///Users/hetzner/obrador-shared-pins-20260909/round-1-after/wide-round-1-jobs-8/obrador/state'...
copying path '/Users/hetzner/obrador-shared-pins-20260909/round-1-after/wide-round-1-jobs-8/store/djh6rx0y83s9f95nbdra5cn7zsm8xilf-leaf-17.drv.drv' to 'obrador+local:///Users/hetzner/obrador-shared-pins-20260909/round-1-after/wide-round-1-jobs-8/obrador/state'...
copying path '/Users/hetzner/obrador-shared-pins-20260909/round-1-after/wide-round-1-jobs-8/store/dqhw6czcamghj4qpkbg9nk6cs2qlbgbr-leaf-28.drv.drv' to 'obrador+local:///Users/hetzner/obrador-shared-pins-20260909/round-1-after/wide-round-1-jobs-8/obrador/state'...
copying path '/Users/hetzner/obrador-shared-pins-20260909/round-1-after/wide-round-1-jobs-8/store/fi64kgbyfsp7jwakzj0sm9bf0x4bv7gp-leaf-8.drv.drv' to 'obrador+local:///Users/hetzner/obrador-shared-pins-20260909/round-1-after/wide-round-1-jobs-8/obrador/state'...
copying path '/Users/hetzner/obrador-shared-pins-20260909/round-1-after/wide-round-1-jobs-8/store/fzl5247vm2f7ql4hdp9ic9rpfgcn4kwc-leaf-30.drv.drv' to 'obrador+local:///Users/hetzner/obrador-shared-pins-20260909/round-1-after/wide-round-1-jobs-8/obrador/state'...
copying path '/Users/hetzner/obrador-shared-pins-20260909/round-1-after/wide-round-1-jobs-8/store/ghaq1kwssp6hwn85l4lcx1kw6jyqy3ys-leaf-5.drv.drv' to 'obrador+local:///Users/hetzner/obrador-shared-pins-20260909/round-1-after/wide-round-1-jobs-8/obrador/state'...
copying path '/Users/hetzner/obrador-shared-pins-20260909/round-1-after/wide-round-1-jobs-8/store/i29b67m72qqw4fmzmabvgxrq9mmdq374-leaf-15.drv.drv' to 'obrador+local:///Users/hetzner/obrador-shared-pins-20260909/round-1-after/wide-round-1-jobs-8/obrador/state'...
copying path '/Users/hetzner/obrador-shared-pins-20260909/round-1-after/wide-round-1-jobs-8/store/ihgrzv53v3j0bc6f423bq2fyylfn355v-leaf-27.drv.drv' to 'obrador+local:///Users/hetzner/obrador-shared-pins-20260909/round-1-after/wide-round-1-jobs-8/obrador/state'...
copying path '/Users/hetzner/obrador-shared-pins-20260909/round-1-after/wide-round-1-jobs-8/store/il5yl02a0nvyrqrgkmfi1z2pxg0y2grh-leaf-11.drv.drv' to 'obrador+local:///Users/hetzner/obrador-shared-pins-20260909/round-1-after/wide-round-1-jobs-8/obrador/state'...
copying path '/Users/hetzner/obrador-shared-pins-20260909/round-1-after/wide-round-1-jobs-8/store/jmwjprv3pjb7n0az8m0sjmqpkml05c80-leaf-0.drv.drv' to 'obrador+local:///Users/hetzner/obrador-shared-pins-20260909/round-1-after/wide-round-1-jobs-8/obrador/state'...
copying path '/Users/hetzner/obrador-shared-pins-20260909/round-1-after/wide-round-1-jobs-8/store/lsn4gsl9qdqzwhsm0ngd5lv3x10jigdg-leaf-29.drv.drv' to 'obrador+local:///Users/hetzner/obrador-shared-pins-20260909/round-1-after/wide-round-1-jobs-8/obrador/state'...
copying path '/Users/hetzner/obrador-shared-pins-20260909/round-1-after/wide-round-1-jobs-8/store/m6ksyfcn846fz4ycyrxb9siimv0pf9j3-leaf-13.drv.drv' to 'obrador+local:///Users/hetzner/obrador-shared-pins-20260909/round-1-after/wide-round-1-jobs-8/obrador/state'...
copying path '/Users/hetzner/obrador-shared-pins-20260909/round-1-after/wide-round-1-jobs-8/store/q4ry1asjyhlpf8p0s88ax2vfv5mg0i3k-leaf-16.drv.drv' to 'obrador+local:///Users/hetzner/obrador-shared-pins-20260909/round-1-after/wide-round-1-jobs-8/obrador/state'...
copying path '/Users/hetzner/obrador-shared-pins-20260909/round-1-after/wide-round-1-jobs-8/store/qb86sra0lqcq349kzmn18bvp8l3g61k6-leaf-1.drv.drv' to 'obrador+local:///Users/hetzner/obrador-shared-pins-20260909/round-1-after/wide-round-1-jobs-8/obrador/state'...
copying path '/Users/hetzner/obrador-shared-pins-20260909/round-1-after/wide-round-1-jobs-8/store/qdcjdikvwrqmhdihh07j2zm74l77jvqw-leaf-7.drv.drv' to 'obrador+local:///Users/hetzner/obrador-shared-pins-20260909/round-1-after/wide-round-1-jobs-8/obrador/state'...
copying path '/Users/hetzner/obrador-shared-pins-20260909/round-1-after/wide-round-1-jobs-8/store/sap2f1qpzdhzdqw0x4q8vs9ijnq1vyyx-leaf-2.drv.drv' to 'obrador+local:///Users/hetzner/obrador-shared-pins-20260909/round-1-after/wide-round-1-jobs-8/obrador/state'...
copying path '/Users/hetzner/obrador-shared-pins-20260909/round-1-after/wide-round-1-jobs-8/store/sw8m6y86brh5r9mssazhj38ixf5isnir-leaf-31.drv.drv' to 'obrador+local:///Users/hetzner/obrador-shared-pins-20260909/round-1-after/wide-round-1-jobs-8/obrador/state'...
copying path '/Users/hetzner/obrador-shared-pins-20260909/round-1-after/wide-round-1-jobs-8/store/vi070wkmfc1c40bwbyhz4qvd4qkmflfg-leaf-24.drv.drv' to 'obrador+local:///Users/hetzner/obrador-shared-pins-20260909/round-1-after/wide-round-1-jobs-8/obrador/state'...
copying path '/Users/hetzner/obrador-shared-pins-20260909/round-1-after/wide-round-1-jobs-8/store/vncbr789mnlc8cmxq82nl0x3jk48bb1g-leaf-26.drv.drv' to 'obrador+local:///Users/hetzner/obrador-shared-pins-20260909/round-1-after/wide-round-1-jobs-8/obrador/state'...
copying path '/Users/hetzner/obrador-shared-pins-20260909/round-1-after/wide-round-1-jobs-8/store/vnqfza8ja15n8kj753sakqm9dbaikwjb-leaf-9.drv.drv' to 'obrador+local:///Users/hetzner/obrador-shared-pins-20260909/round-1-after/wide-round-1-jobs-8/obrador/state'...
copying path '/Users/hetzner/obrador-shared-pins-20260909/round-1-after/wide-round-1-jobs-8/store/w0gi6s3bf166g9zpvqsmnk1ljjrx0lsn-leaf-4.drv.drv' to 'obrador+local:///Users/hetzner/obrador-shared-pins-20260909/round-1-after/wide-round-1-jobs-8/obrador/state'...
copying path '/Users/hetzner/obrador-shared-pins-20260909/round-1-after/wide-round-1-jobs-8/store/wl1piaf3dj2s1xh5rpm5mvpph3yxh1wx-leaf-23.drv.drv' to 'obrador+local:///Users/hetzner/obrador-shared-pins-20260909/round-1-after/wide-round-1-jobs-8/obrador/state'...
copying path '/Users/hetzner/obrador-shared-pins-20260909/round-1-after/wide-round-1-jobs-8/store/xmirsk85hyrk5gxf207sp5wij1w61h4c-leaf-6.drv.drv' to 'obrador+local:///Users/hetzner/obrador-shared-pins-20260909/round-1-after/wide-round-1-jobs-8/obrador/state'...
copying path '/Users/hetzner/obrador-shared-pins-20260909/round-1-after/wide-round-1-jobs-8/store/y5wfyhjz25srb2kdvgbzabbz6hxxgjx9-leaf-21.drv.drv' to 'obrador+local:///Users/hetzner/obrador-shared-pins-20260909/round-1-after/wide-round-1-jobs-8/obrador/state'...
