Benchmarking nar_partial/local/1
Benchmarking nar_partial/local/1: Warming up for 100.00 ms

Warning: Unable to complete 10 samples in 500.0ms. You may wish to increase target time to 9.4s.
Benchmarking nar_partial/local/1: Collecting 10 samples in estimated 9.3928 s (10 iterations)
Benchmarking nar_partial/local/1: Analyzing
nar_partial/local/1     time:   [10.448 ms 12.504 ms 15.676 ms]
Found 2 outliers among 10 measurements (20.00%)
  1 (10.00%) low mild
  1 (10.00%) high severe
Benchmarking nar_partial/local/256
Benchmarking nar_partial/local/256: Warming up for 100.00 ms

Warning: Unable to complete 10 samples in 500.0ms. You may wish to increase target time to 11.4s.
Benchmarking nar_partial/local/256: Collecting 10 samples in estimated 11.373 s (10 iterations)
Benchmarking nar_partial/local/256: Analyzing
nar_partial/local/256   time:   [250.57 ms 365.99 ms 529.50 ms]
Found 1 outliers among 10 measurements (10.00%)
  1 (10.00%) high severe
Benchmarking nar_partial/memory/1
Benchmarking nar_partial/memory/1: Warming up for 100.00 ms
Benchmarking nar_partial/memory/1: Collecting 10 samples in estimated 533.53 ms (165 iterations)
Benchmarking nar_partial/memory/1: Analyzing
nar_partial/memory/1    time:   [132.03 µs 143.03 µs 151.74 µs]
Benchmarking nar_partial/memory/256
Benchmarking nar_partial/memory/256: Warming up for 100.00 ms

Warning: Unable to complete 10 samples in 500.0ms. You may wish to increase target time to 579.6ms.
Benchmarking nar_partial/memory/256: Collecting 10 samples in estimated 579.56 ms (10 iterations)
Benchmarking nar_partial/memory/256: Analyzing
nar_partial/memory/256  time:   [11.683 ms 14.875 ms 18.159 ms]
