Benchmarking nar_partial/local/1
Benchmarking nar_partial/local/1: Warming up for 100.00 ms

Warning: Unable to complete 10 samples in 500.0ms. You may wish to increase target time to 6.8s.
Benchmarking nar_partial/local/1: Collecting 10 samples in estimated 6.8287 s (10 iterations)
Benchmarking nar_partial/local/1: Analyzing
nar_partial/local/1     time:   [6.5535 ms 7.2969 ms 8.0303 ms]
Benchmarking nar_partial/local/256
Benchmarking nar_partial/local/256: Warming up for 100.00 ms

Warning: Unable to complete 10 samples in 500.0ms. You may wish to increase target time to 7.2s.
Benchmarking nar_partial/local/256: Collecting 10 samples in estimated 7.1929 s (10 iterations)
Benchmarking nar_partial/local/256: Analyzing
nar_partial/local/256   time:   [38.108 ms 42.345 ms 48.791 ms]
Found 1 outliers among 10 measurements (10.00%)
  1 (10.00%) high severe
Benchmarking nar_partial/memory/1
Benchmarking nar_partial/memory/1: Warming up for 100.00 ms
Benchmarking nar_partial/memory/1: Collecting 10 samples in estimated 517.17 ms (1155 iterations)
Benchmarking nar_partial/memory/1: Analyzing
nar_partial/memory/1    time:   [45.431 µs 46.959 µs 48.779 µs]
Benchmarking nar_partial/memory/256
Benchmarking nar_partial/memory/256: Warming up for 100.00 ms

Warning: Unable to complete 10 samples in 500.0ms. You may wish to increase target time to 664.6ms or enable flat sampling.
Benchmarking nar_partial/memory/256: Collecting 10 samples in estimated 664.63 ms (55 iterations)
Benchmarking nar_partial/memory/256: Analyzing
nar_partial/memory/256  time:   [3.1252 ms 3.2603 ms 3.3542 ms]
Found 1 outliers among 10 measurements (10.00%)
  1 (10.00%) high mild
