Benchmarking nar_partial/local/1
Benchmarking nar_partial/local/1: Warming up for 100.00 ms

Warning: Unable to complete 10 samples in 500.0ms. You may wish to increase target time to 4.5s.
Benchmarking nar_partial/local/1: Collecting 10 samples in estimated 4.4808 s (10 iterations)
Benchmarking nar_partial/local/1: Analyzing
nar_partial/local/1     time:   [7.5737 ms 9.0736 ms 10.842 ms]
Benchmarking nar_partial/local/256
Benchmarking nar_partial/local/256: Warming up for 100.00 ms

Warning: Unable to complete 10 samples in 500.0ms. You may wish to increase target time to 13.6s.
Benchmarking nar_partial/local/256: Collecting 10 samples in estimated 13.563 s (10 iterations)
Benchmarking nar_partial/local/256: Analyzing
nar_partial/local/256   time:   [70.390 ms 85.279 ms 103.37 ms]
Found 1 outliers among 10 measurements (10.00%)
  1 (10.00%) high mild
Benchmarking nar_partial/memory/1
Benchmarking nar_partial/memory/1: Warming up for 100.00 ms
Benchmarking nar_partial/memory/1: Collecting 10 samples in estimated 500.81 ms (990 iterations)
Benchmarking nar_partial/memory/1: Analyzing
nar_partial/memory/1    time:   [43.985 µs 46.193 µs 48.115 µs]
Benchmarking nar_partial/memory/256
Benchmarking nar_partial/memory/256: Warming up for 100.00 ms

Warning: Unable to complete 10 samples in 500.0ms. You may wish to increase target time to 643.3ms or enable flat sampling.
Benchmarking nar_partial/memory/256: Collecting 10 samples in estimated 643.27 ms (55 iterations)
Benchmarking nar_partial/memory/256: Analyzing
nar_partial/memory/256  time:   [2.9190 ms 3.0195 ms 3.2496 ms]
Found 1 outliers among 10 measurements (10.00%)
  1 (10.00%) high mild
