Benchmarking nar_partial/local/1
Benchmarking nar_partial/local/1: Warming up for 100.00 ms

Warning: Unable to complete 10 samples in 500.0ms. You may wish to increase target time to 3.6s.
Benchmarking nar_partial/local/1: Collecting 10 samples in estimated 3.6421 s (10 iterations)
Benchmarking nar_partial/local/1: Analyzing
nar_partial/local/1     time:   [5.5471 ms 6.0439 ms 6.5812 ms]
Benchmarking nar_partial/local/256
Benchmarking nar_partial/local/256: Warming up for 100.00 ms

Warning: Unable to complete 10 samples in 500.0ms. You may wish to increase target time to 5.8s.
Benchmarking nar_partial/local/256: Collecting 10 samples in estimated 5.8277 s (10 iterations)
Benchmarking nar_partial/local/256: Analyzing
nar_partial/local/256   time:   [34.261 ms 35.656 ms 37.281 ms]
Benchmarking nar_partial/memory/1
Benchmarking nar_partial/memory/1: Warming up for 100.00 ms
Benchmarking nar_partial/memory/1: Collecting 10 samples in estimated 522.17 ms (1265 iterations)
Benchmarking nar_partial/memory/1: Analyzing
nar_partial/memory/1    time:   [42.109 µs 42.943 µs 43.488 µs]
Benchmarking nar_partial/memory/256
Benchmarking nar_partial/memory/256: Warming up for 100.00 ms

Warning: Unable to complete 10 samples in 500.0ms. You may wish to increase target time to 663.9ms or enable flat sampling.
Benchmarking nar_partial/memory/256: Collecting 10 samples in estimated 663.93 ms (55 iterations)
Benchmarking nar_partial/memory/256: Analyzing
nar_partial/memory/256  time:   [3.1453 ms 3.1780 ms 3.2093 ms]
