Benchmarking nar_partial/local/1
Benchmarking nar_partial/local/1: Warming up for 100.00 ms

Warning: Unable to complete 10 samples in 500.0ms. You may wish to increase target time to 2.4s.
Benchmarking nar_partial/local/1: Collecting 10 samples in estimated 2.4288 s (10 iterations)
Benchmarking nar_partial/local/1: Analyzing
nar_partial/local/1     time:   [3.8249 ms 3.9752 ms 4.1114 ms]
Benchmarking nar_partial/local/256
Benchmarking nar_partial/local/256: Warming up for 100.00 ms

Warning: Unable to complete 10 samples in 500.0ms. You may wish to increase target time to 3.6s.
Benchmarking nar_partial/local/256: Collecting 10 samples in estimated 3.5966 s (10 iterations)
Benchmarking nar_partial/local/256: Analyzing
nar_partial/local/256   time:   [31.758 ms 32.352 ms 33.091 ms]
Found 1 outliers among 10 measurements (10.00%)
  1 (10.00%) high mild
Benchmarking nar_partial/memory/1
Benchmarking nar_partial/memory/1: Warming up for 100.00 ms
Benchmarking nar_partial/memory/1: Collecting 10 samples in estimated 509.13 ms (1210 iterations)
Benchmarking nar_partial/memory/1: Analyzing
nar_partial/memory/1    time:   [40.903 µs 42.430 µs 44.657 µs]
Benchmarking nar_partial/memory/256
Benchmarking nar_partial/memory/256: Warming up for 100.00 ms

Warning: Unable to complete 10 samples in 500.0ms. You may wish to increase target time to 956.7ms or enable flat sampling.
Benchmarking nar_partial/memory/256: Collecting 10 samples in estimated 956.70 ms (55 iterations)
Benchmarking nar_partial/memory/256: Analyzing
nar_partial/memory/256  time:   [3.4188 ms 3.6666 ms 3.9124 ms]
Found 2 outliers among 10 measurements (20.00%)
  1 (10.00%) low mild
  1 (10.00%) high severe
