@nix {"action":"msg","level":3,"msg":"these 32 derivations will be built:"}
@nix {"action":"msg","level":3,"msg":"  /Users/hetzner/obrador-shared-pins-20260909/round-3-after/wide-round-1-jobs-8/store/0cpqng8g2ykl9bk1hi1999s7vpq14hdg-leaf-10.drv.drv"}
@nix {"action":"msg","level":3,"msg":"  /Users/hetzner/obrador-shared-pins-20260909/round-3-after/wide-round-1-jobs-8/store/0rn9yh4y1xfc8f2psnz4vkg8d28flyhs-leaf-29.drv.drv"}
@nix {"action":"msg","level":3,"msg":"  /Users/hetzner/obrador-shared-pins-20260909/round-3-after/wide-round-1-jobs-8/store/4wicma6x8dfx50b4r69hzvcqmvd0mmya-leaf-16.drv.drv"}
@nix {"action":"msg","level":3,"msg":"  /Users/hetzner/obrador-shared-pins-20260909/round-3-after/wide-round-1-jobs-8/store/54dr77js4zlwqi7r9jcqv03xj09pgd5l-leaf-1.drv.drv"}
@nix {"action":"msg","level":3,"msg":"  /Users/hetzner/obrador-shared-pins-20260909/round-3-after/wide-round-1-jobs-8/store/5b4334xn3nqwqa15z2ch8am49bf0fci6-leaf-22.drv.drv"}
@nix {"action":"msg","level":3,"msg":"  /Users/hetzner/obrador-shared-pins-20260909/round-3-after/wide-round-1-jobs-8/store/6dsk0rbw3w8h68ajwbh45xr1dvka3fgx-leaf-5.drv.drv"}
@nix {"action":"msg","level":3,"msg":"  /Users/hetzner/obrador-shared-pins-20260909/round-3-after/wide-round-1-jobs-8/store/9lnl0k11nb1yykldmmwvh7bblib8wsd4-leaf-14.drv.drv"}
@nix {"action":"msg","level":3,"msg":"  /Users/hetzner/obrador-shared-pins-20260909/round-3-after/wide-round-1-jobs-8/store/9vydcf4z73qjc3ci5acpy2agrg53yvai-leaf-18.drv.drv"}
@nix {"action":"msg","level":3,"msg":"  /Users/hetzner/obrador-shared-pins-20260909/round-3-after/wide-round-1-jobs-8/store/b3q2f16my8l0rpznx05c7xjp16mm3a89-leaf-2.drv.drv"}
@nix {"action":"msg","level":3,"msg":"  /Users/hetzner/obrador-shared-pins-20260909/round-3-after/wide-round-1-jobs-8/store/d3k93f1ai331xs1ni154q9kp6g7s6smv-leaf-21.drv.drv"}
@nix {"action":"msg","level":3,"msg":"  /Users/hetzner/obrador-shared-pins-20260909/round-3-after/wide-round-1-jobs-8/store/dv5lckjqcz1cdn9x6p7lr4nxmblaw06d-leaf-13.drv.drv"}
@nix {"action":"msg","level":3,"msg":"  /Users/hetzner/obrador-shared-pins-20260909/round-3-after/wide-round-1-jobs-8/store/f05s1v9wrb7mrz46ps1i9s2f67v87aq8-leaf-12.drv.drv"}
@nix {"action":"msg","level":3,"msg":"  /Users/hetzner/obrador-shared-pins-20260909/round-3-after/wide-round-1-jobs-8/store/fp2f1y49hzsh96m5fpbyc1hayngc9jlb-leaf-6.drv.drv"}
@nix {"action":"msg","level":3,"msg":"  /Users/hetzner/obrador-shared-pins-20260909/round-3-after/wide-round-1-jobs-8/store/g1dsbh84fzvbyis18xccp7c07g1llila-leaf-28.drv.drv"}
@nix {"action":"msg","level":3,"msg":"  /Users/hetzner/obrador-shared-pins-20260909/round-3-after/wide-round-1-jobs-8/store/hizvqy2yyqxdi1ssjgkm3xmkbandswcy-leaf-20.drv.drv"}
@nix {"action":"msg","level":3,"msg":"  /Users/hetzner/obrador-shared-pins-20260909/round-3-after/wide-round-1-jobs-8/store/i7kb36jlkg6bag59vb4vwfsy3wx4ac1l-leaf-3.drv.drv"}
@nix {"action":"msg","level":3,"msg":"  /Users/hetzner/obrador-shared-pins-20260909/round-3-after/wide-round-1-jobs-8/store/incsgnar9x56mar2plhizs8lgpmy9haw-leaf-24.drv.drv"}
@nix {"action":"msg","level":3,"msg":"  /Users/hetzner/obrador-shared-pins-20260909/round-3-after/wide-round-1-jobs-8/store/k9s84l3anhrdvyl3xbgz5ng7gps2larb-leaf-7.drv.drv"}
@nix {"action":"msg","level":3,"msg":"  /Users/hetzner/obrador-shared-pins-20260909/round-3-after/wide-round-1-jobs-8/store/kbmyg0lj2i56r7saff0jfy2smzkw69zi-leaf-25.drv.drv"}
@nix {"action":"msg","level":3,"msg":"  /Users/hetzner/obrador-shared-pins-20260909/round-3-after/wide-round-1-jobs-8/store/kha5pcw70d17a5cbwpi850gky4blcimk-leaf-4.drv.drv"}
@nix {"action":"msg","level":3,"msg":"  /Users/hetzner/obrador-shared-pins-20260909/round-3-after/wide-round-1-jobs-8/store/lhb3hy3xca8zsi6xax6p6g461lvs1468-leaf-27.drv.drv"}
@nix {"action":"msg","level":3,"msg":"  /Users/hetzner/obrador-shared-pins-20260909/round-3-after/wide-round-1-jobs-8/store/lplmd9pgygiajvrixq59639k5inli39f-leaf-8.drv.drv"}
@nix {"action":"msg","level":3,"msg":"  /Users/hetzner/obrador-shared-pins-20260909/round-3-after/wide-round-1-jobs-8/store/pdhmhz2mqlz33d9z2h1a50lc3w2aa68v-leaf-26.drv.drv"}
@nix {"action":"msg","level":3,"msg":"  /Users/hetzner/obrador-shared-pins-20260909/round-3-after/wide-round-1-jobs-8/store/qvb9naz0mnyy2ksv2y67f0wnbrm0rsv7-leaf-19.drv.drv"}
@nix {"action":"msg","level":3,"msg":"  /Users/hetzner/obrador-shared-pins-20260909/round-3-after/wide-round-1-jobs-8/store/svr26dvh4739hmcib2psdsrxak0f89xw-leaf-30.drv.drv"}
@nix {"action":"msg","level":3,"msg":"  /Users/hetzner/obrador-shared-pins-20260909/round-3-after/wide-round-1-jobs-8/store/vimgwrkv9b1crfd3as337d15safyf3np-leaf-17.drv.drv"}
@nix {"action":"msg","level":3,"msg":"  /Users/hetzner/obrador-shared-pins-20260909/round-3-after/wide-round-1-jobs-8/store/w3q3apckvqvr8pp98j4naw4khnqg59b1-leaf-9.drv.drv"}
@nix {"action":"msg","level":3,"msg":"  /Users/hetzner/obrador-shared-pins-20260909/round-3-after/wide-round-1-jobs-8/store/whxa8iddpygs968nsjrv9rmy4rixf9qz-leaf-31.drv.drv"}
@nix {"action":"msg","level":3,"msg":"  /Users/hetzner/obrador-shared-pins-20260909/round-3-after/wide-round-1-jobs-8/store/x8mgg0zrnjwh6hqp67kzdpzcz27bg8m3-leaf-15.drv.drv"}
@nix {"action":"msg","level":3,"msg":"  /Users/hetzner/obrador-shared-pins-20260909/round-3-after/wide-round-1-jobs-8/store/yahcwxkxnl6vfb4q7xpxxy84kp0jjqns-leaf-0.drv.drv"}
@nix {"action":"msg","level":3,"msg":"  /Users/hetzner/obrador-shared-pins-20260909/round-3-after/wide-round-1-jobs-8/store/yy4fxbaxs3v398id99m78c7v2977x58i-leaf-11.drv.drv"}
@nix {"action":"msg","level":3,"msg":"  /Users/hetzner/obrador-shared-pins-20260909/round-3-after/wide-round-1-jobs-8/store/zqgdbwa72haxr5xgjwizwmil6js3cpsi-leaf-23.drv.drv"}
@nix {"action":"start","fields":["/Users/hetzner/obrador-shared-pins-20260909/round-3-after/wide-round-1-jobs-8/store/yahcwxkxnl6vfb4q7xpxxy84kp0jjqns-leaf-0.drv.drv","",1,1],"id":245616294756352,"level":3,"parent":0,"text":"building 'leaf-0.drv.drv'","type":105}
@nix {"action":"start","fields":["/Users/hetzner/obrador-shared-pins-20260909/round-3-after/wide-round-1-jobs-8/store/54dr77js4zlwqi7r9jcqv03xj09pgd5l-leaf-1.drv.drv","",1,1],"id":245616294756353,"level":3,"parent":0,"text":"building 'leaf-1.drv.drv'","type":105}
@nix {"action":"start","fields":["/Users/hetzner/obrador-shared-pins-20260909/round-3-after/wide-round-1-jobs-8/store/b3q2f16my8l0rpznx05c7xjp16mm3a89-leaf-2.drv.drv","",1,1],"id":245616294756354,"level":3,"parent":0,"text":"building 'leaf-2.drv.drv'","type":105}
@nix {"action":"start","fields":["/Users/hetzner/obrador-shared-pins-20260909/round-3-after/wide-round-1-jobs-8/store/i7kb36jlkg6bag59vb4vwfsy3wx4ac1l-leaf-3.drv.drv","",1,1],"id":245616294756355,"level":3,"parent":0,"text":"building 'leaf-3.drv.drv'","type":105}
@nix {"action":"start","fields":["/Users/hetzner/obrador-shared-pins-20260909/round-3-after/wide-round-1-jobs-8/store/kha5pcw70d17a5cbwpi850gky4blcimk-leaf-4.drv.drv","",1,1],"id":245616294756356,"level":3,"parent":0,"text":"building 'leaf-4.drv.drv'","type":105}
@nix {"action":"start","fields":["/Users/hetzner/obrador-shared-pins-20260909/round-3-after/wide-round-1-jobs-8/store/6dsk0rbw3w8h68ajwbh45xr1dvka3fgx-leaf-5.drv.drv","",1,1],"id":245616294756357,"level":3,"parent":0,"text":"building 'leaf-5.drv.drv'","type":105}
@nix {"action":"start","fields":["/Users/hetzner/obrador-shared-pins-20260909/round-3-after/wide-round-1-jobs-8/store/fp2f1y49hzsh96m5fpbyc1hayngc9jlb-leaf-6.drv.drv","",1,1],"id":245616294756358,"level":3,"parent":0,"text":"building 'leaf-6.drv.drv'","type":105}
@nix {"action":"start","fields":["/Users/hetzner/obrador-shared-pins-20260909/round-3-after/wide-round-1-jobs-8/store/k9s84l3anhrdvyl3xbgz5ng7gps2larb-leaf-7.drv.drv","",1,1],"id":245616294756359,"level":3,"parent":0,"text":"building 'leaf-7.drv.drv'","type":105}
@nix {"action":"stop","id":245616294756355}
@nix {"action":"stop","id":245616294756357}
@nix {"action":"stop","id":245616294756354}
@nix {"action":"stop","id":245616294756358}
@nix {"action":"stop","id":245616294756352}
@nix {"action":"stop","id":245616294756356}
@nix {"action":"stop","id":245616294756353}
@nix {"action":"stop","id":245616294756359}
@nix {"action":"start","fields":["/Users/hetzner/obrador-shared-pins-20260909/round-3-after/wide-round-1-jobs-8/store/i5s8xw819naz1yr0jp28aszbqp5z1qm5-leaf-3.drv","",1,1],"id":245616294756360,"level":3,"parent":0,"text":"building 'leaf-3.drv'","type":105}
@nix {"action":"stop","id":245616294756360}
@nix {"action":"start","fields":["/Users/hetzner/obrador-shared-pins-20260909/round-3-after/wide-round-1-jobs-8/store/36dhyibgrpk4y7mvpc3hw1mcn9y7ym9n-leaf-5.drv","",1,1],"id":245616294756361,"level":3,"parent":0,"text":"building 'leaf-5.drv'","type":105}
@nix {"action":"stop","id":245616294756361}
@nix {"action":"start","fields":["/Users/hetzner/obrador-shared-pins-20260909/round-3-after/wide-round-1-jobs-8/store/hj22s87salpsiicc7dvrmmlnm2bnzcvb-leaf-2.drv","",1,1],"id":245616294756362,"level":3,"parent":0,"text":"building 'leaf-2.drv'","type":105}
@nix {"action":"start","fields":["/Users/hetzner/obrador-shared-pins-20260909/round-3-after/wide-round-1-jobs-8/store/l6xjkjymj18sq4bjbrnva67pyqw9vkng-leaf-6.drv","",1,1],"id":245616294756363,"level":3,"parent":0,"text":"building 'leaf-6.drv'","type":105}
@nix {"action":"stop","id":245616294756362}
@nix {"action":"start","fields":["/Users/hetzner/obrador-shared-pins-20260909/round-3-after/wide-round-1-jobs-8/store/9mg7d0g5xaimnpjhypd99kmg2d0mq1gp-leaf-0.drv","",1,1],"id":245616294756364,"level":3,"parent":0,"text":"building 'leaf-0.drv'","type":105}
@nix {"action":"stop","id":245616294756363}
@nix {"action":"start","fields":["/Users/hetzner/obrador-shared-pins-20260909/round-3-after/wide-round-1-jobs-8/store/7377hnr3qyycrs164nip1r1sn30crlq0-leaf-4.drv","",1,1],"id":245616294756365,"level":3,"parent":0,"text":"building 'leaf-4.drv'","type":105}
@nix {"action":"start","fields":["/Users/hetzner/obrador-shared-pins-20260909/round-3-after/wide-round-1-jobs-8/store/ink3gdia8851mbg82v5yazvy4xdlqzkg-leaf-1.drv","",1,1],"id":245616294756366,"level":3,"parent":0,"text":"building 'leaf-1.drv'","type":105}
@nix {"action":"stop","id":245616294756364}
@nix {"action":"stop","id":245616294756365}
@nix {"action":"start","fields":["/Users/hetzner/obrador-shared-pins-20260909/round-3-after/wide-round-1-jobs-8/store/fhwqvs3kr0j8r4w2anm31vclk18z2nk2-leaf-7.drv","",1,1],"id":245616294756367,"level":3,"parent":0,"text":"building 'leaf-7.drv'","type":105}
@nix {"action":"stop","id":245616294756366}
@nix {"action":"stop","id":245616294756367}
@nix {"action":"start","fields":["/Users/hetzner/obrador-shared-pins-20260909/round-3-after/wide-round-1-jobs-8/store/lplmd9pgygiajvrixq59639k5inli39f-leaf-8.drv.drv","",1,1],"id":245616294756368,"level":3,"parent":0,"text":"building 'leaf-8.drv.drv'","type":105}
@nix {"action":"stop","id":245616294756368}
@nix {"action":"start","fields":["/Users/hetzner/obrador-shared-pins-20260909/round-3-after/wide-round-1-jobs-8/store/w3q3apckvqvr8pp98j4naw4khnqg59b1-leaf-9.drv.drv","",1,1],"id":245616294756369,"level":3,"parent":0,"text":"building 'leaf-9.drv.drv'","type":105}
@nix {"action":"start","fields":["/Users/hetzner/obrador-shared-pins-20260909/round-3-after/wide-round-1-jobs-8/store/0cpqng8g2ykl9bk1hi1999s7vpq14hdg-leaf-10.drv.drv","",1,1],"id":245616294756370,"level":3,"parent":0,"text":"building 'leaf-10.drv.drv'","type":105}
@nix {"action":"start","fields":["/Users/hetzner/obrador-shared-pins-20260909/round-3-after/wide-round-1-jobs-8/store/yy4fxbaxs3v398id99m78c7v2977x58i-leaf-11.drv.drv","",1,1],"id":245616294756371,"level":3,"parent":0,"text":"building 'leaf-11.drv.drv'","type":105}
@nix {"action":"start","fields":["/Users/hetzner/obrador-shared-pins-20260909/round-3-after/wide-round-1-jobs-8/store/f05s1v9wrb7mrz46ps1i9s2f67v87aq8-leaf-12.drv.drv","",1,1],"id":245616294756372,"level":3,"parent":0,"text":"building 'leaf-12.drv.drv'","type":105}
@nix {"action":"start","fields":["/Users/hetzner/obrador-shared-pins-20260909/round-3-after/wide-round-1-jobs-8/store/dv5lckjqcz1cdn9x6p7lr4nxmblaw06d-leaf-13.drv.drv","",1,1],"id":245616294756373,"level":3,"parent":0,"text":"building 'leaf-13.drv.drv'","type":105}
@nix {"action":"start","fields":["/Users/hetzner/obrador-shared-pins-20260909/round-3-after/wide-round-1-jobs-8/store/9lnl0k11nb1yykldmmwvh7bblib8wsd4-leaf-14.drv.drv","",1,1],"id":245616294756374,"level":3,"parent":0,"text":"building 'leaf-14.drv.drv'","type":105}
@nix {"action":"stop","id":245616294756370}
@nix {"action":"stop","id":245616294756371}
@nix {"action":"stop","id":245616294756374}
@nix {"action":"start","fields":["/Users/hetzner/obrador-shared-pins-20260909/round-3-after/wide-round-1-jobs-8/store/x8mgg0zrnjwh6hqp67kzdpzcz27bg8m3-leaf-15.drv.drv","",1,1],"id":245616294756375,"level":3,"parent":0,"text":"building 'leaf-15.drv.drv'","type":105}
@nix {"action":"stop","id":245616294756369}
@nix {"action":"stop","id":245616294756372}
@nix {"action":"stop","id":245616294756373}
@nix {"action":"stop","id":245616294756375}
@nix {"action":"start","fields":["/Users/hetzner/obrador-shared-pins-20260909/round-3-after/wide-round-1-jobs-8/store/zhjb03qy2h8dv77zfall4kq6gd7d190j-leaf-8.drv","",1,1],"id":245616294756376,"level":3,"parent":0,"text":"building 'leaf-8.drv'","type":105}
@nix {"action":"stop","id":245616294756376}
@nix {"action":"start","fields":["/Users/hetzner/obrador-shared-pins-20260909/round-3-after/wide-round-1-jobs-8/store/217y50r2p58sdahismq0yfi3aq1n3dnv-leaf-10.drv","",1,1],"id":245616294756377,"level":3,"parent":0,"text":"building 'leaf-10.drv'","type":105}
@nix {"action":"start","fields":["/Users/hetzner/obrador-shared-pins-20260909/round-3-after/wide-round-1-jobs-8/store/xmigfy9hj3z2k851nl1pz7d0ly89gva8-leaf-11.drv","",1,1],"id":245616294756378,"level":3,"parent":0,"text":"building 'leaf-11.drv'","type":105}
@nix {"action":"start","fields":["/Users/hetzner/obrador-shared-pins-20260909/round-3-after/wide-round-1-jobs-8/store/ml4yfda9hzw2ny5qzqpbdw4cncajj71z-leaf-14.drv","",1,1],"id":245616294756379,"level":3,"parent":0,"text":"building 'leaf-14.drv'","type":105}
@nix {"action":"stop","id":245616294756377}
@nix {"action":"start","fields":["/Users/hetzner/obrador-shared-pins-20260909/round-3-after/wide-round-1-jobs-8/store/8z3chicqkpcqkbjik7fjg15ni0n4zd63-leaf-9.drv","",1,1],"id":245616294756380,"level":3,"parent":0,"text":"building 'leaf-9.drv'","type":105}
@nix {"action":"start","fields":["/Users/hetzner/obrador-shared-pins-20260909/round-3-after/wide-round-1-jobs-8/store/dx2pq6grgb8bymlynil3hj2a7xpqk0k9-leaf-12.drv","",1,1],"id":245616294756381,"level":3,"parent":0,"text":"building 'leaf-12.drv'","type":105}
@nix {"action":"start","fields":["/Users/hetzner/obrador-shared-pins-20260909/round-3-after/wide-round-1-jobs-8/store/pm4614rpx7x4glgfnpx71fbrlmgsiz6h-leaf-13.drv","",1,1],"id":245616294756382,"level":3,"parent":0,"text":"building 'leaf-13.drv'","type":105}
@nix {"action":"stop","id":245616294756378}
@nix {"action":"stop","id":245616294756379}
@nix {"action":"start","fields":["/Users/hetzner/obrador-shared-pins-20260909/round-3-after/wide-round-1-jobs-8/store/d4l5x8iy2lnxbnvj61njjjs92qc1yqnv-leaf-15.drv","",1,1],"id":245616294756383,"level":3,"parent":0,"text":"building 'leaf-15.drv'","type":105}
@nix {"action":"stop","id":245616294756380}
@nix {"action":"stop","id":245616294756381}
@nix {"action":"stop","id":245616294756382}
@nix {"action":"stop","id":245616294756383}
@nix {"action":"start","fields":["/Users/hetzner/obrador-shared-pins-20260909/round-3-after/wide-round-1-jobs-8/store/4wicma6x8dfx50b4r69hzvcqmvd0mmya-leaf-16.drv.drv","",1,1],"id":245616294756384,"level":3,"parent":0,"text":"building 'leaf-16.drv.drv'","type":105}
@nix {"action":"stop","id":245616294756384}
@nix {"action":"start","fields":["/Users/hetzner/obrador-shared-pins-20260909/round-3-after/wide-round-1-jobs-8/store/vimgwrkv9b1crfd3as337d15safyf3np-leaf-17.drv.drv","",1,1],"id":245616294756385,"level":3,"parent":0,"text":"building 'leaf-17.drv.drv'","type":105}
@nix {"action":"start","fields":["/Users/hetzner/obrador-shared-pins-20260909/round-3-after/wide-round-1-jobs-8/store/9vydcf4z73qjc3ci5acpy2agrg53yvai-leaf-18.drv.drv","",1,1],"id":245616294756386,"level":3,"parent":0,"text":"building 'leaf-18.drv.drv'","type":105}
@nix {"action":"start","fields":["/Users/hetzner/obrador-shared-pins-20260909/round-3-after/wide-round-1-jobs-8/store/qvb9naz0mnyy2ksv2y67f0wnbrm0rsv7-leaf-19.drv.drv","",1,1],"id":245616294756387,"level":3,"parent":0,"text":"building 'leaf-19.drv.drv'","type":105}
@nix {"action":"start","fields":["/Users/hetzner/obrador-shared-pins-20260909/round-3-after/wide-round-1-jobs-8/store/hizvqy2yyqxdi1ssjgkm3xmkbandswcy-leaf-20.drv.drv","",1,1],"id":245616294756388,"level":3,"parent":0,"text":"building 'leaf-20.drv.drv'","type":105}
@nix {"action":"stop","id":245616294756387}
@nix {"action":"stop","id":245616294756386}
@nix {"action":"stop","id":245616294756385}
@nix {"action":"stop","id":245616294756388}
@nix {"action":"start","fields":["/Users/hetzner/obrador-shared-pins-20260909/round-3-after/wide-round-1-jobs-8/store/d3k93f1ai331xs1ni154q9kp6g7s6smv-leaf-21.drv.drv","",1,1],"id":245616294756389,"level":3,"parent":0,"text":"building 'leaf-21.drv.drv'","type":105}
@nix {"action":"start","fields":["/Users/hetzner/obrador-shared-pins-20260909/round-3-after/wide-round-1-jobs-8/store/5b4334xn3nqwqa15z2ch8am49bf0fci6-leaf-22.drv.drv","",1,1],"id":245616294756390,"level":3,"parent":0,"text":"building 'leaf-22.drv.drv'","type":105}
@nix {"action":"stop","id":245616294756390}
@nix {"action":"stop","id":245616294756389}
@nix {"action":"start","fields":["/Users/hetzner/obrador-shared-pins-20260909/round-3-after/wide-round-1-jobs-8/store/zqgdbwa72haxr5xgjwizwmil6js3cpsi-leaf-23.drv.drv","",1,1],"id":245616294756391,"level":3,"parent":0,"text":"building 'leaf-23.drv.drv'","type":105}
@nix {"action":"stop","id":245616294756391}
@nix {"action":"start","fields":["/Users/hetzner/obrador-shared-pins-20260909/round-3-after/wide-round-1-jobs-8/store/3aswxcjpmk6i5ffr2rfcxg1px5rfbz00-leaf-16.drv","",1,1],"id":245616294756392,"level":3,"parent":0,"text":"building 'leaf-16.drv'","type":105}
@nix {"action":"stop","id":245616294756392}
@nix {"action":"start","fields":["/Users/hetzner/obrador-shared-pins-20260909/round-3-after/wide-round-1-jobs-8/store/zksqwlwmvc5vzng71k1bx3fcg44zdhm6-leaf-19.drv","",1,1],"id":245616294756393,"level":3,"parent":0,"text":"building 'leaf-19.drv'","type":105}
@nix {"action":"start","fields":["/Users/hetzner/obrador-shared-pins-20260909/round-3-after/wide-round-1-jobs-8/store/yhl0vwbvg6k39ns637dz69aywbnqz3hs-leaf-18.drv","",1,1],"id":245616294756394,"level":3,"parent":0,"text":"building 'leaf-18.drv'","type":105}
@nix {"action":"stop","id":245616294756393}
@nix {"action":"start","fields":["/Users/hetzner/obrador-shared-pins-20260909/round-3-after/wide-round-1-jobs-8/store/iwjkpdqqk348jbgkgmcyiqjbn14ql4bq-leaf-17.drv","",1,1],"id":245616294756395,"level":3,"parent":0,"text":"building 'leaf-17.drv'","type":105}
@nix {"action":"stop","id":245616294756394}
@nix {"action":"stop","id":245616294756395}
@nix {"action":"start","fields":["/Users/hetzner/obrador-shared-pins-20260909/round-3-after/wide-round-1-jobs-8/store/pgmrwl4i1inlkdqklbj2c7y8snsi0khk-leaf-20.drv","",1,1],"id":245616294756396,"level":3,"parent":0,"text":"building 'leaf-20.drv'","type":105}
@nix {"action":"stop","id":245616294756396}
@nix {"action":"start","fields":["/Users/hetzner/obrador-shared-pins-20260909/round-3-after/wide-round-1-jobs-8/store/f2brccf86pca0zwf9f7ax97aijdfssqi-leaf-22.drv","",1,1],"id":245616294756397,"level":3,"parent":0,"text":"building 'leaf-22.drv'","type":105}
@nix {"action":"stop","id":245616294756397}
@nix {"action":"start","fields":["/Users/hetzner/obrador-shared-pins-20260909/round-3-after/wide-round-1-jobs-8/store/ha6n29mpqmq6lvch0lq3dcz96pmhawvw-leaf-21.drv","",1,1],"id":245616294756398,"level":3,"parent":0,"text":"building 'leaf-21.drv'","type":105}
@nix {"action":"start","fields":["/Users/hetzner/obrador-shared-pins-20260909/round-3-after/wide-round-1-jobs-8/store/hc0df79azsc4glzm40f79yhbmagi5qhv-leaf-23.drv","",1,1],"id":245616294756399,"level":3,"parent":0,"text":"building 'leaf-23.drv'","type":105}
@nix {"action":"stop","id":245616294756398}
@nix {"action":"stop","id":245616294756399}
@nix {"action":"start","fields":["/Users/hetzner/obrador-shared-pins-20260909/round-3-after/wide-round-1-jobs-8/store/incsgnar9x56mar2plhizs8lgpmy9haw-leaf-24.drv.drv","",1,1],"id":245616294756400,"level":3,"parent":0,"text":"building 'leaf-24.drv.drv'","type":105}
@nix {"action":"stop","id":245616294756400}
@nix {"action":"start","fields":["/Users/hetzner/obrador-shared-pins-20260909/round-3-after/wide-round-1-jobs-8/store/kbmyg0lj2i56r7saff0jfy2smzkw69zi-leaf-25.drv.drv","",1,1],"id":245616294756401,"level":3,"parent":0,"text":"building 'leaf-25.drv.drv'","type":105}
@nix {"action":"start","fields":["/Users/hetzner/obrador-shared-pins-20260909/round-3-after/wide-round-1-jobs-8/store/pdhmhz2mqlz33d9z2h1a50lc3w2aa68v-leaf-26.drv.drv","",1,1],"id":245616294756402,"level":3,"parent":0,"text":"building 'leaf-26.drv.drv'","type":105}
@nix {"action":"start","fields":["/Users/hetzner/obrador-shared-pins-20260909/round-3-after/wide-round-1-jobs-8/store/lhb3hy3xca8zsi6xax6p6g461lvs1468-leaf-27.drv.drv","",1,1],"id":245616294756403,"level":3,"parent":0,"text":"building 'leaf-27.drv.drv'","type":105}
@nix {"action":"stop","id":245616294756401}
@nix {"action":"stop","id":245616294756402}
@nix {"action":"start","fields":["/Users/hetzner/obrador-shared-pins-20260909/round-3-after/wide-round-1-jobs-8/store/g1dsbh84fzvbyis18xccp7c07g1llila-leaf-28.drv.drv","",1,1],"id":245616294756404,"level":3,"parent":0,"text":"building 'leaf-28.drv.drv'","type":105}
@nix {"action":"stop","id":245616294756403}
@nix {"action":"stop","id":245616294756404}
@nix {"action":"start","fields":["/Users/hetzner/obrador-shared-pins-20260909/round-3-after/wide-round-1-jobs-8/store/0rn9yh4y1xfc8f2psnz4vkg8d28flyhs-leaf-29.drv.drv","",1,1],"id":245616294756405,"level":3,"parent":0,"text":"building 'leaf-29.drv.drv'","type":105}
@nix {"action":"start","fields":["/Users/hetzner/obrador-shared-pins-20260909/round-3-after/wide-round-1-jobs-8/store/svr26dvh4739hmcib2psdsrxak0f89xw-leaf-30.drv.drv","",1,1],"id":245616294756406,"level":3,"parent":0,"text":"building 'leaf-30.drv.drv'","type":105}
@nix {"action":"start","fields":["/Users/hetzner/obrador-shared-pins-20260909/round-3-after/wide-round-1-jobs-8/store/whxa8iddpygs968nsjrv9rmy4rixf9qz-leaf-31.drv.drv","",1,1],"id":245616294756407,"level":3,"parent":0,"text":"building 'leaf-31.drv.drv'","type":105}
@nix {"action":"stop","id":245616294756405}
@nix {"action":"stop","id":245616294756406}
@nix {"action":"stop","id":245616294756407}
@nix {"action":"start","fields":["/Users/hetzner/obrador-shared-pins-20260909/round-3-after/wide-round-1-jobs-8/store/4w7hsm08bdbr04h4srxn12hjyin20frr-leaf-24.drv","",1,1],"id":245616294756408,"level":3,"parent":0,"text":"building 'leaf-24.drv'","type":105}
@nix {"action":"stop","id":245616294756408}
@nix {"action":"start","fields":["/Users/hetzner/obrador-shared-pins-20260909/round-3-after/wide-round-1-jobs-8/store/c68wb5j1fv433lzc8z0zwax99i7v34ak-leaf-25.drv","",1,1],"id":245616294756409,"level":3,"parent":0,"text":"building 'leaf-25.drv'","type":105}
@nix {"action":"stop","id":245616294756409}
@nix {"action":"start","fields":["/Users/hetzner/obrador-shared-pins-20260909/round-3-after/wide-round-1-jobs-8/store/2jfq80q61x0f8jzspc0m56lsxwygn4m9-leaf-26.drv","",1,1],"id":245616294756410,"level":3,"parent":0,"text":"building 'leaf-26.drv'","type":105}
@nix {"action":"stop","id":245616294756410}
@nix {"action":"start","fields":["/Users/hetzner/obrador-shared-pins-20260909/round-3-after/wide-round-1-jobs-8/store/n40vwc0a7gail5m1by5dvfx87lclq6cf-leaf-27.drv","",1,1],"id":245616294756411,"level":3,"parent":0,"text":"building 'leaf-27.drv'","type":105}
@nix {"action":"stop","id":245616294756411}
@nix {"action":"start","fields":["/Users/hetzner/obrador-shared-pins-20260909/round-3-after/wide-round-1-jobs-8/store/xdycgj3w9hm5qg3fsgrqydf5hkfzrqrq-leaf-28.drv","",1,1],"id":245616294756412,"level":3,"parent":0,"text":"building 'leaf-28.drv'","type":105}
@nix {"action":"stop","id":245616294756412}
@nix {"action":"start","fields":["/Users/hetzner/obrador-shared-pins-20260909/round-3-after/wide-round-1-jobs-8/store/s7nrxj24bsypq4c7wgja3qphah4s2fd8-leaf-29.drv","",1,1],"id":245616294756413,"level":3,"parent":0,"text":"building 'leaf-29.drv'","type":105}
@nix {"action":"start","fields":["/Users/hetzner/obrador-shared-pins-20260909/round-3-after/wide-round-1-jobs-8/store/pms8sl87yjkikih3rsq785na0h6bw7za-leaf-30.drv","",1,1],"id":245616294756414,"level":3,"parent":0,"text":"building 'leaf-30.drv'","type":105}
@nix {"action":"stop","id":245616294756413}
@nix {"action":"stop","id":245616294756414}
@nix {"action":"start","fields":["/Users/hetzner/obrador-shared-pins-20260909/round-3-after/wide-round-1-jobs-8/store/7cvbjn7yvkx8gbjbs4ibraff6bv6ilri-leaf-31.drv","",1,1],"id":245616294756415,"level":3,"parent":0,"text":"building 'leaf-31.drv'","type":105}
@nix {"action":"stop","id":245616294756415}
