copying 32 paths...
copying path '/Users/hetzner/obrador-shared-pins-20260909/round-3-after/wide-round-1-jobs-8/store/3856b3b00rbpcld7n69kxizjy4a25lvw-leaf-11-result' from 'obrador+local:///Users/hetzner/obrador-shared-pins-20260909/round-3-after/wide-round-1-jobs-8/obrador/state'...
copying path '/Users/hetzner/obrador-shared-pins-20260909/round-3-after/wide-round-1-jobs-8/store/0gqknlif8pfm4bzfx02bxdjazv5zp0kd-leaf-27-result' from 'obrador+local:///Users/hetzner/obrador-shared-pins-20260909/round-3-after/wide-round-1-jobs-8/obrador/state'...
copying path '/Users/hetzner/obrador-shared-pins-20260909/round-3-after/wide-round-1-jobs-8/store/45w0hrizhlhr798rzq7nqalss49nvb69-leaf-25-result' from 'obrador+local:///Users/hetzner/obrador-shared-pins-20260909/round-3-after/wide-round-1-jobs-8/obrador/state'...
copying path '/Users/hetzner/obrador-shared-pins-20260909/round-3-after/wide-round-1-jobs-8/store/4xwqp6dbby898s5d5fdrbw08iw03nfvy-leaf-22-result' from 'obrador+local:///Users/hetzner/obrador-shared-pins-20260909/round-3-after/wide-round-1-jobs-8/obrador/state'...
copying path '/Users/hetzner/obrador-shared-pins-20260909/round-3-after/wide-round-1-jobs-8/store/557cznxpypss46nlfhmxhzhb7mykdxg9-leaf-12-result' from 'obrador+local:///Users/hetzner/obrador-shared-pins-20260909/round-3-after/wide-round-1-jobs-8/obrador/state'...
copying path '/Users/hetzner/obrador-shared-pins-20260909/round-3-after/wide-round-1-jobs-8/store/3j6m5s6rg2ba1dd86w1nd7rgcxdbnwld-leaf-3-result' from 'obrador+local:///Users/hetzner/obrador-shared-pins-20260909/round-3-after/wide-round-1-jobs-8/obrador/state'...
copying path '/Users/hetzner/obrador-shared-pins-20260909/round-3-after/wide-round-1-jobs-8/store/0w40anxb8011ky7vyjwwh17mwpzwr5r3-leaf-14-result' from 'obrador+local:///Users/hetzner/obrador-shared-pins-20260909/round-3-after/wide-round-1-jobs-8/obrador/state'...
copying path '/Users/hetzner/obrador-shared-pins-20260909/round-3-after/wide-round-1-jobs-8/store/84f3mj1zljhv9g83ngqg98gklpi1inxa-leaf-6-result' from 'obrador+local:///Users/hetzner/obrador-shared-pins-20260909/round-3-after/wide-round-1-jobs-8/obrador/state'...
copying path '/Users/hetzner/obrador-shared-pins-20260909/round-3-after/wide-round-1-jobs-8/store/8krcczp9jakv8y0rwy7bdx3xwggjncry-leaf-9-result' from 'obrador+local:///Users/hetzner/obrador-shared-pins-20260909/round-3-after/wide-round-1-jobs-8/obrador/state'...
copying path '/Users/hetzner/obrador-shared-pins-20260909/round-3-after/wide-round-1-jobs-8/store/92fdj9hxz0p7kxgpqshgq7zbvx6520kd-leaf-19-result' from 'obrador+local:///Users/hetzner/obrador-shared-pins-20260909/round-3-after/wide-round-1-jobs-8/obrador/state'...
copying path '/Users/hetzner/obrador-shared-pins-20260909/round-3-after/wide-round-1-jobs-8/store/9b6238vlzlbc5375h8nqwg6lhhkwbb4v-leaf-20-result' from 'obrador+local:///Users/hetzner/obrador-shared-pins-20260909/round-3-after/wide-round-1-jobs-8/obrador/state'...
copying path '/Users/hetzner/obrador-shared-pins-20260909/round-3-after/wide-round-1-jobs-8/store/afyzs1hrz6pwbkcqc7p3sl9q18cpvgn5-leaf-17-result' from 'obrador+local:///Users/hetzner/obrador-shared-pins-20260909/round-3-after/wide-round-1-jobs-8/obrador/state'...
copying path '/Users/hetzner/obrador-shared-pins-20260909/round-3-after/wide-round-1-jobs-8/store/ah5n993v04ki25gnlki60k5mp9szl7kj-leaf-21-result' from 'obrador+local:///Users/hetzner/obrador-shared-pins-20260909/round-3-after/wide-round-1-jobs-8/obrador/state'...
copying path '/Users/hetzner/obrador-shared-pins-20260909/round-3-after/wide-round-1-jobs-8/store/axjl9ygl3wixg8w7k5v0fn2ip1sa07i9-leaf-31-result' from 'obrador+local:///Users/hetzner/obrador-shared-pins-20260909/round-3-after/wide-round-1-jobs-8/obrador/state'...
copying path '/Users/hetzner/obrador-shared-pins-20260909/round-3-after/wide-round-1-jobs-8/store/b92gchj04v7l6mksk7djs3x202qjvfnn-leaf-16-result' from 'obrador+local:///Users/hetzner/obrador-shared-pins-20260909/round-3-after/wide-round-1-jobs-8/obrador/state'...
copying path '/Users/hetzner/obrador-shared-pins-20260909/round-3-after/wide-round-1-jobs-8/store/cwi1x5k44mqd411lv2grjf48n4amb3d7-leaf-10-result' from 'obrador+local:///Users/hetzner/obrador-shared-pins-20260909/round-3-after/wide-round-1-jobs-8/obrador/state'...
copying path '/Users/hetzner/obrador-shared-pins-20260909/round-3-after/wide-round-1-jobs-8/store/d0xsb97rsm8y4amyrm894zaw3p1q0wgi-leaf-5-result' from 'obrador+local:///Users/hetzner/obrador-shared-pins-20260909/round-3-after/wide-round-1-jobs-8/obrador/state'...
copying path '/Users/hetzner/obrador-shared-pins-20260909/round-3-after/wide-round-1-jobs-8/store/fxjqd8z682zrspw7mx1madcjpd1dmnnz-leaf-13-result' from 'obrador+local:///Users/hetzner/obrador-shared-pins-20260909/round-3-after/wide-round-1-jobs-8/obrador/state'...
copying path '/Users/hetzner/obrador-shared-pins-20260909/round-3-after/wide-round-1-jobs-8/store/g01y3swv2rs8zm1k7ndrjajhns1n5yyi-leaf-8-result' from 'obrador+local:///Users/hetzner/obrador-shared-pins-20260909/round-3-after/wide-round-1-jobs-8/obrador/state'...
copying path '/Users/hetzner/obrador-shared-pins-20260909/round-3-after/wide-round-1-jobs-8/store/gmg91ml9aah25bksc817h2clp166k2sp-leaf-0-result' from 'obrador+local:///Users/hetzner/obrador-shared-pins-20260909/round-3-after/wide-round-1-jobs-8/obrador/state'...
copying path '/Users/hetzner/obrador-shared-pins-20260909/round-3-after/wide-round-1-jobs-8/store/jkjjql2l0ndn3jzb4227v9lp78gb0q20-leaf-7-result' from 'obrador+local:///Users/hetzner/obrador-shared-pins-20260909/round-3-after/wide-round-1-jobs-8/obrador/state'...
copying path '/Users/hetzner/obrador-shared-pins-20260909/round-3-after/wide-round-1-jobs-8/store/k00akmxzyd5fy6f7zpwn3ivqzm76nlk4-leaf-23-result' from 'obrador+local:///Users/hetzner/obrador-shared-pins-20260909/round-3-after/wide-round-1-jobs-8/obrador/state'...
copying path '/Users/hetzner/obrador-shared-pins-20260909/round-3-after/wide-round-1-jobs-8/store/kn7ih9il26p7ma1842xw56h5i9qgf5hr-leaf-1-result' from 'obrador+local:///Users/hetzner/obrador-shared-pins-20260909/round-3-after/wide-round-1-jobs-8/obrador/state'...
copying path '/Users/hetzner/obrador-shared-pins-20260909/round-3-after/wide-round-1-jobs-8/store/lpg5zvyhv64q6has6lbakj4q24w86p1h-leaf-29-result' from 'obrador+local:///Users/hetzner/obrador-shared-pins-20260909/round-3-after/wide-round-1-jobs-8/obrador/state'...
copying path '/Users/hetzner/obrador-shared-pins-20260909/round-3-after/wide-round-1-jobs-8/store/ms5nsxs1m39m86cniqrvzqmzl5mn1zxl-leaf-4-result' from 'obrador+local:///Users/hetzner/obrador-shared-pins-20260909/round-3-after/wide-round-1-jobs-8/obrador/state'...
copying path '/Users/hetzner/obrador-shared-pins-20260909/round-3-after/wide-round-1-jobs-8/store/n5cv4bzx97rc5sl22yy7ibw7xvbcvm1a-leaf-15-result' from 'obrador+local:///Users/hetzner/obrador-shared-pins-20260909/round-3-after/wide-round-1-jobs-8/obrador/state'...
copying path '/Users/hetzner/obrador-shared-pins-20260909/round-3-after/wide-round-1-jobs-8/store/pm4fzw37zwm38fiy44w3hwys53lcm99r-leaf-26-result' from 'obrador+local:///Users/hetzner/obrador-shared-pins-20260909/round-3-after/wide-round-1-jobs-8/obrador/state'...
copying path '/Users/hetzner/obrador-shared-pins-20260909/round-3-after/wide-round-1-jobs-8/store/wr98r8k9zq394bh29iy7p4n1qpp4gmva-leaf-30-result' from 'obrador+local:///Users/hetzner/obrador-shared-pins-20260909/round-3-after/wide-round-1-jobs-8/obrador/state'...
copying path '/Users/hetzner/obrador-shared-pins-20260909/round-3-after/wide-round-1-jobs-8/store/xcsk0fnwc5305jfmm6k9abx6a6fiy1g0-leaf-24-result' from 'obrador+local:///Users/hetzner/obrador-shared-pins-20260909/round-3-after/wide-round-1-jobs-8/obrador/state'...
copying path '/Users/hetzner/obrador-shared-pins-20260909/round-3-after/wide-round-1-jobs-8/store/xwlcwzsgdq4i8gnwvbl3kwmknzz3sdvi-leaf-28-result' from 'obrador+local:///Users/hetzner/obrador-shared-pins-20260909/round-3-after/wide-round-1-jobs-8/obrador/state'...
copying path '/Users/hetzner/obrador-shared-pins-20260909/round-3-after/wide-round-1-jobs-8/store/y72vn3gipsh0n63zi9cprvx8yii51rbn-leaf-18-result' from 'obrador+local:///Users/hetzner/obrador-shared-pins-20260909/round-3-after/wide-round-1-jobs-8/obrador/state'...
copying path '/Users/hetzner/obrador-shared-pins-20260909/round-3-after/wide-round-1-jobs-8/store/z0gnn54zqbjl2lplxa0ans6wkb9wqlyl-leaf-2-result' from 'obrador+local:///Users/hetzner/obrador-shared-pins-20260909/round-3-after/wide-round-1-jobs-8/obrador/state'...
