  warning: Skip selectors from environment variables `SKIP` are ignored during installing hooks.
  error: No hooks found after filtering with the given selectors
✖ execute command in 56.3ms (failed)
✖ Running devenv:git-hooks:run in 56.5ms (failed)
✖ Running devenv:enterTest in 16.6µs (dependency failed)
✖ Running tasks in 720ms (failed)
    Blocking waiting for file lock on build directory
    Finished `release` profile [optimized] target(s) in 24m 46s
     Running unittests src/lib.rs (/home/domen/.cargo/build/57/be681442755f18/release/deps/casita-bce5d34f55b031aa)

running 778 tests
test blob::chunked::manifest::tests::manifest_roundtrip_preserves_chunk_order_and_sizes ... ok
test blob::chunked::manifest::tests::manifest_rejects_chunk_above_the_allocation_limit ... ok
test blob::chunked::pages::tests::forged_descriptors_pages_and_bounds_are_rejected ... ok
test blob::chunked::manifest::tests::decompression_cap_accepts_exact_size_and_rejects_larger_output ... ok
test api::tests::conditional_root_rejects_a_present_directory_with_a_missing_child ... ok
test blob::chunked::pages::tests::byte_tree_boundaries_and_cross_leaf_reads ... ok
test blob::chunked::tests::collector_pack_writes_do_not_extend_a_concurrent_staging_pin ... ok
test blob::chunked::tests::build_outboard_rejects_substituted_manifest ... ok
test blob::chunked::pages::tests::chunk_tree_boundaries_share_unchanged_pages_and_bound_the_cache ... ok
test blob::chunked::tests::fast_path_digest_matches_cdc_across_minimum_boundary ... ok
test blob::chunked::tests::chunk_budget_smaller_than_the_upload_window_still_makes_progress ... ok
test blob::chunked::tests::corrupted_chunk_fails_read ... ok
test blob::chunked::tests::fsck_repair_chaos_outboard_publish_failure_is_retryable ... ok
test blob::chunked::tests::chunk_upload_concurrency_bounds_pending_backend_writes ... ok
test blob::chunked::tests::fsck_repair_chaos_manifest_publish_failure_stays_unreadable_then_retries ... ok
test blob::chunked::tests::custom_chunk_sizes_match_fastcdc5_and_read_back ... ok
test blob::chunked::tests::blob_sync_chunk_roundtrip_and_negotiation ... ok
test blob::chunked::tests::fsck_repair_chaos_cancellation_before_manifest_publish_is_retryable ... ok
test blob::chunked::tests::fsck_repair_rebuilds_an_existing_corrupt_outboard ... ok
test blob::chunked::tests::fsck_repair_chaos_retains_its_objects_during_logical_collection ... ok
test blob::chunked::tests::fsck_uses_the_authoritative_manifest_catalog ... ok
test blob::chunked::tests::immutable_cache_control_on_content_objects ... ok
test blob::chunked::tests::fsck_repair_chaos_refuses_an_unavailable_replica_then_retries ... ok
test blob::chunked::tests::inline_decode_uses_the_declared_size_as_its_work_cap ... ok
test blob::chunked::tests::large_blob_is_chunked ... ok
test blob::chunked::tests::fsck_repair_chaos_refuses_a_missing_or_corrupt_replica ... ok
test blob::chunked::tests::loose_gc_failed_delete_requires_exact_claim_recovery ... ok
test blob::chunked::tests::loose_gc_preserves_physical_pins_and_counts_only_admitted_deletions ... ok
test blob::chunked::tests::missing_blob_is_none ... ok
test blob::chunked::tests::fsck_repair_repairs_a_corrupt_chunk_from_a_verified_replica ... ok
test blob::chunked::tests::packed_manifest_deletion_is_published_without_a_pack_rewrite ... ok
test blob::chunked::tests::online_dedup_waits_for_deletion_then_revalidates_the_cached_pack ... ok
test blob::chunked::tests::loose_gc_cancellation_keeps_path_claim_until_delete_settles ... ok
test blob::chunked::tests::first_verified_byte_and_overwrite_read_bounded_payload_ranges ... ok
test blob::chunked::tests::paged_edit_preserves_contents_of_legacy_maps_with_empty_entries ... ok
test blob::chunked::tests::paged_gc_cancellation_keeps_claim_until_io_settles ... ok
test blob::chunked::tests::paged_gc_recovers_an_orphan_descriptor_after_its_last_page_was_deleted ... ok
test blob::chunked::tests::paged_overwrite_failed_publication_leaves_old_version_and_reclaims_orphans ... ok
test blob::chunked::tests::fsck_repair_chaos_recovers_target_representation_failures ... ok
test blob::chunked::tests::ingested_proofs_and_partial_overwrites_roundtrip ... ok
test blob::chunked::tests::put_chunk_verifies_digest_and_size ... ok
test blob::chunked::tests::put_manifest_elides_single_self_chunk ... ok
test blob::chunked::tests::put_manifest_verifies_binding_and_ceiling ... ok
test blob::chunked::tests::paged_versions_share_metadata_across_reopen_and_reader_retention ... ok
test blob::chunked::tests::read_after_reopen_with_smaller_avg ... ok
test blob::chunked::tests::repair_on_read_pins_its_uploaded_representation ... ok
test blob::chunked::tests::repairing_repository_collects_unrelated_payloads_with_a_live_reader ... ok
test blob::chunked::tests::repairing_tier_cancellation_releases_the_flight_for_retry ... ok
test blob::chunked::tests::repairing_tier_does_not_mistake_backend_io_for_corruption ... ok
test blob::chunked::tests::repairing_tier_rebuilds_bao_state_from_verified_local_bytes ... ok
test blob::chunked::tests::paged_preparation_migrates_flat_metadata_without_changing_identity ... ok
test blob::chunked::tests::paged_corruption_never_releases_unauthenticated_data_or_publishes_an_edit ... ok
test blob::chunked::tests::repairing_tier_rejects_an_unverified_source_with_both_diagnostics ... ok
test blob::chunked::tests::roundtrip_various_sizes ... ok
test blob::chunked::tests::repairing_tier_is_single_flight_and_excludes_gc ... ok
test blob::chunked::tests::scoped_verified_reader_rejects_corrupt_proof_before_returning_bytes ... ok
test blob::chunked::tests::seek_from_end_and_beyond ... ok
test blob::chunked::tests::sequential_stream_reports_large_chunk_corruption_at_eof ... ok
test blob::chunked::tests::seek_reads_correct_bytes ... ok
test blob::chunked::tests::single_chunk_blob_elides_its_manifest ... ok
test blob::chunked::tests::shared_content_deduplicates ... ok
test blob::chunked::tests::stale_negative_catalog_refreshes_to_a_new_manifest ... ok
test blob::chunked::tests::state_catalog_keeps_retired_manifests_until_catalog_publication ... ok
test blob::chunked::tests::the_chunker_minimum_boundary_stores_identical_content ... ok
test blob::chunked::tests::substituted_manifest_is_rejected ... ok
test blob::chunked::tests::verified_read_range_edges ... ok
test blob::chunked::tests::verified_read_roundtrip ... ok
test blob::chunked::tests::verified_stream_roundtrip ... ok
test blob::chunked::tests::write_after_close_errors ... ok
test blob::chunked::tests::zero_length_read_is_not_eof ... ok
test blob::chunked::tests::verified_reads_reject_substitution_and_prepare_legacy_outboards ... ok
test blob::combined::tests::missing_everywhere_is_none ... ok
test blob::combined::tests::chunks_fall_through_to_far ... ok
test blob::combined::tests::reads_fall_through_to_far ... ok
test blob::combined::tests::writes_go_to_near ... ok
test blob::combined::tests::near_shadows_far ... ok
test blob::chunked::tests::repairing_tier_recovers_manifests_chunks_and_elided_blobs ... ok
test blob::chunked::tests::spilled_outboard_upload_uses_bounded_shared_pages ... ok
test blob::chunked::tests::paged_fsck_repairs_a_corrupt_chunk_map_from_a_replica ... ok
test blob::crash_tests::publication_crash_worker ... ok
test blob::chunked::tests::paged_fsck_repairs_corrupt_and_missing_outboard_pages ... ok
test api::tests::verified_read_and_overwrite_survive_collection_and_reopen ... ok
test blob::chunked::tests::fsck_repair_chaos_process_abort_before_manifest_publish_is_retryable ... ok
test blob::hashing_reader::tests::chunker_reuses_only_a_complete_first_chunk ... ok
test blob::hashing_reader::tests::eof_hash_reuse_retains_the_reference_outboard ... ok
test blob::hashing_reader::tests::only_eof_proves_a_whole_chunk ... ok
test blob::hashing_reader::tests::pending_and_full_read_buffers_do_not_publish_completion ... ok
test blob::hashing_reader::tests::read_failure_does_not_certify_a_partial_payload ... ok
test blob::local_durability::tests::catalog_lock_stays_held_until_the_last_writer_clone_finishes ... ok
test blob::local_durability::tests::competing_catalog_updates_have_one_winner ... ok
test blob::local_durability::tests::deletion_retry_syncs_previously_removed_files_and_missing_parents ... ok
test blob::local_durability::tests::durable_publication_flushes_new_directory_chains ... ok
test blob::local_durability::tests::durable_publication_overwrites_atomically_and_deletes_cleanly ... ok
test blob::local_durability::tests::prepared_group_is_invisible_until_commit_and_cleans_abandoned_temps ... ok
test blob::local_durability::tests::prepared_publication_owns_its_pin_until_commit_finishes ... ok
test blob::local_durability::tests::rejects_a_durability_root_from_another_store ... ok
test blob::memory::tests::close_is_idempotent ... ok
test blob::memory::tests::has_batch_reports_presence_in_input_order ... ok
test blob::memory::tests::missing_blob_reads_none ... ok
test blob::memory::tests::online_batch_protects_bytes_until_the_last_writer_ends ... ok
test blob::memory::tests::present_blob_has_empty_chunk_list ... ok
test blob::memory::tests::reader_can_seek ... ok
test blob::memory::tests::write_after_close_errors ... ok
test blob::memory::tests::write_then_read_roundtrip ... ok
test blob::pack::benchmarks::benchmark_catalog_reclaim_marker_probe ... ignored, release-mode local catalog reclamation marker probe
test blob::pack::benchmarks::benchmark_catalog_run_routing_scale ... ignored, release-mode 500 TB run-routing map probe
test blob::pack::benchmarks::benchmark_catalog_wal ... ignored, performance probe; run through benchmark run catalog-wal
test blob::pack::benchmarks::benchmark_index_catalog_decode_only ... ignored, release-mode catalog decode RSS probe
test blob::pack::benchmarks::benchmark_index_catalog_publication_scale ... ignored, release-mode catalog publication scaling probe
test blob::pack::benchmarks::benchmark_index_catalog_scale ... ignored, release-mode catalog scaling probe
test blob::pack::benchmarks::benchmark_index_operations_scale ... ignored, release-mode catalog lookup and GC scaling probe
test blob::pack::benchmarks::benchmark_lazy_sharded_catalog_generate ... ignored, release-mode lazy sharded catalog generation probe
test blob::pack::benchmarks::benchmark_lazy_sharded_catalog_operations ... ignored, release-mode lazy sharded catalog operation probe
test blob::pack::benchmarks::benchmark_lazy_sharded_catalog_rebase ... ignored, release-mode streaming sharded catalog rebase probe
test blob::pack::benchmarks::benchmark_lazy_sharded_catalog_run ... ignored, release-mode deferred immutable catalog run probe
test blob::pack::benchmarks::benchmark_local_catalog_durable_publication ... ignored, release-mode local durable catalog publication probe
test blob::pack::delta::tests::bulk_delta_removal_preserves_duplicates_and_reactivates_exact_packs ... ok
test blob::pack::delta::tests::delta_catalog_rejects_a_gap_between_runs ... ok
test blob::pack::delta::tests::delta_catalog_rejects_corruption_and_the_wrong_base ... ok
test blob::pack::delta::tests::delta_catalog_reopens_and_compacts_to_an_exact_new_base ... ok
test blob::pack::delta::tests::delta_catalog_round_trips_authenticated_run_query_references ... ok
test blob::pack::delta::tests::exact_delta_round_trips_pack_and_manifest_changes ... ok
test blob::pack::delta::tests::exact_mutations_cancel_opposites_and_touch_only_recorded_packs ... ok
test blob::pack::delta::tests::v1_root_round_trips_inline_checkpoint_and_shard_map ... ok
test blob::pack::external::tests::external_root_reads_fail_closed ... ok
test blob::pack::external::tests::external_roots_follow_publication_abort_and_retention ... ok
test blob::pack::run::tests::binary_levels_bound_root_refs_and_request_amplification ... ok
test blob::pack::run::tests::catalog_run_query_keeps_duplicate_live_locations_together ... ok
test blob::pack::run::tests::catalog_run_query_tail_finds_one_authenticated_chunk_block ... ok
test blob::pack::run::tests::catalog_run_round_trips_and_rejects_corruption ... ok
test blob::pack::run::tests::merged_runs_preserve_exact_last_writer_wins_state ... ok
test blob::pack::run_stream::tests::staging_rejects_delta_and_query_corruption_independently ... ok
test blob::pack::run_stream::tests::streamed_merge_preserves_exact_last_writer_wins_state ... ok
test blob::pack::run_stream::tests::streamed_merge_rejects_generation_gaps ... ok
test blob::pack::run_stream::tests::streamed_merge_retains_duplicate_live_chunk_locations ... ok
test blob::pack::shard::tests::exact_delta_overlay_hides_unloaded_base_records_and_newer_operations_win ... ok
test blob::pack::shard::tests::legacy_v2_shard_maps_remain_readable ... ok
test blob::pack::shard::tests::routed_chunk_blocks_preserve_duplicates_and_legacy_shards ... ok
test blob::pack::shard::tests::shard_codecs_reject_corruption_wrong_prefixes_and_unsorted_maps ... ok
test blob::pack::shard::tests::shard_map_and_all_three_tables_are_exact_and_content_addressed ... ok
test blob::pack::shard::tests::shard_width_tracks_the_encoded_byte_target_including_500_tb ... ok
test blob::pack::tests::a_corrupt_packed_chunk_is_reported_as_integrity_failure ... ok
test blob::pack::tests::aborted_rebase_commit_leaves_old_root_readable_and_retryable ... ok
test blob::pack::tests::aborted_state_catalog_commit_restores_delta_and_preserves_later_mutations ... ok
test blob::pack::tests::an_open_reader_discovers_another_writers_new_pack ... ok
test blob::pack::tests::benchmark_cleanup_batch_boundary ... ignored, performance corpus; benchmark run cleanup-batches
test blob::pack::tests::benchmark_retirement_queue_memory ... ignored, performance corpus; benchmark run cleanup-batches
test blob::pack::tests::cancelled_publication_restores_mutations_and_retirements ... ok
test blob::pack::tests::catalog_deletion_rejects_a_pin_registered_after_its_mark ... ok
test blob::pack::tests::catalog_range_reads_reject_corrupt_routing_and_chunk_blocks ... ok
test blob::pack::tests::catalog_reclamation_preserves_pinned_roots_then_removes_them ... ok
test blob::pack::tests::catalog_reclamation_refuses_a_prepared_state_commit ... ok
test blob::pack::tests::chunked_store_batches_small_blobs_and_reopens_from_pack_footers ... ok
test blob::pack::tests::compaction_survives_reopen_without_resurrecting_deleted_chunks ... ok
test blob::pack::tests::concurrent_catalog_publishers_merge_without_losing_packs ... ok
test blob::pack::tests::concurrent_duplicate_puts_create_one_index_entry ... ok
test blob::pack::tests::concurrent_writes_exceed_the_target_by_at_most_one_chunk ... ok
test blob::pack::tests::configurable_promotion_threshold_delays_the_whole_pack_get ... ok
test blob::pack::tests::coordinated_gc_defers_catalog_publication_to_state_commit ... ok
test blob::pack::tests::corrupt_inline_catalog_falls_back_and_repairs_itself ... ok
test blob::pack::tests::decoded_chunk_routing_shares_the_catalog_cache_byte_budget ... ok
test blob::pack::tests::deferred_pack_cleanup_preserves_historical_catalogs_and_reclaims_unrelated_uploads ... ok
test blob::pack::tests::direct_put_manifest_flushes_packed_chunks_and_membership ... ok
test blob::pack::tests::duplicate_chunk_locations_survive_base_and_overlay_pack_removal ... ok
test blob::pack::tests::failed_catalog_deletion_requires_owned_claims_for_recovery ... ok
test blob::pack::tests::failed_owned_maintenance_discards_candidate_before_reclamation ... ok
test blob::pack::tests::failed_rebase_shard_put_keeps_old_root_and_retries ... ok
test blob::pack::tests::fanout_tracks_bulk_and_pack_removals ... ok
test blob::pack::tests::forced_gc_rewrites_a_lazy_sharded_pack_without_hydrating_the_catalog ... ok
test blob::pack::tests::forced_gc_streams_preexisting_tombstones_from_pack_shards ... ok
test blob::pack::tests::index_checkpoint_rejects_entries_outside_the_pack_body ... ok
test blob::pack::tests::interrupted_catalog_sweep_keeps_marker_and_retries_from_published_root ... ok
test blob::pack::tests::interrupted_rebase_upload_reopens_old_root_and_collects_partial_shards ... ok
test blob::pack::tests::large_prepared_catalog_run_uses_bounded_multipart_upload ... ok
test blob::pack::tests::later_tombstones_compact_using_cumulative_dead_density ... ok
test blob::pack::tests::local_emergency_deletion_does_not_deduplicate_against_missing_bytes ... ok
test blob::pack::tests::malformed_footer_and_replacement_are_rejected ... ok
test blob::pack::tests::manifest_catalog_preserves_manifest_precedence_and_elided_fast_path ... ok
test blob::pack::tests::manifest_index_keeps_a_sorted_base_and_exact_write_overlay ... ok
test blob::pack::tests::matching_inline_index_catalog_elides_inventory_and_footer_reads ... ok
test blob::pack::tests::missing_authoritative_checkpoint_falls_back_to_inventory ... ok
test blob::pack::tests::missing_catalog_pack_forces_inventory_recovery ... ok
test blob::crash_tests::catalog_batch_publication_survives_every_process_crash_boundary ... ok
test blob::pack::tests::opening_rejects_a_truncated_pack ... ok
test blob::pack::tests::payload_cleanup_bounds_claim_batches_across_the_batch_limit ... ok
test blob::pack::tests::payload_cleanup_cancellation_keeps_inflight_deletion_tracked ... ok
test blob::pack::tests::payload_cleanup_defers_late_pins_and_finishes_without_losing_protection ... ok
test blob::pack::tests::payload_cleanup_keeps_failed_deletion_claims_and_rejects_lost_ownership ... ok
test blob::pack::tests::payload_cleanup_visits_an_all_held_queue_once_and_reclaims_after_release ... ok
test blob::pack::tests::online_local_sweep_preserves_pinned_packs_and_reclaims_unrelated_data ... ok
test blob::pack::tests::refresh_preserves_locally_sealed_unpublished_packs ... ok
test blob::pack::tests::repeated_pack_reads_promote_once_and_then_hit_the_bounded_cache ... ok
test blob::pack::tests::retirement_queue_restores_pending_and_unvisited_paths_without_replaying_finished_batches ... ok
test blob::pack::tests::run_bytes_trigger_a_bounded_base_rebase ... ok
test blob::pack::tests::scattered_ranges_share_the_pack_budget_and_sequential_reads_promote ... ok
test blob::pack::tests::seal_rebuild_and_range_read_roundtrip ... ok
test blob::pack::tests::sharded_base_defers_immutable_runs_until_first_membership_read ... ok
test blob::pack::tests::sharded_base_open_is_lazy_and_chunk_reads_are_cached ... ok
test blob::pack::tests::sharded_run_publication_moves_routing_into_the_open_map ... ok
test blob::pack::tests::sparse_deletions_persist_as_tombstones_and_vacuum_later_reclaims ... ok
test blob::pack::tests::sparse_packs_share_one_delta_and_shared_record_survives_partial_vacuum ... ok
test blob::pack::tests::standalone_rebase_marks_reclamation_due_until_the_sweep_finishes ... ok
test blob::pack::tests::published_retirements_progress_during_newer_publication_and_abort ... ok
test blob::pack::tests::state_catalog_seeded_open_skips_pointer_and_inventory ... ok
test blob::pack::tests::state_catalog_vacuum_recovers_retired_packs_without_deleting_reintroduced_content ... ok
test blob::pack::tests::state_committed_catalog_avoids_pointer_put_and_synchronizes_reader ... ok
test blob::pack::tests::state_rebase_roots_are_atomic_and_post_prepare_writes_survive ... ok
test blob::pack::tests::streaming_rebase_folds_lazy_overlays_into_a_new_sharded_base ... ok
test blob::pack::tests::tombstone_bitmap_round_trips_footer_ordinals ... ok
test blob::pack::tests::unchanged_catalog_refresh_keeps_overlay_and_observes_external_changes ... ok
test blob::pack::tests::v1_records_exact_manifest_delta_with_one_catalog_put_and_one_get_open ... ok
test blob::crash_tests::streamed_catalog_publication_survives_every_process_crash_boundary ... ok
test blob::pack::tests::wholly_dead_pack_is_deleted_without_reading_or_rewriting_it ... ok
test blob::pinned_store::tests::multipart_upload_retains_its_pin_through_completion ... ok
test blob::tests::put_slice_read_to_vec_roundtrip ... ok
test byte_budget::tests::an_oversized_reservation_uses_the_whole_budget_without_deadlock ... ok
test casitar::export::tests::cancelled_filesystem_export_removes_its_temporary_file ... ok
test casitar::export::tests::export_bytes_are_stable_across_selection_order_and_spilling ... ok
test casitar::export::tests::exports_canonical_union_once_from_one_snapshot ... ok
test casitar::export::tests::filesystem_export_create_new_never_clobbers ... ok
test casitar::export::tests::filesystem_export_publishes_only_a_complete_archive ... ok
test casitar::export::tests::preflight_failures_do_not_touch_stream_output ... ok
test casitar::import::tests::ambient_destination_objects_cannot_conceal_an_omitted_record ... ok
test casitar::import::tests::import_admits_collection_before_final_root_publication ... ok
test blob::pack::tests::v1_seals_byte_bounded_inline_deltas_into_one_immutable_run ... ok
test casitar::import::tests::root_conflicts_are_preflighted_and_replacement_is_conditional ... ok
test casitar::import::tests::unreachable_records_and_payloads_publish_no_root ... ok
test casitar::stream::tests::cancelled_partial_io_poisons_reader_and_writer ... ok
test casitar::stream::tests::every_truncated_archive_prefix_fails ... ok
test casitar::stream::tests::only_the_canonical_frame_permutation_is_accepted ... ok
test casitar::stream::tests::operation_limits_apply_before_large_bodies_or_catalog_growth ... ok
test casitar::stream::tests::reader_rejects_duplicate_records_and_payload_identity_mismatch ... ok
test casitar::stream::tests::reader_rejects_noncanonical_frame_order ... ok
test casitar::stream::tests::reader_rejects_trailing_bytes_and_duplicate_payloads ... ok
test casitar::stream::tests::record_requires_a_preceding_payload_with_the_same_size ... ok
test casitar::stream::tests::writer_and_fragmented_reader_roundtrip_with_exact_stats ... ok
test casitar::stream::tests::writer_rejects_duplicate_order_and_source_length_errors ... ok
test casitar::stream::tests::writer_rejects_noncanonical_frame_order ... ok
test casitar::tests::every_truncated_header_prefix_is_rejected ... ok
test casitar::tests::frame_headers_reject_truncation_unknown_tags_and_oversized_records ... ok
test casitar::tests::frame_headers_roundtrip_and_leave_payload_bytes_unconsumed ... ok
test casitar::tests::header_construction_is_a_canonical_set ... ok
test casitar::tests::header_rejects_empty_noncanonical_and_trailing_bodies ... ok
test collection::tests::below_threshold_does_not_collect ... ok
test collection::tests::filesystem_probe_accepts_a_missing_descendant ... ok
test collection::tests::pressured_repository_collects_with_an_online_mutation ... ok
test collection::tests::probe_errors_remain_typed_backend_failures ... ok
test collection::tests::rooted_data_survives_a_zero_free_pressure_pass ... ok
test collection::tests::threshold_comparison_is_inclusive_and_overflow_safe ... ok
test collection::tests::zero_free_bytes_triggers_collection ... ok
test compression::tests::bounded_decoding_covers_sized_unsized_and_concatenated_frames ... ok
test compression::tests::changing_compression_levels_preserves_independent_frames ... ok
test conformance::tests::all_blob_store_implementations_share_the_contract ... ok
test blob::pack::tests::state_catalog_gc_preserves_old_packs_until_catalog_publication ... ok
test conformance::tests::memory_state_store_shares_the_contract ... ok
test conformance::tests::chunked_store_shares_the_sync_contract ... ok
test coordination::tests::blocking_collector_continues_after_owner_release ... ok
test coordination::tests::cancelled_waiter_does_not_leave_collector_ownership_behind ... ok
test coordination::tests::independent_collectors_exclude_each_other ... ok
test digest::tests::chunk_ids_preserve_bytes ... ok
test digest::tests::display_fromstr_roundtrip ... ok
test digest::tests::empty_blob_digest_is_stable ... ok
test digest::tests::from_hex_rejects_non_hex ... ok
test digest::tests::from_hex_valid_but_wrong_length_rejected ... ok
test digest::tests::fromstr_rejects_garbage_base64 ... ok
test digest::tests::fromstr_requires_prefix ... ok
test digest::tests::fromstr_valid_base64_wrong_length_rejected ... ok
test digest::tests::hash_matches_blake3 ... ok
test digest::tests::hex_roundtrip ... ok
test digest::tests::object_id_display_digest_and_conversions ... ok
test digest::tests::object_id_orders_blob_before_directory ... ok
test digest::tests::ordering_is_byte_lexicographic ... ok
test digest::tests::typed_ids_preserve_bytes_but_not_type ... ok
test digest::tests::wrong_length_rejected ... ok
test directory::tests::digest_changes_with_content ... ok
test directory::tests::digest_is_insertion_order_independent ... ok
test directory::tests::duplicate_name_rejected ... ok
test directory::tests::empty_directory_has_stable_digest ... ok
test directory::tests::get_accepts_any_byte_string ... ok
test directory::tests::size_counts_recursively ... ok
test directory::tests::size_overflow_rejected ... ok
test encode::tests::declared_count_never_drives_allocation ... ok
test encode::tests::decode_rejects_invalid_symlink_targets ... ok
test encode::tests::decode_rejects_non_boolean_executable_flag ... ok
test encode::tests::decode_rejects_non_canonical_order ... ok
test encode::tests::decode_rejects_trailing_bytes ... ok
test encode::tests::decode_rejects_traversal_entry_names ... ok
test encode::tests::decode_rejects_unknown_tag ... ok
test encode::tests::encode_decode_roundtrip ... ok
test encode::tests::truncated_input_errors ... ok
test error::tests::retry_guidance_is_typed ... ok
test error::tests::retry_guidance_survives_import_error_wrappers ... ok
test export::tests::existing_names_in_a_fresh_stage_are_typed_as_target_name_conflicts ... ok
test export::tests::failed_checkout_leaves_an_absent_target_absent_and_removes_staging ... ok
test export::tests::failed_checkout_leaves_an_existing_empty_target_empty ... ok
test filesystem::concurrency_tests::file_concurrency_bounds_active_ingests_and_preserves_order ... ok
test filesystem::scheduling_tests::benchmark_ingest_scheduling ... ignored, run through benchmark run ingest-scheduling
test conformance::tests::sqlite_state_store_shares_the_contract ... ok
test filesystem::scheduling_tests::failed_or_cancelled_page_drops_outstanding_ingests ... ok
test filesystem::scheduling_tests::slow_first_file_does_not_block_admission_but_blocks_page_publication ... ok
test format::tests::blob_verifier_binds_complete_payload ... ok
test format::tests::blob_verifier_uses_length_only_as_a_buffer_hint ... ok
test format::tests::bounded_metadata_reader_keeps_its_future_small ... ok
test format::tests::directory_verifier_extracts_sorted_unique_links ... ok
test format::tests::directory_verifier_rejects_noncanonical_bytes ... ok
test fs_names::tests::unix_passes_non_utf8_through ... ok
test fs_names::tests::utf8_names_round_trip ... ok
test fs_root::tests::a_file_root_is_refused ... ok
test fs_root::tests::a_linked_root_is_refused ... ok
test fs_root::tests::a_root_swapped_before_handle_acquisition_is_refused ... ok
test fs_root::tests::a_walk_can_exclude_one_control_path ... ok
test fs_root::tests::a_walk_is_post_order_and_bounded ... ok
test fs_root::tests::a_walk_reports_a_linked_directory_without_descending ... ok
test fs_root::tests::an_ancestor_replaced_after_creation_cannot_redirect_a_write ... ok
test fs_root::tests::an_ancestor_replaced_after_the_walk_cannot_redirect_a_read ... ok
test fs_root::tests::empty_reporting_and_file_modes_survive_the_handle ... ok
test fs_root::tests::escaping_paths_are_refused ... ok
test git::tests::known_sha1_collision_is_rejected_by_the_frozen_hasher ... ok
test git::tests::native_empty_blob_vectors_are_frozen ... ok
test git::tests::tree_commit_tag_links_and_gitlink_are_exact ... ok
test git::tests::view_roundtrip_symbolic_resolution_and_validation ... ok
test git_fetch::tests::advertisement_request_authorization_and_pack_are_exact ... ok
test git_fetch::tests::binding_caches_recent_nested_tree_links ... ok
test git_fetch::tests::encoded_tree_delta_is_a_valid_ref_delta_entry ... ok
test git_fetch::tests::owned_binding_keeps_the_exact_view_alive_across_root_replacement ... ok
test git_fetch::tests::packet_parser_rejects_v2_boundaries_and_empty_data_lines ... ok
test git_fetch::tests::same_offset_delta_roundtrips_large_copies_and_inserts ... ok
test git_fetch::tests::stateless_negotiation_acknowledges_a_common_have_without_sending_a_pack ... ok
test git_http::tests::cold_fetches_nixpkgs_then_one_commit ... ignored, requires a complete local nixpkgs clone and substantial disk, memory, and time
test filesystem::scheduling_tests::cached_files_directories_and_exclusions_keep_post_order_across_pages ... ok
test git_http::tests::unmodified_git_client_clones_a_sha256_view ... ok
test git_repository::import_profile::benchmark_git_import_profile ... ignored, run through benchmark run git-import-profile
test git_repository::ingest_tests::benchmark_git_ingest_scheduling ... ignored, run through benchmark run git-ingest-scheduling
test git_repository::ingest_tests::failed_and_cancelled_imports_drop_work_and_preserve_the_previous_root ... ok
test casitar::import::tests::imports_exact_multi_root_closure_atomically_and_reuses_on_retry ... ok
test git_repository::tests::direct_and_indexed_oid_lookup_preserve_missing_and_ambiguity ... ok
test git_repository::tests::fast_forward_import_reuses_the_previous_exact_inventory ... ok
test git_repository::tests::native_import_and_generic_transfer_preserve_complete_view ... ok
test git_repository::tests::view_replacement_is_atomic_and_old_view_collects ... ok
test gix_odb::tests::every_kind_round_trips_before_flush_and_after_reopen_for_both_hashes ... ok
test gix_odb::tests::failed_view_compare_and_swap_discards_overlay_headers ... ok
test gix_odb::tests::gix_decodes_commit_traversal_from_casita_only ... ok
test gix_odb::tests::interrupted_batch_keeps_published_progress_but_not_its_unflushed_tail ... ok
test gix_odb::tests::large_stream_uses_the_configured_bounded_chunks ... ok
test gix_odb::tests::local_profile_retains_just_sealed_bytes_in_the_bounded_pack_cache ... ok
test git_http::tests::unmodified_git_client_clones_and_checks_out_a_shallow_view ... ok
test gix_odb::tests::production_defaults_bound_the_standard_oid_working_set ... ok
test gix_odb::tests::rejects_a_wrong_known_oid ... ok
test gix_odb::tests::stale_concurrent_view_compare_and_swap_loses_without_publishing ... ok
test ipc::tests::archive_wire_imports_enforce_limits_and_conflicts ... ok
test ipc::tests::filesystem_wire_options_legacy_requests_and_validation ... ok
test ipc::tests::git_wire_import_selects_refs ... ok
test ipld::tests::linked_payload_rejects_duplicate_or_unsorted_links ... ok
test ipld::tests::linked_payload_roundtrip_and_verification ... ok
test ipld::tests::raw_empty_cid_is_frozen ... ok
test linked::tests::application_namespace_owns_the_framed_object_identity ... ok
test linked::tests::recursive_transfer_copies_and_names_a_mixed_format_closure ... ok
test linked::tests::registry_verifies_the_declared_forward_closure ... ok
test linked::tests::rejects_noncanonical_links_and_trailing_bytes ... ok
test linked::tests::round_trip_preserves_cross_namespace_links_and_body ... ok
test metadata::benchmarks::benchmark_memory_index_lifecycle ... ignored, performance probe; run through benchmark run memory-index-lifecycle
test metadata::benchmarks::benchmark_memory_publication ... ignored, performance probe; run through benchmark run memory-publication
test metadata::benchmarks::benchmark_memory_snapshots ... ignored, performance probe; run through benchmark run memory-snapshots
test metadata::benchmarks::benchmark_metadata_collection ... ignored, performance probe; run through benchmark run metadata-collection
test metadata::benchmarks::benchmark_state_publication ... ignored, performance probe; run through benchmark run state-publication
test metadata::kv_benchmarks::benchmark_metadata_kv ... ignored, performance probe; run through benchmark run metadata-kv
test metadata::lease::tests::cancelled_flush_keeps_tracking_release_and_reports_failure ... ok
test metadata::lease::tests::cancelled_reply_drops_returned_ownership_and_drains_its_release ... ok
test metadata::lease::tests::foreground_reply_does_not_hide_later_cleanup_failure ... ok
test metadata::lease::tests::task_panic_reaches_both_reply_and_shutdown ... ok
test metadata::pins::persistent::benchmarks::benchmark_durable_ledger ... ignored, permanent durable ledger benchmark; run benchmark durable-ledger
test metadata::pins::persistent::benchmarks::benchmark_pin_growth ... ignored, permanent growing staging pin benchmark; run benchmark pin-growth
test metadata::pins::persistent::journal::incremental::tests::extensions_preserve_shared_counts_and_duplicate_protection ... ok
test git_repository::ingest_tests::object_and_byte_limits_preserve_initial_incremental_and_unchanged_views ... ok
test metadata::pins::persistent::journal::incremental::tests::indexed_edits_match_memory_arbitration_and_exact_replay ... ok
test metadata::pins::persistent::journal::incremental::tests::grouped_net_changes_and_shared_resources_keep_exact_counts ... ok
test metadata::pins::persistent::journal::tests::benchmark_journal_boundaries ... ignored, permanent journal checkpoint, batch, and space boundaries; run benchmark ledger-boundaries
test metadata::pins::persistent::journal::tests::appends_replay_exactly_and_reject_complete_corruption ... ok
test gix_odb::tests::local_repository_closes_reopens_and_resolves_by_oid ... ok
test metadata::pins::persistent::journal::tests::cached_checkpoint_preserves_shared_protection_and_deletion_claims ... ok
test metadata::pins::persistent::journal::tests::cancelled_acquisition_waits_for_journal_sync_before_releasing_its_token ... ok
test blob::crash_tests::metadata_records_survive_process_crashes_atomically_with_roots ... ok
test metadata::pins::persistent::journal::tests::encoded_size_matches_the_wire_codec ... ok
test metadata::pins::persistent::journal::tests::extensions::extension_frames_reject_truncation_invalid_targets_and_replacement_fields ... ok
test metadata::pins::persistent::journal::tests::corrupt_frame_epoch_does_not_silently_discard_acknowledged_protection ... ok
test metadata::pins::persistent::journal::tests::extensions::grouped_full_records_subsume_earlier_and_later_additions ... ok
test metadata::pins::persistent::journal::tests::extensions::mixed_legacy_and_extension_frames_replay_and_append_across_handles ... ok
test metadata::pins::persistent::journal::tests::extensions::grouped_additions_replacements_and_retirement_preserve_exact_state ... ok
test metadata::pins::persistent::journal::tests::full_inventory_gc_transitions_share_the_journal_and_replay ... ok
test metadata::pins::persistent::journal::tests::failed_append_invalidates_tentative_cache_and_retains_all_acknowledged_pins ... ok
test metadata::pins::persistent::journal::tests::full_legacy_ledger_can_collect_before_journal_upgrade ... ok
test metadata::pins::persistent::journal::tests::independent_processes_replay_and_append_without_losing_updates ... ok
test metadata::pins::persistent::journal::tests::ledger_process_worker ... ignored, subprocess worker for killed ledger publishers
test metadata::pins::persistent::journal::tests::ordered_group_has_one_barrier_and_checked_operations_keep_one_winner ... ok
test metadata::pins::persistent::journal::tests::physically_full_volume_preserves_acknowledged_state_and_recovers ... ignored, requires CASITA_LEDGER_FULL_DIR on a disposable filesystem smaller than 512 MiB
test metadata::pins::persistent::journal::tests::unsupported_exchange_preserves_legacy_and_active_journal ... ok
test metadata::pins::persistent::readers::tests::benchmark_reader_coordination ... ignored, permanent reader coordination benchmark; run benchmark reader-coordination
test metadata::pins::persistent::readers::tests::cached_reader_inventory_fails_closed_on_in_place_corruption_and_removal ... ok
test metadata::pins::persistent::readers::tests::cached_reader_inventory_observes_foreign_atomic_publication ... ok
test metadata::pins::persistent::readers::tests::cached_reader_inventory_observes_independent_replacements_and_releases ... ok
test metadata::pins::persistent::readers::tests::cancelled_reader_publication_finishes_and_releases_its_late_token ... ok
test metadata::pins::persistent::readers::tests::fork_inherited_store_cannot_release_parent_protection ... ok
test metadata::pins::persistent::readers::tests::last_owner_exit_fences_an_intact_but_stale_reader_clock ... ok
test metadata::pins::persistent::readers::tests::missing_reader_inventory_fails_closed_until_owner_stops_then_fences_old_revisions ... ok
test metadata::pins::persistent::readers::tests::owners_share_across_handles_and_reader_drop_never_retires_a_broad_scope ... ok
test metadata::pins::persistent::readers::tests::reader_and_durable_transitions_share_the_prune_and_delete_fences ... ok
test metadata::pins::persistent::readers::tests::reader_format_fences_legacy_collectors_and_survives_empty_owners ... ok
test metadata::pins::persistent::readers::tests::reader_inventory_encoding_is_bounded_and_rejects_durable_recovery_records ... ok
test metadata::pins::persistent::readers::tests::reader_revision_reservation_boundary_preserves_protection ... ok
test metadata::pins::persistent::readers::tests::warm_reader_admission_protection_and_release_do_not_rewrite_durable_ledger ... ok
test metadata::pins::persistent::tests::cancelled_claim_keeps_protection_when_remote_commit_finishes_late ... ok
test metadata::pins::persistent::tests::cancelled_runtime_admission_releases_its_late_pin ... ok
test metadata::pins::persistent::tests::conditional_write_loser_reloads_and_preserves_the_winner ... ok
test metadata::pins::persistent::tests::file_slots_migrate_the_existing_ledger_without_losing_pins ... ok
test metadata::pins::persistent::journal::tests::checkpoint_and_group_boundaries_match_the_production_limits ... ok
test metadata::pins::persistent::tests::file_slots_reuse_inodes_and_ignore_an_interrupted_spare_write ... ok
test metadata::pins::runtime::tests::a_cancelled_writer_keeps_its_pin_until_storage_settles ... ok
test metadata::pins::runtime::tests::last_owner_releases_only_its_pin ... ok
test metadata::pins::runtime::tests::nested_writer_scope_selects_its_owner_and_restores_the_parent ... ok
test metadata::pins::runtime::tests::storage_is_not_called_until_a_conflicting_deletion_settles ... ok
test metadata::pins::runtime::tests::write_scope_is_backend_specific_and_inherited_by_tracked_tasks ... ok
test metadata::pins::persistent::tests::independent_file_handles_preserve_concurrent_pin_updates ... ok
test metadata::pins::tests::codec_roundtrip_and_all_truncations_fail_closed ... ok
test metadata::pins::tests::atomic_collector_takeover_keeps_history_and_requires_the_exact_previous_owner ... ok
test metadata::pins::tests::collector_admission_ignores_duplicate_pin_churn ... ok
test metadata::pins::tests::covered_roots_do_not_authorize_new_snapshot_generations ... ok
test metadata::pins::tests::deletion_and_pin_registration_have_one_winner ... ok
test metadata::pins::tests::collector_history_keeps_released_writes_live_until_the_pass_finishes ... ok
test metadata::pins::persistent::journal::tests::checkpoint_and_gc_reuse_capacity_when_growth_is_denied ... ok
test metadata::pins::tests::duplicate_pins_preserve_marks_but_new_protection_invalidates_them ... ok
test metadata::pins::tests::identical_path_cannot_be_recreated_until_deletion_has_settled ... ok
test metadata::pins::tests::identities_in_different_storage_namespaces_do_not_alias ... ok
test metadata::pins::tests::empty_writer_churn_does_not_hide_first_protection_or_catalogs ... ok
test metadata::pins::tests::independent_object_store_clients_share_arbitration ... ok
test metadata::pins::tests::emergency_deletion_requires_the_exact_collector_and_prune_fence ... ok
test metadata::pins::tests::independent_file_clients_share_arbitration ... ok
test metadata::pins::tests::logical_mark_ignores_physical_growth_but_tracks_generations_and_objects ... ok
test metadata::pins::tests::new_pin_invalidates_mark_and_only_protects_its_own_data ... ok
test metadata::pins::tests::object_store_cas_loser_rechecks_the_winning_pin ... ok
test metadata::pins::tests::metadata_handles_share_online_pins_without_logical_commits ... ok
test metadata::pins::tests::persisted_metadata_scope_cannot_hide_payload_resources ... ok
test metadata::pins::tests::post_prune_read_scopes_do_not_wait_for_unrelated_physical_deletion ... ok
test metadata::pins::tests::pruning_fences_new_scope_and_resources_but_existing_data_stays_usable ... ok
test metadata::pins::tests::metadata_pins_enter_prune_without_admitting_payloads_or_claimed_files ... ok
test metadata::pins::tests::released_pin_cannot_be_extended_or_release_another_pin ... ok
test metadata::pins::tests::revision_exhaustion_never_partially_changes_protection ... ok
test metadata::pins::tests::snapshot_generation_codec_round_trips_and_preserves_legacy_protection ... ok
test metadata::pins::tests::persisted_deletion_survives_owner_drop_and_requires_exact_token ... ok
test metadata::pins::tests::recovery_prune_requires_every_exact_claim_and_keeps_admission_closed ... ok
test metadata::primitive_benchmarks::benchmark_metadata_primitives ... ignored, performance probe; run through benchmark run metadata-primitives
test metadata::pins::tests::validated_claims_accept_churn_but_reject_unchecked_or_overlapping_protection ... ok
test metadata::pins::tests::validating_prune_captures_current_pins_with_exact_collector_and_claims ... ok
test metadata::record_tests::metadata_records_binary_prefix_bounds ... ok
test metadata::record_tests::metadata_records_concurrent_handles_conflict_only_on_checked_values ... ok
test metadata::record_tests::metadata_records_and_roots_are_atomic_but_gc_is_distinct ... ok
test metadata::record_tests::metadata_records_large_snapshot_survives_collection ... ok
test metadata::record_tests::metadata_records_result_budgets_preserve_pagination ... ok
test metadata::record_tests::metadata_records_roundtrip_checks_and_stable_prefix_pages ... ok
test metadata::record_tests::metadata_records_rootless_witness_cannot_bypass_emergency_fence ... ok
test metadata::sqlite::tests::a_witness_never_hides_a_missing_root_target ... ok
test metadata::sqlite::tests::benchmark_object_batch ... ignored, performance probe; run through benchmark run metadata-batch
test metadata::sqlite::tests::benchmark_ordered_scan ... ignored, performance probe; run through benchmark run metadata-scan
test metadata::sqlite::tests::cached_statements_do_not_publish_an_abandoned_commit ... ok
test metadata::record_tests::metadata_records_unvalidated_roots_use_full_graph_verification ... ok
test metadata::sqlite::tests::cached_statements_rebind_across_commits_and_collection ... ok
test metadata::sqlite::tests::collection_folds_the_write_ahead_log_back ... ok
test metadata::sqlite::tests::commit_reopen_and_snapshot_isolation ... ok
test metadata::sqlite::tests::collection_forgets_ingested_files_whose_content_is_gone ... ok
test metadata::record_tests::metadata_records_verified_root_fast_path_races_collection ... ok
test metadata::sqlite::tests::commit_still_rejects_naming_an_incomplete_closure ... ok
test metadata::sqlite::tests::commit_validates_only_the_closures_it_names ... ok
test metadata::sqlite::tests::object_batch_query_uses_composite_index ... ok
test metadata::sqlite::tests::object_batches_reject_invalid_and_mismatched_stored_records ... ok
test metadata::sqlite::tests::object_batches_preserve_order_duplicates_missing_keys_and_snapshots ... ok
test metadata::sqlite::tests::rooted_forward_closure_must_exist_in_the_same_commit ... ok
test metadata::sqlite::tests::ordered_inventory_seeks_across_namespaces_and_preserves_snapshots ... ok
test metadata::sqlite::tests::snapshot_inventory_streams_across_bounded_pages ... ok
test metadata::sqlite::tests::stale_commit_and_atomic_collection ... ok
test metadata::sqlite::tests::streamed_collection_preserves_roots_and_rejects_unknown_keys ... ok
test metadata::sqlite::tests::streamed_collection_pages_sparse_physical_rows_and_validates_late_links ... ok
test metadata::sqlite::tests::transient_state_compaction_folds_the_write_ahead_log_back ... ok
test metadata::sqlite::tests::turso_snapshot_generations_preserve_exact_births ... ok
test metadata::sqlite::tests::validated_payload_projection_preserves_order_duplicates_and_snapshot ... ok
test metadata::sqlite::tests::validated_witness_stops_root_validation_at_the_target ... ok
test metadata::tests::collection_installs_exact_closed_set ... ok
test metadata::tests::memory_exact_collection_recovery_preserves_live_pins ... ok
test metadata::tests::memory_online_snapshot_excludes_future_garbage ... ok
test metadata::tests::memory_record_pages_preserve_held_generations ... ok
test metadata::tests::memory_snapshot_generations_preserve_exact_births ... ok
test metadata::tests::memory_snapshots_isolate_indexes_across_failed_commit_and_collection ... ok
test metadata::tests::missing_root_target_aborts_without_revision_change ... ok
test metadata::tests::object_and_root_publish_atomically ... ok
test metadata::tests::stale_revision_cannot_overwrite_newer_state ... ok
test metadata::wal3::experiments::checkpoint_window_amplification ... ignored, release-mode checkpoint amplification experiment
test metadata::sqlite::tests::turso_exact_collection_recovery_preserves_live_pins ... ok
test metadata::sqlite::tests::turso_online_snapshot_excludes_future_garbage ... ok
test metadata::wal3::tests::cancelled_checkpoint_keeps_its_write_pin_until_publication_settles ... ok
test metadata::wal3::tests::checkpoint_rewrites_only_the_object_shard_touched_by_an_insert ... ok
test metadata::wal3::tests::checkpoint_rewrites_only_the_root_shard_touched_by_a_change ... ok
test metadata::wal3::tests::cloned_handle_serializes_same_revision_commits ... ok
test metadata::wal3::tests::cancelled_metadata_gc_keeps_its_claim_until_deletion_settles ... ok
test metadata::wal3::tests::changed_manifest_refreshes_the_cached_checkpoint ... ok
test metadata::wal3::tests::collect_wal_deletes_orphaned_shards_and_retains_live_state ... ok
test metadata::wal3::tests::collection_pages_retained_state_without_materializing_a_global_set ... ok
test metadata::wal3::tests::collect_wal_honors_an_older_named_cursor ... ok
test metadata::wal3::tests::collect_wal_replaces_the_delta_tail_with_a_latest_fence ... ok
test metadata::wal3::tests::cumulative_delta_tail_is_bounded_and_independent_of_checkpoint_size ... ok
test metadata::wal3::tests::delta_recovery_classifies_invalid_validation_as_corruption ... ok
test metadata::wal3::tests::dense_collection_puts_only_the_shard_containing_a_deletion ... ok
test metadata::wal3::tests::duplicate_idempotent_objects_produce_a_canonical_reopenable_delta ... ok
test metadata::wal3::tests::empty_state_encoding_round_trips ... ok
test metadata::pins::persistent::journal::tests::killed_publishers_preserve_acknowledged_pins_and_deletion_claims ... ok
test metadata::wal3::tests::high_fanout_cloned_commits_have_one_durable_winner ... ok
test metadata::wal3::tests::legacy_checkpoints_receive_generation_zero ... ok
test metadata::wal3::tests::commit_conditions_on_the_manifest_that_supplied_its_state ... ok
test metadata::wal3::tests::coordination_metadata_deletion_recovery_uses_its_own_ledger ... ok
test blob::crash_tests::external_catalog_migration_survives_process_death ... ok
test metadata::wal3::tests::ninth_commit_shards_objects_and_reopen_loads_them_lazily ... ok
test metadata::wal3::tests::no_op_collection_validates_but_reuses_every_object_shard ... ok
test metadata::wal3::tests::gc_fences_collection_shards_uploaded_before_publication ... ok
test metadata::wal3::tests::metadata_deletion_recovery_keeps_claims_through_cancelled_io ... ok
test metadata::wal3::tests::metadata_gc_retains_pinned_lazy_snapshot_shards_and_collects_unrelated_files ... ok
test metadata::wal3::tests::newer_gc_lease_fences_an_older_maintenance_runner ... ok
test metadata::wal3::tests::racing_initializers_publish_exactly_one_initial_checkpoint ... ok
test metadata::wal3::tests::remote_abandoned_holds_survive_reopen_and_recovery_is_token_specific ... ok
test metadata::wal3::tests::remote_admission_serializes_collectors_but_allows_online_pins ... ok
test blob::crash_tests::paged_overwrite_survives_process_death_at_metadata_publication_boundaries has been running for over 60 seconds
test metadata::wal3::tests::remote_cancelled_admission_releases_only_after_its_cas_completes ... ok
test blob::crash_tests::repository_catalog_rebase_survives_every_process_crash_boundary has been running for over 60 seconds
test blob::crash_tests::repository_publication_survives_every_process_crash_boundary has been running for over 60 seconds
test metadata::wal3::tests::remote_cancelled_commit_keeps_its_hold_until_publication_finishes ... ok
test metadata::wal3::tests::remote_cancelled_physical_collection_keeps_claims_until_io_settles ... ok
test metadata::wal3::tests::remote_catalog_maintenance_retains_admission_through_publish_or_discard ... ok
test metadata::wal3::tests::remote_coordination_gc_cancellation_releases_ownership_after_io ... ok
test metadata::wal3::tests::remote_coordination_gc_preserves_lazy_diagnostic_snapshot ... ok
test metadata::wal3::tests::remote_exact_collection_recovery_preserves_live_pins ... ok
test blob::crash_tests::paged_overwrite_survives_process_death_at_metadata_publication_boundaries ... ok
test metadata::wal3::tests::reopen_replays_at_most_eight_deltas_then_ninth_commit_checkpoints ... ok
test metadata::wal3::tests::root_shard_tombstones_survive_checkpoint_and_reopen ... ok
test metadata::wal3::tests::remote_gc_preserves_an_old_retained_read_after_root_removal ... ok
test metadata::wal3::tests::remote_gc_preserves_online_staging_and_refreshes_its_catalog ... ok
test metadata::wal3::tests::remote_online_snapshot_excludes_future_garbage ... ok
test metadata::wal3::tests::remote_rejected_logical_prune_releases_collection_hold ... ok
test metadata::wal3::tests::separate_handles_recover_the_shared_state_and_detect_staleness ... ok
test metadata::wal3::tests::simulated_500_tb_clean_checkpoint_performs_zero_shard_io ... ok
test metadata::wal3::tests::snapshot_rejects_valid_fragment_with_the_wrong_setsum ... ok
test metadata::wal3::tests::state_encoding_rejects_truncation ... ok
test metadata::wal3::tests::state_encoding_rejects_unknown_format ... ok
test metadata::wal3::tests::state_encoding_round_trips_payload_catalog ... ok
test metadata::wal3::tests::remote_state_log_gc_runs_with_repository_readers ... ok
test metadata::wal3::tests::rustfs_metadata_handles_share_online_pins_without_logical_commits ... ok
test metadata::wal3::tests::rustfs_racing_repositories_rebase_state_catalog_without_losing_packs ... ok
test metadata::wal3::tests::validation_witnesses_cost_one_bit_per_object ... ok
test metadata::wal3::tests::wal3_errors_preserve_retry_and_corruption_semantics ... ok
test metadata::wal3::tests::wal_snapshot_generations_survive_replay_and_checkpoint ... ok
test metadata::wal3::tests::wal_snapshot_replay_and_commit_read_shards_through_a_logical_prune_fence ... ok
test metadata::wal3_shard::tests::barrier_round_trips_and_rejects_corruption_and_invalid_state ... ok
test metadata::wal3_shard::tests::benchmark_logical_state_shards_scale ... ignored, release-mode WAL3 logical-state shard scale probe
test metadata::wal3_shard::tests::immutable_storage_uses_one_cold_get_then_the_bounded_cache ... ok
test metadata::wal3_shard::tests::legacy_object_blocks_receive_generation_zero ... ok
test metadata::wal3_shard::tests::metadata_recovery_rejects_referenced_foreign_and_payload_paths ... ok
test metadata::wal3_shard::tests::metadata_write_pins_refuse_claimed_paths_and_cover_the_whole_operation ... ok
test metadata::wal3_shard::tests::object_shard_routes_blocks_and_round_trips_in_key_order ... ok
test metadata::wal3_shard::tests::root_shard_and_routing_map_round_trip_in_name_order ... ok
test metadata::wal3_shard::tests::shard_and_map_corruption_are_rejected ... ok
test metadata::wal3_shard::tests::simulated_500_tb_worst_case_routing_map_stays_bounded ... ok
test node::tests::directory_node_points_at_a_directory ... ok
test node::tests::file_node_points_at_a_blob ... ok
test node::tests::symlink_node_references_no_stored_content ... ok
test object::tests::cloned_records_share_immutable_links ... ok
test object::tests::namespace_grammar_is_exact ... ok
test object::tests::object_key_decoder_rejects_limits_and_trailing_bytes ... ok
test object::tests::object_key_frozen_vector ... ok
test object::tests::records_require_canonical_links ... ok
test object::tests::revision_text_roundtrip ... ok
test object::tests::root_names_validate_and_preserve_utf8 ... ok
test object::tests::root_record_frozen_vector ... ok
test object_read_tests::benchmark_object_reads ... ignored, permanent local read/GC lifecycle benchmark; run benchmark object-reads
test object_read_tests::cancelled_open_waiting_for_admission_leaks_no_pin ... ok
test metadata::wal3::tests::rustfs_serializes_racing_writers_with_the_wal_manifest ... ok
test object_read_tests::directory_reader_retains_transitive_children_but_not_unrelated_objects ... ok
test object_read_tests::killed_reader_releases_only_read_protection_after_kernel_owner_exit ... ok
test object_read_tests::object_reader_child ... ok
test object_read_tests::physical_plan_uses_protected_catalog_even_if_shared_catalog_changes ... ok
test object_read_tests::public_open_retains_only_selected_object_and_missing_open_releases_pins ... ok
test object_read_tests::reader_crash_worker ... ok
test metadata::wal3::tests::rustfs_transfers_payloads_and_publishes_the_root_between_s3_prefixes ... ok
test metadata::wal3::tests::steady_checkpoint_barrier_costs_one_get_and_two_puts ... ok
test path::tests::invalid_names ... ok
test path::tests::invalid_symlink_targets ... ok
test path::tests::name_ordering_is_lexicographic ... ok
test path::tests::parse_idioms_validate ... ok
test path::tests::symlink_target_allows_slashes_and_dots ... ok
test path::tests::valid_names ... ok
test repository::fsck_benchmark::benchmark_seed_fsck_fixture ... ignored, fixture builder for the permanent fsck benchmark corpus
test repository::mutation_catalog_tests::benchmark_mutation_catalog_history ... ignored, permanent mutation-catalog benchmark
test repository::mutation_catalog_tests::cancelled_publisher_retains_catalog_until_commit_settles ... ok
test metadata::wal3::tests::tail_checkpoint_is_selected_from_a_multi_record_fragment ... ok
test repository::mutation_catalog_tests::catalog_history_crosses_former_inventory_limit ... ok
test repository::publication::tests::construction_selects_publication_before_writes_and_preserves_it_across_erasure ... ok
test repository::publication::tests::metadata_records_existing_roots_skip_payload_publication ... ok
test repository::tests::a_failed_large_walk_leaves_only_bounded_durable_checkpoints ... ok
test repository::tests::a_small_packed_import_performs_no_post_staging_range_reads ... ok
test repository::tests::an_incremental_walk_still_reports_an_absent_object ... ok
test repository::tests::an_incremental_walk_stops_at_an_already_verified_closure ... ok
test metadata::wal3::tests::unchanged_manifest_reuses_the_validated_checkpoint ... ok
test repository::tests::cancelling_after_a_spill_opens_removes_its_temporary_files ... ok
test repository::tests::collection_accepts_new_pins_only_for_already_marked_objects ... ok
test repository::tests::collection_accepts_unpublished_roots_but_rejects_concurrent_publication ... ok
test repository::tests::collection_keeps_chunks_shared_with_a_live_payload ... ok
test repository::tests::collection_preserves_pinned_unpublished_payloads_and_individual_chunks ... ok
test repository::tests::collection_progress_distinguishes_snapshot_protection_from_idle_writers ... ok
test repository::tests::collection_progress_survives_duplicate_readers_after_marking ... ok
test repository::tests::collection_progress_survives_idle_writers_admitted_after_marking ... ok
test repository::tests::collection_with_no_roots_empties_storage_and_second_pass_is_a_noop ... ok
test repository::tests::completed_writer_cannot_disappear_from_an_older_collection_mark ... ok
test repository::tests::conditional_publication_checks_multiple_roots_atomically ... ok
test repository::tests::conditional_publication_creates_and_repoints_a_matching_root ... ok
test repository::tests::conditional_publication_rejects_duplicate_expectations ... ok
test repository::tests::conditional_publication_reports_a_concurrent_root_change ... ok
test repository::tests::conditional_publication_retries_an_unrelated_revision_race ... ok
test repository::tests::conditional_root_mismatch_publishes_nothing ... ok
test repository::tests::direct_relation_mismatch_prevents_root_publication ... ok
test repository::tests::existing_payload_pin_preserves_chunks_during_an_older_sweep ... ok
test object_read_tests::retained_reader_preserves_snapshot_wide_protection ... ok
test repository::tests::filesystem_construction_proof_survives_a_stale_revision_retry ... ok
test repository::tests::filesystem_construction_proof_avoids_a_second_payload_walk ... ok
test repository::tests::filesystem_import_checkout_and_reimport_preserve_identity ... ok
test repository::tests::fsck_distinguishes_corruption_from_collectible_staging ... ok
test object_read_tests::object_read_collects_unrelated_garbage_and_survives_catalog_replacement ... ok
test repository::tests::fsck_inventory_difference_preserves_garbage_findings_across_spill_limits ... ok
test repository::mutation_catalog_tests::repeated_publication_does_not_accumulate_catalogs ... ok
test repository::tests::generic_closure_handles_cycles_and_high_fanout ... ok
test repository::tests::generic_collection_matches_an_independent_reachability_model ... ok
test repository::tests::generic_collection_prunes_logical_and_physical_orphans ... ok
test repository::tests::generic_formats_cannot_claim_a_filesystem_construction_proof ... ok
test repository::tests::generic_storage_full_does_not_assume_colocated_payload_capacity ... ok
test repository::tests::immutable_conflict_is_distinct_from_idempotent_reinsertion ... ok
test repository::tests::borrowed_and_owned_holds_independently_retain_their_snapshot ... ok
test repository::tests::interrupted_emergency_sweep_is_collectible_and_retryable ... ok
test repository::tests::later_leaf_completes_graph_without_rewriting_parent ... ok
test repository::tests::full_disk_crash::local_emergency_sweep_recovers_after_real_process_abort ... ok
test repository::tests::ingest_cache_requires_a_validated_closure_witness ... ok
test repository::tests::local_emergency_collection_uses_stale_payload_as_commit_space ... ok
test repository::tests::local_pressure_collection_stamp_survives_a_new_handle ... ok
test repository::tests::local_catalog_reclamation_runs_before_mutation_and_during_reopen ... ok
test repository::tests::logical_collection_admits_metadata_reads_registered_after_marking ... ok
test repository::tests::logical_collection_prunes_one_tenant_without_deleting_a_shared_blob ... ok
test repository::tests::logical_collection_rejects_a_pin_registered_after_marking ... ok
test repository::tests::logical_collection_retains_a_pin_and_collects_unrelated_records ... ok
test repository::tests::logical_prune_failure_never_starts_physical_deletion ... ok
test repository::tests::logical_prune_fences_validation_and_cleans_up_after_error_or_cancellation ... ok
test repository::tests::missing_rooted_descendant_aborts_before_logical_prune ... ok
test repository::tests::missing_rooted_payload_aborts_before_logical_prune ... ok
test repository::tests::mutation_session_registers_staged_bytes_in_the_shared_pin_ledger ... ok
test repository::tests::mutation_sessions_only_pin_their_own_writes ... ok
test repository::tests::mutation_start_runs_before_staging_pin_admission ... ok
test repository::tests::nonblocking_collection_runs_under_a_live_mutation ... ok
test repository::tests::nonblocking_logical_collection_respects_a_retention_hold ... ok
test repository::tests::fsck_batched_sets_preserve_shared_graphs_and_traversal_limits ... ok
test repository::tests::overlapping_roots_keep_shared_payload_until_the_last_release ... ok
test repository::tests::local_collection_recovers_an_interrupted_logical_prune_fence ... ok
test repository::tests::overwrite_publication_rejects_backend_digest_and_proof_lies ... ok
test repository::tests::payload_readers_keep_snapshot_pins_after_both_hold_forms_are_dropped ... ok
test repository::tests::physical_deletion_failure_leaks_after_safe_logical_prune ... ok
test repository::tests::physical_only_writer_growth_allows_collection_without_metadata_changes ... ok
test repository::tests::pin_marks_retain_selected_closures_and_tolerate_unpublished_inputs ... ok
test repository::tests::post_prune_snapshot_reader_can_enter_during_physical_sweep ... ok
test repository::tests::publication_revalidates_and_retries_a_revision_race ... ok
test repository::tests::publishes_payload_record_and_root_atomically ... ok
test repository::tests::raw_blob_fast_seal_rejects_dishonest_writer_completion ... ok
test repository::tests::reimport_after_collection_reuploads_swept_chunks ... ok
test repository::tests::packed_fsck_groups_reads_in_physical_order_under_cache_pressure ... ok
test repository::tests::local_repository_reopens_generic_state_and_payloads ... ok
test repository::tests::remote_vacuum_preserves_ready_unpublished_catalog_rebase ... ok
test repository::tests::root_release_is_an_exact_compare_and_remove ... ok
test repository::tests::selected_graph_hold_protects_all_roots_and_releases_unrelated_objects ... ok
test repository::tests::slice_staging_verifies_native_identity_without_reopening_storage ... ok
test repository::tests::snapshot_admission_retries_when_metadata_files_change_at_the_same_revision ... ok
test repository::tests::storage_full_detection_preserves_typed_nested_errors ... ok
test repository::tests::transient_state_backend_failure_has_typed_retry_guidance ... ok
test repository::tests::unavailable_namespace_remains_conservatively_collectable ... ok
test scale_benchmarks::benchmark_pack_cache_working_set ... ignored, scale probe; benchmark run pack-cache-scale
test scale_benchmarks::benchmark_retained_history ... ignored, scale probe; benchmark run history-scale
test spill::tests::a_queue_keeps_first_in_first_out_across_the_spill_boundary ... ok
test spill::tests::a_set_larger_than_memory_spills_and_still_answers_exactly ... ok
test spill::tests::a_set_that_outgrows_its_spill_budget_fails ... ok
test spill::tests::a_small_set_never_touches_storage ... ok
test spill::tests::batched_insertions_enforce_spill_budget_and_clean_up ... ok
test repository::tests::reopen_and_fsck_recover_after_publication_commit_failure ... ok
test repository::tests::reopen_and_fsck_recover_after_post_prune_sweep_failure ... ok
test spill::tests::cached_set_reads_roll_back_an_abandoned_write ... ok
test spill::tests::batched_membership_preserves_order_across_storage_and_buffer ... ok
test spill::tests::cancelled_batch_can_resume_a_full_write_buffer ... ok
test spill::tests::cached_set_statements_rebind_across_flushes_and_pages ... ok
test spill::tests::dropping_a_difference_stream_releases_both_spill_sets ... ok
test spill::tests::one_operation_shares_its_spill_budget_and_releases_it_on_drop ... ok
test spill::tests::interleaved_pushes_and_pops_keep_their_order ... ok
test spill::tests::spill_files_disappear_with_the_traversal ... ok
test spill::tests::streamed_difference_handles_empty_equal_and_disjoint_sets ... ok
test spill::tests::sweeping_removes_abandoned_state_and_spares_live_state ... ok
test sqlite::tests::benchmark_snapshot_connections ... ignored, run through benchmark run snapshot-connections
test sqlite::tests::catalog_schema_migration_fences_an_already_prepared_legacy_writer ... ok
test sqlite::tests::existing_nonrelease_schema_versions_are_rejected ... ok
test sqlite::tests::fresh_database_starts_at_current_schema_and_reopens_without_migration ... ok
test sqlite::tests::reader_cache_bounds_idle_connections_without_limiting_live_snapshots ... ok
test sqlite::tests::reused_readers_are_fresh_query_only_and_do_not_retain_transactions ... ok
test sqlite::tests::version_four_metadata_migration_preserves_existing_state ... ok
test ssh::tests::bao_requests_do_not_downgrade_on_older_peers ... ok
test ssh::tests::bao_streams_cross_fragmented_transport_and_reuse_connection ... ok
test ssh::tests::capable_peer_must_acknowledge_selection_before_session_is_exposed ... ok
test ssh::tests::capable_ssh_peer_can_request_bounded_path_spine_fallback ... ok
test ssh::tests::endpoint_parser_and_ssh_arguments_are_injection_safe ... ok
test ssh::tests::invalid_or_cancelled_payload_batches_poison_the_connection ... ok
test ssh::tests::older_peer_keeps_snapshot_without_receiving_selection_commands ... ok
test ssh::tests::older_ssh_peer_uses_path_spine_fallback_without_a_new_rpc ... ok
test ssh::tests::payload_batches_preserve_order_and_enforce_limits ... ok
test ssh::tests::pipelined_batches_reject_bad_frames_and_poison_on_cancellation ... ok
test ssh::tests::receiver_rejects_payload_substitution_from_remote_source ... ok
test ssh::tests::selection_frames_reject_truncation_trailing_bytes_and_excessive_counts ... ok
test ssh::tests::selection_is_acknowledged_once_and_cannot_expand_after_reads ... ok
test ssh::tests::split_source_works_with_remote_metadata_or_remote_payloads ... ok
test ssh::tests::stdio_source_supports_verified_path_selected_transfer ... ok
test ssh::tests::stdio_source_syncs_a_named_root_through_receiver_verification ... ok
test tar::pipeline_tests::duplicate_paths_and_truncation_cancel_queued_files ... ok
test tar::pipeline_tests::finalizer_failure_and_cancellation_drop_all_writers_without_publishing ... ok
test tar::pipeline_tests::finalizers_overlap_with_one_limit_for_active_and_queued_files ... ok
test tar::pipeline_tests::forward_hardlinks_and_old_gnu_sparse_entries_keep_their_meaning ... ok
test tar::pipeline_tests::streaming_and_finalization_share_a_tiny_chunk_budget_without_deadlock ... ok
test tar::pipeline_tests::zero_or_oversized_concurrency_is_rejected_before_opening_writers ... ok
test tar::tests::empty_directories_round_trip ... ok
test tar::tests::entry_order_does_not_change_the_root_identity ... ok
test tar::tests::import_streams_files_into_a_canonical_directory_tree ... ok
test tar::tests::links_preserve_their_canonical_filesystem_meaning ... ok
test tar::tests::pax_gnu_sparse_metadata_is_rejected_explicitly ... ok
test tar::tests::unsafe_paths_links_duplicates_and_limits_are_rejected ... ok
test transfer::tests::caller_owned_transfer_retains_reused_closures ... ok
test transfer::tests::destination_collection_runs_during_the_receive_operation ... ok
test transfer::tests::existing_record_skips_its_payload_but_not_descendant_discovery ... ok
test transfer::tests::incremental_discovery_reuses_only_complete_destination_closures ... ok
test transfer::tests::independent_payloads_overlap_under_one_global_physical_limit ... ok
test transfer::tests::interrupted_bounded_batches_leave_unrooted_progress_and_retry_completes ... ok
test transfer::tests::interrupted_payload_copy_keeps_roots_unchanged_and_retry_completes ... ok
test transfer::tests::local_and_ssh_selections_retain_exact_graphs_at_the_original_revision ... ok
test transfer::tests::missing_selected_name_releases_acquisition_protection ... ok
test transfer::tests::missing_source_boundary_never_changes_requested_roots ... ok
test transfer::tests::path_proof_verification_rejects_every_untrusted_boundary ... ok
test transfer::tests::path_transfer_authenticates_absence_and_rejects_traversal ... ok
test transfer::tests::path_transfer_copies_only_the_selected_subtree_closure ... ok
test transfer::tests::path_transfer_keeps_spine_and_siblings_out_of_destination ... ok
test transfer::tests::path_transfer_rejects_a_false_parent_size_before_rooting ... ok
test transfer::tests::physical_capability_selects_chunks_or_whole_payload_without_changing_result ... ok
test transfer::tests::read_only_chunk_source_corruption_preserves_the_destination_root ... ok
test transfer::tests::read_only_chunk_source_reuses_destination_chunks_and_preserves_streaming_fallback ... ok
test transfer::tests::recursive_transfer_reverifies_and_roots_an_ipld_graph ... ok
test transfer::tests::several_destination_roots_appear_in_one_final_revision ... ok
test spill::tests::streamed_difference_matches_sets_across_pages_and_storage_modes ... ok
test transfer::tests::split_source_missing_or_wrong_blobs_do_not_fallback_or_move_roots ... ok
test transfer::tests::split_source_uses_metadata_revision_and_blob_endpoint_for_paths_and_roots ... ok
test transfer::tests::spilled_discovery_upgrades_an_already_selected_shallow_object ... ok
test transfer::tests::zero_mutation_batch_limit_rejects_transfer_before_publication ... ok
test transfer::wire::tests::path_proof_request_and_response_are_bounded_and_exact ... ok
test transfer::wire::tests::payload_header_is_a_literal_forty_bytes ... ok
test transfer::wire::tests::request_and_progress_roundtrip_and_reject_trailing_bytes ... ok
test verified::ingest::tests::ordinary_hash_and_reference_outboard_at_boundaries ... ok
test verified::patch::tests::overwrite_matches_full_rehash_and_reference_outboard ... ok
test verified::stream::tests::proof_stream_roundtrip_and_no_unauthenticated_output ... ok
test verified::tests::overflowing_range_errors ... ok
test verified::tests::slice_roundtrip ... ok
test verified::tests::tampering_is_detected ... ok
test verified::tests::wrong_digest_is_rejected ... ok
test verified::tests::zero_length_slice_is_empty ... ok
test wire::tests::hostile_counts_and_sizes_are_rejected ... ok
test wire::tests::manifest_roundtrip_is_canonical ... ok
test object_read_tests::reader_crashes_at_owner_and_inventory_boundaries_leave_write_recovery_intact ... ok
test repository::tests::full_disk_crash::local_emergency_sweep_recovers_after_abort_without_a_mount ... ok
test repository::tests::object_reader_handoff_preserves_requested_roots_without_blocking_unrelated_gc ... ok
test blob::crash_tests::repository_publication_survives_every_process_crash_boundary ... ok
test spill::tests::batched_insertions_match_sequential_sets_across_flush_boundaries ... ok
test transfer::tests::transfer_catalog_holds_preserve_historical_reads_until_release ... ok
test blob::crash_tests::repository_catalog_rebase_survives_every_process_crash_boundary ... ok

test result: ok. 737 passed; 0 failed; 41 ignored; 0 measured; 0 filtered out; finished in 251.63s

     Running unittests src/main.rs (/home/domen/.cargo/build/57/be681442755f18/release/deps/casita-9a4f3a3c89e2a140)

running 31 tests
test commands::tests::s3_urls_preserve_the_bucket_and_normalize_edge_slashes ... ok
test commands::naming::tests::nested_names_drop_empty_and_traversal_segments ... ok
test commands::tests::command_dispatch_future_is_one_stack_pointer ... ok
test commands::workspace::tests::malformed_marker_is_rejected ... ok
test tests::archive_runtime_errors_are_categorized_and_usage_errors_exit_two ... ok
test tests::archive_cli_verify_rejects_corruption_without_opening_selected_repository ... ok
test commands::workspace::tests::creation_reuses_an_existing_workspace_identity ... ok
test tests::git_builder_errors_preserve_the_stable_category ... ok
test tests::git_ingest_options_require_positive_limits ... ok
test commands::run::tests::resolution_is_explicit_and_never_searches ... ok
test tests::filesystem_import_rejects_git_specific_flags ... ok
test tests::import_concurrency_options_require_positive_limits ... ok
test commands::run::tests::invalid_config_does_not_silently_change_resolution ... ok
test tests::parses_fsck_with_default_repair_and_dry_run ... ok
test commands::workspace::tests::marker_is_discovered_from_a_descendant_and_scopes_roots ... ok
test tests::parses_native_git_workflows ... ok
test tests::parses_path_selected_sync ... ok
test tests::parses_archive_workflows_and_requires_explicit_selectors_and_names ... ok
test tests::parses_global_tracing_options ... ok
test tests::parses_sync_selectors ... ok
test tests::root_removal_requires_exactly_one_selector ... ok
test tests::parses_s3_sync_endpoints_and_writer ... ok
test tests::detects_filesystem_git_tar_and_casitar_inputs ... ok
test commands::run::tests::discovery_requires_one_candidate_or_an_unambiguous_selection ... ok
test tests::transfer_errors_have_the_same_category_in_cli_and_stable_api ... ok
test tests::git_view_errors_have_the_same_category_in_cli_and_stable_api ... ok
test tests::tar_cli_import_publishes_a_complete_named_root ... ok
test tests::sync_command_copies_one_path_under_an_explicit_destination_root ... ok
test tests::sync_command_copies_a_named_root ... ok
test tests::archive_cli_create_inspect_verify_and_import_round_trip ... ok
test tests::sync_command_split_source_copies_from_blob_replica_and_rejects_missing_payloads ... ok

test result: ok. 31 passed; 0 failed; 0 ignored; 0 measured; 0 filtered out; finished in 2.69s

     Running tests/application_api.rs (/home/domen/.cargo/build/57/be681442755f18/release/deps/application_api-102c53f8bcea8fd6)

running 10 tests
test root_updates_validate_closures_and_compare_before_removing ... ok
test conditional_roots_create_replace_and_leave_rejected_updates_unchanged ... ok
test built_in_workflows_publish_copy_archive_and_restore_a_tree ... ok
test streaming_reads_retain_data_across_local_handles_and_handle_drop ... ok
test retained_metadata_and_content_share_a_snapshot_across_root_replacement_and_gc ... ok
test conditional_root_replacement_has_one_winner_across_local_handles ... ok
test single_object_reader_retains_the_objects_dependency_closure ... ok
test single_object_reader_allows_collection_of_preexisting_unrelated_garbage ... ok
test root_only_reads_stay_consistent_during_replacement_and_collection ... ok
test verified_readers_scope_retention_and_survive_gc_before_first_read ... ok

test result: ok. 10 passed; 0 failed; 0 ignored; 0 measured; 0 filtered out; finished in 3.66s

     Running tests/casitar_cli_pipes.rs (/home/domen/.cargo/build/57/be681442755f18/release/deps/casitar_cli_pipes-3de2abc89792a4e0)

running 1 test
test two_repositories_exchange_every_multi_root_archive_over_pipes ... ok

test result: ok. 1 passed; 0 failed; 0 ignored; 0 measured; 0 filtered out; finished in 1.83s

     Running tests/full_disk_gc.rs (/home/domen/.cargo/build/57/be681442755f18/release/deps/full_disk_gc-0260099bb72961bf)

running 3 tests
test local_gc_preserves_roots_when_garbage_cannot_release_space ... ok
test local_gc_fails_cleanly_when_traversal_state_cannot_spill ... ok
test local_gc_succeeds_after_filesystem_returns_enospc ... ok

test result: ok. 3 passed; 0 failed; 0 ignored; 0 measured; 0 filtered out; finished in 0.33s

     Running tests/generic_encodings.rs (/home/domen/.cargo/build/57/be681442755f18/release/deps/generic_encodings-154acbd641377576)

running 8 tests
test raw_non_utf8_directory_name_is_frozen ... ok
test casitar_v1_literal_vectors ... ok
test root_record_with_unicode_and_punctuation_has_literal_layout ... ok
test empty_directory_vector_is_eight_zero_bytes ... ok
test directory_with_every_entry_kind_has_literal_layout ... ok
test v0_2_object_record_with_cross_namespace_links_has_literal_layout ... ok
test v0_4_literal_vectors ... ok
test blob_payload_identity_vectors_are_frozen ... ok

test result: ok. 8 passed; 0 failed; 0 ignored; 0 measured; 0 filtered out; finished in 0.00s

     Running tests/git_import_cli.rs (/home/domen/.cargo/build/57/be681442755f18/release/deps/git_import_cli-6fe08fd0c8ba410c)

running 1 test
test git_cli_preserves_selection_cache_options_and_root_on_invalid_refs ... ok

test result: ok. 1 passed; 0 failed; 0 ignored; 0 measured; 0 filtered out; finished in 1.54s

     Running tests/hostile_inputs.rs (/home/domen/.cargo/build/57/be681442755f18/release/deps/hostile_inputs-ce98897f115bc5cb)

running 1 test
test portable_decoders_reject_truncation_and_hostile_lengths ... ok

test result: ok. 1 passed; 0 failed; 0 ignored; 0 measured; 0 filtered out; finished in 0.00s

     Running tests/importers.rs (/home/domen/.cargo/build/57/be681442755f18/release/deps/importers-33f1d2d48a34322a)

running 6 tests
test repository_accepts_a_downstream_importer ... ok
test inspected_casitar_readers_keep_original_limits_and_reject_overrides ... ok
test casitar_request_preserves_multi_root_mapping_and_conflict_policy ... ok
test generic_caller_supports_custom_storage_and_existing_sessions ... ok
test generic_caller_preserves_reports_and_round_trips_across_formats ... ok
test generic_caller_imports_a_native_git_view ... ok

test result: ok. 6 passed; 0 failed; 0 ignored; 0 measured; 0 filtered out; finished in 0.10s

     Running tests/local_hold_diagnostics.rs (/home/domen/.cargo/build/57/be681442755f18/release/deps/local_hold_diagnostics-19990c3bacdbb149)

running 1 test
test cli_inspects_local_pins_through_an_interrupted_prune_fence ... ok

test result: ok. 1 passed; 0 failed; 0 ignored; 0 measured; 0 filtered out; finished in 0.24s

     Running tests/mutation_sessions.rs (/home/domen/.cargo/build/57/be681442755f18/release/deps/mutation_sessions-c8feecb21309766d)

running 4 tests
test caller_owned_transfer_retains_unrooted_checkpoints ... ok
test unrooted_filesystem_import_creates_no_permanent_name ... ok
test chunk_presence_preserves_duplicates_and_missing_entries ... ok
test caller_owned_transfer_retains_reused_objects ... ok

test result: ok. 4 passed; 0 failed; 0 ignored; 0 measured; 0 filtered out; finished in 1.22s

     Running tests/online_collection.rs (/home/domen/.cargo/build/57/be681442755f18/release/deps/online_collection-cb427d5ba2047aa1)

running 2 tests
test deletion_claims_cover_cancelled_io_and_deferred_collection_finish ... ok
test integrity_scan_pins_its_snapshot_without_blocking_unrelated_collection ... ok

test result: ok. 2 passed; 0 failed; 0 ignored; 0 measured; 0 filtered out; finished in 0.01s

     Running tests/online_holds_contention.rs (/home/domen/.cargo/build/57/be681442755f18/release/deps/online_holds_contention-88ffcada2f4aeb52)

running 1 test
test local_imports_with_readers_and_gc_preserve_payloads_and_release_pins ... ok

test result: ok. 1 passed; 0 failed; 0 ignored; 0 measured; 0 filtered out; finished in 4.12s

     Running tests/online_pin_ledger.rs (/home/domen/.cargo/build/57/be681442755f18/release/deps/online_pin_ledger-2f78f254c11528a4)

running 3 tests
test pin_owner_process ... ok
test local_pins_and_deletion_claims_survive_process_exit ... ok
test s3_pins_survive_process_exit_and_concurrent_clients_preserve_every_owner ... ok

test result: ok. 3 passed; 0 failed; 0 ignored; 0 measured; 0 filtered out; finished in 1.60s

     Running tests/portable_api.rs (/home/domen/.cargo/build/57/be681442755f18/release/deps/portable_api-8c0064da877f8d28)

running 2 tests
test a_portable_consumer_round_trips_directory_and_archive_encodings ... ok
test a_portable_consumer_verifies_blob_and_directory_objects ... ok

test result: ok. 2 passed; 0 failed; 0 ignored; 0 measured; 0 filtered out; finished in 0.00s

     Running tests/properties.rs (/home/domen/.cargo/build/57/be681442755f18/release/deps/properties-0a8b6a0d41a7de93)

running 4 tests
test digest_string_roundtrip ... ok
test symlink_target_preserves_bytes ... ok
test directory_digest_is_order_independent ... ok
test directory_encoding_roundtrip ... ok

test result: ok. 4 passed; 0 failed; 0 ignored; 0 measured; 0 filtered out; finished in 0.02s

     Running tests/publication_cancellation.rs (/home/domen/.cargo/build/57/be681442755f18/release/deps/publication_cancellation-0a8f2ecbb01f2855)

running 2 tests
test cancelled_logical_prune_keeps_admission_fenced_until_commit_settles ... ok
test cancelled_publication_keeps_its_pin_through_online_collection_and_shutdown ... ok

test result: ok. 2 passed; 0 failed; 0 ignored; 0 measured; 0 filtered out; finished in 3.91s

     Running tests/publication_snapshot.rs (/home/domen/.cargo/build/57/be681442755f18/release/deps/publication_snapshot-22932b6c4184d09c)

running 2 tests
test publication_releases_its_snapshot_before_commit_and_each_retry ... ok
test releasing_the_snapshot_preserves_exact_revision_conflicts ... ok

test result: ok. 2 passed; 0 failed; 0 ignored; 0 measured; 0 filtered out; finished in 0.01s

     Running tests/repository_workflows.rs (/home/domen/.cargo/build/57/be681442755f18/release/deps/repository_workflows-50ad0fa9c39bfb27)

running 6 tests
test online_local_writer_process ... ok

running 1 test
test collection_on_a_second_handle_preserves_an_online_staged_publication ... ok
test a_completed_filesystem_import_compacts_its_state_log ... ok
test an_import_recognizes_unchanged_files_and_never_stale_ones ... ok
test online_local_writer_process ... ok

test result: ok. 1 passed; 0 failed; 0 ignored; 0 measured; 5 filtered out; finished in 0.74s

test local_collection_reclaims_unrelated_data_while_another_process_stages ... ok
test filesystem_sync_checkout_and_collection_share_one_repository_model ... ok

test result: ok. 6 passed; 0 failed; 0 ignored; 0 measured; 0 filtered out; finished in 1.87s

     Running tests/retained_process_pins.rs (/home/domen/.cargo/build/57/be681442755f18/release/deps/retained_process_pins-63152dcbe6d8bd82)

running 4 tests
test retained_process_crash_child ... ok
test retained_pin_releases_after_its_runtime_shuts_down ... ok
test process_crashes_release_retained_protection_but_preserve_durable_writes ... ok
test retained_readers_share_one_process_pin_through_concurrent_gc ... ok

test result: ok. 4 passed; 0 failed; 0 ignored; 0 measured; 0 filtered out; finished in 3.49s

     Running tests/rooted_filesystem.rs (/home/domen/.cargo/build/57/be681442755f18/release/deps/rooted_filesystem-71b9534899ef387d)

running 5 tests
test import_refuses_a_linked_root ... ok
test checkout_refuses_a_linked_target ... ok
test checkout_refuses_a_target_that_already_holds_content ... ok
test checkout_materializes_an_escaping_link_without_following_it ... ok
test import_records_a_linked_directory_instead_of_reading_through_it ... ok

test result: ok. 5 passed; 0 failed; 0 ignored; 0 measured; 0 filtered out; finished in 0.86s

     Running tests/run_cli.rs (/home/domen/.cargo/build/57/be681442755f18/release/deps/run_cli-799991dfbba7ea6a)

running 10 tests
test selected_binary_and_child_failure_are_not_casita_diagnostics ... ok
test nearest_workspace_wins_and_malformed_config_does_not_fall_back ... ok
test signals_sent_to_casita_reach_the_child_and_cleanup_finishes ... ok
test outputs_without_executables_fail_without_launching_anything ... ok
test mixed_scopes_and_literal_roots_preserve_arguments_cwd_and_environment ... ok
test root_replacement_and_collection_do_not_change_a_running_output ... ok
test standard_input_and_signal_exit_status_are_preserved ... ok
test unknown_names_never_fall_back_to_path_or_other_roots ... ok
test multiple_binaries_require_selection_and_duplicate_names_require_paths ... ok
test discovery_ignores_external_links_and_internal_file_symlinks_are_selectable ... ok

test result: ok. 10 passed; 0 failed; 0 ignored; 0 measured; 0 filtered out; finished in 3.21s

     Running tests/s3_application_api.rs (/home/domen/.cargo/build/57/be681442755f18/release/deps/s3_application_api-642cec0f29fcfaa5)

running 2 tests
test s3_application_worker ... ok
test s3_roundtrip_retention_and_shutdown_through_the_application_api ... ok

test result: ok. 2 passed; 0 failed; 0 ignored; 0 measured; 0 filtered out; finished in 18.12s

     Running tests/s3_collection_recovery.rs (/home/domen/.cargo/build/57/be681442755f18/release/deps/s3_collection_recovery-90a782a903676eaf)

running 3 tests
test s3_recovery_owner ... ok
test s3_recovery_runner ... ok
test separate_process_recovers_s3_catalog_through_an_abandoned_prune_fence ... ok

test result: ok. 3 passed; 0 failed; 0 ignored; 0 measured; 0 filtered out; finished in 2.34s

     Running tests/s3_hold_diagnostics.rs (/home/domen/.cargo/build/57/be681442755f18/release/deps/s3_hold_diagnostics-d8385cc5c07bbe2a)

running 2 tests
test abandoned_hold_owner ... ok
test cli_inspects_collector_ownership_without_blocking_read_open ... ok

test result: ok. 2 passed; 0 failed; 0 ignored; 0 measured; 0 filtered out; finished in 1.16s

     Running tests/spillable_traversal.rs (/home/domen/.cargo/build/57/be681442755f18/release/deps/spillable_traversal-421ae9338b40678e)

running 5 tests
test spill_state_from_a_dead_process_is_swept_at_open ... ok
test a_traversal_that_outgrows_its_temporary_budget_fails ... ok
test fsck_reports_actual_spill_telemetry ... ok
test a_spilled_export_plan_produces_the_same_archive ... ok
test a_spilled_traversal_agrees_with_an_in_memory_one ... ok

test result: ok. 5 passed; 0 failed; 0 ignored; 0 measured; 0 filtered out; finished in 2.91s

     Running tests/turso_multiprocess.rs (/home/domen/.cargo/build/57/be681442755f18/release/deps/turso_multiprocess-96e28cf6fe3d2ac4)

running 4 tests
test concurrent_writer_child ... ok
test child_writes_the_live_repository ... ok
test a_second_process_opens_and_writes_the_live_database ... ok
test independent_processes_can_publish_concurrently ... FAILED

failures:

---- independent_processes_can_publish_concurrently stdout ----

thread 'independent_processes_can_publish_concurrently' (1248156) panicked at tests/turso_multiprocess.rs:267:9:

thread 'concurrent_writer_child' (1248217) panicked at tests/turso_multiprocess.rs:208:64:
called `Result::unwrap()` on an `Err` value: Payload(Io(Custom { kind: WouldBlock, error: CatalogPinsChanged }))
note: run with `RUST_BACKTRACE=1` environment variable to display a backtrace

note: run with `RUST_BACKTRACE=1` environment variable to display a backtrace


failures:
    independent_processes_can_publish_concurrently

test result: FAILED. 3 passed; 1 failed; 0 ignored; 0 measured; 0 filtered out; finished in 14.40s

error: test failed, to rerun pass `--test turso_multiprocess`
