
running 114 tests
test blob::pack::tests::benchmark_cleanup_batch_boundary ... ignored, performance corpus; benchmark run cleanup-batches
test blob::pack::tests::benchmark_retirement_queue_memory ... ignored, performance corpus; benchmark run cleanup-batches
test blob::pack::tests::aborted_state_catalog_commit_restores_delta_and_preserves_later_mutations ... ok
test blob::pack::tests::aborted_rebase_commit_leaves_old_root_readable_and_retryable ... ok
test blob::pack::tests::catalog_deletion_rejects_a_pin_registered_after_its_mark ... ok
test blob::pack::tests::a_corrupt_packed_chunk_is_reported_as_integrity_failure ... ok
test blob::pack::tests::an_open_reader_discovers_another_writers_new_pack ... ok
test blob::pack::tests::catalog_range_reads_reject_corrupt_routing_and_chunk_blocks ... ok
test blob::pack::tests::catalog_reclamation_refuses_a_prepared_state_commit ... ok
test blob::pack::tests::compaction_survives_reopen_without_resurrecting_deleted_chunks ... ok
test blob::pack::tests::concurrent_catalog_publishers_merge_without_losing_packs ... ok
test blob::pack::tests::chunked_store_batches_small_blobs_and_reopens_from_pack_footers ... ok
test blob::pack::tests::concurrent_duplicate_puts_create_one_index_entry ... ok
test blob::pack::tests::concurrent_writes_exceed_the_target_by_at_most_one_chunk ... ok
test blob::pack::tests::configurable_promotion_threshold_delays_the_whole_pack_get ... ok
test blob::pack::tests::coordinated_gc_defers_catalog_publication_to_state_commit ... ok
test blob::pack::tests::catalog_reclamation_preserves_pinned_roots_then_removes_them ... ok
test blob::pack::tests::decoded_chunk_routing_shares_the_catalog_cache_byte_budget ... ok
test blob::pack::tests::corrupt_inline_catalog_falls_back_and_repairs_itself ... ok
test blob::pack::tests::duplicate_chunk_locations_survive_base_and_overlay_pack_removal ... ok
test blob::pack::tests::failed_catalog_deletion_requires_owned_claims_for_recovery ... ok
test blob::pack::tests::failed_owned_maintenance_discards_candidate_before_reclamation ... ok
test blob::pack::tests::deferred_pack_cleanup_preserves_historical_catalogs_and_reclaims_unrelated_uploads ... ok
test blob::pack::tests::failed_rebase_shard_put_keeps_old_root_and_retries ... ok
test blob::pack::external::tests::external_root_reads_fail_closed ... ok
test blob::pack::tests::forced_gc_rewrites_a_lazy_sharded_pack_without_hydrating_the_catalog ... ok
test blob::pack::tests::index_checkpoint_rejects_entries_outside_the_pack_body ... ok
test blob::pack::tests::forced_gc_streams_preexisting_tombstones_from_pack_shards ... ok
test blob::pack::tests::interrupted_catalog_sweep_keeps_marker_and_retries_from_published_root ... ok
test blob::pack::tests::interrupted_rebase_upload_reopens_old_root_and_collects_partial_shards ... ok
test blob::pack::tests::later_tombstones_compact_using_cumulative_dead_density ... ok
test blob::pack::tests::direct_put_manifest_flushes_packed_chunks_and_membership ... ok
test blob::pack::tests::malformed_footer_and_replacement_are_rejected ... ok
test blob::pack::tests::catalog_cleanup_defers_changed_pins_until_a_fresh_mark ... ok
test blob::pack::tests::fanout_tracks_bulk_and_pack_removals ... ok
test blob::pack::tests::manifest_catalog_preserves_manifest_precedence_and_elided_fast_path ... ok
test blob::pack::tests::matching_inline_index_catalog_elides_inventory_and_footer_reads ... ok
test blob::pack::tests::missing_authoritative_checkpoint_falls_back_to_inventory ... ok
test blob::pack::tests::missing_catalog_pack_forces_inventory_recovery ... ok
test blob::pack::tests::opening_rejects_a_truncated_pack ... ok
test blob::pack::external::tests::external_roots_follow_publication_abort_and_retention ... ok
test blob::pack::tests::manifest_index_keeps_a_sorted_base_and_exact_write_overlay ... ok
test blob::pack::tests::payload_cleanup_defers_late_pins_and_finishes_without_losing_protection ... ok
test blob::pack::tests::payload_cleanup_keeps_failed_deletion_claims_and_rejects_lost_ownership ... ok
test blob::pack::tests::payload_cleanup_cancellation_keeps_inflight_deletion_tracked ... ok
test blob::pack::tests::payload_cleanup_bounds_claim_batches_across_the_batch_limit ... ok
test blob::pack::tests::large_prepared_catalog_run_uses_bounded_multipart_upload ... ok
test blob::pack::tests::local_emergency_deletion_does_not_deduplicate_against_missing_bytes ... ok
test blob::pack::tests::refresh_preserves_locally_sealed_unpublished_packs ... ok
test blob::pack::tests::repeated_pack_reads_promote_once_and_then_hit_the_bounded_cache ... ok
test blob::pack::tests::scattered_ranges_share_the_pack_budget_and_sequential_reads_promote ... ok
test blob::pack::tests::run_bytes_trigger_a_bounded_base_rebase ... ok
test blob::pack::tests::seal_rebuild_and_range_read_roundtrip ... ok
test blob::pack::tests::sharded_base_open_is_lazy_and_chunk_reads_are_cached ... ok
test blob::pack::tests::retirement_queue_restores_pending_and_unvisited_paths_without_replaying_finished_batches ... ok
test blob::pack::tests::sharded_run_publication_moves_routing_into_the_open_map ... ok
test blob::pack::tests::payload_cleanup_visits_an_all_held_queue_once_and_reclaims_after_release ... ok
test blob::pack::tests::sparse_deletions_persist_as_tombstones_and_vacuum_later_reclaims ... ok
test blob::pack::tests::sparse_packs_share_one_delta_and_shared_record_survives_partial_vacuum ... ok
test blob::pack::tests::standalone_rebase_marks_reclamation_due_until_the_sweep_finishes ... ok
test blob::pack::tests::state_catalog_seeded_open_skips_pointer_and_inventory ... ok
test blob::pack::tests::state_committed_catalog_avoids_pointer_put_and_synchronizes_reader ... ok
test blob::pack::tests::state_catalog_vacuum_recovers_retired_packs_without_deleting_reintroduced_content ... ok
test blob::pack::tests::state_rebase_roots_are_atomic_and_post_prepare_writes_survive ... ok
test blob::pack::tests::tombstone_bitmap_round_trips_footer_ordinals ... ok
test blob::pack::tests::unchanged_catalog_refresh_keeps_overlay_and_observes_external_changes ... ok
test blob::pack::tests::streaming_rebase_folds_lazy_overlays_into_a_new_sharded_base ... ok
test blob::pack::tests::v1_records_exact_manifest_delta_with_one_catalog_put_and_one_get_open ... ok
test blob::pack::tests::wholly_dead_pack_is_deleted_without_reading_or_rewriting_it ... ok
test metadata::sqlite::tests::a_witness_never_hides_a_missing_root_target ... ok
test metadata::sqlite::tests::benchmark_object_batch ... ignored, performance probe; run through benchmark run metadata-batch
test metadata::sqlite::tests::benchmark_ordered_scan ... ignored, performance probe; run through benchmark run metadata-scan
test metadata::sqlite::tests::cached_statements_do_not_publish_an_abandoned_commit ... ok
test blob::pack::tests::state_catalog_gc_preserves_old_packs_until_catalog_publication ... ok
test blob::pack::tests::sharded_base_defers_immutable_runs_until_first_membership_read ... ok
test metadata::sqlite::tests::collection_folds_the_write_ahead_log_back ... ok
test metadata::sqlite::tests::cached_statements_rebind_across_commits_and_collection ... ok
test metadata::sqlite::tests::collection_forgets_ingested_files_whose_content_is_gone ... ok
test metadata::sqlite::tests::commit_still_rejects_naming_an_incomplete_closure ... ok
test blob::pack::tests::v1_seals_byte_bounded_inline_deltas_into_one_immutable_run ... ok
test metadata::sqlite::tests::commit_reopen_and_snapshot_isolation ... ok
test blob::pack::tests::online_local_sweep_preserves_pinned_packs_and_reclaims_unrelated_data ... ok
test metadata::sqlite::tests::object_batch_query_uses_composite_index ... ok
test blob::pack::tests::published_retirements_progress_during_newer_publication_and_abort ... ok
test metadata::sqlite::tests::commit_validates_only_the_closures_it_names ... ok
test metadata::sqlite::tests::object_batches_reject_invalid_and_mismatched_stored_records ... ok
test metadata::sqlite::tests::rooted_forward_closure_must_exist_in_the_same_commit ... ok
test metadata::sqlite::tests::stale_commit_and_atomic_collection ... ok
test metadata::sqlite::tests::streamed_collection_preserves_roots_and_rejects_unknown_keys ... ok
test metadata::sqlite::tests::transient_state_compaction_folds_the_write_ahead_log_back ... ok
test metadata::sqlite::tests::object_batches_preserve_order_duplicates_missing_keys_and_snapshots ... ok
test metadata::sqlite::tests::snapshot_inventory_streams_across_bounded_pages ... ok
test metadata::sqlite::tests::turso_snapshot_generations_preserve_exact_births ... ok
test metadata::sqlite::tests::validated_payload_projection_preserves_order_duplicates_and_snapshot ... ok
test repository::mutation_catalog_tests::benchmark_mutation_catalog_history ... ignored, permanent mutation-catalog benchmark
test blob::pack::tests::cancelled_publication_restores_mutations_and_retirements ... ok
test metadata::sqlite::tests::validated_witness_stops_root_validation_at_the_target ... ok
test repository::mutation_catalog_tests::cancelled_publisher_retains_catalog_until_commit_settles ... ok
test metadata::sqlite::tests::turso_exact_collection_recovery_preserves_live_pins ... ok
test metadata::sqlite::tests::turso_online_snapshot_excludes_future_garbage ... ok
test sqlite::tests::benchmark_snapshot_connections ... ignored, run through benchmark run snapshot-connections
test sqlite::tests::catalog_schema_migration_fences_an_already_prepared_legacy_writer ... ok
test metadata::sqlite::tests::ordered_inventory_seeks_across_namespaces_and_preserves_snapshots ... ok
test sqlite::tests::fresh_database_starts_at_current_schema_and_reopens_without_migration ... ok
test sqlite::tests::reader_cache_bounds_idle_connections_without_limiting_live_snapshots ... ok
test metadata::sqlite::tests::streamed_collection_pages_sparse_physical_rows_and_validates_late_links ... ok
test sqlite::tests::reused_readers_are_fresh_query_only_and_do_not_retain_transactions ... ok
test sqlite::tests::existing_nonrelease_schema_versions_are_rejected ... ok
test sqlite::tests::version_four_metadata_migration_preserves_existing_state ... ok
test repository::tests::full_disk_crash::local_emergency_sweep_recovers_after_real_process_abort ... ok
test repository::mutation_catalog_tests::catalog_history_crosses_former_inventory_limit ... ok
test repository::mutation_catalog_tests::repeated_publication_does_not_accumulate_catalogs ... ok
test repository::tests::full_disk_crash::local_emergency_sweep_recovers_after_abort_without_a_mount ... ok
test blob::crash_tests::external_catalog_migration_survives_process_death ... ok

test result: ok. 108 passed; 0 failed; 6 ignored; 0 measured; 548 filtered out; finished in 38.63s
