catalog-wal: small/resubmit/held=False rep=1
catalog-wal: small/resubmit/held=True rep=1
catalog-wal: small/metadata-only/held=False rep=1
catalog-wal: small/metadata-only/held=True rep=1
catalog-wal: small/reference/held=False rep=1
catalog-wal: small/reference/held=True rep=1
catalog-wal: small/external/held=False rep=1
catalog-wal: small/external/held=True rep=1
catalog-wal: delta-below/resubmit/held=False rep=1
catalog-wal: delta-below/resubmit/held=True rep=1
catalog-wal: delta-below/metadata-only/held=False rep=1
catalog-wal: delta-below/metadata-only/held=True rep=1
catalog-wal: delta-below/reference/held=False rep=1
catalog-wal: delta-below/reference/held=True rep=1
catalog-wal: delta-below/external/held=False rep=1
catalog-wal: delta-below/external/held=True rep=1
catalog-wal: delta-above/resubmit/held=False rep=1
catalog-wal: delta-above/resubmit/held=True rep=1
catalog-wal: delta-above/metadata-only/held=False rep=1
catalog-wal: delta-above/metadata-only/held=True rep=1
catalog-wal: delta-above/reference/held=False rep=1
catalog-wal: delta-above/reference/held=True rep=1
catalog-wal: delta-above/external/held=False rep=1
catalog-wal: delta-above/external/held=True rep=1
catalog-wal: base-below/resubmit/held=False rep=1
catalog-wal: base-below/resubmit/held=True rep=1
catalog-wal: base-below/metadata-only/held=False rep=1
catalog-wal: base-below/metadata-only/held=True rep=1
catalog-wal: base-below/reference/held=False rep=1
catalog-wal: base-below/reference/held=True rep=1
catalog-wal: base-below/external/held=False rep=1
catalog-wal: base-below/external/held=True rep=1
catalog-wal: base-above/resubmit/held=False rep=1
catalog-wal: base-above/resubmit/held=True rep=1
catalog-wal: base-above/metadata-only/held=False rep=1
catalog-wal: base-above/metadata-only/held=True rep=1
catalog-wal: base-above/reference/held=False rep=1
catalog-wal: base-above/reference/held=True rep=1
catalog-wal: base-above/external/held=False rep=1
catalog-wal: base-above/external/held=True rep=1
catalog-wal: small/resubmit/held=False rep=2
catalog-wal: small/resubmit/held=True rep=2
catalog-wal: small/metadata-only/held=False rep=2
catalog-wal: small/metadata-only/held=True rep=2
catalog-wal: small/reference/held=False rep=2
catalog-wal: small/reference/held=True rep=2
catalog-wal: small/external/held=False rep=2
catalog-wal: small/external/held=True rep=2
catalog-wal: delta-below/resubmit/held=False rep=2
catalog-wal: delta-below/resubmit/held=True rep=2
catalog-wal: delta-below/metadata-only/held=False rep=2
catalog-wal: delta-below/metadata-only/held=True rep=2
catalog-wal: delta-below/reference/held=False rep=2
catalog-wal: delta-below/reference/held=True rep=2
catalog-wal: delta-below/external/held=False rep=2
catalog-wal: delta-below/external/held=True rep=2
catalog-wal: delta-above/resubmit/held=False rep=2
catalog-wal: delta-above/resubmit/held=True rep=2
catalog-wal: delta-above/metadata-only/held=False rep=2
catalog-wal: delta-above/metadata-only/held=True rep=2
catalog-wal: delta-above/reference/held=False rep=2
catalog-wal: delta-above/reference/held=True rep=2
catalog-wal: delta-above/external/held=False rep=2
catalog-wal: delta-above/external/held=True rep=2
catalog-wal: base-below/resubmit/held=False rep=2
catalog-wal: base-below/resubmit/held=True rep=2
catalog-wal: base-below/metadata-only/held=False rep=2
catalog-wal: base-below/metadata-only/held=True rep=2
catalog-wal: base-below/reference/held=False rep=2
catalog-wal: base-below/reference/held=True rep=2
catalog-wal: base-below/external/held=False rep=2
catalog-wal: base-below/external/held=True rep=2
catalog-wal: base-above/resubmit/held=False rep=2
catalog-wal: base-above/resubmit/held=True rep=2
catalog-wal: base-above/metadata-only/held=False rep=2
catalog-wal: base-above/metadata-only/held=True rep=2
catalog-wal: base-above/reference/held=False rep=2
catalog-wal: base-above/reference/held=True rep=2
catalog-wal: base-above/external/held=False rep=2
catalog-wal: base-above/external/held=True rep=2
catalog-wal: small/resubmit/held=False rep=3
catalog-wal: small/resubmit/held=True rep=3
catalog-wal: small/metadata-only/held=False rep=3
catalog-wal: small/metadata-only/held=True rep=3
catalog-wal: small/reference/held=False rep=3
catalog-wal: small/reference/held=True rep=3
catalog-wal: small/external/held=False rep=3
catalog-wal: small/external/held=True rep=3
catalog-wal: delta-below/resubmit/held=False rep=3
catalog-wal: delta-below/resubmit/held=True rep=3
catalog-wal: delta-below/metadata-only/held=False rep=3
catalog-wal: delta-below/metadata-only/held=True rep=3
catalog-wal: delta-below/reference/held=False rep=3
catalog-wal: delta-below/reference/held=True rep=3
catalog-wal: delta-below/external/held=False rep=3
catalog-wal: delta-below/external/held=True rep=3
catalog-wal: delta-above/resubmit/held=False rep=3
catalog-wal: delta-above/resubmit/held=True rep=3
catalog-wal: delta-above/metadata-only/held=False rep=3
catalog-wal: delta-above/metadata-only/held=True rep=3
catalog-wal: delta-above/reference/held=False rep=3
catalog-wal: delta-above/reference/held=True rep=3
catalog-wal: delta-above/external/held=False rep=3
catalog-wal: delta-above/external/held=True rep=3
catalog-wal: base-below/resubmit/held=False rep=3
catalog-wal: base-below/resubmit/held=True rep=3
catalog-wal: base-below/metadata-only/held=False rep=3
catalog-wal: base-below/metadata-only/held=True rep=3
catalog-wal: base-below/reference/held=False rep=3
catalog-wal: base-below/reference/held=True rep=3
catalog-wal: base-below/external/held=False rep=3
catalog-wal: base-below/external/held=True rep=3
catalog-wal: base-above/resubmit/held=False rep=3
catalog-wal: base-above/resubmit/held=True rep=3
catalog-wal: base-above/metadata-only/held=False rep=3
catalog-wal: base-above/metadata-only/held=True rep=3
catalog-wal: base-above/reference/held=False rep=3
catalog-wal: base-above/reference/held=True rep=3
catalog-wal: base-above/external/held=False rep=3
catalog-wal: base-above/external/held=True rep=3
