copying 33 paths...
copying path '/tmp/casita-chain-rerun-l2oceybd/round-1-after/chain-round-1-jobs-8/store/rj7n6i7fvwnyw7vxk12d5pd6nvq11nmc-seed' to 'local://'...
copying path '/tmp/casita-chain-rerun-l2oceybd/round-1-after/chain-round-1-jobs-8/store/ymz85mkq18bj160097xajmbchf50bby9-leaf-0.drv.drv' to 'local://'...
copying path '/tmp/casita-chain-rerun-l2oceybd/round-1-after/chain-round-1-jobs-8/store/dshjrywfmrd0cfbxy8nw0gx58mdmfc55-leaf-1.drv.drv' to 'local://'...
copying path '/tmp/casita-chain-rerun-l2oceybd/round-1-after/chain-round-1-jobs-8/store/4k4w4lgpfd4sz54kxkpnp7h5j9ld6qyc-leaf-2.drv.drv' to 'local://'...
copying path '/tmp/casita-chain-rerun-l2oceybd/round-1-after/chain-round-1-jobs-8/store/gmyw9gshzmbyx3m9df35lsd6qjslc25f-leaf-3.drv.drv' to 'local://'...
copying path '/tmp/casita-chain-rerun-l2oceybd/round-1-after/chain-round-1-jobs-8/store/9ks5vj81l0d5k4jjjjg63ikdlmvvslcm-leaf-4.drv.drv' to 'local://'...
copying path '/tmp/casita-chain-rerun-l2oceybd/round-1-after/chain-round-1-jobs-8/store/jr91biwx22b0v83qdbyhjby00r2bls82-leaf-5.drv.drv' to 'local://'...
copying path '/tmp/casita-chain-rerun-l2oceybd/round-1-after/chain-round-1-jobs-8/store/05nzyhj40bp582k7rd9vidar6and3pni-leaf-6.drv.drv' to 'local://'...
copying path '/tmp/casita-chain-rerun-l2oceybd/round-1-after/chain-round-1-jobs-8/store/aawsrpgxl7hvrz9mwqnbz0p0my1i0cws-leaf-7.drv.drv' to 'local://'...
copying path '/tmp/casita-chain-rerun-l2oceybd/round-1-after/chain-round-1-jobs-8/store/ibyswfb26j6c87nv5v2shyqmnbkln633-leaf-8.drv.drv' to 'local://'...
copying path '/tmp/casita-chain-rerun-l2oceybd/round-1-after/chain-round-1-jobs-8/store/m1qf0yrj2mjkzfvrwibcadh0kn30jd07-leaf-9.drv.drv' to 'local://'...
copying path '/tmp/casita-chain-rerun-l2oceybd/round-1-after/chain-round-1-jobs-8/store/4gaqhd9yxix9m2gnynlpyj3si1gdgbrs-leaf-10.drv.drv' to 'local://'...
copying path '/tmp/casita-chain-rerun-l2oceybd/round-1-after/chain-round-1-jobs-8/store/q2k7x6zfr0svnmm46w8qfqckaam02l16-leaf-11.drv.drv' to 'local://'...
copying path '/tmp/casita-chain-rerun-l2oceybd/round-1-after/chain-round-1-jobs-8/store/rzgq5fammsxn5s9060nfd0blgh5va9nq-leaf-12.drv.drv' to 'local://'...
copying path '/tmp/casita-chain-rerun-l2oceybd/round-1-after/chain-round-1-jobs-8/store/2la8bplkry61xkgwg37b9slfnhj65j6v-leaf-13.drv.drv' to 'local://'...
copying path '/tmp/casita-chain-rerun-l2oceybd/round-1-after/chain-round-1-jobs-8/store/wzhybjkgmw0c0h24rqgkhgyfnxk47iw6-leaf-14.drv.drv' to 'local://'...
copying path '/tmp/casita-chain-rerun-l2oceybd/round-1-after/chain-round-1-jobs-8/store/65rphxhhg7pn49nflqpvnfmfzcrip8rb-leaf-15.drv.drv' to 'local://'...
copying path '/tmp/casita-chain-rerun-l2oceybd/round-1-after/chain-round-1-jobs-8/store/nd32hyivlai1cfgw9krdaq5kqr0xyb9f-leaf-16.drv.drv' to 'local://'...
copying path '/tmp/casita-chain-rerun-l2oceybd/round-1-after/chain-round-1-jobs-8/store/wfyd991a0gdcsmmaan6zb8iv2cf79l76-leaf-17.drv.drv' to 'local://'...
copying path '/tmp/casita-chain-rerun-l2oceybd/round-1-after/chain-round-1-jobs-8/store/580v2gbd4qbs3g0hs3wrl6vhxkd5f7bs-leaf-18.drv.drv' to 'local://'...
copying path '/tmp/casita-chain-rerun-l2oceybd/round-1-after/chain-round-1-jobs-8/store/031ly77spr5z4ybavfjhs50l6knjnwdl-leaf-19.drv.drv' to 'local://'...
copying path '/tmp/casita-chain-rerun-l2oceybd/round-1-after/chain-round-1-jobs-8/store/yrsrp7lkgzn2b6nihrg7y2vxxjsk50wg-leaf-20.drv.drv' to 'local://'...
copying path '/tmp/casita-chain-rerun-l2oceybd/round-1-after/chain-round-1-jobs-8/store/z6sa3czxidz1naxx0z18gx8id2aq6nkd-leaf-21.drv.drv' to 'local://'...
copying path '/tmp/casita-chain-rerun-l2oceybd/round-1-after/chain-round-1-jobs-8/store/i1aqa37909m8ivkfl07iwf4f0g97s1pk-leaf-22.drv.drv' to 'local://'...
copying path '/tmp/casita-chain-rerun-l2oceybd/round-1-after/chain-round-1-jobs-8/store/gv7qsjhss5hahfp4m9qghk7gwalvpqh6-leaf-23.drv.drv' to 'local://'...
copying path '/tmp/casita-chain-rerun-l2oceybd/round-1-after/chain-round-1-jobs-8/store/8fplmxsmsvf0d5hmc4k2zzsq7gzjjdyx-leaf-24.drv.drv' to 'local://'...
copying path '/tmp/casita-chain-rerun-l2oceybd/round-1-after/chain-round-1-jobs-8/store/pp69aj26wb11cq65v6q9537qbxcmky4m-leaf-25.drv.drv' to 'local://'...
copying path '/tmp/casita-chain-rerun-l2oceybd/round-1-after/chain-round-1-jobs-8/store/inn57qs819xr6xs2rsq0z29k5fgmnn1m-leaf-26.drv.drv' to 'local://'...
copying path '/tmp/casita-chain-rerun-l2oceybd/round-1-after/chain-round-1-jobs-8/store/02d90jmw88ah29cicq9zmd5ihh9qvd0c-leaf-27.drv.drv' to 'local://'...
copying path '/tmp/casita-chain-rerun-l2oceybd/round-1-after/chain-round-1-jobs-8/store/38lpd92gkrnx50d4zhfzlb4faf066jfw-leaf-28.drv.drv' to 'local://'...
copying path '/tmp/casita-chain-rerun-l2oceybd/round-1-after/chain-round-1-jobs-8/store/5sryps02avkjan9wwk02dkzw45blb48q-leaf-29.drv.drv' to 'local://'...
copying path '/tmp/casita-chain-rerun-l2oceybd/round-1-after/chain-round-1-jobs-8/store/0pzfa2jpcl2ychgabqfr9r3jlv0wf4y4-leaf-30.drv.drv' to 'local://'...
copying path '/tmp/casita-chain-rerun-l2oceybd/round-1-after/chain-round-1-jobs-8/store/ld5da522hnymhydykrzbgjfhan0x8lsv-leaf-31.drv.drv' to 'local://'...
