copying 33 paths...
copying path '/tmp/obrador-shared-pins-linux/round-2-baseline/chain-round-1-jobs-8/store/1mhj9xph5d1sd66s9493vgcz9ppdm6r1-seed' to 'obrador+local:///tmp/obrador-shared-pins-linux/round-2-baseline/chain-round-1-jobs-8/obrador/state'...
copying path '/tmp/obrador-shared-pins-linux/round-2-baseline/chain-round-1-jobs-8/store/5z9j627xqbqbyylzdlfb69cgl1a16y30-leaf-0.drv.drv' to 'obrador+local:///tmp/obrador-shared-pins-linux/round-2-baseline/chain-round-1-jobs-8/obrador/state'...
copying path '/tmp/obrador-shared-pins-linux/round-2-baseline/chain-round-1-jobs-8/store/4230dzmv0v12y4fhm3a72w9wl1nxbxsh-leaf-1.drv.drv' to 'obrador+local:///tmp/obrador-shared-pins-linux/round-2-baseline/chain-round-1-jobs-8/obrador/state'...
copying path '/tmp/obrador-shared-pins-linux/round-2-baseline/chain-round-1-jobs-8/store/6lhdy9lfakldsld6v92aww0yjhzizx81-leaf-2.drv.drv' to 'obrador+local:///tmp/obrador-shared-pins-linux/round-2-baseline/chain-round-1-jobs-8/obrador/state'...
copying path '/tmp/obrador-shared-pins-linux/round-2-baseline/chain-round-1-jobs-8/store/spp3g3gndpagdaza4qgf9mrvam174y1m-leaf-3.drv.drv' to 'obrador+local:///tmp/obrador-shared-pins-linux/round-2-baseline/chain-round-1-jobs-8/obrador/state'...
copying path '/tmp/obrador-shared-pins-linux/round-2-baseline/chain-round-1-jobs-8/store/vs790gk5m1x1780hakr5lp25wqhy4k3a-leaf-4.drv.drv' to 'obrador+local:///tmp/obrador-shared-pins-linux/round-2-baseline/chain-round-1-jobs-8/obrador/state'...
copying path '/tmp/obrador-shared-pins-linux/round-2-baseline/chain-round-1-jobs-8/store/r3gr3jrimg3hzzqnb1whhd0sxaxg7iif-leaf-5.drv.drv' to 'obrador+local:///tmp/obrador-shared-pins-linux/round-2-baseline/chain-round-1-jobs-8/obrador/state'...
copying path '/tmp/obrador-shared-pins-linux/round-2-baseline/chain-round-1-jobs-8/store/dzi13kdx4p1nsqfqgpglzq2d6yvs5xd1-leaf-6.drv.drv' to 'obrador+local:///tmp/obrador-shared-pins-linux/round-2-baseline/chain-round-1-jobs-8/obrador/state'...
copying path '/tmp/obrador-shared-pins-linux/round-2-baseline/chain-round-1-jobs-8/store/y225jdpf0yygz49rndkla16gxgn75wdb-leaf-7.drv.drv' to 'obrador+local:///tmp/obrador-shared-pins-linux/round-2-baseline/chain-round-1-jobs-8/obrador/state'...
copying path '/tmp/obrador-shared-pins-linux/round-2-baseline/chain-round-1-jobs-8/store/5dw809plz84l8y7aydklfb035qwr625y-leaf-8.drv.drv' to 'obrador+local:///tmp/obrador-shared-pins-linux/round-2-baseline/chain-round-1-jobs-8/obrador/state'...
copying path '/tmp/obrador-shared-pins-linux/round-2-baseline/chain-round-1-jobs-8/store/3x05zbsmx4zbvlhqzi81s5pjkwmsfnbq-leaf-9.drv.drv' to 'obrador+local:///tmp/obrador-shared-pins-linux/round-2-baseline/chain-round-1-jobs-8/obrador/state'...
copying path '/tmp/obrador-shared-pins-linux/round-2-baseline/chain-round-1-jobs-8/store/k1vsldfvafj51x8za8l8mk71yw7dbiin-leaf-10.drv.drv' to 'obrador+local:///tmp/obrador-shared-pins-linux/round-2-baseline/chain-round-1-jobs-8/obrador/state'...
copying path '/tmp/obrador-shared-pins-linux/round-2-baseline/chain-round-1-jobs-8/store/amzlq07hccx5c7sf531dy1qb0dimmvb9-leaf-11.drv.drv' to 'obrador+local:///tmp/obrador-shared-pins-linux/round-2-baseline/chain-round-1-jobs-8/obrador/state'...
copying path '/tmp/obrador-shared-pins-linux/round-2-baseline/chain-round-1-jobs-8/store/frzpzkcyplkyhh98l32n6c2v77rz38im-leaf-12.drv.drv' to 'obrador+local:///tmp/obrador-shared-pins-linux/round-2-baseline/chain-round-1-jobs-8/obrador/state'...
copying path '/tmp/obrador-shared-pins-linux/round-2-baseline/chain-round-1-jobs-8/store/sfwpk54bwd01c8klqkc442wh5asmcy7s-leaf-13.drv.drv' to 'obrador+local:///tmp/obrador-shared-pins-linux/round-2-baseline/chain-round-1-jobs-8/obrador/state'...
copying path '/tmp/obrador-shared-pins-linux/round-2-baseline/chain-round-1-jobs-8/store/ckqhwyx9xbdxnwpr5w63i35kx8bdjisk-leaf-14.drv.drv' to 'obrador+local:///tmp/obrador-shared-pins-linux/round-2-baseline/chain-round-1-jobs-8/obrador/state'...
copying path '/tmp/obrador-shared-pins-linux/round-2-baseline/chain-round-1-jobs-8/store/hk6mwkcg0ipg1zrsncar25gbmmchqyjs-leaf-15.drv.drv' to 'obrador+local:///tmp/obrador-shared-pins-linux/round-2-baseline/chain-round-1-jobs-8/obrador/state'...
copying path '/tmp/obrador-shared-pins-linux/round-2-baseline/chain-round-1-jobs-8/store/lfy3w2k1dv0q4v2xkn7lkldvzj9avwq3-leaf-16.drv.drv' to 'obrador+local:///tmp/obrador-shared-pins-linux/round-2-baseline/chain-round-1-jobs-8/obrador/state'...
copying path '/tmp/obrador-shared-pins-linux/round-2-baseline/chain-round-1-jobs-8/store/63frs9s6x766wdna0ssnp88k4s67x0bm-leaf-17.drv.drv' to 'obrador+local:///tmp/obrador-shared-pins-linux/round-2-baseline/chain-round-1-jobs-8/obrador/state'...
copying path '/tmp/obrador-shared-pins-linux/round-2-baseline/chain-round-1-jobs-8/store/vqfjx9jyf9z4jgpgkq2ijd0k0zrk1akg-leaf-18.drv.drv' to 'obrador+local:///tmp/obrador-shared-pins-linux/round-2-baseline/chain-round-1-jobs-8/obrador/state'...
copying path '/tmp/obrador-shared-pins-linux/round-2-baseline/chain-round-1-jobs-8/store/2l061jvpw1ig4bvjybfiq3qxfx79dlrz-leaf-19.drv.drv' to 'obrador+local:///tmp/obrador-shared-pins-linux/round-2-baseline/chain-round-1-jobs-8/obrador/state'...
copying path '/tmp/obrador-shared-pins-linux/round-2-baseline/chain-round-1-jobs-8/store/np79r48045m6f39x94kmpp007pkg0nq6-leaf-20.drv.drv' to 'obrador+local:///tmp/obrador-shared-pins-linux/round-2-baseline/chain-round-1-jobs-8/obrador/state'...
copying path '/tmp/obrador-shared-pins-linux/round-2-baseline/chain-round-1-jobs-8/store/xwjk35ml0v0ig87l71bqqisq786dg2rf-leaf-21.drv.drv' to 'obrador+local:///tmp/obrador-shared-pins-linux/round-2-baseline/chain-round-1-jobs-8/obrador/state'...
copying path '/tmp/obrador-shared-pins-linux/round-2-baseline/chain-round-1-jobs-8/store/rdsrz8zjzmi240d0r1v1ah581q2rhfzq-leaf-22.drv.drv' to 'obrador+local:///tmp/obrador-shared-pins-linux/round-2-baseline/chain-round-1-jobs-8/obrador/state'...
copying path '/tmp/obrador-shared-pins-linux/round-2-baseline/chain-round-1-jobs-8/store/6f44ip849wrgbbrfkx3k1qnp831szzkx-leaf-23.drv.drv' to 'obrador+local:///tmp/obrador-shared-pins-linux/round-2-baseline/chain-round-1-jobs-8/obrador/state'...
copying path '/tmp/obrador-shared-pins-linux/round-2-baseline/chain-round-1-jobs-8/store/gpp7vkv8wnlgblqy28l021kr2v6ikmxx-leaf-24.drv.drv' to 'obrador+local:///tmp/obrador-shared-pins-linux/round-2-baseline/chain-round-1-jobs-8/obrador/state'...
copying path '/tmp/obrador-shared-pins-linux/round-2-baseline/chain-round-1-jobs-8/store/s54rn3b1sjgn6d6l67k8hhjpbfdvrzxg-leaf-25.drv.drv' to 'obrador+local:///tmp/obrador-shared-pins-linux/round-2-baseline/chain-round-1-jobs-8/obrador/state'...
copying path '/tmp/obrador-shared-pins-linux/round-2-baseline/chain-round-1-jobs-8/store/ss7nbq1f2kax927sqrla56xccg3rpsgm-leaf-26.drv.drv' to 'obrador+local:///tmp/obrador-shared-pins-linux/round-2-baseline/chain-round-1-jobs-8/obrador/state'...
copying path '/tmp/obrador-shared-pins-linux/round-2-baseline/chain-round-1-jobs-8/store/rgra6yqdq18ad7yixwzs9ng0m85nxbmq-leaf-27.drv.drv' to 'obrador+local:///tmp/obrador-shared-pins-linux/round-2-baseline/chain-round-1-jobs-8/obrador/state'...
copying path '/tmp/obrador-shared-pins-linux/round-2-baseline/chain-round-1-jobs-8/store/qv9z6lrv00n7lirrm0brs3y39mis04ki-leaf-28.drv.drv' to 'obrador+local:///tmp/obrador-shared-pins-linux/round-2-baseline/chain-round-1-jobs-8/obrador/state'...
copying path '/tmp/obrador-shared-pins-linux/round-2-baseline/chain-round-1-jobs-8/store/v5fldzlzar9yg00ivmg4qkff2vj25gda-leaf-29.drv.drv' to 'obrador+local:///tmp/obrador-shared-pins-linux/round-2-baseline/chain-round-1-jobs-8/obrador/state'...
copying path '/tmp/obrador-shared-pins-linux/round-2-baseline/chain-round-1-jobs-8/store/724sc19xr9gwsc8p50r9mn29d3ikmn08-leaf-30.drv.drv' to 'obrador+local:///tmp/obrador-shared-pins-linux/round-2-baseline/chain-round-1-jobs-8/obrador/state'...
copying path '/tmp/obrador-shared-pins-linux/round-2-baseline/chain-round-1-jobs-8/store/f9w4wwk0whrwd5l5lk3b34mnldyfdsb0-leaf-31.drv.drv' to 'obrador+local:///tmp/obrador-shared-pins-linux/round-2-baseline/chain-round-1-jobs-8/obrador/state'...
