copying 33 paths...
copying path '/tmp/casita-chain-rerun-l2oceybd/round-1-baseline/chain-round-1-jobs-8/store/p0z4581xmrj0sz3rac1dsfcq3q93ar2q-seed' to 'obrador+local:///tmp/casita-chain-rerun-l2oceybd/round-1-baseline/chain-round-1-jobs-8/obrador/state'...
copying path '/tmp/casita-chain-rerun-l2oceybd/round-1-baseline/chain-round-1-jobs-8/store/w21sc6vyp3qrr8av9agsxzrgd2xzn796-leaf-0.drv.drv' to 'obrador+local:///tmp/casita-chain-rerun-l2oceybd/round-1-baseline/chain-round-1-jobs-8/obrador/state'...
copying path '/tmp/casita-chain-rerun-l2oceybd/round-1-baseline/chain-round-1-jobs-8/store/8flnnk7a4hnnck2ynxdmmq990paiwrxg-leaf-1.drv.drv' to 'obrador+local:///tmp/casita-chain-rerun-l2oceybd/round-1-baseline/chain-round-1-jobs-8/obrador/state'...
copying path '/tmp/casita-chain-rerun-l2oceybd/round-1-baseline/chain-round-1-jobs-8/store/pgr5wvk78mlrmqlm6y60kxwkdgl78hw0-leaf-2.drv.drv' to 'obrador+local:///tmp/casita-chain-rerun-l2oceybd/round-1-baseline/chain-round-1-jobs-8/obrador/state'...
copying path '/tmp/casita-chain-rerun-l2oceybd/round-1-baseline/chain-round-1-jobs-8/store/2hs3ivvsjcq0n8x6rmfd7zild4871s5k-leaf-3.drv.drv' to 'obrador+local:///tmp/casita-chain-rerun-l2oceybd/round-1-baseline/chain-round-1-jobs-8/obrador/state'...
copying path '/tmp/casita-chain-rerun-l2oceybd/round-1-baseline/chain-round-1-jobs-8/store/jyirv275gbrxw8ll6ir7iafi64h6dx6a-leaf-4.drv.drv' to 'obrador+local:///tmp/casita-chain-rerun-l2oceybd/round-1-baseline/chain-round-1-jobs-8/obrador/state'...
copying path '/tmp/casita-chain-rerun-l2oceybd/round-1-baseline/chain-round-1-jobs-8/store/zf7daackrw1cz7g7b9hq5jhz67lbyyay-leaf-5.drv.drv' to 'obrador+local:///tmp/casita-chain-rerun-l2oceybd/round-1-baseline/chain-round-1-jobs-8/obrador/state'...
copying path '/tmp/casita-chain-rerun-l2oceybd/round-1-baseline/chain-round-1-jobs-8/store/2xrc52qmz4jlvdp87yv134vqj0w1w734-leaf-6.drv.drv' to 'obrador+local:///tmp/casita-chain-rerun-l2oceybd/round-1-baseline/chain-round-1-jobs-8/obrador/state'...
copying path '/tmp/casita-chain-rerun-l2oceybd/round-1-baseline/chain-round-1-jobs-8/store/6mac6d41fpnc1z3j55l2al4mm8hkqbb1-leaf-7.drv.drv' to 'obrador+local:///tmp/casita-chain-rerun-l2oceybd/round-1-baseline/chain-round-1-jobs-8/obrador/state'...
copying path '/tmp/casita-chain-rerun-l2oceybd/round-1-baseline/chain-round-1-jobs-8/store/cdqfnnfqc285s1xzzbyw6w2kiy1pdd9k-leaf-8.drv.drv' to 'obrador+local:///tmp/casita-chain-rerun-l2oceybd/round-1-baseline/chain-round-1-jobs-8/obrador/state'...
copying path '/tmp/casita-chain-rerun-l2oceybd/round-1-baseline/chain-round-1-jobs-8/store/kczwx297frsmrfc2x9w14q5xjc2dswi8-leaf-9.drv.drv' to 'obrador+local:///tmp/casita-chain-rerun-l2oceybd/round-1-baseline/chain-round-1-jobs-8/obrador/state'...
copying path '/tmp/casita-chain-rerun-l2oceybd/round-1-baseline/chain-round-1-jobs-8/store/q3qg6prccfp7r9smd53v2n536nq3rxki-leaf-10.drv.drv' to 'obrador+local:///tmp/casita-chain-rerun-l2oceybd/round-1-baseline/chain-round-1-jobs-8/obrador/state'...
copying path '/tmp/casita-chain-rerun-l2oceybd/round-1-baseline/chain-round-1-jobs-8/store/bwhz1gg0m7ywqk7p8zababvmb4zqk2vh-leaf-11.drv.drv' to 'obrador+local:///tmp/casita-chain-rerun-l2oceybd/round-1-baseline/chain-round-1-jobs-8/obrador/state'...
copying path '/tmp/casita-chain-rerun-l2oceybd/round-1-baseline/chain-round-1-jobs-8/store/mvp8302q26gb6jhj21x02bfyfxsdm92q-leaf-12.drv.drv' to 'obrador+local:///tmp/casita-chain-rerun-l2oceybd/round-1-baseline/chain-round-1-jobs-8/obrador/state'...
copying path '/tmp/casita-chain-rerun-l2oceybd/round-1-baseline/chain-round-1-jobs-8/store/8i9g3zk373s12f1lr8b5201pdv845glc-leaf-13.drv.drv' to 'obrador+local:///tmp/casita-chain-rerun-l2oceybd/round-1-baseline/chain-round-1-jobs-8/obrador/state'...
copying path '/tmp/casita-chain-rerun-l2oceybd/round-1-baseline/chain-round-1-jobs-8/store/3fk28wlb8g9nnb057pdjzhsbnagzhhaa-leaf-14.drv.drv' to 'obrador+local:///tmp/casita-chain-rerun-l2oceybd/round-1-baseline/chain-round-1-jobs-8/obrador/state'...
copying path '/tmp/casita-chain-rerun-l2oceybd/round-1-baseline/chain-round-1-jobs-8/store/vlx2f2hbjx0v905bad5wb0mgicz6w4p3-leaf-15.drv.drv' to 'obrador+local:///tmp/casita-chain-rerun-l2oceybd/round-1-baseline/chain-round-1-jobs-8/obrador/state'...
copying path '/tmp/casita-chain-rerun-l2oceybd/round-1-baseline/chain-round-1-jobs-8/store/fbblnrqiz823cl4mbm58ijk01jy6bbap-leaf-16.drv.drv' to 'obrador+local:///tmp/casita-chain-rerun-l2oceybd/round-1-baseline/chain-round-1-jobs-8/obrador/state'...
copying path '/tmp/casita-chain-rerun-l2oceybd/round-1-baseline/chain-round-1-jobs-8/store/30wk93vf39v3h596w0l1qmwaz98ma9dp-leaf-17.drv.drv' to 'obrador+local:///tmp/casita-chain-rerun-l2oceybd/round-1-baseline/chain-round-1-jobs-8/obrador/state'...
copying path '/tmp/casita-chain-rerun-l2oceybd/round-1-baseline/chain-round-1-jobs-8/store/1i3v1njs6kipsls5jydmc34q54jdvdi6-leaf-18.drv.drv' to 'obrador+local:///tmp/casita-chain-rerun-l2oceybd/round-1-baseline/chain-round-1-jobs-8/obrador/state'...
copying path '/tmp/casita-chain-rerun-l2oceybd/round-1-baseline/chain-round-1-jobs-8/store/5rbbbq5ha46b0wcarsvqfr1bzj57g8xf-leaf-19.drv.drv' to 'obrador+local:///tmp/casita-chain-rerun-l2oceybd/round-1-baseline/chain-round-1-jobs-8/obrador/state'...
copying path '/tmp/casita-chain-rerun-l2oceybd/round-1-baseline/chain-round-1-jobs-8/store/rk6a2ipx97rcbm6idcl9mkn309c24vbx-leaf-20.drv.drv' to 'obrador+local:///tmp/casita-chain-rerun-l2oceybd/round-1-baseline/chain-round-1-jobs-8/obrador/state'...
copying path '/tmp/casita-chain-rerun-l2oceybd/round-1-baseline/chain-round-1-jobs-8/store/ijy4a3yqllmljhrbm0z148fv0g7kh9pn-leaf-21.drv.drv' to 'obrador+local:///tmp/casita-chain-rerun-l2oceybd/round-1-baseline/chain-round-1-jobs-8/obrador/state'...
copying path '/tmp/casita-chain-rerun-l2oceybd/round-1-baseline/chain-round-1-jobs-8/store/l32yv3b8ivk96cfmmxqpnyfp6dqrn1zs-leaf-22.drv.drv' to 'obrador+local:///tmp/casita-chain-rerun-l2oceybd/round-1-baseline/chain-round-1-jobs-8/obrador/state'...
copying path '/tmp/casita-chain-rerun-l2oceybd/round-1-baseline/chain-round-1-jobs-8/store/1w7i8ws1qis03cawrvlh76f8bf7y6qyw-leaf-23.drv.drv' to 'obrador+local:///tmp/casita-chain-rerun-l2oceybd/round-1-baseline/chain-round-1-jobs-8/obrador/state'...
copying path '/tmp/casita-chain-rerun-l2oceybd/round-1-baseline/chain-round-1-jobs-8/store/4zz4jxrxq5fpwl0jfjc4ykzfmgr67hdh-leaf-24.drv.drv' to 'obrador+local:///tmp/casita-chain-rerun-l2oceybd/round-1-baseline/chain-round-1-jobs-8/obrador/state'...
copying path '/tmp/casita-chain-rerun-l2oceybd/round-1-baseline/chain-round-1-jobs-8/store/hlkpvvzxis2jh2y1hshqbkn6mcgbw51s-leaf-25.drv.drv' to 'obrador+local:///tmp/casita-chain-rerun-l2oceybd/round-1-baseline/chain-round-1-jobs-8/obrador/state'...
copying path '/tmp/casita-chain-rerun-l2oceybd/round-1-baseline/chain-round-1-jobs-8/store/fkmbrargpfdskgza7ips7qfv9s86xnll-leaf-26.drv.drv' to 'obrador+local:///tmp/casita-chain-rerun-l2oceybd/round-1-baseline/chain-round-1-jobs-8/obrador/state'...
copying path '/tmp/casita-chain-rerun-l2oceybd/round-1-baseline/chain-round-1-jobs-8/store/98jx767xgdczf5pis3d3q6pnllyl5h2y-leaf-27.drv.drv' to 'obrador+local:///tmp/casita-chain-rerun-l2oceybd/round-1-baseline/chain-round-1-jobs-8/obrador/state'...
copying path '/tmp/casita-chain-rerun-l2oceybd/round-1-baseline/chain-round-1-jobs-8/store/i6aw290di0laf52hzszfwy9v01pnf2j0-leaf-28.drv.drv' to 'obrador+local:///tmp/casita-chain-rerun-l2oceybd/round-1-baseline/chain-round-1-jobs-8/obrador/state'...
copying path '/tmp/casita-chain-rerun-l2oceybd/round-1-baseline/chain-round-1-jobs-8/store/q7lwgqrksz76pz2q1h5lc9nwdrhwgs0h-leaf-29.drv.drv' to 'obrador+local:///tmp/casita-chain-rerun-l2oceybd/round-1-baseline/chain-round-1-jobs-8/obrador/state'...
copying path '/tmp/casita-chain-rerun-l2oceybd/round-1-baseline/chain-round-1-jobs-8/store/0p12md6jin56wzi4z8k08a2n04gn2lhv-leaf-30.drv.drv' to 'obrador+local:///tmp/casita-chain-rerun-l2oceybd/round-1-baseline/chain-round-1-jobs-8/obrador/state'...
copying path '/tmp/casita-chain-rerun-l2oceybd/round-1-baseline/chain-round-1-jobs-8/store/2hyw85n7zqin0xggrfblk2728g8jsih3-leaf-31.drv.drv' to 'obrador+local:///tmp/casita-chain-rerun-l2oceybd/round-1-baseline/chain-round-1-jobs-8/obrador/state'...
