@nix {"action":"msg","level":3,"msg":"these 32 derivations will be built:"}
@nix {"action":"msg","level":3,"msg":"  /Users/hetzner/obrador-shared-pins-20260909/round-2-baseline/chain-round-1-jobs-8/store/d13z4hyhrymqicb70j7bqq00lnw9mjyw-leaf-0.drv.drv"}
@nix {"action":"msg","level":3,"msg":"  /Users/hetzner/obrador-shared-pins-20260909/round-2-baseline/chain-round-1-jobs-8/store/xhv81dq2pbh0aqrr43jb65gnh7xszkvz-leaf-1.drv.drv"}
@nix {"action":"msg","level":3,"msg":"  /Users/hetzner/obrador-shared-pins-20260909/round-2-baseline/chain-round-1-jobs-8/store/md2kfdghzki4kpx1l7i77bh0rgp8cxsr-leaf-2.drv.drv"}
@nix {"action":"msg","level":3,"msg":"  /Users/hetzner/obrador-shared-pins-20260909/round-2-baseline/chain-round-1-jobs-8/store/jn87q3mszc6r3rrsjapwp3kbrz472d8m-leaf-3.drv.drv"}
@nix {"action":"msg","level":3,"msg":"  /Users/hetzner/obrador-shared-pins-20260909/round-2-baseline/chain-round-1-jobs-8/store/zjkdk3hm1rffxqj78c78xmjyd1qb20f4-leaf-4.drv.drv"}
@nix {"action":"msg","level":3,"msg":"  /Users/hetzner/obrador-shared-pins-20260909/round-2-baseline/chain-round-1-jobs-8/store/60xj60v232pcjpxjbzcnynd6b197fif4-leaf-5.drv.drv"}
@nix {"action":"msg","level":3,"msg":"  /Users/hetzner/obrador-shared-pins-20260909/round-2-baseline/chain-round-1-jobs-8/store/yh7p4cdc2ymargk2v4hh0pycvbxcd702-leaf-6.drv.drv"}
@nix {"action":"msg","level":3,"msg":"  /Users/hetzner/obrador-shared-pins-20260909/round-2-baseline/chain-round-1-jobs-8/store/dim47hkbsavksi9ibjvm6larn08yikzk-leaf-7.drv.drv"}
@nix {"action":"msg","level":3,"msg":"  /Users/hetzner/obrador-shared-pins-20260909/round-2-baseline/chain-round-1-jobs-8/store/cglhswignmpaxhl79sm6i92b96rp6f2h-leaf-8.drv.drv"}
@nix {"action":"msg","level":3,"msg":"  /Users/hetzner/obrador-shared-pins-20260909/round-2-baseline/chain-round-1-jobs-8/store/9d6hpc9d2r56nrzl8s9xw8dmndclqyvj-leaf-9.drv.drv"}
@nix {"action":"msg","level":3,"msg":"  /Users/hetzner/obrador-shared-pins-20260909/round-2-baseline/chain-round-1-jobs-8/store/qfk4wd2jzzjnx035wci3y6fdhwvinw09-leaf-10.drv.drv"}
@nix {"action":"msg","level":3,"msg":"  /Users/hetzner/obrador-shared-pins-20260909/round-2-baseline/chain-round-1-jobs-8/store/mm2bfyayg8b7ii0kn61f3b5919hq0kc0-leaf-11.drv.drv"}
@nix {"action":"msg","level":3,"msg":"  /Users/hetzner/obrador-shared-pins-20260909/round-2-baseline/chain-round-1-jobs-8/store/j46yxn9s8hcf1ny01j72nk7z0xv9znfi-leaf-12.drv.drv"}
@nix {"action":"msg","level":3,"msg":"  /Users/hetzner/obrador-shared-pins-20260909/round-2-baseline/chain-round-1-jobs-8/store/xpqwv9p000ryykxpj3pn63jcxlmsbn9q-leaf-13.drv.drv"}
@nix {"action":"msg","level":3,"msg":"  /Users/hetzner/obrador-shared-pins-20260909/round-2-baseline/chain-round-1-jobs-8/store/ym73ylnp9ys1mw0jc7plsvw33k0xy7rd-leaf-14.drv.drv"}
@nix {"action":"msg","level":3,"msg":"  /Users/hetzner/obrador-shared-pins-20260909/round-2-baseline/chain-round-1-jobs-8/store/7mfz1hxly9854ir9dwx476w51ahf3v6l-leaf-15.drv.drv"}
@nix {"action":"msg","level":3,"msg":"  /Users/hetzner/obrador-shared-pins-20260909/round-2-baseline/chain-round-1-jobs-8/store/6cpjsnmjfah9zdmw6hpl42gl6sxf7ckj-leaf-16.drv.drv"}
@nix {"action":"msg","level":3,"msg":"  /Users/hetzner/obrador-shared-pins-20260909/round-2-baseline/chain-round-1-jobs-8/store/4xx8fdpcjr4zbvxb1dkbg6kyzcrh2wzc-leaf-17.drv.drv"}
@nix {"action":"msg","level":3,"msg":"  /Users/hetzner/obrador-shared-pins-20260909/round-2-baseline/chain-round-1-jobs-8/store/h8a8gzx4z2pkz21yxvw2z3wlkxg9j4h0-leaf-18.drv.drv"}
@nix {"action":"msg","level":3,"msg":"  /Users/hetzner/obrador-shared-pins-20260909/round-2-baseline/chain-round-1-jobs-8/store/20qy0w337rimjbiss2d90jg7d8s5w4aa-leaf-19.drv.drv"}
@nix {"action":"msg","level":3,"msg":"  /Users/hetzner/obrador-shared-pins-20260909/round-2-baseline/chain-round-1-jobs-8/store/ls8mwq7i328rwp38qdmvpwrgfzmk5ask-leaf-20.drv.drv"}
@nix {"action":"msg","level":3,"msg":"  /Users/hetzner/obrador-shared-pins-20260909/round-2-baseline/chain-round-1-jobs-8/store/0pb7y8mchb6kilpkynhlqifbfs8azxk5-leaf-21.drv.drv"}
@nix {"action":"msg","level":3,"msg":"  /Users/hetzner/obrador-shared-pins-20260909/round-2-baseline/chain-round-1-jobs-8/store/p7l4rr0lk7rdnzq4fay5b8kzfvfp7w35-leaf-22.drv.drv"}
@nix {"action":"msg","level":3,"msg":"  /Users/hetzner/obrador-shared-pins-20260909/round-2-baseline/chain-round-1-jobs-8/store/l740w9c510dhhdazn6rc4g3q0dlxd2gm-leaf-23.drv.drv"}
@nix {"action":"msg","level":3,"msg":"  /Users/hetzner/obrador-shared-pins-20260909/round-2-baseline/chain-round-1-jobs-8/store/l215s3dzdh63ivbd622aabj6z5kkrj4m-leaf-24.drv.drv"}
@nix {"action":"msg","level":3,"msg":"  /Users/hetzner/obrador-shared-pins-20260909/round-2-baseline/chain-round-1-jobs-8/store/icn3qi6krv9bqc7g36xfdnhcwdhsbwd6-leaf-25.drv.drv"}
@nix {"action":"msg","level":3,"msg":"  /Users/hetzner/obrador-shared-pins-20260909/round-2-baseline/chain-round-1-jobs-8/store/wf3y03s05x76gl8lz9zbyvi8ili30zd4-leaf-26.drv.drv"}
@nix {"action":"msg","level":3,"msg":"  /Users/hetzner/obrador-shared-pins-20260909/round-2-baseline/chain-round-1-jobs-8/store/0x85dqndjqa90wix0686aiqg2h539lgb-leaf-27.drv.drv"}
@nix {"action":"msg","level":3,"msg":"  /Users/hetzner/obrador-shared-pins-20260909/round-2-baseline/chain-round-1-jobs-8/store/gxjirfxlknr66jbw9c27rv7lzxslsz2a-leaf-28.drv.drv"}
@nix {"action":"msg","level":3,"msg":"  /Users/hetzner/obrador-shared-pins-20260909/round-2-baseline/chain-round-1-jobs-8/store/yda2f4mhami3z7sv1gvp8p956iykqpf0-leaf-29.drv.drv"}
@nix {"action":"msg","level":3,"msg":"  /Users/hetzner/obrador-shared-pins-20260909/round-2-baseline/chain-round-1-jobs-8/store/jmjvbydib3270xnzjwy903hwc2kkv9mg-leaf-30.drv.drv"}
@nix {"action":"msg","level":3,"msg":"  /Users/hetzner/obrador-shared-pins-20260909/round-2-baseline/chain-round-1-jobs-8/store/63jjjrw0y9x1f4i552ci9mfljyphvapv-leaf-31.drv.drv"}
@nix {"action":"start","fields":["/Users/hetzner/obrador-shared-pins-20260909/round-2-baseline/chain-round-1-jobs-8/store/d13z4hyhrymqicb70j7bqq00lnw9mjyw-leaf-0.drv.drv","",1,1],"id":239745074462720,"level":3,"parent":0,"text":"building 'leaf-0.drv.drv'","type":105}
@nix {"action":"stop","id":239745074462720}
@nix {"action":"start","fields":["/Users/hetzner/obrador-shared-pins-20260909/round-2-baseline/chain-round-1-jobs-8/store/11xj7vvimgigg90fnjmn6lgxcj0n051w-leaf-0.drv","",1,1],"id":239745074462721,"level":3,"parent":0,"text":"building 'leaf-0.drv'","type":105}
@nix {"action":"stop","id":239745074462721}
@nix {"action":"start","fields":["/Users/hetzner/obrador-shared-pins-20260909/round-2-baseline/chain-round-1-jobs-8/store/p2npk4jw2lxmm2rzqdd7g310103i5x9d-leaf-1.drv.drv","",1,1],"id":239745074462722,"level":3,"parent":0,"text":"building 'leaf-1.drv.drv'","type":105}
@nix {"action":"stop","id":239745074462722}
@nix {"action":"start","fields":["/Users/hetzner/obrador-shared-pins-20260909/round-2-baseline/chain-round-1-jobs-8/store/cgd9zf3sb71b7mxmfln1jpl42m2qc9bq-leaf-1.drv","",1,1],"id":239745074462723,"level":3,"parent":0,"text":"building 'leaf-1.drv'","type":105}
@nix {"action":"stop","id":239745074462723}
@nix {"action":"start","fields":["/Users/hetzner/obrador-shared-pins-20260909/round-2-baseline/chain-round-1-jobs-8/store/wmwk6v6d1g4saagzn33hnxmpsjzyykp8-leaf-2.drv.drv","",1,1],"id":239745074462724,"level":3,"parent":0,"text":"building 'leaf-2.drv.drv'","type":105}
@nix {"action":"stop","id":239745074462724}
@nix {"action":"start","fields":["/Users/hetzner/obrador-shared-pins-20260909/round-2-baseline/chain-round-1-jobs-8/store/1sr2nalazwlkkkdh29nwg8hdrcld82ly-leaf-2.drv","",1,1],"id":239745074462725,"level":3,"parent":0,"text":"building 'leaf-2.drv'","type":105}
@nix {"action":"stop","id":239745074462725}
@nix {"action":"start","fields":["/Users/hetzner/obrador-shared-pins-20260909/round-2-baseline/chain-round-1-jobs-8/store/3969pjli3l8j86brvxarh5xvra9bpidg-leaf-3.drv.drv","",1,1],"id":239745074462726,"level":3,"parent":0,"text":"building 'leaf-3.drv.drv'","type":105}
@nix {"action":"stop","id":239745074462726}
@nix {"action":"start","fields":["/Users/hetzner/obrador-shared-pins-20260909/round-2-baseline/chain-round-1-jobs-8/store/ii8vb80a5r68hhgqh81s3zgla5g2a8lj-leaf-3.drv","",1,1],"id":239745074462727,"level":3,"parent":0,"text":"building 'leaf-3.drv'","type":105}
@nix {"action":"stop","id":239745074462727}
@nix {"action":"start","fields":["/Users/hetzner/obrador-shared-pins-20260909/round-2-baseline/chain-round-1-jobs-8/store/10a1jzs180g8whzcbvnf345x6c9g8a1a-leaf-4.drv.drv","",1,1],"id":239745074462728,"level":3,"parent":0,"text":"building 'leaf-4.drv.drv'","type":105}
@nix {"action":"stop","id":239745074462728}
@nix {"action":"start","fields":["/Users/hetzner/obrador-shared-pins-20260909/round-2-baseline/chain-round-1-jobs-8/store/l3g2ms80zd5rwhhinaplkbr9gggzywps-leaf-4.drv","",1,1],"id":239745074462729,"level":3,"parent":0,"text":"building 'leaf-4.drv'","type":105}
@nix {"action":"stop","id":239745074462729}
@nix {"action":"start","fields":["/Users/hetzner/obrador-shared-pins-20260909/round-2-baseline/chain-round-1-jobs-8/store/bdp9pvnlm43p5s0la44kd188vh7nk5i4-leaf-5.drv.drv","",1,1],"id":239745074462730,"level":3,"parent":0,"text":"building 'leaf-5.drv.drv'","type":105}
@nix {"action":"stop","id":239745074462730}
@nix {"action":"start","fields":["/Users/hetzner/obrador-shared-pins-20260909/round-2-baseline/chain-round-1-jobs-8/store/ds07n10rygsasgj049m89f72l94qr5qp-leaf-5.drv","",1,1],"id":239745074462731,"level":3,"parent":0,"text":"building 'leaf-5.drv'","type":105}
@nix {"action":"stop","id":239745074462731}
@nix {"action":"start","fields":["/Users/hetzner/obrador-shared-pins-20260909/round-2-baseline/chain-round-1-jobs-8/store/naqkihxnp6dqpxrcf3r3p02jac4my4rf-leaf-6.drv.drv","",1,1],"id":239745074462732,"level":3,"parent":0,"text":"building 'leaf-6.drv.drv'","type":105}
@nix {"action":"stop","id":239745074462732}
@nix {"action":"start","fields":["/Users/hetzner/obrador-shared-pins-20260909/round-2-baseline/chain-round-1-jobs-8/store/y2n1xbnvs39vz98f228x3k7bcsw2prgk-leaf-6.drv","",1,1],"id":239745074462733,"level":3,"parent":0,"text":"building 'leaf-6.drv'","type":105}
@nix {"action":"stop","id":239745074462733}
@nix {"action":"start","fields":["/Users/hetzner/obrador-shared-pins-20260909/round-2-baseline/chain-round-1-jobs-8/store/36r8gjmay3yi4m20mlvwnfjac96d8ccg-leaf-7.drv.drv","",1,1],"id":239745074462734,"level":3,"parent":0,"text":"building 'leaf-7.drv.drv'","type":105}
@nix {"action":"stop","id":239745074462734}
@nix {"action":"start","fields":["/Users/hetzner/obrador-shared-pins-20260909/round-2-baseline/chain-round-1-jobs-8/store/dixpkf9nci8plba3ci1d0jsx4q9838rw-leaf-7.drv","",1,1],"id":239745074462735,"level":3,"parent":0,"text":"building 'leaf-7.drv'","type":105}
@nix {"action":"stop","id":239745074462735}
@nix {"action":"start","fields":["/Users/hetzner/obrador-shared-pins-20260909/round-2-baseline/chain-round-1-jobs-8/store/408j5mhgkmmwasc1i7bzwxjfr8wzingn-leaf-8.drv.drv","",1,1],"id":239745074462736,"level":3,"parent":0,"text":"building 'leaf-8.drv.drv'","type":105}
@nix {"action":"stop","id":239745074462736}
@nix {"action":"start","fields":["/Users/hetzner/obrador-shared-pins-20260909/round-2-baseline/chain-round-1-jobs-8/store/yzwa1xv7bd5wjj2dcawxqd5gsknpcl2i-leaf-8.drv","",1,1],"id":239745074462737,"level":3,"parent":0,"text":"building 'leaf-8.drv'","type":105}
@nix {"action":"stop","id":239745074462737}
@nix {"action":"start","fields":["/Users/hetzner/obrador-shared-pins-20260909/round-2-baseline/chain-round-1-jobs-8/store/mpnim38x85y4spw1wqrh78p9hx0saa0v-leaf-9.drv.drv","",1,1],"id":239745074462738,"level":3,"parent":0,"text":"building 'leaf-9.drv.drv'","type":105}
@nix {"action":"stop","id":239745074462738}
@nix {"action":"start","fields":["/Users/hetzner/obrador-shared-pins-20260909/round-2-baseline/chain-round-1-jobs-8/store/hy3y96kbf33lq5s9779djndvl0r35ic1-leaf-9.drv","",1,1],"id":239745074462739,"level":3,"parent":0,"text":"building 'leaf-9.drv'","type":105}
@nix {"action":"stop","id":239745074462739}
@nix {"action":"start","fields":["/Users/hetzner/obrador-shared-pins-20260909/round-2-baseline/chain-round-1-jobs-8/store/rdzv3s3g21hrjmjzni03c6ril9qbpvim-leaf-10.drv.drv","",1,1],"id":239745074462740,"level":3,"parent":0,"text":"building 'leaf-10.drv.drv'","type":105}
@nix {"action":"stop","id":239745074462740}
@nix {"action":"start","fields":["/Users/hetzner/obrador-shared-pins-20260909/round-2-baseline/chain-round-1-jobs-8/store/wqvbnhh8bfzyj1bx05qi0yqh48wq5pmq-leaf-10.drv","",1,1],"id":239745074462741,"level":3,"parent":0,"text":"building 'leaf-10.drv'","type":105}
@nix {"action":"stop","id":239745074462741}
@nix {"action":"start","fields":["/Users/hetzner/obrador-shared-pins-20260909/round-2-baseline/chain-round-1-jobs-8/store/p9b6akzdwkc5v0rcqdib4cqqkzpk0k6s-leaf-11.drv.drv","",1,1],"id":239745074462742,"level":3,"parent":0,"text":"building 'leaf-11.drv.drv'","type":105}
@nix {"action":"stop","id":239745074462742}
@nix {"action":"start","fields":["/Users/hetzner/obrador-shared-pins-20260909/round-2-baseline/chain-round-1-jobs-8/store/h83wijn31mnvwh90l6dksbjrnkfaah32-leaf-11.drv","",1,1],"id":239745074462743,"level":3,"parent":0,"text":"building 'leaf-11.drv'","type":105}
@nix {"action":"stop","id":239745074462743}
@nix {"action":"start","fields":["/Users/hetzner/obrador-shared-pins-20260909/round-2-baseline/chain-round-1-jobs-8/store/liznlhk2n8b5zkrhajhrixlb25wf30h2-leaf-12.drv.drv","",1,1],"id":239745074462744,"level":3,"parent":0,"text":"building 'leaf-12.drv.drv'","type":105}
@nix {"action":"stop","id":239745074462744}
@nix {"action":"start","fields":["/Users/hetzner/obrador-shared-pins-20260909/round-2-baseline/chain-round-1-jobs-8/store/q87hhix21cxxlzfcy2bmlp4j0rkgnzar-leaf-12.drv","",1,1],"id":239745074462745,"level":3,"parent":0,"text":"building 'leaf-12.drv'","type":105}
@nix {"action":"stop","id":239745074462745}
@nix {"action":"start","fields":["/Users/hetzner/obrador-shared-pins-20260909/round-2-baseline/chain-round-1-jobs-8/store/17nw4vyc6fmax95dl1rqbhg1nkmsymmv-leaf-13.drv.drv","",1,1],"id":239745074462746,"level":3,"parent":0,"text":"building 'leaf-13.drv.drv'","type":105}
@nix {"action":"stop","id":239745074462746}
@nix {"action":"start","fields":["/Users/hetzner/obrador-shared-pins-20260909/round-2-baseline/chain-round-1-jobs-8/store/lsrvj0hdcizd92iy89gz8hvs9947qw9b-leaf-13.drv","",1,1],"id":239745074462747,"level":3,"parent":0,"text":"building 'leaf-13.drv'","type":105}
@nix {"action":"stop","id":239745074462747}
@nix {"action":"start","fields":["/Users/hetzner/obrador-shared-pins-20260909/round-2-baseline/chain-round-1-jobs-8/store/as0409rrvjfdy5ipn8p29i11iwa8gkvs-leaf-14.drv.drv","",1,1],"id":239745074462748,"level":3,"parent":0,"text":"building 'leaf-14.drv.drv'","type":105}
@nix {"action":"stop","id":239745074462748}
@nix {"action":"start","fields":["/Users/hetzner/obrador-shared-pins-20260909/round-2-baseline/chain-round-1-jobs-8/store/q0rp4lrhrxydi2scmgmcfvk8hnkws12k-leaf-14.drv","",1,1],"id":239745074462749,"level":3,"parent":0,"text":"building 'leaf-14.drv'","type":105}
@nix {"action":"stop","id":239745074462749}
@nix {"action":"start","fields":["/Users/hetzner/obrador-shared-pins-20260909/round-2-baseline/chain-round-1-jobs-8/store/3b0cisg1x64n8y0mqch23y5l7i4p0327-leaf-15.drv.drv","",1,1],"id":239745074462750,"level":3,"parent":0,"text":"building 'leaf-15.drv.drv'","type":105}
@nix {"action":"stop","id":239745074462750}
@nix {"action":"start","fields":["/Users/hetzner/obrador-shared-pins-20260909/round-2-baseline/chain-round-1-jobs-8/store/g7vlznd6478mdhrbwnydx13qrrxbmvdz-leaf-15.drv","",1,1],"id":239745074462751,"level":3,"parent":0,"text":"building 'leaf-15.drv'","type":105}
@nix {"action":"stop","id":239745074462751}
@nix {"action":"start","fields":["/Users/hetzner/obrador-shared-pins-20260909/round-2-baseline/chain-round-1-jobs-8/store/9xaiifwg7bbarckpqx8gjfizr5q3qxcv-leaf-16.drv.drv","",1,1],"id":239745074462752,"level":3,"parent":0,"text":"building 'leaf-16.drv.drv'","type":105}
@nix {"action":"stop","id":239745074462752}
@nix {"action":"start","fields":["/Users/hetzner/obrador-shared-pins-20260909/round-2-baseline/chain-round-1-jobs-8/store/094g4fnw93s61sxm14vkrx7jpw4dlzd0-leaf-16.drv","",1,1],"id":239745074462753,"level":3,"parent":0,"text":"building 'leaf-16.drv'","type":105}
@nix {"action":"stop","id":239745074462753}
@nix {"action":"start","fields":["/Users/hetzner/obrador-shared-pins-20260909/round-2-baseline/chain-round-1-jobs-8/store/invnp5pdwlclkhgk1pmq3096vrxh3yh7-leaf-17.drv.drv","",1,1],"id":239745074462754,"level":3,"parent":0,"text":"building 'leaf-17.drv.drv'","type":105}
@nix {"action":"stop","id":239745074462754}
@nix {"action":"start","fields":["/Users/hetzner/obrador-shared-pins-20260909/round-2-baseline/chain-round-1-jobs-8/store/0d51vg13wfpj4giwiclsik4snmrxryi6-leaf-17.drv","",1,1],"id":239745074462755,"level":3,"parent":0,"text":"building 'leaf-17.drv'","type":105}
@nix {"action":"stop","id":239745074462755}
@nix {"action":"start","fields":["/Users/hetzner/obrador-shared-pins-20260909/round-2-baseline/chain-round-1-jobs-8/store/mg9nyd29qdkz612s56l1qp3gnqzr6i0g-leaf-18.drv.drv","",1,1],"id":239745074462756,"level":3,"parent":0,"text":"building 'leaf-18.drv.drv'","type":105}
@nix {"action":"stop","id":239745074462756}
@nix {"action":"start","fields":["/Users/hetzner/obrador-shared-pins-20260909/round-2-baseline/chain-round-1-jobs-8/store/7lay445pzmphg9pahzsh1xrpmi02bjmw-leaf-18.drv","",1,1],"id":239745074462757,"level":3,"parent":0,"text":"building 'leaf-18.drv'","type":105}
@nix {"action":"stop","id":239745074462757}
@nix {"action":"start","fields":["/Users/hetzner/obrador-shared-pins-20260909/round-2-baseline/chain-round-1-jobs-8/store/9n1vxk9nqh6248b8bpmia590p1nk7zay-leaf-19.drv.drv","",1,1],"id":239745074462758,"level":3,"parent":0,"text":"building 'leaf-19.drv.drv'","type":105}
@nix {"action":"stop","id":239745074462758}
@nix {"action":"start","fields":["/Users/hetzner/obrador-shared-pins-20260909/round-2-baseline/chain-round-1-jobs-8/store/y9b9fy2qmarillr2d7gacyz837mcj62c-leaf-19.drv","",1,1],"id":239745074462759,"level":3,"parent":0,"text":"building 'leaf-19.drv'","type":105}
@nix {"action":"stop","id":239745074462759}
@nix {"action":"start","fields":["/Users/hetzner/obrador-shared-pins-20260909/round-2-baseline/chain-round-1-jobs-8/store/nbimfxnr6dg9j88p2ibdf7z0aam11zaz-leaf-20.drv.drv","",1,1],"id":239745074462760,"level":3,"parent":0,"text":"building 'leaf-20.drv.drv'","type":105}
@nix {"action":"stop","id":239745074462760}
@nix {"action":"start","fields":["/Users/hetzner/obrador-shared-pins-20260909/round-2-baseline/chain-round-1-jobs-8/store/fc89gqqfsw28469wylc0pwydxaph5kf9-leaf-20.drv","",1,1],"id":239745074462761,"level":3,"parent":0,"text":"building 'leaf-20.drv'","type":105}
@nix {"action":"stop","id":239745074462761}
@nix {"action":"start","fields":["/Users/hetzner/obrador-shared-pins-20260909/round-2-baseline/chain-round-1-jobs-8/store/pzy5yczi0iydyvz88fjl3y6w04vl4glw-leaf-21.drv.drv","",1,1],"id":239745074462762,"level":3,"parent":0,"text":"building 'leaf-21.drv.drv'","type":105}
@nix {"action":"stop","id":239745074462762}
@nix {"action":"start","fields":["/Users/hetzner/obrador-shared-pins-20260909/round-2-baseline/chain-round-1-jobs-8/store/2fi06fw3khkvybq4q9x0hsw7ym6z8kbh-leaf-21.drv","",1,1],"id":239745074462763,"level":3,"parent":0,"text":"building 'leaf-21.drv'","type":105}
@nix {"action":"stop","id":239745074462763}
@nix {"action":"start","fields":["/Users/hetzner/obrador-shared-pins-20260909/round-2-baseline/chain-round-1-jobs-8/store/h4bai94xcy1jz8dabycc1cpmf4zq6bw5-leaf-22.drv.drv","",1,1],"id":239745074462764,"level":3,"parent":0,"text":"building 'leaf-22.drv.drv'","type":105}
@nix {"action":"stop","id":239745074462764}
@nix {"action":"start","fields":["/Users/hetzner/obrador-shared-pins-20260909/round-2-baseline/chain-round-1-jobs-8/store/mx6np000xzv5313vkf906x6zfxn5jvsv-leaf-22.drv","",1,1],"id":239745074462765,"level":3,"parent":0,"text":"building 'leaf-22.drv'","type":105}
@nix {"action":"stop","id":239745074462765}
@nix {"action":"start","fields":["/Users/hetzner/obrador-shared-pins-20260909/round-2-baseline/chain-round-1-jobs-8/store/cic6rhfy1d3pyshqw0kmf6iwgqx9l8l2-leaf-23.drv.drv","",1,1],"id":239745074462766,"level":3,"parent":0,"text":"building 'leaf-23.drv.drv'","type":105}
@nix {"action":"stop","id":239745074462766}
@nix {"action":"start","fields":["/Users/hetzner/obrador-shared-pins-20260909/round-2-baseline/chain-round-1-jobs-8/store/p2b8l01hf2as5k845m2hw28h2awpi857-leaf-23.drv","",1,1],"id":239745074462767,"level":3,"parent":0,"text":"building 'leaf-23.drv'","type":105}
@nix {"action":"stop","id":239745074462767}
@nix {"action":"start","fields":["/Users/hetzner/obrador-shared-pins-20260909/round-2-baseline/chain-round-1-jobs-8/store/ky30xr7wh3rqwyhix83hgzfwy0647zh5-leaf-24.drv.drv","",1,1],"id":239745074462768,"level":3,"parent":0,"text":"building 'leaf-24.drv.drv'","type":105}
@nix {"action":"stop","id":239745074462768}
@nix {"action":"start","fields":["/Users/hetzner/obrador-shared-pins-20260909/round-2-baseline/chain-round-1-jobs-8/store/sqs6v686jp35g53q15mpjx4521gd5a4h-leaf-24.drv","",1,1],"id":239745074462769,"level":3,"parent":0,"text":"building 'leaf-24.drv'","type":105}
@nix {"action":"stop","id":239745074462769}
@nix {"action":"start","fields":["/Users/hetzner/obrador-shared-pins-20260909/round-2-baseline/chain-round-1-jobs-8/store/s7z68gpjy37h8h987r7gf424kqkr55mc-leaf-25.drv.drv","",1,1],"id":239745074462770,"level":3,"parent":0,"text":"building 'leaf-25.drv.drv'","type":105}
@nix {"action":"stop","id":239745074462770}
@nix {"action":"start","fields":["/Users/hetzner/obrador-shared-pins-20260909/round-2-baseline/chain-round-1-jobs-8/store/ay6wdic5664dvf4da38xd4z1jmpl39dh-leaf-25.drv","",1,1],"id":239745074462771,"level":3,"parent":0,"text":"building 'leaf-25.drv'","type":105}
@nix {"action":"stop","id":239745074462771}
@nix {"action":"start","fields":["/Users/hetzner/obrador-shared-pins-20260909/round-2-baseline/chain-round-1-jobs-8/store/p4yibyl8kplh7i6zyn7xim229fcfhkh6-leaf-26.drv.drv","",1,1],"id":239745074462772,"level":3,"parent":0,"text":"building 'leaf-26.drv.drv'","type":105}
@nix {"action":"stop","id":239745074462772}
@nix {"action":"start","fields":["/Users/hetzner/obrador-shared-pins-20260909/round-2-baseline/chain-round-1-jobs-8/store/96a7qp17qgp0jbr9ip38y2hs5l8yr8qb-leaf-26.drv","",1,1],"id":239745074462773,"level":3,"parent":0,"text":"building 'leaf-26.drv'","type":105}
@nix {"action":"stop","id":239745074462773}
@nix {"action":"start","fields":["/Users/hetzner/obrador-shared-pins-20260909/round-2-baseline/chain-round-1-jobs-8/store/w5v6wnpz8s1zb1gmkzywn89r1gf22cj9-leaf-27.drv.drv","",1,1],"id":239745074462774,"level":3,"parent":0,"text":"building 'leaf-27.drv.drv'","type":105}
@nix {"action":"stop","id":239745074462774}
@nix {"action":"start","fields":["/Users/hetzner/obrador-shared-pins-20260909/round-2-baseline/chain-round-1-jobs-8/store/222nq6pplpkzk8l70s5x8kifgn18kznv-leaf-27.drv","",1,1],"id":239745074462775,"level":3,"parent":0,"text":"building 'leaf-27.drv'","type":105}
@nix {"action":"stop","id":239745074462775}
@nix {"action":"start","fields":["/Users/hetzner/obrador-shared-pins-20260909/round-2-baseline/chain-round-1-jobs-8/store/arww5c89bq4qb63cqn5zy409bjhaq2kf-leaf-28.drv.drv","",1,1],"id":239745074462776,"level":3,"parent":0,"text":"building 'leaf-28.drv.drv'","type":105}
@nix {"action":"stop","id":239745074462776}
@nix {"action":"start","fields":["/Users/hetzner/obrador-shared-pins-20260909/round-2-baseline/chain-round-1-jobs-8/store/cfnj93avraycq36jjyx8blqwd36i17d1-leaf-28.drv","",1,1],"id":239745074462777,"level":3,"parent":0,"text":"building 'leaf-28.drv'","type":105}
@nix {"action":"stop","id":239745074462777}
@nix {"action":"start","fields":["/Users/hetzner/obrador-shared-pins-20260909/round-2-baseline/chain-round-1-jobs-8/store/xi4m6mjqiyvziyna4a95955ww7wynwsn-leaf-29.drv.drv","",1,1],"id":239745074462778,"level":3,"parent":0,"text":"building 'leaf-29.drv.drv'","type":105}
@nix {"action":"stop","id":239745074462778}
@nix {"action":"start","fields":["/Users/hetzner/obrador-shared-pins-20260909/round-2-baseline/chain-round-1-jobs-8/store/7zjaka5f5cz0xcclwgrpi94d8vyacfz0-leaf-29.drv","",1,1],"id":239745074462779,"level":3,"parent":0,"text":"building 'leaf-29.drv'","type":105}
@nix {"action":"stop","id":239745074462779}
@nix {"action":"start","fields":["/Users/hetzner/obrador-shared-pins-20260909/round-2-baseline/chain-round-1-jobs-8/store/w9hjrahlvxlsss4slsmihym8s16wxwv9-leaf-30.drv.drv","",1,1],"id":239745074462780,"level":3,"parent":0,"text":"building 'leaf-30.drv.drv'","type":105}
@nix {"action":"stop","id":239745074462780}
@nix {"action":"start","fields":["/Users/hetzner/obrador-shared-pins-20260909/round-2-baseline/chain-round-1-jobs-8/store/s5812vk2phapgykxpxm8glb2ldl8wplc-leaf-30.drv","",1,1],"id":239745074462781,"level":3,"parent":0,"text":"building 'leaf-30.drv'","type":105}
@nix {"action":"stop","id":239745074462781}
@nix {"action":"start","fields":["/Users/hetzner/obrador-shared-pins-20260909/round-2-baseline/chain-round-1-jobs-8/store/5p2rdidyczk6jxxkk64rmc6h9l428l77-leaf-31.drv.drv","",1,1],"id":239745074462782,"level":3,"parent":0,"text":"building 'leaf-31.drv.drv'","type":105}
@nix {"action":"stop","id":239745074462782}
@nix {"action":"start","fields":["/Users/hetzner/obrador-shared-pins-20260909/round-2-baseline/chain-round-1-jobs-8/store/v22xb7skfp0hfzzivgr85yhd6jz004nx-leaf-31.drv","",1,1],"id":239745074462783,"level":3,"parent":0,"text":"building 'leaf-31.drv'","type":105}
@nix {"action":"stop","id":239745074462783}
