copying 33 paths...
copying path '/Users/hetzner/obrador-shared-pins-20260909/round-2-baseline/chain-round-1-jobs-8/store/l4llccvrazhqzjq2cl7xc0fi5cgnq45d-seed' to 'obrador+local:///Users/hetzner/obrador-shared-pins-20260909/round-2-baseline/chain-round-1-jobs-8/obrador/state'...
copying path '/Users/hetzner/obrador-shared-pins-20260909/round-2-baseline/chain-round-1-jobs-8/store/d13z4hyhrymqicb70j7bqq00lnw9mjyw-leaf-0.drv.drv' to 'obrador+local:///Users/hetzner/obrador-shared-pins-20260909/round-2-baseline/chain-round-1-jobs-8/obrador/state'...
copying path '/Users/hetzner/obrador-shared-pins-20260909/round-2-baseline/chain-round-1-jobs-8/store/xhv81dq2pbh0aqrr43jb65gnh7xszkvz-leaf-1.drv.drv' to 'obrador+local:///Users/hetzner/obrador-shared-pins-20260909/round-2-baseline/chain-round-1-jobs-8/obrador/state'...
copying path '/Users/hetzner/obrador-shared-pins-20260909/round-2-baseline/chain-round-1-jobs-8/store/md2kfdghzki4kpx1l7i77bh0rgp8cxsr-leaf-2.drv.drv' to 'obrador+local:///Users/hetzner/obrador-shared-pins-20260909/round-2-baseline/chain-round-1-jobs-8/obrador/state'...
copying path '/Users/hetzner/obrador-shared-pins-20260909/round-2-baseline/chain-round-1-jobs-8/store/jn87q3mszc6r3rrsjapwp3kbrz472d8m-leaf-3.drv.drv' to 'obrador+local:///Users/hetzner/obrador-shared-pins-20260909/round-2-baseline/chain-round-1-jobs-8/obrador/state'...
copying path '/Users/hetzner/obrador-shared-pins-20260909/round-2-baseline/chain-round-1-jobs-8/store/zjkdk3hm1rffxqj78c78xmjyd1qb20f4-leaf-4.drv.drv' to 'obrador+local:///Users/hetzner/obrador-shared-pins-20260909/round-2-baseline/chain-round-1-jobs-8/obrador/state'...
copying path '/Users/hetzner/obrador-shared-pins-20260909/round-2-baseline/chain-round-1-jobs-8/store/60xj60v232pcjpxjbzcnynd6b197fif4-leaf-5.drv.drv' to 'obrador+local:///Users/hetzner/obrador-shared-pins-20260909/round-2-baseline/chain-round-1-jobs-8/obrador/state'...
copying path '/Users/hetzner/obrador-shared-pins-20260909/round-2-baseline/chain-round-1-jobs-8/store/yh7p4cdc2ymargk2v4hh0pycvbxcd702-leaf-6.drv.drv' to 'obrador+local:///Users/hetzner/obrador-shared-pins-20260909/round-2-baseline/chain-round-1-jobs-8/obrador/state'...
copying path '/Users/hetzner/obrador-shared-pins-20260909/round-2-baseline/chain-round-1-jobs-8/store/dim47hkbsavksi9ibjvm6larn08yikzk-leaf-7.drv.drv' to 'obrador+local:///Users/hetzner/obrador-shared-pins-20260909/round-2-baseline/chain-round-1-jobs-8/obrador/state'...
copying path '/Users/hetzner/obrador-shared-pins-20260909/round-2-baseline/chain-round-1-jobs-8/store/cglhswignmpaxhl79sm6i92b96rp6f2h-leaf-8.drv.drv' to 'obrador+local:///Users/hetzner/obrador-shared-pins-20260909/round-2-baseline/chain-round-1-jobs-8/obrador/state'...
copying path '/Users/hetzner/obrador-shared-pins-20260909/round-2-baseline/chain-round-1-jobs-8/store/9d6hpc9d2r56nrzl8s9xw8dmndclqyvj-leaf-9.drv.drv' to 'obrador+local:///Users/hetzner/obrador-shared-pins-20260909/round-2-baseline/chain-round-1-jobs-8/obrador/state'...
copying path '/Users/hetzner/obrador-shared-pins-20260909/round-2-baseline/chain-round-1-jobs-8/store/qfk4wd2jzzjnx035wci3y6fdhwvinw09-leaf-10.drv.drv' to 'obrador+local:///Users/hetzner/obrador-shared-pins-20260909/round-2-baseline/chain-round-1-jobs-8/obrador/state'...
copying path '/Users/hetzner/obrador-shared-pins-20260909/round-2-baseline/chain-round-1-jobs-8/store/mm2bfyayg8b7ii0kn61f3b5919hq0kc0-leaf-11.drv.drv' to 'obrador+local:///Users/hetzner/obrador-shared-pins-20260909/round-2-baseline/chain-round-1-jobs-8/obrador/state'...
copying path '/Users/hetzner/obrador-shared-pins-20260909/round-2-baseline/chain-round-1-jobs-8/store/j46yxn9s8hcf1ny01j72nk7z0xv9znfi-leaf-12.drv.drv' to 'obrador+local:///Users/hetzner/obrador-shared-pins-20260909/round-2-baseline/chain-round-1-jobs-8/obrador/state'...
copying path '/Users/hetzner/obrador-shared-pins-20260909/round-2-baseline/chain-round-1-jobs-8/store/xpqwv9p000ryykxpj3pn63jcxlmsbn9q-leaf-13.drv.drv' to 'obrador+local:///Users/hetzner/obrador-shared-pins-20260909/round-2-baseline/chain-round-1-jobs-8/obrador/state'...
copying path '/Users/hetzner/obrador-shared-pins-20260909/round-2-baseline/chain-round-1-jobs-8/store/ym73ylnp9ys1mw0jc7plsvw33k0xy7rd-leaf-14.drv.drv' to 'obrador+local:///Users/hetzner/obrador-shared-pins-20260909/round-2-baseline/chain-round-1-jobs-8/obrador/state'...
copying path '/Users/hetzner/obrador-shared-pins-20260909/round-2-baseline/chain-round-1-jobs-8/store/7mfz1hxly9854ir9dwx476w51ahf3v6l-leaf-15.drv.drv' to 'obrador+local:///Users/hetzner/obrador-shared-pins-20260909/round-2-baseline/chain-round-1-jobs-8/obrador/state'...
copying path '/Users/hetzner/obrador-shared-pins-20260909/round-2-baseline/chain-round-1-jobs-8/store/6cpjsnmjfah9zdmw6hpl42gl6sxf7ckj-leaf-16.drv.drv' to 'obrador+local:///Users/hetzner/obrador-shared-pins-20260909/round-2-baseline/chain-round-1-jobs-8/obrador/state'...
copying path '/Users/hetzner/obrador-shared-pins-20260909/round-2-baseline/chain-round-1-jobs-8/store/4xx8fdpcjr4zbvxb1dkbg6kyzcrh2wzc-leaf-17.drv.drv' to 'obrador+local:///Users/hetzner/obrador-shared-pins-20260909/round-2-baseline/chain-round-1-jobs-8/obrador/state'...
copying path '/Users/hetzner/obrador-shared-pins-20260909/round-2-baseline/chain-round-1-jobs-8/store/h8a8gzx4z2pkz21yxvw2z3wlkxg9j4h0-leaf-18.drv.drv' to 'obrador+local:///Users/hetzner/obrador-shared-pins-20260909/round-2-baseline/chain-round-1-jobs-8/obrador/state'...
copying path '/Users/hetzner/obrador-shared-pins-20260909/round-2-baseline/chain-round-1-jobs-8/store/20qy0w337rimjbiss2d90jg7d8s5w4aa-leaf-19.drv.drv' to 'obrador+local:///Users/hetzner/obrador-shared-pins-20260909/round-2-baseline/chain-round-1-jobs-8/obrador/state'...
copying path '/Users/hetzner/obrador-shared-pins-20260909/round-2-baseline/chain-round-1-jobs-8/store/ls8mwq7i328rwp38qdmvpwrgfzmk5ask-leaf-20.drv.drv' to 'obrador+local:///Users/hetzner/obrador-shared-pins-20260909/round-2-baseline/chain-round-1-jobs-8/obrador/state'...
copying path '/Users/hetzner/obrador-shared-pins-20260909/round-2-baseline/chain-round-1-jobs-8/store/0pb7y8mchb6kilpkynhlqifbfs8azxk5-leaf-21.drv.drv' to 'obrador+local:///Users/hetzner/obrador-shared-pins-20260909/round-2-baseline/chain-round-1-jobs-8/obrador/state'...
copying path '/Users/hetzner/obrador-shared-pins-20260909/round-2-baseline/chain-round-1-jobs-8/store/p7l4rr0lk7rdnzq4fay5b8kzfvfp7w35-leaf-22.drv.drv' to 'obrador+local:///Users/hetzner/obrador-shared-pins-20260909/round-2-baseline/chain-round-1-jobs-8/obrador/state'...
copying path '/Users/hetzner/obrador-shared-pins-20260909/round-2-baseline/chain-round-1-jobs-8/store/l740w9c510dhhdazn6rc4g3q0dlxd2gm-leaf-23.drv.drv' to 'obrador+local:///Users/hetzner/obrador-shared-pins-20260909/round-2-baseline/chain-round-1-jobs-8/obrador/state'...
copying path '/Users/hetzner/obrador-shared-pins-20260909/round-2-baseline/chain-round-1-jobs-8/store/l215s3dzdh63ivbd622aabj6z5kkrj4m-leaf-24.drv.drv' to 'obrador+local:///Users/hetzner/obrador-shared-pins-20260909/round-2-baseline/chain-round-1-jobs-8/obrador/state'...
copying path '/Users/hetzner/obrador-shared-pins-20260909/round-2-baseline/chain-round-1-jobs-8/store/icn3qi6krv9bqc7g36xfdnhcwdhsbwd6-leaf-25.drv.drv' to 'obrador+local:///Users/hetzner/obrador-shared-pins-20260909/round-2-baseline/chain-round-1-jobs-8/obrador/state'...
copying path '/Users/hetzner/obrador-shared-pins-20260909/round-2-baseline/chain-round-1-jobs-8/store/wf3y03s05x76gl8lz9zbyvi8ili30zd4-leaf-26.drv.drv' to 'obrador+local:///Users/hetzner/obrador-shared-pins-20260909/round-2-baseline/chain-round-1-jobs-8/obrador/state'...
copying path '/Users/hetzner/obrador-shared-pins-20260909/round-2-baseline/chain-round-1-jobs-8/store/0x85dqndjqa90wix0686aiqg2h539lgb-leaf-27.drv.drv' to 'obrador+local:///Users/hetzner/obrador-shared-pins-20260909/round-2-baseline/chain-round-1-jobs-8/obrador/state'...
copying path '/Users/hetzner/obrador-shared-pins-20260909/round-2-baseline/chain-round-1-jobs-8/store/gxjirfxlknr66jbw9c27rv7lzxslsz2a-leaf-28.drv.drv' to 'obrador+local:///Users/hetzner/obrador-shared-pins-20260909/round-2-baseline/chain-round-1-jobs-8/obrador/state'...
copying path '/Users/hetzner/obrador-shared-pins-20260909/round-2-baseline/chain-round-1-jobs-8/store/yda2f4mhami3z7sv1gvp8p956iykqpf0-leaf-29.drv.drv' to 'obrador+local:///Users/hetzner/obrador-shared-pins-20260909/round-2-baseline/chain-round-1-jobs-8/obrador/state'...
copying path '/Users/hetzner/obrador-shared-pins-20260909/round-2-baseline/chain-round-1-jobs-8/store/jmjvbydib3270xnzjwy903hwc2kkv9mg-leaf-30.drv.drv' to 'obrador+local:///Users/hetzner/obrador-shared-pins-20260909/round-2-baseline/chain-round-1-jobs-8/obrador/state'...
copying path '/Users/hetzner/obrador-shared-pins-20260909/round-2-baseline/chain-round-1-jobs-8/store/63jjjrw0y9x1f4i552ci9mfljyphvapv-leaf-31.drv.drv' to 'obrador+local:///Users/hetzner/obrador-shared-pins-20260909/round-2-baseline/chain-round-1-jobs-8/obrador/state'...
