copying 33 paths...
copying path '/tmp/obrador-shared-pins-linux/round-3-retry-baseline/wide-round-1-jobs-8/store/6dhds5yniys2hpkg7xlhyily3pkw8jq3-seed' to 'local://'...
copying path '/tmp/obrador-shared-pins-linux/round-3-retry-baseline/wide-round-1-jobs-8/store/cf9805x3a4l764pmmlrqry0xni0qaz4y-leaf-22.drv.drv' to 'local://'...
copying path '/tmp/obrador-shared-pins-linux/round-3-retry-baseline/wide-round-1-jobs-8/store/abh60ygf6y3mpf0v8fr1vfs186dmkky4-leaf-28.drv.drv' to 'local://'...
copying path '/tmp/obrador-shared-pins-linux/round-3-retry-baseline/wide-round-1-jobs-8/store/1dgw8cqgxl5g83fr79qi0g266s8la6bz-leaf-6.drv.drv' to 'local://'...
copying path '/tmp/obrador-shared-pins-linux/round-3-retry-baseline/wide-round-1-jobs-8/store/51glm14naqdyil0gysk97v5qmrbjkwyk-leaf-16.drv.drv' to 'local://'...
copying path '/tmp/obrador-shared-pins-linux/round-3-retry-baseline/wide-round-1-jobs-8/store/1mcpkvjzh3lf659wx54hcyzd4vj42ihi-leaf-12.drv.drv' to 'local://'...
copying path '/tmp/obrador-shared-pins-linux/round-3-retry-baseline/wide-round-1-jobs-8/store/03sv1rg397pwv8nm1b8kgbahkc78dsg9-leaf-17.drv.drv' to 'local://'...
copying path '/tmp/obrador-shared-pins-linux/round-3-retry-baseline/wide-round-1-jobs-8/store/71fdkrnj0fmmq9ki2h5mgmrvqz5n5mn9-leaf-1.drv.drv' to 'local://'...
copying path '/tmp/obrador-shared-pins-linux/round-3-retry-baseline/wide-round-1-jobs-8/store/1vvrbdrmghi701higxj06290vxrmjb47-leaf-23.drv.drv' to 'local://'...
copying path '/tmp/obrador-shared-pins-linux/round-3-retry-baseline/wide-round-1-jobs-8/store/cmqg0a352iknbxf4gn58b9wv3kvwcp62-leaf-20.drv.drv' to 'local://'...
copying path '/tmp/obrador-shared-pins-linux/round-3-retry-baseline/wide-round-1-jobs-8/store/9r23qsl8sx9wmyhbxbd1ymg7xhb3723y-leaf-18.drv.drv' to 'local://'...
copying path '/tmp/obrador-shared-pins-linux/round-3-retry-baseline/wide-round-1-jobs-8/store/cdqx2xl2xdqpyhr73llydk91s4ncwfna-leaf-27.drv.drv' to 'local://'...
copying path '/tmp/obrador-shared-pins-linux/round-3-retry-baseline/wide-round-1-jobs-8/store/7rml8pxfxnvw834xgw17388mllbbjikn-leaf-15.drv.drv' to 'local://'...
copying path '/tmp/obrador-shared-pins-linux/round-3-retry-baseline/wide-round-1-jobs-8/store/aywbssql9mciqix98wvla6az7rp336qn-leaf-26.drv.drv' to 'local://'...
copying path '/tmp/obrador-shared-pins-linux/round-3-retry-baseline/wide-round-1-jobs-8/store/b23s94dd876fs5nhwvrcx9gc7av8i94f-leaf-31.drv.drv' to 'local://'...
copying path '/tmp/obrador-shared-pins-linux/round-3-retry-baseline/wide-round-1-jobs-8/store/935q2p3g7wsbfg6dqhwqgiqvg4zcxyg8-leaf-19.drv.drv' to 'local://'...
copying path '/tmp/obrador-shared-pins-linux/round-3-retry-baseline/wide-round-1-jobs-8/store/bf3f8jghfllhmx0903qv16rb7cy69k45-leaf-13.drv.drv' to 'local://'...
copying path '/tmp/obrador-shared-pins-linux/round-3-retry-baseline/wide-round-1-jobs-8/store/gzafr3iswzr6pcx2d3vp9l2axjlkx6g0-leaf-4.drv.drv' to 'local://'...
copying path '/tmp/obrador-shared-pins-linux/round-3-retry-baseline/wide-round-1-jobs-8/store/43yavxp7lc2nli5bln0z7r82d5h9cxr2-leaf-8.drv.drv' to 'local://'...
copying path '/tmp/obrador-shared-pins-linux/round-3-retry-baseline/wide-round-1-jobs-8/store/i85r8am2j9dfzskbnibmjs3hma75xfp2-leaf-5.drv.drv' to 'local://'...
copying path '/tmp/obrador-shared-pins-linux/round-3-retry-baseline/wide-round-1-jobs-8/store/v5pxjhngvm1c80d5rcis3q6bikwj2y15-leaf-7.drv.drv' to 'local://'...
copying path '/tmp/obrador-shared-pins-linux/round-3-retry-baseline/wide-round-1-jobs-8/store/vp7dcrvpxmywnlbl2x86ssyqp9c86la5-leaf-29.drv.drv' to 'local://'...
copying path '/tmp/obrador-shared-pins-linux/round-3-retry-baseline/wide-round-1-jobs-8/store/rxfgyyp3qclainf94q80k95814sszhrh-leaf-3.drv.drv' to 'local://'...
copying path '/tmp/obrador-shared-pins-linux/round-3-retry-baseline/wide-round-1-jobs-8/store/y7bbyadqgzjjvwpjl7bmfj5kxc6303cn-leaf-2.drv.drv' to 'local://'...
copying path '/tmp/obrador-shared-pins-linux/round-3-retry-baseline/wide-round-1-jobs-8/store/n85g5x3jf52kwgq089k2c65mmx607q60-leaf-9.drv.drv' to 'local://'...
copying path '/tmp/obrador-shared-pins-linux/round-3-retry-baseline/wide-round-1-jobs-8/store/mlpw02mhlzx50vfw0sk9jiipkv658c2r-leaf-21.drv.drv' to 'local://'...
copying path '/tmp/obrador-shared-pins-linux/round-3-retry-baseline/wide-round-1-jobs-8/store/x5m4ksipkcm7niwmcpkf0rzzjy5a0hls-leaf-30.drv.drv' to 'local://'...
copying path '/tmp/obrador-shared-pins-linux/round-3-retry-baseline/wide-round-1-jobs-8/store/p634m74ffbhg6sa2fwna8ckg4j8vvl70-leaf-24.drv.drv' to 'local://'...
copying path '/tmp/obrador-shared-pins-linux/round-3-retry-baseline/wide-round-1-jobs-8/store/qxa0rf7lmwisvjfaqhkvwllkx5h4h3lb-leaf-14.drv.drv' to 'local://'...
copying path '/tmp/obrador-shared-pins-linux/round-3-retry-baseline/wide-round-1-jobs-8/store/z8bzd4hyslw0vsnqigg0lrqc13qnx0ly-leaf-0.drv.drv' to 'local://'...
copying path '/tmp/obrador-shared-pins-linux/round-3-retry-baseline/wide-round-1-jobs-8/store/khnzf4nj4q8h6kpxlbwb1ifkwgc3nrcw-leaf-25.drv.drv' to 'local://'...
copying path '/tmp/obrador-shared-pins-linux/round-3-retry-baseline/wide-round-1-jobs-8/store/wql1sk7awgwaaqlszzjp15s24yawyz9a-leaf-11.drv.drv' to 'local://'...
copying path '/tmp/obrador-shared-pins-linux/round-3-retry-baseline/wide-round-1-jobs-8/store/ywxypkg5cadis8q7a4470qlb6gvjp5lv-leaf-10.drv.drv' to 'local://'...
