copying 33 paths...
copying path '/tmp/obrador-shared-pins-linux/trace-after/chain-round-1-jobs-8/store/qxdrf9i7r23qpqj2mwqgjhww410lbc0l-seed' to 'obrador+local:///tmp/obrador-shared-pins-linux/trace-after/chain-round-1-jobs-8/obrador/state'...
copying path '/tmp/obrador-shared-pins-linux/trace-after/chain-round-1-jobs-8/store/lr34qyfpy5ainph50510id08kv3k7c4k-leaf-0.drv.drv' to 'obrador+local:///tmp/obrador-shared-pins-linux/trace-after/chain-round-1-jobs-8/obrador/state'...
copying path '/tmp/obrador-shared-pins-linux/trace-after/chain-round-1-jobs-8/store/9jbk0z06k95sbwiz3hd554jmj3sij6pn-leaf-1.drv.drv' to 'obrador+local:///tmp/obrador-shared-pins-linux/trace-after/chain-round-1-jobs-8/obrador/state'...
copying path '/tmp/obrador-shared-pins-linux/trace-after/chain-round-1-jobs-8/store/874vkjvm1q7irrwgbyqrhm1h5a60as9x-leaf-2.drv.drv' to 'obrador+local:///tmp/obrador-shared-pins-linux/trace-after/chain-round-1-jobs-8/obrador/state'...
copying path '/tmp/obrador-shared-pins-linux/trace-after/chain-round-1-jobs-8/store/p9i86s8xj2yhsndgv7pgm34mpjykpsha-leaf-3.drv.drv' to 'obrador+local:///tmp/obrador-shared-pins-linux/trace-after/chain-round-1-jobs-8/obrador/state'...
copying path '/tmp/obrador-shared-pins-linux/trace-after/chain-round-1-jobs-8/store/c3cfqpmylc943bw9zfbdwh6k1z5wdlbp-leaf-4.drv.drv' to 'obrador+local:///tmp/obrador-shared-pins-linux/trace-after/chain-round-1-jobs-8/obrador/state'...
copying path '/tmp/obrador-shared-pins-linux/trace-after/chain-round-1-jobs-8/store/3jkhc0s3jhc0mbdn1nlki54xfi92vli8-leaf-5.drv.drv' to 'obrador+local:///tmp/obrador-shared-pins-linux/trace-after/chain-round-1-jobs-8/obrador/state'...
copying path '/tmp/obrador-shared-pins-linux/trace-after/chain-round-1-jobs-8/store/3lbz93nn4mmml3kylpr7mfgk05x60czb-leaf-6.drv.drv' to 'obrador+local:///tmp/obrador-shared-pins-linux/trace-after/chain-round-1-jobs-8/obrador/state'...
copying path '/tmp/obrador-shared-pins-linux/trace-after/chain-round-1-jobs-8/store/73rzc075ka0lnmxbmyl9n57bvhvmwgyn-leaf-7.drv.drv' to 'obrador+local:///tmp/obrador-shared-pins-linux/trace-after/chain-round-1-jobs-8/obrador/state'...
copying path '/tmp/obrador-shared-pins-linux/trace-after/chain-round-1-jobs-8/store/2zdxr51bipzcp6iqbhzywcg6pj0d81l4-leaf-8.drv.drv' to 'obrador+local:///tmp/obrador-shared-pins-linux/trace-after/chain-round-1-jobs-8/obrador/state'...
copying path '/tmp/obrador-shared-pins-linux/trace-after/chain-round-1-jobs-8/store/qdv30frp4hkgca7vmzcchi14lvkq2r82-leaf-9.drv.drv' to 'obrador+local:///tmp/obrador-shared-pins-linux/trace-after/chain-round-1-jobs-8/obrador/state'...
copying path '/tmp/obrador-shared-pins-linux/trace-after/chain-round-1-jobs-8/store/zfhza2xk3506gxa6fm2x00f9g8picqah-leaf-10.drv.drv' to 'obrador+local:///tmp/obrador-shared-pins-linux/trace-after/chain-round-1-jobs-8/obrador/state'...
copying path '/tmp/obrador-shared-pins-linux/trace-after/chain-round-1-jobs-8/store/awqgyq5zxynsgc30c6w4qgc371lci1rp-leaf-11.drv.drv' to 'obrador+local:///tmp/obrador-shared-pins-linux/trace-after/chain-round-1-jobs-8/obrador/state'...
copying path '/tmp/obrador-shared-pins-linux/trace-after/chain-round-1-jobs-8/store/hj8rdav0mlhrx0kj1sx33m507hij5m5d-leaf-12.drv.drv' to 'obrador+local:///tmp/obrador-shared-pins-linux/trace-after/chain-round-1-jobs-8/obrador/state'...
copying path '/tmp/obrador-shared-pins-linux/trace-after/chain-round-1-jobs-8/store/76ix55fwr3bggbn3p8h9hyq0ipxa6xic-leaf-13.drv.drv' to 'obrador+local:///tmp/obrador-shared-pins-linux/trace-after/chain-round-1-jobs-8/obrador/state'...
copying path '/tmp/obrador-shared-pins-linux/trace-after/chain-round-1-jobs-8/store/82ilv8w90rv3lvdsd47xvamc8qv604vb-leaf-14.drv.drv' to 'obrador+local:///tmp/obrador-shared-pins-linux/trace-after/chain-round-1-jobs-8/obrador/state'...
copying path '/tmp/obrador-shared-pins-linux/trace-after/chain-round-1-jobs-8/store/86n20anfac2d3da70n6zgg9wajxpws4q-leaf-15.drv.drv' to 'obrador+local:///tmp/obrador-shared-pins-linux/trace-after/chain-round-1-jobs-8/obrador/state'...
copying path '/tmp/obrador-shared-pins-linux/trace-after/chain-round-1-jobs-8/store/hipp65n8dhch7fbdln20f8f9q5s1c0yw-leaf-16.drv.drv' to 'obrador+local:///tmp/obrador-shared-pins-linux/trace-after/chain-round-1-jobs-8/obrador/state'...
copying path '/tmp/obrador-shared-pins-linux/trace-after/chain-round-1-jobs-8/store/lk2xwh4f9c32q8j66wliny89my37z054-leaf-17.drv.drv' to 'obrador+local:///tmp/obrador-shared-pins-linux/trace-after/chain-round-1-jobs-8/obrador/state'...
copying path '/tmp/obrador-shared-pins-linux/trace-after/chain-round-1-jobs-8/store/g6yz0ar5dyajiw74aflkqq043nf4qc9m-leaf-18.drv.drv' to 'obrador+local:///tmp/obrador-shared-pins-linux/trace-after/chain-round-1-jobs-8/obrador/state'...
copying path '/tmp/obrador-shared-pins-linux/trace-after/chain-round-1-jobs-8/store/g74w92mz764fnsq1d2pgqr7bd7jv98fk-leaf-19.drv.drv' to 'obrador+local:///tmp/obrador-shared-pins-linux/trace-after/chain-round-1-jobs-8/obrador/state'...
copying path '/tmp/obrador-shared-pins-linux/trace-after/chain-round-1-jobs-8/store/k24ffjfg3bs6n66d3ciwjzwqsnmrhlc9-leaf-20.drv.drv' to 'obrador+local:///tmp/obrador-shared-pins-linux/trace-after/chain-round-1-jobs-8/obrador/state'...
copying path '/tmp/obrador-shared-pins-linux/trace-after/chain-round-1-jobs-8/store/lpnn1hxiiwi3024iia5q4bh00dc05qvc-leaf-21.drv.drv' to 'obrador+local:///tmp/obrador-shared-pins-linux/trace-after/chain-round-1-jobs-8/obrador/state'...
copying path '/tmp/obrador-shared-pins-linux/trace-after/chain-round-1-jobs-8/store/j18s12xwrhlkkhcsr3paxr2w26lb259i-leaf-22.drv.drv' to 'obrador+local:///tmp/obrador-shared-pins-linux/trace-after/chain-round-1-jobs-8/obrador/state'...
copying path '/tmp/obrador-shared-pins-linux/trace-after/chain-round-1-jobs-8/store/h4n0s4qvack3kk2g0njsrrnbyqycn7w7-leaf-23.drv.drv' to 'obrador+local:///tmp/obrador-shared-pins-linux/trace-after/chain-round-1-jobs-8/obrador/state'...
copying path '/tmp/obrador-shared-pins-linux/trace-after/chain-round-1-jobs-8/store/8mjac84rhd9zlrf6pwbfpk75ka8xpmn9-leaf-24.drv.drv' to 'obrador+local:///tmp/obrador-shared-pins-linux/trace-after/chain-round-1-jobs-8/obrador/state'...
copying path '/tmp/obrador-shared-pins-linux/trace-after/chain-round-1-jobs-8/store/d90q2war63mx4qdkf09fc02wc9in5c9m-leaf-25.drv.drv' to 'obrador+local:///tmp/obrador-shared-pins-linux/trace-after/chain-round-1-jobs-8/obrador/state'...
copying path '/tmp/obrador-shared-pins-linux/trace-after/chain-round-1-jobs-8/store/9qfz1rrjvb6ijbgjsjnvfdhk3ssf2nv7-leaf-26.drv.drv' to 'obrador+local:///tmp/obrador-shared-pins-linux/trace-after/chain-round-1-jobs-8/obrador/state'...
copying path '/tmp/obrador-shared-pins-linux/trace-after/chain-round-1-jobs-8/store/xy4ssfrzhswmjwzak1zys99p7mpn262c-leaf-27.drv.drv' to 'obrador+local:///tmp/obrador-shared-pins-linux/trace-after/chain-round-1-jobs-8/obrador/state'...
copying path '/tmp/obrador-shared-pins-linux/trace-after/chain-round-1-jobs-8/store/516p0s0m4pgcim6mlx9jk48ijqms7xwx-leaf-28.drv.drv' to 'obrador+local:///tmp/obrador-shared-pins-linux/trace-after/chain-round-1-jobs-8/obrador/state'...
copying path '/tmp/obrador-shared-pins-linux/trace-after/chain-round-1-jobs-8/store/2n8sigzjbfj16ljbp88vjf8bxcpkp9b8-leaf-29.drv.drv' to 'obrador+local:///tmp/obrador-shared-pins-linux/trace-after/chain-round-1-jobs-8/obrador/state'...
copying path '/tmp/obrador-shared-pins-linux/trace-after/chain-round-1-jobs-8/store/6024adpkgdj88v7wcp73hvl243vmsigm-leaf-30.drv.drv' to 'obrador+local:///tmp/obrador-shared-pins-linux/trace-after/chain-round-1-jobs-8/obrador/state'...
copying path '/tmp/obrador-shared-pins-linux/trace-after/chain-round-1-jobs-8/store/f1s62vvlm89nx7r481gg2af3a7kgcv9q-leaf-31.drv.drv' to 'obrador+local:///tmp/obrador-shared-pins-linux/trace-after/chain-round-1-jobs-8/obrador/state'...
