copying 33 paths...
copying path '/tmp/casita-chain-rerun-l2oceybd/round-3-after/chain-round-1-jobs-8/store/5ikm2aw5sbsdd3wnr2sbd2a9b7csa0ih-seed' to 'local://'...
copying path '/tmp/casita-chain-rerun-l2oceybd/round-3-after/chain-round-1-jobs-8/store/vxifcgf5cxm0vvw19yagn933vdbn1hpq-leaf-0.drv.drv' to 'local://'...
copying path '/tmp/casita-chain-rerun-l2oceybd/round-3-after/chain-round-1-jobs-8/store/cy2q3dd1823xv33rs0pghwrivx570ghy-leaf-1.drv.drv' to 'local://'...
copying path '/tmp/casita-chain-rerun-l2oceybd/round-3-after/chain-round-1-jobs-8/store/86yqn47vkf7h5ah969dzn9mghw8am4ak-leaf-2.drv.drv' to 'local://'...
copying path '/tmp/casita-chain-rerun-l2oceybd/round-3-after/chain-round-1-jobs-8/store/7vwmz7l0fa4r1b3i130ixzxifa2az6h9-leaf-3.drv.drv' to 'local://'...
copying path '/tmp/casita-chain-rerun-l2oceybd/round-3-after/chain-round-1-jobs-8/store/3yg10rvvw187g22d7xx8cd0chxa7xy1q-leaf-4.drv.drv' to 'local://'...
copying path '/tmp/casita-chain-rerun-l2oceybd/round-3-after/chain-round-1-jobs-8/store/73x7m0vc6yzkdpj4q9000qy7f2a0hdl0-leaf-5.drv.drv' to 'local://'...
copying path '/tmp/casita-chain-rerun-l2oceybd/round-3-after/chain-round-1-jobs-8/store/9070d7cdrc933q7nxxs3j47y9jjaci23-leaf-6.drv.drv' to 'local://'...
copying path '/tmp/casita-chain-rerun-l2oceybd/round-3-after/chain-round-1-jobs-8/store/b6aznwr4iqi6irbyv5vq59bxl6r8ylyc-leaf-7.drv.drv' to 'local://'...
copying path '/tmp/casita-chain-rerun-l2oceybd/round-3-after/chain-round-1-jobs-8/store/dyh6iq2axqf53qn4ca5fl5l4q6xhmgbs-leaf-8.drv.drv' to 'local://'...
copying path '/tmp/casita-chain-rerun-l2oceybd/round-3-after/chain-round-1-jobs-8/store/vkgxdy3ixi81iw39ifa2yzk097afyqzf-leaf-9.drv.drv' to 'local://'...
copying path '/tmp/casita-chain-rerun-l2oceybd/round-3-after/chain-round-1-jobs-8/store/xipny5r6fiikpwcql618s5r9j9rg54ax-leaf-10.drv.drv' to 'local://'...
copying path '/tmp/casita-chain-rerun-l2oceybd/round-3-after/chain-round-1-jobs-8/store/k40v340md9zvm29r2kn4287g3wbdqsnc-leaf-11.drv.drv' to 'local://'...
copying path '/tmp/casita-chain-rerun-l2oceybd/round-3-after/chain-round-1-jobs-8/store/295maflgn1jdl74fln3jw2y994fmcbxx-leaf-12.drv.drv' to 'local://'...
copying path '/tmp/casita-chain-rerun-l2oceybd/round-3-after/chain-round-1-jobs-8/store/xls6zs3g378kp62y4pbz74gggz4l89zw-leaf-13.drv.drv' to 'local://'...
copying path '/tmp/casita-chain-rerun-l2oceybd/round-3-after/chain-round-1-jobs-8/store/wrafv474klvvvcqlzsl5szrd0v39c4r9-leaf-14.drv.drv' to 'local://'...
copying path '/tmp/casita-chain-rerun-l2oceybd/round-3-after/chain-round-1-jobs-8/store/sjm3sd22mskwvzlsc8jafpb8d8vi1qaf-leaf-15.drv.drv' to 'local://'...
copying path '/tmp/casita-chain-rerun-l2oceybd/round-3-after/chain-round-1-jobs-8/store/0yvlzfmim4di1vpd84l49wx0vmawh2df-leaf-16.drv.drv' to 'local://'...
copying path '/tmp/casita-chain-rerun-l2oceybd/round-3-after/chain-round-1-jobs-8/store/pdabv4apwgqbqx3kyxripmyvvb6nm1ql-leaf-17.drv.drv' to 'local://'...
copying path '/tmp/casita-chain-rerun-l2oceybd/round-3-after/chain-round-1-jobs-8/store/zxxda5vawc0f859vsi3a7aqp5z2jaxsb-leaf-18.drv.drv' to 'local://'...
copying path '/tmp/casita-chain-rerun-l2oceybd/round-3-after/chain-round-1-jobs-8/store/3yx19cbr9v0d70pfq03yr0d75zqdjwz0-leaf-19.drv.drv' to 'local://'...
copying path '/tmp/casita-chain-rerun-l2oceybd/round-3-after/chain-round-1-jobs-8/store/2yl4frgf5gx835gdzvwbi7yqd2s6s20c-leaf-20.drv.drv' to 'local://'...
copying path '/tmp/casita-chain-rerun-l2oceybd/round-3-after/chain-round-1-jobs-8/store/kc60kr68yfpwn2zpvkd66m7wq2cl0if3-leaf-21.drv.drv' to 'local://'...
copying path '/tmp/casita-chain-rerun-l2oceybd/round-3-after/chain-round-1-jobs-8/store/13z1ja9lj3m8k5ivi7qwacldpk57wgn4-leaf-22.drv.drv' to 'local://'...
copying path '/tmp/casita-chain-rerun-l2oceybd/round-3-after/chain-round-1-jobs-8/store/pdq96vslyz1mi4l301qjvqw1bhlr9say-leaf-23.drv.drv' to 'local://'...
copying path '/tmp/casita-chain-rerun-l2oceybd/round-3-after/chain-round-1-jobs-8/store/pnqdinbzah9w5nnyikjsvlkr9ml44n6r-leaf-24.drv.drv' to 'local://'...
copying path '/tmp/casita-chain-rerun-l2oceybd/round-3-after/chain-round-1-jobs-8/store/00vi799id8jsih9wpzxj65bsk89j33qh-leaf-25.drv.drv' to 'local://'...
copying path '/tmp/casita-chain-rerun-l2oceybd/round-3-after/chain-round-1-jobs-8/store/v1hsqp8ays4jglmwqjgwa3kdpqq0i8qr-leaf-26.drv.drv' to 'local://'...
copying path '/tmp/casita-chain-rerun-l2oceybd/round-3-after/chain-round-1-jobs-8/store/wp9mvwyxbakisbriyxm2dzz1rad620yz-leaf-27.drv.drv' to 'local://'...
copying path '/tmp/casita-chain-rerun-l2oceybd/round-3-after/chain-round-1-jobs-8/store/p76yy8vgmqp8jm67kl1pjq619hm6knnn-leaf-28.drv.drv' to 'local://'...
copying path '/tmp/casita-chain-rerun-l2oceybd/round-3-after/chain-round-1-jobs-8/store/gp4brpqic77n5h32vlim2d76w58lh7dc-leaf-29.drv.drv' to 'local://'...
copying path '/tmp/casita-chain-rerun-l2oceybd/round-3-after/chain-round-1-jobs-8/store/gvib9zq9xpmyrzb5gxvmm0f0bzhwqqq5-leaf-30.drv.drv' to 'local://'...
copying path '/tmp/casita-chain-rerun-l2oceybd/round-3-after/chain-round-1-jobs-8/store/a0jhpn7iyv6d2b1zzc968386xw37vwvs-leaf-31.drv.drv' to 'local://'...
