@nix {"action":"msg","level":3,"msg":"these 32 derivations will be built:"}
@nix {"action":"msg","level":3,"msg":"  /tmp/obrador-shared-pins-linux/round-1-after/wide-round-1-jobs-8/store/0nf7cwbsi7342k54r9y792df4aipcjfr-leaf-22.drv.drv"}
@nix {"action":"msg","level":3,"msg":"  /tmp/obrador-shared-pins-linux/round-1-after/wide-round-1-jobs-8/store/1z5gy945grsmcb43759iljqmvf29lq8r-leaf-15.drv.drv"}
@nix {"action":"msg","level":3,"msg":"  /tmp/obrador-shared-pins-linux/round-1-after/wide-round-1-jobs-8/store/20mhvpl74nicvbqqbz2vra26fv8zg0ag-leaf-12.drv.drv"}
@nix {"action":"msg","level":3,"msg":"  /tmp/obrador-shared-pins-linux/round-1-after/wide-round-1-jobs-8/store/3x6ja3jz80qdynxwaq8phw2qk58cgdbi-leaf-30.drv.drv"}
@nix {"action":"msg","level":3,"msg":"  /tmp/obrador-shared-pins-linux/round-1-after/wide-round-1-jobs-8/store/3yw6wkv5m61npcsfhvl0dsbdz0mm1sir-leaf-7.drv.drv"}
@nix {"action":"msg","level":3,"msg":"  /tmp/obrador-shared-pins-linux/round-1-after/wide-round-1-jobs-8/store/4mhxwxkkizlj848dm4s2q1cb0hnf2xcm-leaf-19.drv.drv"}
@nix {"action":"msg","level":3,"msg":"  /tmp/obrador-shared-pins-linux/round-1-after/wide-round-1-jobs-8/store/5br0v0pzhl1sa23xbmzizg542l70nv9g-leaf-23.drv.drv"}
@nix {"action":"msg","level":3,"msg":"  /tmp/obrador-shared-pins-linux/round-1-after/wide-round-1-jobs-8/store/68g8smr5m12dffzyq1k25llbhxd96rj1-leaf-18.drv.drv"}
@nix {"action":"msg","level":3,"msg":"  /tmp/obrador-shared-pins-linux/round-1-after/wide-round-1-jobs-8/store/72mhcpnwl8kjbyqd4cd1j2bay55vl3mw-leaf-20.drv.drv"}
@nix {"action":"msg","level":3,"msg":"  /tmp/obrador-shared-pins-linux/round-1-after/wide-round-1-jobs-8/store/7sl44h29xsvihlszi1x55aa3h499nqn7-leaf-2.drv.drv"}
@nix {"action":"msg","level":3,"msg":"  /tmp/obrador-shared-pins-linux/round-1-after/wide-round-1-jobs-8/store/a51w6rjcl7y6hl8q3058dg4ngrp9rzfr-leaf-0.drv.drv"}
@nix {"action":"msg","level":3,"msg":"  /tmp/obrador-shared-pins-linux/round-1-after/wide-round-1-jobs-8/store/aj0w4kjm5vbb3h3jqa0kyrgwidrq398r-leaf-17.drv.drv"}
@nix {"action":"msg","level":3,"msg":"  /tmp/obrador-shared-pins-linux/round-1-after/wide-round-1-jobs-8/store/akw9kamzixa0grba10dwzx01rj585pyz-leaf-3.drv.drv"}
@nix {"action":"msg","level":3,"msg":"  /tmp/obrador-shared-pins-linux/round-1-after/wide-round-1-jobs-8/store/b8vaqjm0sj0bn0z3716d8p2nixap7mcz-leaf-31.drv.drv"}
@nix {"action":"msg","level":3,"msg":"  /tmp/obrador-shared-pins-linux/round-1-after/wide-round-1-jobs-8/store/bbadkx3jpb2fv1mdkln7jb53jh5yd0cz-leaf-24.drv.drv"}
@nix {"action":"msg","level":3,"msg":"  /tmp/obrador-shared-pins-linux/round-1-after/wide-round-1-jobs-8/store/ckv2m161q8a68hmc72d7dwxkzz1jpn67-leaf-26.drv.drv"}
@nix {"action":"msg","level":3,"msg":"  /tmp/obrador-shared-pins-linux/round-1-after/wide-round-1-jobs-8/store/f06hanm6kg2yz19dwf2xbqvryc26swgq-leaf-5.drv.drv"}
@nix {"action":"msg","level":3,"msg":"  /tmp/obrador-shared-pins-linux/round-1-after/wide-round-1-jobs-8/store/fq5pxh0pn6xxn3arfhxids93a8qi0w78-leaf-14.drv.drv"}
@nix {"action":"msg","level":3,"msg":"  /tmp/obrador-shared-pins-linux/round-1-after/wide-round-1-jobs-8/store/hvhb3qxrglhk3n7zdk9kysidj6r7zm1i-leaf-16.drv.drv"}
@nix {"action":"msg","level":3,"msg":"  /tmp/obrador-shared-pins-linux/round-1-after/wide-round-1-jobs-8/store/j3r32f77r13lc2vghlxqjvrjqwmly4cg-leaf-1.drv.drv"}
@nix {"action":"msg","level":3,"msg":"  /tmp/obrador-shared-pins-linux/round-1-after/wide-round-1-jobs-8/store/jmvx929n1w6v9nsnsc2iy2knww0whmfc-leaf-8.drv.drv"}
@nix {"action":"msg","level":3,"msg":"  /tmp/obrador-shared-pins-linux/round-1-after/wide-round-1-jobs-8/store/kcyn7x8a45lj1blq340avwsk1nkmrwy5-leaf-29.drv.drv"}
@nix {"action":"msg","level":3,"msg":"  /tmp/obrador-shared-pins-linux/round-1-after/wide-round-1-jobs-8/store/mj9fjni5pxq6v1qgh0qzmdlnj9c1hzli-leaf-27.drv.drv"}
@nix {"action":"msg","level":3,"msg":"  /tmp/obrador-shared-pins-linux/round-1-after/wide-round-1-jobs-8/store/p4q1s12hljp8qb4hq51awpp1ldg5g87r-leaf-21.drv.drv"}
@nix {"action":"msg","level":3,"msg":"  /tmp/obrador-shared-pins-linux/round-1-after/wide-round-1-jobs-8/store/pajs2nikm0vjj4v48z3whmg98vk3981k-leaf-6.drv.drv"}
@nix {"action":"msg","level":3,"msg":"  /tmp/obrador-shared-pins-linux/round-1-after/wide-round-1-jobs-8/store/r51fyh6nd9smm2n7mx4vyl4ghcjg6r0r-leaf-9.drv.drv"}
@nix {"action":"msg","level":3,"msg":"  /tmp/obrador-shared-pins-linux/round-1-after/wide-round-1-jobs-8/store/rpqgl4qjj0f8pd6pjpm91769bx91y45l-leaf-13.drv.drv"}
@nix {"action":"msg","level":3,"msg":"  /tmp/obrador-shared-pins-linux/round-1-after/wide-round-1-jobs-8/store/v1yp3r70bywzz8x4xgdgpax27z4wprh8-leaf-4.drv.drv"}
@nix {"action":"msg","level":3,"msg":"  /tmp/obrador-shared-pins-linux/round-1-after/wide-round-1-jobs-8/store/wya0v70g0jf6xrh6mq5i31wr6whj6nqd-leaf-25.drv.drv"}
@nix {"action":"msg","level":3,"msg":"  /tmp/obrador-shared-pins-linux/round-1-after/wide-round-1-jobs-8/store/xc86azn868739099v7cda1y12lidbh9j-leaf-11.drv.drv"}
@nix {"action":"msg","level":3,"msg":"  /tmp/obrador-shared-pins-linux/round-1-after/wide-round-1-jobs-8/store/xx1asfgxy3jv12z273bfsdw813bi194y-leaf-10.drv.drv"}
@nix {"action":"msg","level":3,"msg":"  /tmp/obrador-shared-pins-linux/round-1-after/wide-round-1-jobs-8/store/zls5056rknm1bd0z0is0nrw7j2lqp5r5-leaf-28.drv.drv"}
@nix {"action":"start","fields":["/tmp/obrador-shared-pins-linux/round-1-after/wide-round-1-jobs-8/store/a51w6rjcl7y6hl8q3058dg4ngrp9rzfr-leaf-0.drv.drv","",1,1],"id":5437604690395136,"level":3,"parent":0,"text":"building 'leaf-0.drv.drv'","type":105}
@nix {"action":"start","fields":["/tmp/obrador-shared-pins-linux/round-1-after/wide-round-1-jobs-8/store/j3r32f77r13lc2vghlxqjvrjqwmly4cg-leaf-1.drv.drv","",1,1],"id":5437604690395137,"level":3,"parent":0,"text":"building 'leaf-1.drv.drv'","type":105}
@nix {"action":"start","fields":["/tmp/obrador-shared-pins-linux/round-1-after/wide-round-1-jobs-8/store/7sl44h29xsvihlszi1x55aa3h499nqn7-leaf-2.drv.drv","",1,1],"id":5437604690395138,"level":3,"parent":0,"text":"building 'leaf-2.drv.drv'","type":105}
@nix {"action":"start","fields":["/tmp/obrador-shared-pins-linux/round-1-after/wide-round-1-jobs-8/store/akw9kamzixa0grba10dwzx01rj585pyz-leaf-3.drv.drv","",1,1],"id":5437604690395139,"level":3,"parent":0,"text":"building 'leaf-3.drv.drv'","type":105}
@nix {"action":"start","fields":["/tmp/obrador-shared-pins-linux/round-1-after/wide-round-1-jobs-8/store/v1yp3r70bywzz8x4xgdgpax27z4wprh8-leaf-4.drv.drv","",1,1],"id":5437604690395140,"level":3,"parent":0,"text":"building 'leaf-4.drv.drv'","type":105}
@nix {"action":"start","fields":["/tmp/obrador-shared-pins-linux/round-1-after/wide-round-1-jobs-8/store/f06hanm6kg2yz19dwf2xbqvryc26swgq-leaf-5.drv.drv","",1,1],"id":5437604690395141,"level":3,"parent":0,"text":"building 'leaf-5.drv.drv'","type":105}
@nix {"action":"start","fields":["/tmp/obrador-shared-pins-linux/round-1-after/wide-round-1-jobs-8/store/pajs2nikm0vjj4v48z3whmg98vk3981k-leaf-6.drv.drv","",1,1],"id":5437604690395142,"level":3,"parent":0,"text":"building 'leaf-6.drv.drv'","type":105}
@nix {"action":"start","fields":["/tmp/obrador-shared-pins-linux/round-1-after/wide-round-1-jobs-8/store/3yw6wkv5m61npcsfhvl0dsbdz0mm1sir-leaf-7.drv.drv","",1,1],"id":5437604690395143,"level":3,"parent":0,"text":"building 'leaf-7.drv.drv'","type":105}
@nix {"action":"stop","id":5437604690395143}
@nix {"action":"stop","id":5437604690395136}
@nix {"action":"stop","id":5437604690395139}
@nix {"action":"stop","id":5437604690395142}
@nix {"action":"stop","id":5437604690395137}
@nix {"action":"stop","id":5437604690395140}
@nix {"action":"stop","id":5437604690395138}
@nix {"action":"stop","id":5437604690395141}
@nix {"action":"start","fields":["/tmp/obrador-shared-pins-linux/round-1-after/wide-round-1-jobs-8/store/j3pnrgrwwial3pxplab2mzz1lg92slrm-leaf-7.drv","",1,1],"id":5437604690395144,"level":3,"parent":0,"text":"building 'leaf-7.drv'","type":105}
@nix {"action":"stop","id":5437604690395144}
@nix {"action":"start","fields":["/tmp/obrador-shared-pins-linux/round-1-after/wide-round-1-jobs-8/store/lacwj86bijpqz5rd5bl56sq2mxwg648z-leaf-0.drv","",1,1],"id":5437604690395145,"level":3,"parent":0,"text":"building 'leaf-0.drv'","type":105}
@nix {"action":"stop","id":5437604690395145}
@nix {"action":"start","fields":["/tmp/obrador-shared-pins-linux/round-1-after/wide-round-1-jobs-8/store/rjbyfcjcf7w0mkq6pz7psjz4n2ai5vjd-leaf-3.drv","",1,1],"id":5437604690395146,"level":3,"parent":0,"text":"building 'leaf-3.drv'","type":105}
@nix {"action":"stop","id":5437604690395146}
@nix {"action":"start","fields":["/tmp/obrador-shared-pins-linux/round-1-after/wide-round-1-jobs-8/store/q37zn935s6ajnw2b9c7gsdlm1mpf7lfl-leaf-6.drv","",1,1],"id":5437604690395147,"level":3,"parent":0,"text":"building 'leaf-6.drv'","type":105}
@nix {"action":"stop","id":5437604690395147}
@nix {"action":"start","fields":["/tmp/obrador-shared-pins-linux/round-1-after/wide-round-1-jobs-8/store/mbj3j9bkpdqa2rbhwzn0ycj89aqdfyr0-leaf-1.drv","",1,1],"id":5437604690395148,"level":3,"parent":0,"text":"building 'leaf-1.drv'","type":105}
@nix {"action":"start","fields":["/tmp/obrador-shared-pins-linux/round-1-after/wide-round-1-jobs-8/store/rg8yrwqwzvm2916646bvglmdkjszxv48-leaf-4.drv","",1,1],"id":5437604690395149,"level":3,"parent":0,"text":"building 'leaf-4.drv'","type":105}
@nix {"action":"start","fields":["/tmp/obrador-shared-pins-linux/round-1-after/wide-round-1-jobs-8/store/waqprijxlynylihpy9ccm5hvb5l6l2j8-leaf-2.drv","",1,1],"id":5437604690395150,"level":3,"parent":0,"text":"building 'leaf-2.drv'","type":105}
@nix {"action":"stop","id":5437604690395148}
@nix {"action":"stop","id":5437604690395149}
@nix {"action":"stop","id":5437604690395150}
@nix {"action":"start","fields":["/tmp/obrador-shared-pins-linux/round-1-after/wide-round-1-jobs-8/store/7ym2ibc7xi8qw2g2a5gwg4sj3sb2y3j7-leaf-5.drv","",1,1],"id":5437604690395151,"level":3,"parent":0,"text":"building 'leaf-5.drv'","type":105}
@nix {"action":"stop","id":5437604690395151}
@nix {"action":"start","fields":["/tmp/obrador-shared-pins-linux/round-1-after/wide-round-1-jobs-8/store/jmvx929n1w6v9nsnsc2iy2knww0whmfc-leaf-8.drv.drv","",1,1],"id":5437604690395152,"level":3,"parent":0,"text":"building 'leaf-8.drv.drv'","type":105}
@nix {"action":"stop","id":5437604690395152}
@nix {"action":"start","fields":["/tmp/obrador-shared-pins-linux/round-1-after/wide-round-1-jobs-8/store/r51fyh6nd9smm2n7mx4vyl4ghcjg6r0r-leaf-9.drv.drv","",1,1],"id":5437604690395153,"level":3,"parent":0,"text":"building 'leaf-9.drv.drv'","type":105}
@nix {"action":"stop","id":5437604690395153}
@nix {"action":"start","fields":["/tmp/obrador-shared-pins-linux/round-1-after/wide-round-1-jobs-8/store/xx1asfgxy3jv12z273bfsdw813bi194y-leaf-10.drv.drv","",1,1],"id":5437604690395154,"level":3,"parent":0,"text":"building 'leaf-10.drv.drv'","type":105}
@nix {"action":"start","fields":["/tmp/obrador-shared-pins-linux/round-1-after/wide-round-1-jobs-8/store/xc86azn868739099v7cda1y12lidbh9j-leaf-11.drv.drv","",1,1],"id":5437604690395155,"level":3,"parent":0,"text":"building 'leaf-11.drv.drv'","type":105}
@nix {"action":"start","fields":["/tmp/obrador-shared-pins-linux/round-1-after/wide-round-1-jobs-8/store/20mhvpl74nicvbqqbz2vra26fv8zg0ag-leaf-12.drv.drv","",1,1],"id":5437604690395156,"level":3,"parent":0,"text":"building 'leaf-12.drv.drv'","type":105}
@nix {"action":"stop","id":5437604690395155}
@nix {"action":"stop","id":5437604690395156}
@nix {"action":"start","fields":["/tmp/obrador-shared-pins-linux/round-1-after/wide-round-1-jobs-8/store/rpqgl4qjj0f8pd6pjpm91769bx91y45l-leaf-13.drv.drv","",1,1],"id":5437604690395157,"level":3,"parent":0,"text":"building 'leaf-13.drv.drv'","type":105}
@nix {"action":"start","fields":["/tmp/obrador-shared-pins-linux/round-1-after/wide-round-1-jobs-8/store/fq5pxh0pn6xxn3arfhxids93a8qi0w78-leaf-14.drv.drv","",1,1],"id":5437604690395158,"level":3,"parent":0,"text":"building 'leaf-14.drv.drv'","type":105}
@nix {"action":"start","fields":["/tmp/obrador-shared-pins-linux/round-1-after/wide-round-1-jobs-8/store/1z5gy945grsmcb43759iljqmvf29lq8r-leaf-15.drv.drv","",1,1],"id":5437604690395159,"level":3,"parent":0,"text":"building 'leaf-15.drv.drv'","type":105}
@nix {"action":"stop","id":5437604690395154}
@nix {"action":"stop","id":5437604690395157}
@nix {"action":"start","fields":["/tmp/obrador-shared-pins-linux/round-1-after/wide-round-1-jobs-8/store/y7irlh5wwn7iilmczg55xadhbdhm4zwm-leaf-8.drv","",1,1],"id":5437604690395160,"level":3,"parent":0,"text":"building 'leaf-8.drv'","type":105}
@nix {"action":"stop","id":5437604690395159}
@nix {"action":"stop","id":5437604690395158}
@nix {"action":"stop","id":5437604690395160}
@nix {"action":"start","fields":["/tmp/obrador-shared-pins-linux/round-1-after/wide-round-1-jobs-8/store/czd6a17x5lrldnswwszfg5w9z10blqbg-leaf-9.drv","",1,1],"id":5437604690395161,"level":3,"parent":0,"text":"building 'leaf-9.drv'","type":105}
@nix {"action":"stop","id":5437604690395161}
@nix {"action":"start","fields":["/tmp/obrador-shared-pins-linux/round-1-after/wide-round-1-jobs-8/store/7f5j3ahfnqh81yr3i4pwq3yz27iy3vn9-leaf-11.drv","",1,1],"id":5437604690395162,"level":3,"parent":0,"text":"building 'leaf-11.drv'","type":105}
@nix {"action":"start","fields":["/tmp/obrador-shared-pins-linux/round-1-after/wide-round-1-jobs-8/store/grvgxliybnqwky96kv6x302f14p62pfp-leaf-12.drv","",1,1],"id":5437604690395163,"level":3,"parent":0,"text":"building 'leaf-12.drv'","type":105}
@nix {"action":"stop","id":5437604690395162}
@nix {"action":"stop","id":5437604690395163}
@nix {"action":"start","fields":["/tmp/obrador-shared-pins-linux/round-1-after/wide-round-1-jobs-8/store/mj2x0sw5n0wsgbgcxirm54f3xhpgqqf1-leaf-10.drv","",1,1],"id":5437604690395164,"level":3,"parent":0,"text":"building 'leaf-10.drv'","type":105}
@nix {"action":"stop","id":5437604690395164}
@nix {"action":"start","fields":["/tmp/obrador-shared-pins-linux/round-1-after/wide-round-1-jobs-8/store/ikxp4r2vaw2nahba3ki8m8d4m5ykxwm9-leaf-13.drv","",1,1],"id":5437604690395165,"level":3,"parent":0,"text":"building 'leaf-13.drv'","type":105}
@nix {"action":"stop","id":5437604690395165}
@nix {"action":"start","fields":["/tmp/obrador-shared-pins-linux/round-1-after/wide-round-1-jobs-8/store/1npax59yiqp3k038hmf0ad2z6vbk77rf-leaf-15.drv","",1,1],"id":5437604690395166,"level":3,"parent":0,"text":"building 'leaf-15.drv'","type":105}
@nix {"action":"stop","id":5437604690395166}
@nix {"action":"start","fields":["/tmp/obrador-shared-pins-linux/round-1-after/wide-round-1-jobs-8/store/wlv8rhvdg07f94hswzc2q4aaxp669nw9-leaf-14.drv","",1,1],"id":5437604690395167,"level":3,"parent":0,"text":"building 'leaf-14.drv'","type":105}
@nix {"action":"stop","id":5437604690395167}
@nix {"action":"start","fields":["/tmp/obrador-shared-pins-linux/round-1-after/wide-round-1-jobs-8/store/hvhb3qxrglhk3n7zdk9kysidj6r7zm1i-leaf-16.drv.drv","",1,1],"id":5437604690395168,"level":3,"parent":0,"text":"building 'leaf-16.drv.drv'","type":105}
@nix {"action":"stop","id":5437604690395168}
@nix {"action":"start","fields":["/tmp/obrador-shared-pins-linux/round-1-after/wide-round-1-jobs-8/store/aj0w4kjm5vbb3h3jqa0kyrgwidrq398r-leaf-17.drv.drv","",1,1],"id":5437604690395169,"level":3,"parent":0,"text":"building 'leaf-17.drv.drv'","type":105}
@nix {"action":"stop","id":5437604690395169}
@nix {"action":"start","fields":["/tmp/obrador-shared-pins-linux/round-1-after/wide-round-1-jobs-8/store/68g8smr5m12dffzyq1k25llbhxd96rj1-leaf-18.drv.drv","",1,1],"id":5437604690395170,"level":3,"parent":0,"text":"building 'leaf-18.drv.drv'","type":105}
@nix {"action":"start","fields":["/tmp/obrador-shared-pins-linux/round-1-after/wide-round-1-jobs-8/store/4mhxwxkkizlj848dm4s2q1cb0hnf2xcm-leaf-19.drv.drv","",1,1],"id":5437604690395171,"level":3,"parent":0,"text":"building 'leaf-19.drv.drv'","type":105}
@nix {"action":"start","fields":["/tmp/obrador-shared-pins-linux/round-1-after/wide-round-1-jobs-8/store/72mhcpnwl8kjbyqd4cd1j2bay55vl3mw-leaf-20.drv.drv","",1,1],"id":5437604690395172,"level":3,"parent":0,"text":"building 'leaf-20.drv.drv'","type":105}
@nix {"action":"stop","id":5437604690395172}
@nix {"action":"stop","id":5437604690395171}
@nix {"action":"stop","id":5437604690395170}
@nix {"action":"start","fields":["/tmp/obrador-shared-pins-linux/round-1-after/wide-round-1-jobs-8/store/p4q1s12hljp8qb4hq51awpp1ldg5g87r-leaf-21.drv.drv","",1,1],"id":5437604690395173,"level":3,"parent":0,"text":"building 'leaf-21.drv.drv'","type":105}
@nix {"action":"stop","id":5437604690395173}
@nix {"action":"start","fields":["/tmp/obrador-shared-pins-linux/round-1-after/wide-round-1-jobs-8/store/0nf7cwbsi7342k54r9y792df4aipcjfr-leaf-22.drv.drv","",1,1],"id":5437604690395174,"level":3,"parent":0,"text":"building 'leaf-22.drv.drv'","type":105}
@nix {"action":"start","fields":["/tmp/obrador-shared-pins-linux/round-1-after/wide-round-1-jobs-8/store/5br0v0pzhl1sa23xbmzizg542l70nv9g-leaf-23.drv.drv","",1,1],"id":5437604690395175,"level":3,"parent":0,"text":"building 'leaf-23.drv.drv'","type":105}
@nix {"action":"start","fields":["/tmp/obrador-shared-pins-linux/round-1-after/wide-round-1-jobs-8/store/q9lc8bcqgg49vd5kv3fms405w8j2jsc3-leaf-16.drv","",1,1],"id":5437604690395176,"level":3,"parent":0,"text":"building 'leaf-16.drv'","type":105}
@nix {"action":"start","fields":["/tmp/obrador-shared-pins-linux/round-1-after/wide-round-1-jobs-8/store/q18rvms7cyrrmq9z57zi78zr5c4l2287-leaf-17.drv","",1,1],"id":5437604690395177,"level":3,"parent":0,"text":"building 'leaf-17.drv'","type":105}
@nix {"action":"stop","id":5437604690395174}
@nix {"action":"stop","id":5437604690395175}
@nix {"action":"stop","id":5437604690395176}
@nix {"action":"stop","id":5437604690395177}
@nix {"action":"start","fields":["/tmp/obrador-shared-pins-linux/round-1-after/wide-round-1-jobs-8/store/49i414khwh3y8s22iia4sxy4z96awb1x-leaf-20.drv","",1,1],"id":5437604690395178,"level":3,"parent":0,"text":"building 'leaf-20.drv'","type":105}
@nix {"action":"stop","id":5437604690395178}
@nix {"action":"start","fields":["/tmp/obrador-shared-pins-linux/round-1-after/wide-round-1-jobs-8/store/cvxylp10fa8kphi0x4zr7kx1gcyfxg9y-leaf-19.drv","",1,1],"id":5437604690395179,"level":3,"parent":0,"text":"building 'leaf-19.drv'","type":105}
@nix {"action":"stop","id":5437604690395179}
@nix {"action":"start","fields":["/tmp/obrador-shared-pins-linux/round-1-after/wide-round-1-jobs-8/store/1qygnbdccchn6z1nhc8a1svixj0hn42z-leaf-18.drv","",1,1],"id":5437604690395180,"level":3,"parent":0,"text":"building 'leaf-18.drv'","type":105}
@nix {"action":"stop","id":5437604690395180}
@nix {"action":"start","fields":["/tmp/obrador-shared-pins-linux/round-1-after/wide-round-1-jobs-8/store/aif2617rkwhwm877q1x6rp7nvk47w75b-leaf-21.drv","",1,1],"id":5437604690395181,"level":3,"parent":0,"text":"building 'leaf-21.drv'","type":105}
@nix {"action":"stop","id":5437604690395181}
@nix {"action":"start","fields":["/tmp/obrador-shared-pins-linux/round-1-after/wide-round-1-jobs-8/store/j00x4vwrrwvw4pxbgd69gv1bpys7wxxg-leaf-22.drv","",1,1],"id":5437604690395182,"level":3,"parent":0,"text":"building 'leaf-22.drv'","type":105}
@nix {"action":"start","fields":["/tmp/obrador-shared-pins-linux/round-1-after/wide-round-1-jobs-8/store/7s05w3bjwg01m4a4nyw25cpbbxs1wanh-leaf-23.drv","",1,1],"id":5437604690395183,"level":3,"parent":0,"text":"building 'leaf-23.drv'","type":105}
@nix {"action":"stop","id":5437604690395182}
@nix {"action":"stop","id":5437604690395183}
@nix {"action":"start","fields":["/tmp/obrador-shared-pins-linux/round-1-after/wide-round-1-jobs-8/store/bbadkx3jpb2fv1mdkln7jb53jh5yd0cz-leaf-24.drv.drv","",1,1],"id":5437604690395184,"level":3,"parent":0,"text":"building 'leaf-24.drv.drv'","type":105}
@nix {"action":"stop","id":5437604690395184}
@nix {"action":"start","fields":["/tmp/obrador-shared-pins-linux/round-1-after/wide-round-1-jobs-8/store/wya0v70g0jf6xrh6mq5i31wr6whj6nqd-leaf-25.drv.drv","",1,1],"id":5437604690395185,"level":3,"parent":0,"text":"building 'leaf-25.drv.drv'","type":105}
@nix {"action":"stop","id":5437604690395185}
@nix {"action":"start","fields":["/tmp/obrador-shared-pins-linux/round-1-after/wide-round-1-jobs-8/store/ckv2m161q8a68hmc72d7dwxkzz1jpn67-leaf-26.drv.drv","",1,1],"id":5437604690395186,"level":3,"parent":0,"text":"building 'leaf-26.drv.drv'","type":105}
@nix {"action":"start","fields":["/tmp/obrador-shared-pins-linux/round-1-after/wide-round-1-jobs-8/store/mj9fjni5pxq6v1qgh0qzmdlnj9c1hzli-leaf-27.drv.drv","",1,1],"id":5437604690395187,"level":3,"parent":0,"text":"building 'leaf-27.drv.drv'","type":105}
@nix {"action":"start","fields":["/tmp/obrador-shared-pins-linux/round-1-after/wide-round-1-jobs-8/store/zls5056rknm1bd0z0is0nrw7j2lqp5r5-leaf-28.drv.drv","",1,1],"id":5437604690395188,"level":3,"parent":0,"text":"building 'leaf-28.drv.drv'","type":105}
@nix {"action":"stop","id":5437604690395188}
@nix {"action":"stop","id":5437604690395186}
@nix {"action":"start","fields":["/tmp/obrador-shared-pins-linux/round-1-after/wide-round-1-jobs-8/store/kcyn7x8a45lj1blq340avwsk1nkmrwy5-leaf-29.drv.drv","",1,1],"id":5437604690395189,"level":3,"parent":0,"text":"building 'leaf-29.drv.drv'","type":105}
@nix {"action":"stop","id":5437604690395187}
@nix {"action":"stop","id":5437604690395189}
@nix {"action":"start","fields":["/tmp/obrador-shared-pins-linux/round-1-after/wide-round-1-jobs-8/store/3x6ja3jz80qdynxwaq8phw2qk58cgdbi-leaf-30.drv.drv","",1,1],"id":5437604690395190,"level":3,"parent":0,"text":"building 'leaf-30.drv.drv'","type":105}
@nix {"action":"start","fields":["/tmp/obrador-shared-pins-linux/round-1-after/wide-round-1-jobs-8/store/b8vaqjm0sj0bn0z3716d8p2nixap7mcz-leaf-31.drv.drv","",1,1],"id":5437604690395191,"level":3,"parent":0,"text":"building 'leaf-31.drv.drv'","type":105}
@nix {"action":"start","fields":["/tmp/obrador-shared-pins-linux/round-1-after/wide-round-1-jobs-8/store/r8n55n867njv7yxy2hhznw00jm6svbzq-leaf-24.drv","",1,1],"id":5437604690395192,"level":3,"parent":0,"text":"building 'leaf-24.drv'","type":105}
@nix {"action":"stop","id":5437604690395190}
@nix {"action":"stop","id":5437604690395191}
@nix {"action":"stop","id":5437604690395192}
@nix {"action":"start","fields":["/tmp/obrador-shared-pins-linux/round-1-after/wide-round-1-jobs-8/store/zpxnfj46lv8py33ikq4qkybmaqdqdxrm-leaf-25.drv","",1,1],"id":5437604690395193,"level":3,"parent":0,"text":"building 'leaf-25.drv'","type":105}
@nix {"action":"stop","id":5437604690395193}
@nix {"action":"start","fields":["/tmp/obrador-shared-pins-linux/round-1-after/wide-round-1-jobs-8/store/6nkdshwyls9a13w23sa91m4v1124jzq7-leaf-28.drv","",1,1],"id":5437604690395194,"level":3,"parent":0,"text":"building 'leaf-28.drv'","type":105}
@nix {"action":"stop","id":5437604690395194}
@nix {"action":"start","fields":["/tmp/obrador-shared-pins-linux/round-1-after/wide-round-1-jobs-8/store/1ikn0yrarm17pz3k4mivy42gidqqxn6w-leaf-26.drv","",1,1],"id":5437604690395195,"level":3,"parent":0,"text":"building 'leaf-26.drv'","type":105}
@nix {"action":"stop","id":5437604690395195}
@nix {"action":"start","fields":["/tmp/obrador-shared-pins-linux/round-1-after/wide-round-1-jobs-8/store/yc4vj7j02ihj2r7bgybwhxnvxqydvf9l-leaf-27.drv","",1,1],"id":5437604690395196,"level":3,"parent":0,"text":"building 'leaf-27.drv'","type":105}
@nix {"action":"stop","id":5437604690395196}
@nix {"action":"start","fields":["/tmp/obrador-shared-pins-linux/round-1-after/wide-round-1-jobs-8/store/967dz035hfs1afxcii1v2x044a731k33-leaf-29.drv","",1,1],"id":5437604690395197,"level":3,"parent":0,"text":"building 'leaf-29.drv'","type":105}
@nix {"action":"stop","id":5437604690395197}
@nix {"action":"start","fields":["/tmp/obrador-shared-pins-linux/round-1-after/wide-round-1-jobs-8/store/vg6bkq59zhggmf5y72dmfwybw3xcmb5v-leaf-30.drv","",1,1],"id":5437604690395198,"level":3,"parent":0,"text":"building 'leaf-30.drv'","type":105}
@nix {"action":"stop","id":5437604690395198}
@nix {"action":"start","fields":["/tmp/obrador-shared-pins-linux/round-1-after/wide-round-1-jobs-8/store/b3anvllik51j6r7infb3hxrsin3vjqly-leaf-31.drv","",1,1],"id":5437604690395199,"level":3,"parent":0,"text":"building 'leaf-31.drv'","type":105}
@nix {"action":"stop","id":5437604690395199}
