copying 33 paths...
copying path '/tmp/obrador-shared-pins-linux/trace-baseline/wide-round-1-jobs-8/store/m08fcnbkz6jfc3b5k2xqaf4sxm38klrs-seed' to 'obrador+local:///tmp/obrador-shared-pins-linux/trace-baseline/wide-round-1-jobs-8/obrador/state'...
copying path '/tmp/obrador-shared-pins-linux/trace-baseline/wide-round-1-jobs-8/store/jibyk7q5zricayxdrnm7nb8x5qb24ib7-leaf-16.drv.drv' to 'obrador+local:///tmp/obrador-shared-pins-linux/trace-baseline/wide-round-1-jobs-8/obrador/state'...
copying path '/tmp/obrador-shared-pins-linux/trace-baseline/wide-round-1-jobs-8/store/4dws420is5kc3lk2lsa3m9bl68ajns19-leaf-15.drv.drv' to 'obrador+local:///tmp/obrador-shared-pins-linux/trace-baseline/wide-round-1-jobs-8/obrador/state'...
copying path '/tmp/obrador-shared-pins-linux/trace-baseline/wide-round-1-jobs-8/store/1b0pkb3sbwsd92hc6k2ajd050qr3csa9-leaf-7.drv.drv' to 'obrador+local:///tmp/obrador-shared-pins-linux/trace-baseline/wide-round-1-jobs-8/obrador/state'...
copying path '/tmp/obrador-shared-pins-linux/trace-baseline/wide-round-1-jobs-8/store/9mj54wkbcc40mf90q75afiajyqdgj119-leaf-22.drv.drv' to 'obrador+local:///tmp/obrador-shared-pins-linux/trace-baseline/wide-round-1-jobs-8/obrador/state'...
copying path '/tmp/obrador-shared-pins-linux/trace-baseline/wide-round-1-jobs-8/store/0dnslq21q6sk45bpnbdkli8b0vxvvl7h-leaf-25.drv.drv' to 'obrador+local:///tmp/obrador-shared-pins-linux/trace-baseline/wide-round-1-jobs-8/obrador/state'...
copying path '/tmp/obrador-shared-pins-linux/trace-baseline/wide-round-1-jobs-8/store/66p97579v5w18q8f9lj81p6xgdh5hcyj-leaf-12.drv.drv' to 'obrador+local:///tmp/obrador-shared-pins-linux/trace-baseline/wide-round-1-jobs-8/obrador/state'...
copying path '/tmp/obrador-shared-pins-linux/trace-baseline/wide-round-1-jobs-8/store/29dy3h54navxcfnkmgzly2x6yn7ay3f0-leaf-2.drv.drv' to 'obrador+local:///tmp/obrador-shared-pins-linux/trace-baseline/wide-round-1-jobs-8/obrador/state'...
copying path '/tmp/obrador-shared-pins-linux/trace-baseline/wide-round-1-jobs-8/store/6s2sy4mchx63jjlixmm58ri4nqfwlz53-leaf-6.drv.drv' to 'obrador+local:///tmp/obrador-shared-pins-linux/trace-baseline/wide-round-1-jobs-8/obrador/state'...
copying path '/tmp/obrador-shared-pins-linux/trace-baseline/wide-round-1-jobs-8/store/5n2543dxab3bbrjcvxjhbam7f3sxh4rh-leaf-10.drv.drv' to 'obrador+local:///tmp/obrador-shared-pins-linux/trace-baseline/wide-round-1-jobs-8/obrador/state'...
copying path '/tmp/obrador-shared-pins-linux/trace-baseline/wide-round-1-jobs-8/store/05cszj3xdg9661zd8nkjsbhpyb09iyyn-leaf-13.drv.drv' to 'obrador+local:///tmp/obrador-shared-pins-linux/trace-baseline/wide-round-1-jobs-8/obrador/state'...
copying path '/tmp/obrador-shared-pins-linux/trace-baseline/wide-round-1-jobs-8/store/9a75x08h2nns7xlqphngl9g8xlqjcyds-leaf-14.drv.drv' to 'obrador+local:///tmp/obrador-shared-pins-linux/trace-baseline/wide-round-1-jobs-8/obrador/state'...
copying path '/tmp/obrador-shared-pins-linux/trace-baseline/wide-round-1-jobs-8/store/84cxc0wam958fxv6ygfqvvkm83a3371c-leaf-30.drv.drv' to 'obrador+local:///tmp/obrador-shared-pins-linux/trace-baseline/wide-round-1-jobs-8/obrador/state'...
copying path '/tmp/obrador-shared-pins-linux/trace-baseline/wide-round-1-jobs-8/store/a4m54r9dh07ysdnrqz7spwdyv3lmdv6x-leaf-17.drv.drv' to 'obrador+local:///tmp/obrador-shared-pins-linux/trace-baseline/wide-round-1-jobs-8/obrador/state'...
copying path '/tmp/obrador-shared-pins-linux/trace-baseline/wide-round-1-jobs-8/store/239a3y6g2faaqvi05bmignimc8y1hzws-leaf-11.drv.drv' to 'obrador+local:///tmp/obrador-shared-pins-linux/trace-baseline/wide-round-1-jobs-8/obrador/state'...
copying path '/tmp/obrador-shared-pins-linux/trace-baseline/wide-round-1-jobs-8/store/c1pgc7yhdjfr0lfimd11rl0zkbjx0mq2-leaf-9.drv.drv' to 'obrador+local:///tmp/obrador-shared-pins-linux/trace-baseline/wide-round-1-jobs-8/obrador/state'...
copying path '/tmp/obrador-shared-pins-linux/trace-baseline/wide-round-1-jobs-8/store/aw5x1d70mrqbgm45wvfj9wysmhqyrnbr-leaf-28.drv.drv' to 'obrador+local:///tmp/obrador-shared-pins-linux/trace-baseline/wide-round-1-jobs-8/obrador/state'...
copying path '/tmp/obrador-shared-pins-linux/trace-baseline/wide-round-1-jobs-8/store/ljs99gwjkcbl0nbpqh2jiprxvyg10ars-leaf-19.drv.drv' to 'obrador+local:///tmp/obrador-shared-pins-linux/trace-baseline/wide-round-1-jobs-8/obrador/state'...
copying path '/tmp/obrador-shared-pins-linux/trace-baseline/wide-round-1-jobs-8/store/mnz104f0yhpf8fh629a7bndi7gwd1f7j-leaf-18.drv.drv' to 'obrador+local:///tmp/obrador-shared-pins-linux/trace-baseline/wide-round-1-jobs-8/obrador/state'...
copying path '/tmp/obrador-shared-pins-linux/trace-baseline/wide-round-1-jobs-8/store/nmi13pjxgml6jjkv6n06hgkhfp5blfca-leaf-21.drv.drv' to 'obrador+local:///tmp/obrador-shared-pins-linux/trace-baseline/wide-round-1-jobs-8/obrador/state'...
copying path '/tmp/obrador-shared-pins-linux/trace-baseline/wide-round-1-jobs-8/store/q9334yj9j851kfh1kl6s4zqwzbv8s9ls-leaf-4.drv.drv' to 'obrador+local:///tmp/obrador-shared-pins-linux/trace-baseline/wide-round-1-jobs-8/obrador/state'...
copying path '/tmp/obrador-shared-pins-linux/trace-baseline/wide-round-1-jobs-8/store/raf0igsi5d66rxhh2g8vhr566x18506l-leaf-1.drv.drv' to 'obrador+local:///tmp/obrador-shared-pins-linux/trace-baseline/wide-round-1-jobs-8/obrador/state'...
copying path '/tmp/obrador-shared-pins-linux/trace-baseline/wide-round-1-jobs-8/store/rd70ci0isxln4rsr4l1j2gz7xirzk7h9-leaf-23.drv.drv' to 'obrador+local:///tmp/obrador-shared-pins-linux/trace-baseline/wide-round-1-jobs-8/obrador/state'...
copying path '/tmp/obrador-shared-pins-linux/trace-baseline/wide-round-1-jobs-8/store/vva0n9ns9dcbfd3dgijxp5nggcvplgbb-leaf-20.drv.drv' to 'obrador+local:///tmp/obrador-shared-pins-linux/trace-baseline/wide-round-1-jobs-8/obrador/state'...
copying path '/tmp/obrador-shared-pins-linux/trace-baseline/wide-round-1-jobs-8/store/wansd0y39w3id11m7wa14v9ghn29bg00-leaf-27.drv.drv' to 'obrador+local:///tmp/obrador-shared-pins-linux/trace-baseline/wide-round-1-jobs-8/obrador/state'...
copying path '/tmp/obrador-shared-pins-linux/trace-baseline/wide-round-1-jobs-8/store/wbgdbic4nfdvxwlk9yhmlqn20kwjbrv5-leaf-29.drv.drv' to 'obrador+local:///tmp/obrador-shared-pins-linux/trace-baseline/wide-round-1-jobs-8/obrador/state'...
copying path '/tmp/obrador-shared-pins-linux/trace-baseline/wide-round-1-jobs-8/store/wd7mdd81dkkp8gfgrc7awj52kh4fvvk3-leaf-8.drv.drv' to 'obrador+local:///tmp/obrador-shared-pins-linux/trace-baseline/wide-round-1-jobs-8/obrador/state'...
copying path '/tmp/obrador-shared-pins-linux/trace-baseline/wide-round-1-jobs-8/store/x6ndcsf42syhk5f1b96cl9laxi8m89kp-leaf-5.drv.drv' to 'obrador+local:///tmp/obrador-shared-pins-linux/trace-baseline/wide-round-1-jobs-8/obrador/state'...
copying path '/tmp/obrador-shared-pins-linux/trace-baseline/wide-round-1-jobs-8/store/x8gl6z98yyc9774m5lz5h318cz8hz8y6-leaf-0.drv.drv' to 'obrador+local:///tmp/obrador-shared-pins-linux/trace-baseline/wide-round-1-jobs-8/obrador/state'...
copying path '/tmp/obrador-shared-pins-linux/trace-baseline/wide-round-1-jobs-8/store/y06wc1mp8rqzgmljajxly5vgk6xb608p-leaf-3.drv.drv' to 'obrador+local:///tmp/obrador-shared-pins-linux/trace-baseline/wide-round-1-jobs-8/obrador/state'...
copying path '/tmp/obrador-shared-pins-linux/trace-baseline/wide-round-1-jobs-8/store/y86wx401iyhmzp6impjkx21640r4yc75-leaf-24.drv.drv' to 'obrador+local:///tmp/obrador-shared-pins-linux/trace-baseline/wide-round-1-jobs-8/obrador/state'...
copying path '/tmp/obrador-shared-pins-linux/trace-baseline/wide-round-1-jobs-8/store/ya4mzsq6k3srj720m5lg4svj8316liim-leaf-31.drv.drv' to 'obrador+local:///tmp/obrador-shared-pins-linux/trace-baseline/wide-round-1-jobs-8/obrador/state'...
copying path '/tmp/obrador-shared-pins-linux/trace-baseline/wide-round-1-jobs-8/store/za4ilinnd5bxi4pzwgvh1x3r2r41jpzd-leaf-26.drv.drv' to 'obrador+local:///tmp/obrador-shared-pins-linux/trace-baseline/wide-round-1-jobs-8/obrador/state'...
