copying 32 paths...
copying path '/tmp/obrador-shared-pins-linux/trace-baseline/wide-round-1-jobs-8/store/1z93n30ssky530wr1ffxr12gxs2zwy77-leaf-19-result' from 'obrador+local:///tmp/obrador-shared-pins-linux/trace-baseline/wide-round-1-jobs-8/obrador/state'...
copying path '/tmp/obrador-shared-pins-linux/trace-baseline/wide-round-1-jobs-8/store/b9mbcyqxcl54iqq5n8rcbnvg8q9mrj4v-leaf-5-result' from 'obrador+local:///tmp/obrador-shared-pins-linux/trace-baseline/wide-round-1-jobs-8/obrador/state'...
copying path '/tmp/obrador-shared-pins-linux/trace-baseline/wide-round-1-jobs-8/store/3apxkniz78a13vb6h05wyzsddj7am5r7-leaf-12-result' from 'obrador+local:///tmp/obrador-shared-pins-linux/trace-baseline/wide-round-1-jobs-8/obrador/state'...
copying path '/tmp/obrador-shared-pins-linux/trace-baseline/wide-round-1-jobs-8/store/bkd9hrb95py6rnzyvp4l6zx3rk1lp3jq-leaf-21-result' from 'obrador+local:///tmp/obrador-shared-pins-linux/trace-baseline/wide-round-1-jobs-8/obrador/state'...
copying path '/tmp/obrador-shared-pins-linux/trace-baseline/wide-round-1-jobs-8/store/9dz0pllm997ym3ffia5m69a3zz2ams79-leaf-25-result' from 'obrador+local:///tmp/obrador-shared-pins-linux/trace-baseline/wide-round-1-jobs-8/obrador/state'...
copying path '/tmp/obrador-shared-pins-linux/trace-baseline/wide-round-1-jobs-8/store/5c3r93vl1gqmn3irqswnp5s0adi4xb5i-leaf-13-result' from 'obrador+local:///tmp/obrador-shared-pins-linux/trace-baseline/wide-round-1-jobs-8/obrador/state'...
copying path '/tmp/obrador-shared-pins-linux/trace-baseline/wide-round-1-jobs-8/store/ayz9l01brhkrm4qnba0fir8hhk25smwy-leaf-27-result' from 'obrador+local:///tmp/obrador-shared-pins-linux/trace-baseline/wide-round-1-jobs-8/obrador/state'...
copying path '/tmp/obrador-shared-pins-linux/trace-baseline/wide-round-1-jobs-8/store/bhwkrxh5jyss2j8a7v1cd0qfwviy07y1-leaf-1-result' from 'obrador+local:///tmp/obrador-shared-pins-linux/trace-baseline/wide-round-1-jobs-8/obrador/state'...
copying path '/tmp/obrador-shared-pins-linux/trace-baseline/wide-round-1-jobs-8/store/7kbrw1w6f1y7qj0yzkx164500ln9540q-leaf-31-result' from 'obrador+local:///tmp/obrador-shared-pins-linux/trace-baseline/wide-round-1-jobs-8/obrador/state'...
copying path '/tmp/obrador-shared-pins-linux/trace-baseline/wide-round-1-jobs-8/store/6564fgnwknvj4jmjgpryhsnrc84pb3lc-leaf-4-result' from 'obrador+local:///tmp/obrador-shared-pins-linux/trace-baseline/wide-round-1-jobs-8/obrador/state'...
copying path '/tmp/obrador-shared-pins-linux/trace-baseline/wide-round-1-jobs-8/store/834pssbjmz856x4kksj8irrach7sn715-leaf-14-result' from 'obrador+local:///tmp/obrador-shared-pins-linux/trace-baseline/wide-round-1-jobs-8/obrador/state'...
copying path '/tmp/obrador-shared-pins-linux/trace-baseline/wide-round-1-jobs-8/store/c9m676hpbshmkzzchs9kgf0cvha3yrfv-leaf-24-result' from 'obrador+local:///tmp/obrador-shared-pins-linux/trace-baseline/wide-round-1-jobs-8/obrador/state'...
copying path '/tmp/obrador-shared-pins-linux/trace-baseline/wide-round-1-jobs-8/store/99irijhkl2k55ccfyry6nyhga9qwna7c-leaf-9-result' from 'obrador+local:///tmp/obrador-shared-pins-linux/trace-baseline/wide-round-1-jobs-8/obrador/state'...
copying path '/tmp/obrador-shared-pins-linux/trace-baseline/wide-round-1-jobs-8/store/99idkrrjm4255jn0siy7i4vspmi527pz-leaf-3-result' from 'obrador+local:///tmp/obrador-shared-pins-linux/trace-baseline/wide-round-1-jobs-8/obrador/state'...
copying path '/tmp/obrador-shared-pins-linux/trace-baseline/wide-round-1-jobs-8/store/aa5ipffszm266bdx5hv8dg0yd5s00zwp-leaf-6-result' from 'obrador+local:///tmp/obrador-shared-pins-linux/trace-baseline/wide-round-1-jobs-8/obrador/state'...
copying path '/tmp/obrador-shared-pins-linux/trace-baseline/wide-round-1-jobs-8/store/4bz4a7237nzc4n3k7cd6mh34ji4yzcw2-leaf-26-result' from 'obrador+local:///tmp/obrador-shared-pins-linux/trace-baseline/wide-round-1-jobs-8/obrador/state'...
copying path '/tmp/obrador-shared-pins-linux/trace-baseline/wide-round-1-jobs-8/store/dsjfpi4warc1cs3mlgsiza4mylja7lfm-leaf-18-result' from 'obrador+local:///tmp/obrador-shared-pins-linux/trace-baseline/wide-round-1-jobs-8/obrador/state'...
copying path '/tmp/obrador-shared-pins-linux/trace-baseline/wide-round-1-jobs-8/store/g23ryszbb5r0admyw1kb5gn91hnljqjb-leaf-0-result' from 'obrador+local:///tmp/obrador-shared-pins-linux/trace-baseline/wide-round-1-jobs-8/obrador/state'...
copying path '/tmp/obrador-shared-pins-linux/trace-baseline/wide-round-1-jobs-8/store/hmpmmly0zhzvxyq8k5d09sxzzwb91ydi-leaf-23-result' from 'obrador+local:///tmp/obrador-shared-pins-linux/trace-baseline/wide-round-1-jobs-8/obrador/state'...
copying path '/tmp/obrador-shared-pins-linux/trace-baseline/wide-round-1-jobs-8/store/i4hs4m3zg621kmxn1g3y91kq7yvsf87p-leaf-7-result' from 'obrador+local:///tmp/obrador-shared-pins-linux/trace-baseline/wide-round-1-jobs-8/obrador/state'...
copying path '/tmp/obrador-shared-pins-linux/trace-baseline/wide-round-1-jobs-8/store/i64y362fy8a73gdga34kh4wys00s5h42-leaf-15-result' from 'obrador+local:///tmp/obrador-shared-pins-linux/trace-baseline/wide-round-1-jobs-8/obrador/state'...
copying path '/tmp/obrador-shared-pins-linux/trace-baseline/wide-round-1-jobs-8/store/izykwzkw5s9v52xrgawh62xai5bk2ckd-leaf-22-result' from 'obrador+local:///tmp/obrador-shared-pins-linux/trace-baseline/wide-round-1-jobs-8/obrador/state'...
copying path '/tmp/obrador-shared-pins-linux/trace-baseline/wide-round-1-jobs-8/store/j6w6zydy74ki1lqvx9a4g65xdc80lriy-leaf-11-result' from 'obrador+local:///tmp/obrador-shared-pins-linux/trace-baseline/wide-round-1-jobs-8/obrador/state'...
copying path '/tmp/obrador-shared-pins-linux/trace-baseline/wide-round-1-jobs-8/store/k260s6zpgdx3pqq253qddbf1f7xwzs3m-leaf-17-result' from 'obrador+local:///tmp/obrador-shared-pins-linux/trace-baseline/wide-round-1-jobs-8/obrador/state'...
copying path '/tmp/obrador-shared-pins-linux/trace-baseline/wide-round-1-jobs-8/store/l1nrb6l9x9l82ly6l7npw958b1fjimfp-leaf-10-result' from 'obrador+local:///tmp/obrador-shared-pins-linux/trace-baseline/wide-round-1-jobs-8/obrador/state'...
copying path '/tmp/obrador-shared-pins-linux/trace-baseline/wide-round-1-jobs-8/store/nafpmyfqkvyh8b5g79wmkgav0w6yph4z-leaf-8-result' from 'obrador+local:///tmp/obrador-shared-pins-linux/trace-baseline/wide-round-1-jobs-8/obrador/state'...
copying path '/tmp/obrador-shared-pins-linux/trace-baseline/wide-round-1-jobs-8/store/p81d83xviwdf0kjdw2qs1wwnri9nglb9-leaf-20-result' from 'obrador+local:///tmp/obrador-shared-pins-linux/trace-baseline/wide-round-1-jobs-8/obrador/state'...
copying path '/tmp/obrador-shared-pins-linux/trace-baseline/wide-round-1-jobs-8/store/pycds6h80fry92g0d2hi91qx11nkg8nm-leaf-2-result' from 'obrador+local:///tmp/obrador-shared-pins-linux/trace-baseline/wide-round-1-jobs-8/obrador/state'...
copying path '/tmp/obrador-shared-pins-linux/trace-baseline/wide-round-1-jobs-8/store/q1aiksgwfsw6mgi4h52vdsrrz145p8ap-leaf-29-result' from 'obrador+local:///tmp/obrador-shared-pins-linux/trace-baseline/wide-round-1-jobs-8/obrador/state'...
copying path '/tmp/obrador-shared-pins-linux/trace-baseline/wide-round-1-jobs-8/store/q4z16i3i2gzj2mjwllh54l18fn4nnrrv-leaf-16-result' from 'obrador+local:///tmp/obrador-shared-pins-linux/trace-baseline/wide-round-1-jobs-8/obrador/state'...
copying path '/tmp/obrador-shared-pins-linux/trace-baseline/wide-round-1-jobs-8/store/vy999ig7v280wg5c9lw2r8fwyf5kzkp1-leaf-28-result' from 'obrador+local:///tmp/obrador-shared-pins-linux/trace-baseline/wide-round-1-jobs-8/obrador/state'...
copying path '/tmp/obrador-shared-pins-linux/trace-baseline/wide-round-1-jobs-8/store/y0ycb8hyhy4r58lvxzyc40kanxd6advw-leaf-30-result' from 'obrador+local:///tmp/obrador-shared-pins-linux/trace-baseline/wide-round-1-jobs-8/obrador/state'...
