@nix {"action":"msg","level":3,"msg":"these 32 derivations will be built:"}
@nix {"action":"msg","level":3,"msg":"  /Users/hetzner/obrador-shared-pins-20260909/round-1-after/chain-round-1-jobs-8/store/d2794f4a2f32yig1z0k8mfz421rrgmvv-leaf-0.drv.drv"}
@nix {"action":"msg","level":3,"msg":"  /Users/hetzner/obrador-shared-pins-20260909/round-1-after/chain-round-1-jobs-8/store/z40hnff1g32n0j8dsdlfrl5h9afm1ig9-leaf-1.drv.drv"}
@nix {"action":"msg","level":3,"msg":"  /Users/hetzner/obrador-shared-pins-20260909/round-1-after/chain-round-1-jobs-8/store/j709jlqsyag75bh2yjmd55nmnarpgp50-leaf-2.drv.drv"}
@nix {"action":"msg","level":3,"msg":"  /Users/hetzner/obrador-shared-pins-20260909/round-1-after/chain-round-1-jobs-8/store/bj6bz0y2finbrhadpriaamrjg9jgn14b-leaf-3.drv.drv"}
@nix {"action":"msg","level":3,"msg":"  /Users/hetzner/obrador-shared-pins-20260909/round-1-after/chain-round-1-jobs-8/store/fsryyfs49497n76qabm2plg1hrlzm456-leaf-4.drv.drv"}
@nix {"action":"msg","level":3,"msg":"  /Users/hetzner/obrador-shared-pins-20260909/round-1-after/chain-round-1-jobs-8/store/248wfcsb78vb4cb4myq3ip9g6m97x0z2-leaf-5.drv.drv"}
@nix {"action":"msg","level":3,"msg":"  /Users/hetzner/obrador-shared-pins-20260909/round-1-after/chain-round-1-jobs-8/store/jypvnrm22dpqhvhpw8y0axgmilc3wfp3-leaf-6.drv.drv"}
@nix {"action":"msg","level":3,"msg":"  /Users/hetzner/obrador-shared-pins-20260909/round-1-after/chain-round-1-jobs-8/store/9wklyclanyapirg3a5kjwf0nqvh17a6x-leaf-7.drv.drv"}
@nix {"action":"msg","level":3,"msg":"  /Users/hetzner/obrador-shared-pins-20260909/round-1-after/chain-round-1-jobs-8/store/nxvdibfr7y6h1b97xra8k9yj9yq3in86-leaf-8.drv.drv"}
@nix {"action":"msg","level":3,"msg":"  /Users/hetzner/obrador-shared-pins-20260909/round-1-after/chain-round-1-jobs-8/store/6f9gqrpp3xzzplpkirp22y8wng5dlx6j-leaf-9.drv.drv"}
@nix {"action":"msg","level":3,"msg":"  /Users/hetzner/obrador-shared-pins-20260909/round-1-after/chain-round-1-jobs-8/store/09pj0d593nypz685r3ba0m0nsn6dn659-leaf-10.drv.drv"}
@nix {"action":"msg","level":3,"msg":"  /Users/hetzner/obrador-shared-pins-20260909/round-1-after/chain-round-1-jobs-8/store/ix5idf7rqd7lvcks68xjwinq2zg4fj10-leaf-11.drv.drv"}
@nix {"action":"msg","level":3,"msg":"  /Users/hetzner/obrador-shared-pins-20260909/round-1-after/chain-round-1-jobs-8/store/0c557wvdnk3lmqvnxdclrjf7kl4c3j70-leaf-12.drv.drv"}
@nix {"action":"msg","level":3,"msg":"  /Users/hetzner/obrador-shared-pins-20260909/round-1-after/chain-round-1-jobs-8/store/4fw15ilfn335kp4nwwbyanqj0cbk0a1p-leaf-13.drv.drv"}
@nix {"action":"msg","level":3,"msg":"  /Users/hetzner/obrador-shared-pins-20260909/round-1-after/chain-round-1-jobs-8/store/3mav2k609m9c9qf1vmdrc1lk7f328awk-leaf-14.drv.drv"}
@nix {"action":"msg","level":3,"msg":"  /Users/hetzner/obrador-shared-pins-20260909/round-1-after/chain-round-1-jobs-8/store/i7zxspdnh9cjn6xv31xvg53qi0j595d8-leaf-15.drv.drv"}
@nix {"action":"msg","level":3,"msg":"  /Users/hetzner/obrador-shared-pins-20260909/round-1-after/chain-round-1-jobs-8/store/r01hz8whc6cw8i25yfp988akw7052d6d-leaf-16.drv.drv"}
@nix {"action":"msg","level":3,"msg":"  /Users/hetzner/obrador-shared-pins-20260909/round-1-after/chain-round-1-jobs-8/store/b8bw2586zdjj6iqfgjcash6lyfmipg44-leaf-17.drv.drv"}
@nix {"action":"msg","level":3,"msg":"  /Users/hetzner/obrador-shared-pins-20260909/round-1-after/chain-round-1-jobs-8/store/w0qw4h8nk3a6pbq1wk45smyyqnbak3k1-leaf-18.drv.drv"}
@nix {"action":"msg","level":3,"msg":"  /Users/hetzner/obrador-shared-pins-20260909/round-1-after/chain-round-1-jobs-8/store/bbkwprchz2l49274k54wva0nqbba2a2k-leaf-19.drv.drv"}
@nix {"action":"msg","level":3,"msg":"  /Users/hetzner/obrador-shared-pins-20260909/round-1-after/chain-round-1-jobs-8/store/jnjqd1rhz9s138gsif7xhr4ycm7fvjwn-leaf-20.drv.drv"}
@nix {"action":"msg","level":3,"msg":"  /Users/hetzner/obrador-shared-pins-20260909/round-1-after/chain-round-1-jobs-8/store/7dxgigvl87n8a6a4427jdj4hnsan98fm-leaf-21.drv.drv"}
@nix {"action":"msg","level":3,"msg":"  /Users/hetzner/obrador-shared-pins-20260909/round-1-after/chain-round-1-jobs-8/store/58zzgyqxswaks46f1wj642i8bwhjyx6f-leaf-22.drv.drv"}
@nix {"action":"msg","level":3,"msg":"  /Users/hetzner/obrador-shared-pins-20260909/round-1-after/chain-round-1-jobs-8/store/cxs8bx6im6l2x34m6ihivlxj01dgix3m-leaf-23.drv.drv"}
@nix {"action":"msg","level":3,"msg":"  /Users/hetzner/obrador-shared-pins-20260909/round-1-after/chain-round-1-jobs-8/store/49s5ah5xb56pdvcczgfbd1pw74nabkd7-leaf-24.drv.drv"}
@nix {"action":"msg","level":3,"msg":"  /Users/hetzner/obrador-shared-pins-20260909/round-1-after/chain-round-1-jobs-8/store/0mc1cjifvfxsf5afwqsq9z9fsq5db1q5-leaf-25.drv.drv"}
@nix {"action":"msg","level":3,"msg":"  /Users/hetzner/obrador-shared-pins-20260909/round-1-after/chain-round-1-jobs-8/store/qd4s6qcrr76lahnyh0hnrg3hrljhrlpm-leaf-26.drv.drv"}
@nix {"action":"msg","level":3,"msg":"  /Users/hetzner/obrador-shared-pins-20260909/round-1-after/chain-round-1-jobs-8/store/nnij8sg11wjngjcga3nhqrn9mjb96jxz-leaf-27.drv.drv"}
@nix {"action":"msg","level":3,"msg":"  /Users/hetzner/obrador-shared-pins-20260909/round-1-after/chain-round-1-jobs-8/store/9735l6ypkr53bpfskmbwnc9nzn4b44nz-leaf-28.drv.drv"}
@nix {"action":"msg","level":3,"msg":"  /Users/hetzner/obrador-shared-pins-20260909/round-1-after/chain-round-1-jobs-8/store/9ndh56smblijchfnwcvzz4ysc9hl6vn7-leaf-29.drv.drv"}
@nix {"action":"msg","level":3,"msg":"  /Users/hetzner/obrador-shared-pins-20260909/round-1-after/chain-round-1-jobs-8/store/sdwpxfd677n7zqs3najv6a8xc6q8cgz9-leaf-30.drv.drv"}
@nix {"action":"msg","level":3,"msg":"  /Users/hetzner/obrador-shared-pins-20260909/round-1-after/chain-round-1-jobs-8/store/2hri67r307mbg9liqz6nfmah4sdcjbh9-leaf-31.drv.drv"}
@nix {"action":"start","fields":["/Users/hetzner/obrador-shared-pins-20260909/round-1-after/chain-round-1-jobs-8/store/d2794f4a2f32yig1z0k8mfz421rrgmvv-leaf-0.drv.drv","",1,1],"id":235759344812032,"level":3,"parent":0,"text":"building 'leaf-0.drv.drv'","type":105}
@nix {"action":"stop","id":235759344812032}
@nix {"action":"start","fields":["/Users/hetzner/obrador-shared-pins-20260909/round-1-after/chain-round-1-jobs-8/store/n5hf9m8lyl5bp8ls05lc78b9rpywg4sv-leaf-0.drv","",1,1],"id":235759344812033,"level":3,"parent":0,"text":"building 'leaf-0.drv'","type":105}
@nix {"action":"stop","id":235759344812033}
@nix {"action":"start","fields":["/Users/hetzner/obrador-shared-pins-20260909/round-1-after/chain-round-1-jobs-8/store/mfi9nra0xlw61zvkcdiwn2j8mc9fsmxs-leaf-1.drv.drv","",1,1],"id":235759344812034,"level":3,"parent":0,"text":"building 'leaf-1.drv.drv'","type":105}
@nix {"action":"stop","id":235759344812034}
@nix {"action":"start","fields":["/Users/hetzner/obrador-shared-pins-20260909/round-1-after/chain-round-1-jobs-8/store/pni8n9r52bfgc8p2mcdmf7gm8c44ahv7-leaf-1.drv","",1,1],"id":235759344812035,"level":3,"parent":0,"text":"building 'leaf-1.drv'","type":105}
@nix {"action":"stop","id":235759344812035}
@nix {"action":"start","fields":["/Users/hetzner/obrador-shared-pins-20260909/round-1-after/chain-round-1-jobs-8/store/mzcx7anih812cx294fwbgp312j2fzkkq-leaf-2.drv.drv","",1,1],"id":235759344812036,"level":3,"parent":0,"text":"building 'leaf-2.drv.drv'","type":105}
@nix {"action":"stop","id":235759344812036}
@nix {"action":"start","fields":["/Users/hetzner/obrador-shared-pins-20260909/round-1-after/chain-round-1-jobs-8/store/kip06qfy2rw4lyama4mkyzf5fj8d4pva-leaf-2.drv","",1,1],"id":235759344812037,"level":3,"parent":0,"text":"building 'leaf-2.drv'","type":105}
@nix {"action":"stop","id":235759344812037}
@nix {"action":"start","fields":["/Users/hetzner/obrador-shared-pins-20260909/round-1-after/chain-round-1-jobs-8/store/947mjx2idbbvjqls0rbcf7w1if9gms52-leaf-3.drv.drv","",1,1],"id":235759344812038,"level":3,"parent":0,"text":"building 'leaf-3.drv.drv'","type":105}
@nix {"action":"stop","id":235759344812038}
@nix {"action":"start","fields":["/Users/hetzner/obrador-shared-pins-20260909/round-1-after/chain-round-1-jobs-8/store/a0bxqb0484yzkgd8d3xaf41g5cg7wgch-leaf-3.drv","",1,1],"id":235759344812039,"level":3,"parent":0,"text":"building 'leaf-3.drv'","type":105}
@nix {"action":"stop","id":235759344812039}
@nix {"action":"start","fields":["/Users/hetzner/obrador-shared-pins-20260909/round-1-after/chain-round-1-jobs-8/store/cd9fibg9r7kjy0b3jggpcmjp6m7dlghl-leaf-4.drv.drv","",1,1],"id":235759344812040,"level":3,"parent":0,"text":"building 'leaf-4.drv.drv'","type":105}
@nix {"action":"stop","id":235759344812040}
@nix {"action":"start","fields":["/Users/hetzner/obrador-shared-pins-20260909/round-1-after/chain-round-1-jobs-8/store/ihsivgpaivizs1rq518myyq5h67zvmib-leaf-4.drv","",1,1],"id":235759344812041,"level":3,"parent":0,"text":"building 'leaf-4.drv'","type":105}
@nix {"action":"stop","id":235759344812041}
@nix {"action":"start","fields":["/Users/hetzner/obrador-shared-pins-20260909/round-1-after/chain-round-1-jobs-8/store/bp2kjp5drkf1rx4c57yksf9izjv3k2lq-leaf-5.drv.drv","",1,1],"id":235759344812042,"level":3,"parent":0,"text":"building 'leaf-5.drv.drv'","type":105}
@nix {"action":"stop","id":235759344812042}
@nix {"action":"start","fields":["/Users/hetzner/obrador-shared-pins-20260909/round-1-after/chain-round-1-jobs-8/store/lask3g1vax2nc48ny668g34s5rpil48v-leaf-5.drv","",1,1],"id":235759344812043,"level":3,"parent":0,"text":"building 'leaf-5.drv'","type":105}
@nix {"action":"stop","id":235759344812043}
@nix {"action":"start","fields":["/Users/hetzner/obrador-shared-pins-20260909/round-1-after/chain-round-1-jobs-8/store/dsrmj3frmhdnadrm7cdjdl3x5yfwg7p1-leaf-6.drv.drv","",1,1],"id":235759344812044,"level":3,"parent":0,"text":"building 'leaf-6.drv.drv'","type":105}
@nix {"action":"stop","id":235759344812044}
@nix {"action":"start","fields":["/Users/hetzner/obrador-shared-pins-20260909/round-1-after/chain-round-1-jobs-8/store/fs20k7cazhb5l0l9lh4bq1i3r738jcm4-leaf-6.drv","",1,1],"id":235759344812045,"level":3,"parent":0,"text":"building 'leaf-6.drv'","type":105}
@nix {"action":"stop","id":235759344812045}
@nix {"action":"start","fields":["/Users/hetzner/obrador-shared-pins-20260909/round-1-after/chain-round-1-jobs-8/store/yr671cwm8bdphv5wmq0ybi416w9xw3cn-leaf-7.drv.drv","",1,1],"id":235759344812046,"level":3,"parent":0,"text":"building 'leaf-7.drv.drv'","type":105}
@nix {"action":"stop","id":235759344812046}
@nix {"action":"start","fields":["/Users/hetzner/obrador-shared-pins-20260909/round-1-after/chain-round-1-jobs-8/store/6m20l2y38vxydy5zvz9c9wxc99q9zwg4-leaf-7.drv","",1,1],"id":235759344812047,"level":3,"parent":0,"text":"building 'leaf-7.drv'","type":105}
@nix {"action":"stop","id":235759344812047}
@nix {"action":"start","fields":["/Users/hetzner/obrador-shared-pins-20260909/round-1-after/chain-round-1-jobs-8/store/hvn9x0man341srn7brh1ggbcgsqrnmpz-leaf-8.drv.drv","",1,1],"id":235759344812048,"level":3,"parent":0,"text":"building 'leaf-8.drv.drv'","type":105}
@nix {"action":"stop","id":235759344812048}
@nix {"action":"start","fields":["/Users/hetzner/obrador-shared-pins-20260909/round-1-after/chain-round-1-jobs-8/store/w45n0lhqx4biqqmnd2yqs9apaygza5p0-leaf-8.drv","",1,1],"id":235759344812049,"level":3,"parent":0,"text":"building 'leaf-8.drv'","type":105}
@nix {"action":"stop","id":235759344812049}
@nix {"action":"start","fields":["/Users/hetzner/obrador-shared-pins-20260909/round-1-after/chain-round-1-jobs-8/store/pfg8y7f9xw30vyfpbb5bx0lq9bh84ydg-leaf-9.drv.drv","",1,1],"id":235759344812050,"level":3,"parent":0,"text":"building 'leaf-9.drv.drv'","type":105}
@nix {"action":"stop","id":235759344812050}
@nix {"action":"start","fields":["/Users/hetzner/obrador-shared-pins-20260909/round-1-after/chain-round-1-jobs-8/store/76p1djk531shswg2nzj8if808l4yi4k9-leaf-9.drv","",1,1],"id":235759344812051,"level":3,"parent":0,"text":"building 'leaf-9.drv'","type":105}
@nix {"action":"stop","id":235759344812051}
@nix {"action":"start","fields":["/Users/hetzner/obrador-shared-pins-20260909/round-1-after/chain-round-1-jobs-8/store/59gp4wfi2ky9x2p0zgc3gbbp905c0jx8-leaf-10.drv.drv","",1,1],"id":235759344812052,"level":3,"parent":0,"text":"building 'leaf-10.drv.drv'","type":105}
@nix {"action":"stop","id":235759344812052}
@nix {"action":"start","fields":["/Users/hetzner/obrador-shared-pins-20260909/round-1-after/chain-round-1-jobs-8/store/n87p9wklx626gs6j8m50lsppahcc32yk-leaf-10.drv","",1,1],"id":235759344812053,"level":3,"parent":0,"text":"building 'leaf-10.drv'","type":105}
@nix {"action":"stop","id":235759344812053}
@nix {"action":"start","fields":["/Users/hetzner/obrador-shared-pins-20260909/round-1-after/chain-round-1-jobs-8/store/1ym5sq0rkc04qsx97v18gv00rl47vccs-leaf-11.drv.drv","",1,1],"id":235759344812054,"level":3,"parent":0,"text":"building 'leaf-11.drv.drv'","type":105}
@nix {"action":"stop","id":235759344812054}
@nix {"action":"start","fields":["/Users/hetzner/obrador-shared-pins-20260909/round-1-after/chain-round-1-jobs-8/store/ka8qvylyd5q7nhms8b0jqa2gmfl7dyi3-leaf-11.drv","",1,1],"id":235759344812055,"level":3,"parent":0,"text":"building 'leaf-11.drv'","type":105}
@nix {"action":"stop","id":235759344812055}
@nix {"action":"start","fields":["/Users/hetzner/obrador-shared-pins-20260909/round-1-after/chain-round-1-jobs-8/store/p71k25k1xf6vy4ipn1gl1h4xc706w087-leaf-12.drv.drv","",1,1],"id":235759344812056,"level":3,"parent":0,"text":"building 'leaf-12.drv.drv'","type":105}
@nix {"action":"stop","id":235759344812056}
@nix {"action":"start","fields":["/Users/hetzner/obrador-shared-pins-20260909/round-1-after/chain-round-1-jobs-8/store/lg51b7asrwysy3nz36wq13mhb61wp2fd-leaf-12.drv","",1,1],"id":235759344812057,"level":3,"parent":0,"text":"building 'leaf-12.drv'","type":105}
@nix {"action":"stop","id":235759344812057}
@nix {"action":"start","fields":["/Users/hetzner/obrador-shared-pins-20260909/round-1-after/chain-round-1-jobs-8/store/b24xababwkcnmin2bn5dlzj7b6jfcwhy-leaf-13.drv.drv","",1,1],"id":235759344812058,"level":3,"parent":0,"text":"building 'leaf-13.drv.drv'","type":105}
@nix {"action":"stop","id":235759344812058}
@nix {"action":"start","fields":["/Users/hetzner/obrador-shared-pins-20260909/round-1-after/chain-round-1-jobs-8/store/d99xx1fiznaphdkxvnyci5m66qpjipqg-leaf-13.drv","",1,1],"id":235759344812059,"level":3,"parent":0,"text":"building 'leaf-13.drv'","type":105}
@nix {"action":"stop","id":235759344812059}
@nix {"action":"start","fields":["/Users/hetzner/obrador-shared-pins-20260909/round-1-after/chain-round-1-jobs-8/store/8pkwk12s2kw9y5zx8yjgp8y3jyv69nkr-leaf-14.drv.drv","",1,1],"id":235759344812060,"level":3,"parent":0,"text":"building 'leaf-14.drv.drv'","type":105}
@nix {"action":"stop","id":235759344812060}
@nix {"action":"start","fields":["/Users/hetzner/obrador-shared-pins-20260909/round-1-after/chain-round-1-jobs-8/store/brkj8skpf5frp2wqpzc21bfaywcb8my7-leaf-14.drv","",1,1],"id":235759344812061,"level":3,"parent":0,"text":"building 'leaf-14.drv'","type":105}
@nix {"action":"stop","id":235759344812061}
@nix {"action":"start","fields":["/Users/hetzner/obrador-shared-pins-20260909/round-1-after/chain-round-1-jobs-8/store/ck3dhajkl524i89zs3vsp7ak2s79601b-leaf-15.drv.drv","",1,1],"id":235759344812062,"level":3,"parent":0,"text":"building 'leaf-15.drv.drv'","type":105}
@nix {"action":"stop","id":235759344812062}
@nix {"action":"start","fields":["/Users/hetzner/obrador-shared-pins-20260909/round-1-after/chain-round-1-jobs-8/store/bqwfmx4wwd2w8qh5rhajlh01l2z9mw23-leaf-15.drv","",1,1],"id":235759344812063,"level":3,"parent":0,"text":"building 'leaf-15.drv'","type":105}
@nix {"action":"stop","id":235759344812063}
@nix {"action":"start","fields":["/Users/hetzner/obrador-shared-pins-20260909/round-1-after/chain-round-1-jobs-8/store/xm8lyznhkqripxm6djgkhhpmwf2swagj-leaf-16.drv.drv","",1,1],"id":235759344812064,"level":3,"parent":0,"text":"building 'leaf-16.drv.drv'","type":105}
@nix {"action":"stop","id":235759344812064}
@nix {"action":"start","fields":["/Users/hetzner/obrador-shared-pins-20260909/round-1-after/chain-round-1-jobs-8/store/64c8hbpjydxxxf3icxx18qccvqp7ffsl-leaf-16.drv","",1,1],"id":235759344812065,"level":3,"parent":0,"text":"building 'leaf-16.drv'","type":105}
@nix {"action":"stop","id":235759344812065}
@nix {"action":"start","fields":["/Users/hetzner/obrador-shared-pins-20260909/round-1-after/chain-round-1-jobs-8/store/slswqw58gbrsk71faxcscd7y5x6bl2yp-leaf-17.drv.drv","",1,1],"id":235759344812066,"level":3,"parent":0,"text":"building 'leaf-17.drv.drv'","type":105}
@nix {"action":"stop","id":235759344812066}
@nix {"action":"start","fields":["/Users/hetzner/obrador-shared-pins-20260909/round-1-after/chain-round-1-jobs-8/store/v774vpd8w00b3n7vqmwars3r6q8lmlfy-leaf-17.drv","",1,1],"id":235759344812067,"level":3,"parent":0,"text":"building 'leaf-17.drv'","type":105}
@nix {"action":"stop","id":235759344812067}
@nix {"action":"start","fields":["/Users/hetzner/obrador-shared-pins-20260909/round-1-after/chain-round-1-jobs-8/store/gxg29c0hdfw41h97n3w5hbjljbwc1x45-leaf-18.drv.drv","",1,1],"id":235759344812068,"level":3,"parent":0,"text":"building 'leaf-18.drv.drv'","type":105}
@nix {"action":"stop","id":235759344812068}
@nix {"action":"start","fields":["/Users/hetzner/obrador-shared-pins-20260909/round-1-after/chain-round-1-jobs-8/store/hb6l7qi8289yy7n8znbajmjzrdzfb7m3-leaf-18.drv","",1,1],"id":235759344812069,"level":3,"parent":0,"text":"building 'leaf-18.drv'","type":105}
@nix {"action":"stop","id":235759344812069}
@nix {"action":"start","fields":["/Users/hetzner/obrador-shared-pins-20260909/round-1-after/chain-round-1-jobs-8/store/d7jlh1faznhmm28v5l1p88gm35s42zvy-leaf-19.drv.drv","",1,1],"id":235759344812070,"level":3,"parent":0,"text":"building 'leaf-19.drv.drv'","type":105}
@nix {"action":"stop","id":235759344812070}
@nix {"action":"start","fields":["/Users/hetzner/obrador-shared-pins-20260909/round-1-after/chain-round-1-jobs-8/store/z1bljs4qw0mcp76jkgyjc1qf8khpv03q-leaf-19.drv","",1,1],"id":235759344812071,"level":3,"parent":0,"text":"building 'leaf-19.drv'","type":105}
@nix {"action":"stop","id":235759344812071}
@nix {"action":"start","fields":["/Users/hetzner/obrador-shared-pins-20260909/round-1-after/chain-round-1-jobs-8/store/cjbzr1lds3kmxpbapz46c025zshxqnan-leaf-20.drv.drv","",1,1],"id":235759344812072,"level":3,"parent":0,"text":"building 'leaf-20.drv.drv'","type":105}
@nix {"action":"stop","id":235759344812072}
@nix {"action":"start","fields":["/Users/hetzner/obrador-shared-pins-20260909/round-1-after/chain-round-1-jobs-8/store/6w9fb1qf91f0igp049kjg3d27in68z3q-leaf-20.drv","",1,1],"id":235759344812073,"level":3,"parent":0,"text":"building 'leaf-20.drv'","type":105}
@nix {"action":"stop","id":235759344812073}
@nix {"action":"start","fields":["/Users/hetzner/obrador-shared-pins-20260909/round-1-after/chain-round-1-jobs-8/store/6h7kmqsp6qjlmmlm8si0dbf9lwbb1g13-leaf-21.drv.drv","",1,1],"id":235759344812074,"level":3,"parent":0,"text":"building 'leaf-21.drv.drv'","type":105}
@nix {"action":"stop","id":235759344812074}
@nix {"action":"start","fields":["/Users/hetzner/obrador-shared-pins-20260909/round-1-after/chain-round-1-jobs-8/store/nzn3iha43dnw6zzacv2hxi1c8brz26bc-leaf-21.drv","",1,1],"id":235759344812075,"level":3,"parent":0,"text":"building 'leaf-21.drv'","type":105}
@nix {"action":"stop","id":235759344812075}
@nix {"action":"start","fields":["/Users/hetzner/obrador-shared-pins-20260909/round-1-after/chain-round-1-jobs-8/store/jwdsfrba26hq5in6zl3k8r25pysncp0f-leaf-22.drv.drv","",1,1],"id":235759344812076,"level":3,"parent":0,"text":"building 'leaf-22.drv.drv'","type":105}
@nix {"action":"stop","id":235759344812076}
@nix {"action":"start","fields":["/Users/hetzner/obrador-shared-pins-20260909/round-1-after/chain-round-1-jobs-8/store/gq7aag12dh3fi2ky94s1mqpjg5f1wnw9-leaf-22.drv","",1,1],"id":235759344812077,"level":3,"parent":0,"text":"building 'leaf-22.drv'","type":105}
@nix {"action":"stop","id":235759344812077}
@nix {"action":"start","fields":["/Users/hetzner/obrador-shared-pins-20260909/round-1-after/chain-round-1-jobs-8/store/rz2py7vg0y0xc696zljz4yqra1ixwq05-leaf-23.drv.drv","",1,1],"id":235759344812078,"level":3,"parent":0,"text":"building 'leaf-23.drv.drv'","type":105}
@nix {"action":"stop","id":235759344812078}
@nix {"action":"start","fields":["/Users/hetzner/obrador-shared-pins-20260909/round-1-after/chain-round-1-jobs-8/store/iz1zqlf8acffiajakkmwmzmaydl6phm6-leaf-23.drv","",1,1],"id":235759344812079,"level":3,"parent":0,"text":"building 'leaf-23.drv'","type":105}
@nix {"action":"stop","id":235759344812079}
@nix {"action":"start","fields":["/Users/hetzner/obrador-shared-pins-20260909/round-1-after/chain-round-1-jobs-8/store/rc94mbx27bla2i1vl6l437477jk6a7xh-leaf-24.drv.drv","",1,1],"id":235759344812080,"level":3,"parent":0,"text":"building 'leaf-24.drv.drv'","type":105}
@nix {"action":"stop","id":235759344812080}
@nix {"action":"start","fields":["/Users/hetzner/obrador-shared-pins-20260909/round-1-after/chain-round-1-jobs-8/store/s4im28kbf897h4n4n7fz5c53divzk418-leaf-24.drv","",1,1],"id":235759344812081,"level":3,"parent":0,"text":"building 'leaf-24.drv'","type":105}
@nix {"action":"stop","id":235759344812081}
@nix {"action":"start","fields":["/Users/hetzner/obrador-shared-pins-20260909/round-1-after/chain-round-1-jobs-8/store/6yd0brlr88qpdgj8zagj2kzcrfa2v56d-leaf-25.drv.drv","",1,1],"id":235759344812082,"level":3,"parent":0,"text":"building 'leaf-25.drv.drv'","type":105}
@nix {"action":"stop","id":235759344812082}
@nix {"action":"start","fields":["/Users/hetzner/obrador-shared-pins-20260909/round-1-after/chain-round-1-jobs-8/store/v2bba9z4fb7hbdnksyyp6l4qf14g3sln-leaf-25.drv","",1,1],"id":235759344812083,"level":3,"parent":0,"text":"building 'leaf-25.drv'","type":105}
@nix {"action":"stop","id":235759344812083}
@nix {"action":"start","fields":["/Users/hetzner/obrador-shared-pins-20260909/round-1-after/chain-round-1-jobs-8/store/gs5j3z1qc3xn5vry6fimb04rpbv5gd2q-leaf-26.drv.drv","",1,1],"id":235759344812084,"level":3,"parent":0,"text":"building 'leaf-26.drv.drv'","type":105}
@nix {"action":"stop","id":235759344812084}
@nix {"action":"start","fields":["/Users/hetzner/obrador-shared-pins-20260909/round-1-after/chain-round-1-jobs-8/store/s63j5w4zkxh2g306456xa8lv91pxbm7x-leaf-26.drv","",1,1],"id":235759344812085,"level":3,"parent":0,"text":"building 'leaf-26.drv'","type":105}
@nix {"action":"stop","id":235759344812085}
@nix {"action":"start","fields":["/Users/hetzner/obrador-shared-pins-20260909/round-1-after/chain-round-1-jobs-8/store/zx30zicgsz95b7521fvsq5xq0nfrsagr-leaf-27.drv.drv","",1,1],"id":235759344812086,"level":3,"parent":0,"text":"building 'leaf-27.drv.drv'","type":105}
@nix {"action":"stop","id":235759344812086}
@nix {"action":"start","fields":["/Users/hetzner/obrador-shared-pins-20260909/round-1-after/chain-round-1-jobs-8/store/h8bk3w0afdbyx7ihqsy867lyzb0zav3h-leaf-27.drv","",1,1],"id":235759344812087,"level":3,"parent":0,"text":"building 'leaf-27.drv'","type":105}
@nix {"action":"stop","id":235759344812087}
@nix {"action":"start","fields":["/Users/hetzner/obrador-shared-pins-20260909/round-1-after/chain-round-1-jobs-8/store/nfv3gsgj5na9mn7sr7mgrjwmf5lq6m2q-leaf-28.drv.drv","",1,1],"id":235759344812088,"level":3,"parent":0,"text":"building 'leaf-28.drv.drv'","type":105}
@nix {"action":"stop","id":235759344812088}
@nix {"action":"start","fields":["/Users/hetzner/obrador-shared-pins-20260909/round-1-after/chain-round-1-jobs-8/store/lvdfmr3rlknwhp773yjj429wllhh2p7i-leaf-28.drv","",1,1],"id":235759344812089,"level":3,"parent":0,"text":"building 'leaf-28.drv'","type":105}
@nix {"action":"stop","id":235759344812089}
@nix {"action":"start","fields":["/Users/hetzner/obrador-shared-pins-20260909/round-1-after/chain-round-1-jobs-8/store/8xmmfj7r4s8bikpxmawh8xlbsgwqvm31-leaf-29.drv.drv","",1,1],"id":235759344812090,"level":3,"parent":0,"text":"building 'leaf-29.drv.drv'","type":105}
@nix {"action":"stop","id":235759344812090}
@nix {"action":"start","fields":["/Users/hetzner/obrador-shared-pins-20260909/round-1-after/chain-round-1-jobs-8/store/5fp3v1bh8rym0v814v8ygw1brsc5zi79-leaf-29.drv","",1,1],"id":235759344812091,"level":3,"parent":0,"text":"building 'leaf-29.drv'","type":105}
@nix {"action":"stop","id":235759344812091}
@nix {"action":"start","fields":["/Users/hetzner/obrador-shared-pins-20260909/round-1-after/chain-round-1-jobs-8/store/l6npmh0vsgp5824iskw7hkq64jvnysyd-leaf-30.drv.drv","",1,1],"id":235759344812092,"level":3,"parent":0,"text":"building 'leaf-30.drv.drv'","type":105}
@nix {"action":"stop","id":235759344812092}
@nix {"action":"start","fields":["/Users/hetzner/obrador-shared-pins-20260909/round-1-after/chain-round-1-jobs-8/store/za78hzqav20662ymlvqxzl0wzcbzpak3-leaf-30.drv","",1,1],"id":235759344812093,"level":3,"parent":0,"text":"building 'leaf-30.drv'","type":105}
@nix {"action":"stop","id":235759344812093}
@nix {"action":"start","fields":["/Users/hetzner/obrador-shared-pins-20260909/round-1-after/chain-round-1-jobs-8/store/hvkf9bm79rw1vdq9nlq3f5ni0vfsk3wy-leaf-31.drv.drv","",1,1],"id":235759344812094,"level":3,"parent":0,"text":"building 'leaf-31.drv.drv'","type":105}
@nix {"action":"stop","id":235759344812094}
@nix {"action":"start","fields":["/Users/hetzner/obrador-shared-pins-20260909/round-1-after/chain-round-1-jobs-8/store/5mcbq576662mj97wk8vrknzpv6k7zq6c-leaf-31.drv","",1,1],"id":235759344812095,"level":3,"parent":0,"text":"building 'leaf-31.drv'","type":105}
@nix {"action":"stop","id":235759344812095}
