copying 33 paths...
copying path '/Users/hetzner/obrador-shared-pins-20260909/round-1-after/chain-round-1-jobs-8/store/yxkmg954yc8knpmkfhkpx48h2k9g4bj0-seed' to 'obrador+local:///Users/hetzner/obrador-shared-pins-20260909/round-1-after/chain-round-1-jobs-8/obrador/state'...
copying path '/Users/hetzner/obrador-shared-pins-20260909/round-1-after/chain-round-1-jobs-8/store/d2794f4a2f32yig1z0k8mfz421rrgmvv-leaf-0.drv.drv' to 'obrador+local:///Users/hetzner/obrador-shared-pins-20260909/round-1-after/chain-round-1-jobs-8/obrador/state'...
copying path '/Users/hetzner/obrador-shared-pins-20260909/round-1-after/chain-round-1-jobs-8/store/z40hnff1g32n0j8dsdlfrl5h9afm1ig9-leaf-1.drv.drv' to 'obrador+local:///Users/hetzner/obrador-shared-pins-20260909/round-1-after/chain-round-1-jobs-8/obrador/state'...
copying path '/Users/hetzner/obrador-shared-pins-20260909/round-1-after/chain-round-1-jobs-8/store/j709jlqsyag75bh2yjmd55nmnarpgp50-leaf-2.drv.drv' to 'obrador+local:///Users/hetzner/obrador-shared-pins-20260909/round-1-after/chain-round-1-jobs-8/obrador/state'...
copying path '/Users/hetzner/obrador-shared-pins-20260909/round-1-after/chain-round-1-jobs-8/store/bj6bz0y2finbrhadpriaamrjg9jgn14b-leaf-3.drv.drv' to 'obrador+local:///Users/hetzner/obrador-shared-pins-20260909/round-1-after/chain-round-1-jobs-8/obrador/state'...
copying path '/Users/hetzner/obrador-shared-pins-20260909/round-1-after/chain-round-1-jobs-8/store/fsryyfs49497n76qabm2plg1hrlzm456-leaf-4.drv.drv' to 'obrador+local:///Users/hetzner/obrador-shared-pins-20260909/round-1-after/chain-round-1-jobs-8/obrador/state'...
copying path '/Users/hetzner/obrador-shared-pins-20260909/round-1-after/chain-round-1-jobs-8/store/248wfcsb78vb4cb4myq3ip9g6m97x0z2-leaf-5.drv.drv' to 'obrador+local:///Users/hetzner/obrador-shared-pins-20260909/round-1-after/chain-round-1-jobs-8/obrador/state'...
copying path '/Users/hetzner/obrador-shared-pins-20260909/round-1-after/chain-round-1-jobs-8/store/jypvnrm22dpqhvhpw8y0axgmilc3wfp3-leaf-6.drv.drv' to 'obrador+local:///Users/hetzner/obrador-shared-pins-20260909/round-1-after/chain-round-1-jobs-8/obrador/state'...
copying path '/Users/hetzner/obrador-shared-pins-20260909/round-1-after/chain-round-1-jobs-8/store/9wklyclanyapirg3a5kjwf0nqvh17a6x-leaf-7.drv.drv' to 'obrador+local:///Users/hetzner/obrador-shared-pins-20260909/round-1-after/chain-round-1-jobs-8/obrador/state'...
copying path '/Users/hetzner/obrador-shared-pins-20260909/round-1-after/chain-round-1-jobs-8/store/nxvdibfr7y6h1b97xra8k9yj9yq3in86-leaf-8.drv.drv' to 'obrador+local:///Users/hetzner/obrador-shared-pins-20260909/round-1-after/chain-round-1-jobs-8/obrador/state'...
copying path '/Users/hetzner/obrador-shared-pins-20260909/round-1-after/chain-round-1-jobs-8/store/6f9gqrpp3xzzplpkirp22y8wng5dlx6j-leaf-9.drv.drv' to 'obrador+local:///Users/hetzner/obrador-shared-pins-20260909/round-1-after/chain-round-1-jobs-8/obrador/state'...
copying path '/Users/hetzner/obrador-shared-pins-20260909/round-1-after/chain-round-1-jobs-8/store/09pj0d593nypz685r3ba0m0nsn6dn659-leaf-10.drv.drv' to 'obrador+local:///Users/hetzner/obrador-shared-pins-20260909/round-1-after/chain-round-1-jobs-8/obrador/state'...
copying path '/Users/hetzner/obrador-shared-pins-20260909/round-1-after/chain-round-1-jobs-8/store/ix5idf7rqd7lvcks68xjwinq2zg4fj10-leaf-11.drv.drv' to 'obrador+local:///Users/hetzner/obrador-shared-pins-20260909/round-1-after/chain-round-1-jobs-8/obrador/state'...
copying path '/Users/hetzner/obrador-shared-pins-20260909/round-1-after/chain-round-1-jobs-8/store/0c557wvdnk3lmqvnxdclrjf7kl4c3j70-leaf-12.drv.drv' to 'obrador+local:///Users/hetzner/obrador-shared-pins-20260909/round-1-after/chain-round-1-jobs-8/obrador/state'...
copying path '/Users/hetzner/obrador-shared-pins-20260909/round-1-after/chain-round-1-jobs-8/store/4fw15ilfn335kp4nwwbyanqj0cbk0a1p-leaf-13.drv.drv' to 'obrador+local:///Users/hetzner/obrador-shared-pins-20260909/round-1-after/chain-round-1-jobs-8/obrador/state'...
copying path '/Users/hetzner/obrador-shared-pins-20260909/round-1-after/chain-round-1-jobs-8/store/3mav2k609m9c9qf1vmdrc1lk7f328awk-leaf-14.drv.drv' to 'obrador+local:///Users/hetzner/obrador-shared-pins-20260909/round-1-after/chain-round-1-jobs-8/obrador/state'...
copying path '/Users/hetzner/obrador-shared-pins-20260909/round-1-after/chain-round-1-jobs-8/store/i7zxspdnh9cjn6xv31xvg53qi0j595d8-leaf-15.drv.drv' to 'obrador+local:///Users/hetzner/obrador-shared-pins-20260909/round-1-after/chain-round-1-jobs-8/obrador/state'...
copying path '/Users/hetzner/obrador-shared-pins-20260909/round-1-after/chain-round-1-jobs-8/store/r01hz8whc6cw8i25yfp988akw7052d6d-leaf-16.drv.drv' to 'obrador+local:///Users/hetzner/obrador-shared-pins-20260909/round-1-after/chain-round-1-jobs-8/obrador/state'...
copying path '/Users/hetzner/obrador-shared-pins-20260909/round-1-after/chain-round-1-jobs-8/store/b8bw2586zdjj6iqfgjcash6lyfmipg44-leaf-17.drv.drv' to 'obrador+local:///Users/hetzner/obrador-shared-pins-20260909/round-1-after/chain-round-1-jobs-8/obrador/state'...
copying path '/Users/hetzner/obrador-shared-pins-20260909/round-1-after/chain-round-1-jobs-8/store/w0qw4h8nk3a6pbq1wk45smyyqnbak3k1-leaf-18.drv.drv' to 'obrador+local:///Users/hetzner/obrador-shared-pins-20260909/round-1-after/chain-round-1-jobs-8/obrador/state'...
copying path '/Users/hetzner/obrador-shared-pins-20260909/round-1-after/chain-round-1-jobs-8/store/bbkwprchz2l49274k54wva0nqbba2a2k-leaf-19.drv.drv' to 'obrador+local:///Users/hetzner/obrador-shared-pins-20260909/round-1-after/chain-round-1-jobs-8/obrador/state'...
copying path '/Users/hetzner/obrador-shared-pins-20260909/round-1-after/chain-round-1-jobs-8/store/jnjqd1rhz9s138gsif7xhr4ycm7fvjwn-leaf-20.drv.drv' to 'obrador+local:///Users/hetzner/obrador-shared-pins-20260909/round-1-after/chain-round-1-jobs-8/obrador/state'...
copying path '/Users/hetzner/obrador-shared-pins-20260909/round-1-after/chain-round-1-jobs-8/store/7dxgigvl87n8a6a4427jdj4hnsan98fm-leaf-21.drv.drv' to 'obrador+local:///Users/hetzner/obrador-shared-pins-20260909/round-1-after/chain-round-1-jobs-8/obrador/state'...
copying path '/Users/hetzner/obrador-shared-pins-20260909/round-1-after/chain-round-1-jobs-8/store/58zzgyqxswaks46f1wj642i8bwhjyx6f-leaf-22.drv.drv' to 'obrador+local:///Users/hetzner/obrador-shared-pins-20260909/round-1-after/chain-round-1-jobs-8/obrador/state'...
copying path '/Users/hetzner/obrador-shared-pins-20260909/round-1-after/chain-round-1-jobs-8/store/cxs8bx6im6l2x34m6ihivlxj01dgix3m-leaf-23.drv.drv' to 'obrador+local:///Users/hetzner/obrador-shared-pins-20260909/round-1-after/chain-round-1-jobs-8/obrador/state'...
copying path '/Users/hetzner/obrador-shared-pins-20260909/round-1-after/chain-round-1-jobs-8/store/49s5ah5xb56pdvcczgfbd1pw74nabkd7-leaf-24.drv.drv' to 'obrador+local:///Users/hetzner/obrador-shared-pins-20260909/round-1-after/chain-round-1-jobs-8/obrador/state'...
copying path '/Users/hetzner/obrador-shared-pins-20260909/round-1-after/chain-round-1-jobs-8/store/0mc1cjifvfxsf5afwqsq9z9fsq5db1q5-leaf-25.drv.drv' to 'obrador+local:///Users/hetzner/obrador-shared-pins-20260909/round-1-after/chain-round-1-jobs-8/obrador/state'...
copying path '/Users/hetzner/obrador-shared-pins-20260909/round-1-after/chain-round-1-jobs-8/store/qd4s6qcrr76lahnyh0hnrg3hrljhrlpm-leaf-26.drv.drv' to 'obrador+local:///Users/hetzner/obrador-shared-pins-20260909/round-1-after/chain-round-1-jobs-8/obrador/state'...
copying path '/Users/hetzner/obrador-shared-pins-20260909/round-1-after/chain-round-1-jobs-8/store/nnij8sg11wjngjcga3nhqrn9mjb96jxz-leaf-27.drv.drv' to 'obrador+local:///Users/hetzner/obrador-shared-pins-20260909/round-1-after/chain-round-1-jobs-8/obrador/state'...
copying path '/Users/hetzner/obrador-shared-pins-20260909/round-1-after/chain-round-1-jobs-8/store/9735l6ypkr53bpfskmbwnc9nzn4b44nz-leaf-28.drv.drv' to 'obrador+local:///Users/hetzner/obrador-shared-pins-20260909/round-1-after/chain-round-1-jobs-8/obrador/state'...
copying path '/Users/hetzner/obrador-shared-pins-20260909/round-1-after/chain-round-1-jobs-8/store/9ndh56smblijchfnwcvzz4ysc9hl6vn7-leaf-29.drv.drv' to 'obrador+local:///Users/hetzner/obrador-shared-pins-20260909/round-1-after/chain-round-1-jobs-8/obrador/state'...
copying path '/Users/hetzner/obrador-shared-pins-20260909/round-1-after/chain-round-1-jobs-8/store/sdwpxfd677n7zqs3najv6a8xc6q8cgz9-leaf-30.drv.drv' to 'obrador+local:///Users/hetzner/obrador-shared-pins-20260909/round-1-after/chain-round-1-jobs-8/obrador/state'...
copying path '/Users/hetzner/obrador-shared-pins-20260909/round-1-after/chain-round-1-jobs-8/store/2hri67r307mbg9liqz6nfmah4sdcjbh9-leaf-31.drv.drv' to 'obrador+local:///Users/hetzner/obrador-shared-pins-20260909/round-1-after/chain-round-1-jobs-8/obrador/state'...
