copying 33 paths...
copying path '/tmp/obrador-shared-pins-linux/trace-after/wide-round-1-jobs-8/store/bl5gmvxd5813ah92y3cjvc0wvvg5mxjq-seed' to 'obrador+local:///tmp/obrador-shared-pins-linux/trace-after/wide-round-1-jobs-8/obrador/state'...
copying path '/tmp/obrador-shared-pins-linux/trace-after/wide-round-1-jobs-8/store/38nfa4cinjp847xaavw5cyiqyqy49qf0-leaf-6.drv.drv' to 'obrador+local:///tmp/obrador-shared-pins-linux/trace-after/wide-round-1-jobs-8/obrador/state'...
copying path '/tmp/obrador-shared-pins-linux/trace-after/wide-round-1-jobs-8/store/fzk2wp95yplna7j5vmzgi0fxap4zcmn2-leaf-11.drv.drv' to 'obrador+local:///tmp/obrador-shared-pins-linux/trace-after/wide-round-1-jobs-8/obrador/state'...
copying path '/tmp/obrador-shared-pins-linux/trace-after/wide-round-1-jobs-8/store/fgvb677j7hhcja0bdn43zsr9pswnw2dh-leaf-31.drv.drv' to 'obrador+local:///tmp/obrador-shared-pins-linux/trace-after/wide-round-1-jobs-8/obrador/state'...
copying path '/tmp/obrador-shared-pins-linux/trace-after/wide-round-1-jobs-8/store/4nycra6cjavhvszwrv6i3nyrcf211kw3-leaf-14.drv.drv' to 'obrador+local:///tmp/obrador-shared-pins-linux/trace-after/wide-round-1-jobs-8/obrador/state'...
copying path '/tmp/obrador-shared-pins-linux/trace-after/wide-round-1-jobs-8/store/alx04qgnghgr7hmbg0iag9gzapkbna3c-leaf-15.drv.drv' to 'obrador+local:///tmp/obrador-shared-pins-linux/trace-after/wide-round-1-jobs-8/obrador/state'...
copying path '/tmp/obrador-shared-pins-linux/trace-after/wide-round-1-jobs-8/store/hi7fgaw4ghrxlwv0jj23r44xy602b5hw-leaf-23.drv.drv' to 'obrador+local:///tmp/obrador-shared-pins-linux/trace-after/wide-round-1-jobs-8/obrador/state'...
copying path '/tmp/obrador-shared-pins-linux/trace-after/wide-round-1-jobs-8/store/c0hkkmwi8di9d0g13sqwxppc2czr5van-leaf-1.drv.drv' to 'obrador+local:///tmp/obrador-shared-pins-linux/trace-after/wide-round-1-jobs-8/obrador/state'...
copying path '/tmp/obrador-shared-pins-linux/trace-after/wide-round-1-jobs-8/store/3p6rbk7bzja91ar2kambbwra78yzf915-leaf-18.drv.drv' to 'obrador+local:///tmp/obrador-shared-pins-linux/trace-after/wide-round-1-jobs-8/obrador/state'...
copying path '/tmp/obrador-shared-pins-linux/trace-after/wide-round-1-jobs-8/store/2wbys0iw59m00s5wldxgkb1dk2hp64xr-leaf-16.drv.drv' to 'obrador+local:///tmp/obrador-shared-pins-linux/trace-after/wide-round-1-jobs-8/obrador/state'...
copying path '/tmp/obrador-shared-pins-linux/trace-after/wide-round-1-jobs-8/store/76nd7h0pd5f6pwy9sx6w1lad6lsg29hi-leaf-19.drv.drv' to 'obrador+local:///tmp/obrador-shared-pins-linux/trace-after/wide-round-1-jobs-8/obrador/state'...
copying path '/tmp/obrador-shared-pins-linux/trace-after/wide-round-1-jobs-8/store/4wfq75xvjjjacvhccwyq1g8h8fmhxjf0-leaf-21.drv.drv' to 'obrador+local:///tmp/obrador-shared-pins-linux/trace-after/wide-round-1-jobs-8/obrador/state'...
copying path '/tmp/obrador-shared-pins-linux/trace-after/wide-round-1-jobs-8/store/1bb2h41iza9ihbk71wvg2jk9i867i7gl-leaf-7.drv.drv' to 'obrador+local:///tmp/obrador-shared-pins-linux/trace-after/wide-round-1-jobs-8/obrador/state'...
copying path '/tmp/obrador-shared-pins-linux/trace-after/wide-round-1-jobs-8/store/f7sj9yz5whb5zgs96zmrbwcm9igm82gq-leaf-30.drv.drv' to 'obrador+local:///tmp/obrador-shared-pins-linux/trace-after/wide-round-1-jobs-8/obrador/state'...
copying path '/tmp/obrador-shared-pins-linux/trace-after/wide-round-1-jobs-8/store/5haacyxl1y05hafs9h0akrvsvlc68l43-leaf-20.drv.drv' to 'obrador+local:///tmp/obrador-shared-pins-linux/trace-after/wide-round-1-jobs-8/obrador/state'...
copying path '/tmp/obrador-shared-pins-linux/trace-after/wide-round-1-jobs-8/store/7svv1293mzfi67n33b1cvhyq2cqk0mra-leaf-28.drv.drv' to 'obrador+local:///tmp/obrador-shared-pins-linux/trace-after/wide-round-1-jobs-8/obrador/state'...
copying path '/tmp/obrador-shared-pins-linux/trace-after/wide-round-1-jobs-8/store/cgl20yfnm3v09752w5x086gvymaz71ci-leaf-24.drv.drv' to 'obrador+local:///tmp/obrador-shared-pins-linux/trace-after/wide-round-1-jobs-8/obrador/state'...
copying path '/tmp/obrador-shared-pins-linux/trace-after/wide-round-1-jobs-8/store/i7x74d5248wapz3sy70pgkrh8c4zml58-leaf-25.drv.drv' to 'obrador+local:///tmp/obrador-shared-pins-linux/trace-after/wide-round-1-jobs-8/obrador/state'...
copying path '/tmp/obrador-shared-pins-linux/trace-after/wide-round-1-jobs-8/store/iqf7dzls7lr9q42g9z7k2sd2c106lklg-leaf-2.drv.drv' to 'obrador+local:///tmp/obrador-shared-pins-linux/trace-after/wide-round-1-jobs-8/obrador/state'...
copying path '/tmp/obrador-shared-pins-linux/trace-after/wide-round-1-jobs-8/store/j173v1biri3y7ckdgr6iavhivdymzih6-leaf-4.drv.drv' to 'obrador+local:///tmp/obrador-shared-pins-linux/trace-after/wide-round-1-jobs-8/obrador/state'...
copying path '/tmp/obrador-shared-pins-linux/trace-after/wide-round-1-jobs-8/store/jwqy25hxmnwnfc5flq3nn7qvhzbq3xpf-leaf-27.drv.drv' to 'obrador+local:///tmp/obrador-shared-pins-linux/trace-after/wide-round-1-jobs-8/obrador/state'...
copying path '/tmp/obrador-shared-pins-linux/trace-after/wide-round-1-jobs-8/store/k3f0s2mg3i6k5a9zs1qfn4h78am29nld-leaf-17.drv.drv' to 'obrador+local:///tmp/obrador-shared-pins-linux/trace-after/wide-round-1-jobs-8/obrador/state'...
copying path '/tmp/obrador-shared-pins-linux/trace-after/wide-round-1-jobs-8/store/l3r5qwy1nw66jg9qc2df7mhp3m9yw2bg-leaf-5.drv.drv' to 'obrador+local:///tmp/obrador-shared-pins-linux/trace-after/wide-round-1-jobs-8/obrador/state'...
copying path '/tmp/obrador-shared-pins-linux/trace-after/wide-round-1-jobs-8/store/l5pqkcim202w59pxxg9zi75rzhck8jrx-leaf-22.drv.drv' to 'obrador+local:///tmp/obrador-shared-pins-linux/trace-after/wide-round-1-jobs-8/obrador/state'...
copying path '/tmp/obrador-shared-pins-linux/trace-after/wide-round-1-jobs-8/store/lsnrymi7h442la4w4bacbmx7dkf4yibp-leaf-26.drv.drv' to 'obrador+local:///tmp/obrador-shared-pins-linux/trace-after/wide-round-1-jobs-8/obrador/state'...
copying path '/tmp/obrador-shared-pins-linux/trace-after/wide-round-1-jobs-8/store/lzi7jh4wf64qrf8252wazs3bkzbx1kis-leaf-0.drv.drv' to 'obrador+local:///tmp/obrador-shared-pins-linux/trace-after/wide-round-1-jobs-8/obrador/state'...
copying path '/tmp/obrador-shared-pins-linux/trace-after/wide-round-1-jobs-8/store/mf1ifzcjw0nz92f5xvzac7xh4rkynd9w-leaf-9.drv.drv' to 'obrador+local:///tmp/obrador-shared-pins-linux/trace-after/wide-round-1-jobs-8/obrador/state'...
copying path '/tmp/obrador-shared-pins-linux/trace-after/wide-round-1-jobs-8/store/nxnad699h0h8v7hvda48zbk484f4mkwn-leaf-13.drv.drv' to 'obrador+local:///tmp/obrador-shared-pins-linux/trace-after/wide-round-1-jobs-8/obrador/state'...
copying path '/tmp/obrador-shared-pins-linux/trace-after/wide-round-1-jobs-8/store/r60rbiss6kisrp80j4l4g4r0d5ppx3i1-leaf-12.drv.drv' to 'obrador+local:///tmp/obrador-shared-pins-linux/trace-after/wide-round-1-jobs-8/obrador/state'...
copying path '/tmp/obrador-shared-pins-linux/trace-after/wide-round-1-jobs-8/store/vjkvlafnac2s6s4l2n2l02yyf6m71plx-leaf-3.drv.drv' to 'obrador+local:///tmp/obrador-shared-pins-linux/trace-after/wide-round-1-jobs-8/obrador/state'...
copying path '/tmp/obrador-shared-pins-linux/trace-after/wide-round-1-jobs-8/store/xai2cv3bg1bk33wmk4b077l454f34r72-leaf-10.drv.drv' to 'obrador+local:///tmp/obrador-shared-pins-linux/trace-after/wide-round-1-jobs-8/obrador/state'...
copying path '/tmp/obrador-shared-pins-linux/trace-after/wide-round-1-jobs-8/store/xbab954a22ngxkqvfa8sfj24lk093d0b-leaf-29.drv.drv' to 'obrador+local:///tmp/obrador-shared-pins-linux/trace-after/wide-round-1-jobs-8/obrador/state'...
copying path '/tmp/obrador-shared-pins-linux/trace-after/wide-round-1-jobs-8/store/xr9527673gy1pgr70qgkp0rz7sjds2sz-leaf-8.drv.drv' to 'obrador+local:///tmp/obrador-shared-pins-linux/trace-after/wide-round-1-jobs-8/obrador/state'...
