copying 32 paths...
copying path '/tmp/obrador-shared-pins-linux/trace-after/wide-round-1-jobs-8/store/15gfa68hpyc739l55siclr3rs26nf117-leaf-11-result' from 'obrador+local:///tmp/obrador-shared-pins-linux/trace-after/wide-round-1-jobs-8/obrador/state'...
copying path '/tmp/obrador-shared-pins-linux/trace-after/wide-round-1-jobs-8/store/3gjplyp2p3s7n8jblsss9jmfnpfk65qc-leaf-28-result' from 'obrador+local:///tmp/obrador-shared-pins-linux/trace-after/wide-round-1-jobs-8/obrador/state'...
copying path '/tmp/obrador-shared-pins-linux/trace-after/wide-round-1-jobs-8/store/h2dxk93xhsi302amwrmmygf2qwxvjxgy-leaf-7-result' from 'obrador+local:///tmp/obrador-shared-pins-linux/trace-after/wide-round-1-jobs-8/obrador/state'...
copying path '/tmp/obrador-shared-pins-linux/trace-after/wide-round-1-jobs-8/store/75c2l5yfssz9c9zpin321zdyl89mkbmj-leaf-20-result' from 'obrador+local:///tmp/obrador-shared-pins-linux/trace-after/wide-round-1-jobs-8/obrador/state'...
copying path '/tmp/obrador-shared-pins-linux/trace-after/wide-round-1-jobs-8/store/1wbp76q7r97dakyz5szh4vflvix1kpym-leaf-5-result' from 'obrador+local:///tmp/obrador-shared-pins-linux/trace-after/wide-round-1-jobs-8/obrador/state'...
copying path '/tmp/obrador-shared-pins-linux/trace-after/wide-round-1-jobs-8/store/gqpakmw27fadz36a9w0jw6dds51hi2bn-leaf-17-result' from 'obrador+local:///tmp/obrador-shared-pins-linux/trace-after/wide-round-1-jobs-8/obrador/state'...
copying path '/tmp/obrador-shared-pins-linux/trace-after/wide-round-1-jobs-8/store/ac1cvh33k0xqcckkavq395kl4sy77azf-leaf-4-result' from 'obrador+local:///tmp/obrador-shared-pins-linux/trace-after/wide-round-1-jobs-8/obrador/state'...
copying path '/tmp/obrador-shared-pins-linux/trace-after/wide-round-1-jobs-8/store/d0kijajjdf81zgi0v3dskdfh9if4z6hm-leaf-29-result' from 'obrador+local:///tmp/obrador-shared-pins-linux/trace-after/wide-round-1-jobs-8/obrador/state'...
copying path '/tmp/obrador-shared-pins-linux/trace-after/wide-round-1-jobs-8/store/2x1ayl30m635nq3dndk96j5hchyacdcc-leaf-15-result' from 'obrador+local:///tmp/obrador-shared-pins-linux/trace-after/wide-round-1-jobs-8/obrador/state'...
copying path '/tmp/obrador-shared-pins-linux/trace-after/wide-round-1-jobs-8/store/69rvdwrh6bjvyzn1zqm15y8nifbyxcrg-leaf-12-result' from 'obrador+local:///tmp/obrador-shared-pins-linux/trace-after/wide-round-1-jobs-8/obrador/state'...
copying path '/tmp/obrador-shared-pins-linux/trace-after/wide-round-1-jobs-8/store/5mzk4xiykcx9gpjh48gxf4kpbbc2s3dh-leaf-18-result' from 'obrador+local:///tmp/obrador-shared-pins-linux/trace-after/wide-round-1-jobs-8/obrador/state'...
copying path '/tmp/obrador-shared-pins-linux/trace-after/wide-round-1-jobs-8/store/jcpsb1wdswzyiky55ls2bw50zlr5qgjz-leaf-6-result' from 'obrador+local:///tmp/obrador-shared-pins-linux/trace-after/wide-round-1-jobs-8/obrador/state'...
copying path '/tmp/obrador-shared-pins-linux/trace-after/wide-round-1-jobs-8/store/6vyf48si2id5hb45xbfj5fn2kw806brd-leaf-24-result' from 'obrador+local:///tmp/obrador-shared-pins-linux/trace-after/wide-round-1-jobs-8/obrador/state'...
copying path '/tmp/obrador-shared-pins-linux/trace-after/wide-round-1-jobs-8/store/craf527s8llg5z6bfzvwq3435i7fsa61-leaf-23-result' from 'obrador+local:///tmp/obrador-shared-pins-linux/trace-after/wide-round-1-jobs-8/obrador/state'...
copying path '/tmp/obrador-shared-pins-linux/trace-after/wide-round-1-jobs-8/store/iidgh04x2d54b3mmn6ivbx8c3f4y705s-leaf-8-result' from 'obrador+local:///tmp/obrador-shared-pins-linux/trace-after/wide-round-1-jobs-8/obrador/state'...
copying path '/tmp/obrador-shared-pins-linux/trace-after/wide-round-1-jobs-8/store/7y576c2gmz6fdj75nrgjj6f1ngnbbv0l-leaf-22-result' from 'obrador+local:///tmp/obrador-shared-pins-linux/trace-after/wide-round-1-jobs-8/obrador/state'...
copying path '/tmp/obrador-shared-pins-linux/trace-after/wide-round-1-jobs-8/store/l1y2c6x9h6ivilwi1l1g1wkdacxsm5xb-leaf-26-result' from 'obrador+local:///tmp/obrador-shared-pins-linux/trace-after/wide-round-1-jobs-8/obrador/state'...
copying path '/tmp/obrador-shared-pins-linux/trace-after/wide-round-1-jobs-8/store/ls1v2hgbbmbcryg3j4rk8fnfy0hcl84d-leaf-0-result' from 'obrador+local:///tmp/obrador-shared-pins-linux/trace-after/wide-round-1-jobs-8/obrador/state'...
copying path '/tmp/obrador-shared-pins-linux/trace-after/wide-round-1-jobs-8/store/lvvddlnbp28lnnv8di8cx8b0p4kriyji-leaf-27-result' from 'obrador+local:///tmp/obrador-shared-pins-linux/trace-after/wide-round-1-jobs-8/obrador/state'...
copying path '/tmp/obrador-shared-pins-linux/trace-after/wide-round-1-jobs-8/store/k9lgvv1cj8a2sl7l9j31xfwva36pg6ci-leaf-30-result' from 'obrador+local:///tmp/obrador-shared-pins-linux/trace-after/wide-round-1-jobs-8/obrador/state'...
copying path '/tmp/obrador-shared-pins-linux/trace-after/wide-round-1-jobs-8/store/m7myyhz55cacnz9jykyv6hc3zkn6w2k0-leaf-10-result' from 'obrador+local:///tmp/obrador-shared-pins-linux/trace-after/wide-round-1-jobs-8/obrador/state'...
copying path '/tmp/obrador-shared-pins-linux/trace-after/wide-round-1-jobs-8/store/mbi9ahgmhzbs43ryrl04k99v2sbgyg7i-leaf-19-result' from 'obrador+local:///tmp/obrador-shared-pins-linux/trace-after/wide-round-1-jobs-8/obrador/state'...
copying path '/tmp/obrador-shared-pins-linux/trace-after/wide-round-1-jobs-8/store/mcqvmkcf7x5hmi2nnaaszhiqzhn9hc0a-leaf-9-result' from 'obrador+local:///tmp/obrador-shared-pins-linux/trace-after/wide-round-1-jobs-8/obrador/state'...
copying path '/tmp/obrador-shared-pins-linux/trace-after/wide-round-1-jobs-8/store/mqv7pmzf2r4bi0pgvsszhhg04y6r1nq4-leaf-1-result' from 'obrador+local:///tmp/obrador-shared-pins-linux/trace-after/wide-round-1-jobs-8/obrador/state'...
copying path '/tmp/obrador-shared-pins-linux/trace-after/wide-round-1-jobs-8/store/plvl9ag0ksan8sj89fmq2y3a2kzbq2jz-leaf-21-result' from 'obrador+local:///tmp/obrador-shared-pins-linux/trace-after/wide-round-1-jobs-8/obrador/state'...
copying path '/tmp/obrador-shared-pins-linux/trace-after/wide-round-1-jobs-8/store/r4sybb5p0yyldwzckgd1z3fdm1jd01ni-leaf-14-result' from 'obrador+local:///tmp/obrador-shared-pins-linux/trace-after/wide-round-1-jobs-8/obrador/state'...
copying path '/tmp/obrador-shared-pins-linux/trace-after/wide-round-1-jobs-8/store/ri1bvdb9nzn99bsa5s81fpn7a4b2h7li-leaf-3-result' from 'obrador+local:///tmp/obrador-shared-pins-linux/trace-after/wide-round-1-jobs-8/obrador/state'...
copying path '/tmp/obrador-shared-pins-linux/trace-after/wide-round-1-jobs-8/store/xadi84jd2pbhaik6s3v4jf14fr6gpkps-leaf-31-result' from 'obrador+local:///tmp/obrador-shared-pins-linux/trace-after/wide-round-1-jobs-8/obrador/state'...
copying path '/tmp/obrador-shared-pins-linux/trace-after/wide-round-1-jobs-8/store/y7hkji0qpwh08a5y12gvricsyck4jbpl-leaf-25-result' from 'obrador+local:///tmp/obrador-shared-pins-linux/trace-after/wide-round-1-jobs-8/obrador/state'...
copying path '/tmp/obrador-shared-pins-linux/trace-after/wide-round-1-jobs-8/store/y9s2ifhlc630wbdkahfykv63f3zrq6p0-leaf-16-result' from 'obrador+local:///tmp/obrador-shared-pins-linux/trace-after/wide-round-1-jobs-8/obrador/state'...
copying path '/tmp/obrador-shared-pins-linux/trace-after/wide-round-1-jobs-8/store/z2iw19h7zpfqkzsjm5gdkd6ypx4bkxzs-leaf-13-result' from 'obrador+local:///tmp/obrador-shared-pins-linux/trace-after/wide-round-1-jobs-8/obrador/state'...
copying path '/tmp/obrador-shared-pins-linux/trace-after/wide-round-1-jobs-8/store/zhkl9y251z7k7fn528bgcc5mrhdwppk0-leaf-2-result' from 'obrador+local:///tmp/obrador-shared-pins-linux/trace-after/wide-round-1-jobs-8/obrador/state'...
