Benchmarking nar_partial/local/1
Benchmarking nar_partial/local/1: Warming up for 100.00 ms

Warning: Unable to complete 10 samples in 500.0ms. You may wish to increase target time to 3.8s.
Benchmarking nar_partial/local/1: Collecting 10 samples in estimated 3.7529 s (10 iterations)
Benchmarking nar_partial/local/1: Analyzing
nar_partial/local/1     time:   [3.6717 ms 4.2975 ms 5.0667 ms]
Found 1 outliers among 10 measurements (10.00%)
  1 (10.00%) high mild
Benchmarking nar_partial/local/256
Benchmarking nar_partial/local/256: Warming up for 100.00 ms

Warning: Unable to complete 10 samples in 500.0ms. You may wish to increase target time to 4.4s.
Benchmarking nar_partial/local/256: Collecting 10 samples in estimated 4.3560 s (10 iterations)
Benchmarking nar_partial/local/256: Analyzing
nar_partial/local/256   time:   [45.555 ms 51.840 ms 59.934 ms]
Found 1 outliers among 10 measurements (10.00%)
  1 (10.00%) high severe
Benchmarking nar_partial/memory/1
Benchmarking nar_partial/memory/1: Warming up for 100.00 ms
Benchmarking nar_partial/memory/1: Collecting 10 samples in estimated 508.63 ms (880 iterations)
Benchmarking nar_partial/memory/1: Analyzing
nar_partial/memory/1    time:   [64.210 µs 77.648 µs 84.143 µs]
Benchmarking nar_partial/memory/256
Benchmarking nar_partial/memory/256: Warming up for 100.00 ms
Benchmarking nar_partial/memory/256: Collecting 10 samples in estimated 506.32 ms (20 iterations)
Benchmarking nar_partial/memory/256: Analyzing
nar_partial/memory/256  time:   [6.5353 ms 6.6107 ms 6.6968 ms]
Found 2 outliers among 10 measurements (20.00%)
  2 (20.00%) high mild
