Benchmarking nar_partial/local/1
Benchmarking nar_partial/local/1: Warming up for 100.00 ms

Warning: Unable to complete 10 samples in 500.0ms. You may wish to increase target time to 2.9s.
Benchmarking nar_partial/local/1: Collecting 10 samples in estimated 2.9351 s (10 iterations)
Benchmarking nar_partial/local/1: Analyzing
nar_partial/local/1     time:   [2.8746 ms 3.1777 ms 3.5309 ms]
Benchmarking nar_partial/local/256
Benchmarking nar_partial/local/256: Warming up for 100.00 ms

Warning: Unable to complete 10 samples in 500.0ms. You may wish to increase target time to 5.0s.
Benchmarking nar_partial/local/256: Collecting 10 samples in estimated 5.0400 s (10 iterations)
Benchmarking nar_partial/local/256: Analyzing
nar_partial/local/256   time:   [58.013 ms 59.123 ms 60.338 ms]
Found 2 outliers among 10 measurements (20.00%)
  1 (10.00%) low mild
  1 (10.00%) high mild
Benchmarking nar_partial/memory/1
Benchmarking nar_partial/memory/1: Warming up for 100.00 ms
Benchmarking nar_partial/memory/1: Collecting 10 samples in estimated 523.49 ms (550 iterations)
Benchmarking nar_partial/memory/1: Analyzing
nar_partial/memory/1    time:   [89.895 µs 91.006 µs 92.695 µs]
Benchmarking nar_partial/memory/256
Benchmarking nar_partial/memory/256: Warming up for 100.00 ms
Benchmarking nar_partial/memory/256: Collecting 10 samples in estimated 731.32 ms (30 iterations)
Benchmarking nar_partial/memory/256: Analyzing
nar_partial/memory/256  time:   [5.5910 ms 6.1673 ms 6.5853 ms]
Found 2 outliers among 10 measurements (20.00%)
  2 (20.00%) low severe
