Benchmarking nar_partial/local/1
Benchmarking nar_partial/local/1: Warming up for 100.00 ms

Warning: Unable to complete 10 samples in 500.0ms. You may wish to increase target time to 6.8s.
Benchmarking nar_partial/local/1: Collecting 10 samples in estimated 6.7835 s (10 iterations)
Benchmarking nar_partial/local/1: Analyzing
nar_partial/local/1     time:   [5.9597 ms 6.3738 ms 6.8011 ms]
Found 2 outliers among 10 measurements (20.00%)
  1 (10.00%) low mild
  1 (10.00%) high mild
Benchmarking nar_partial/local/256
Benchmarking nar_partial/local/256: Warming up for 100.00 ms

Warning: Unable to complete 10 samples in 500.0ms. You may wish to increase target time to 7.4s.
Benchmarking nar_partial/local/256: Collecting 10 samples in estimated 7.4090 s (10 iterations)
Benchmarking nar_partial/local/256: Analyzing
nar_partial/local/256   time:   [36.741 ms 38.428 ms 40.155 ms]
Benchmarking nar_partial/memory/1
Benchmarking nar_partial/memory/1: Warming up for 100.00 ms
Benchmarking nar_partial/memory/1: Collecting 10 samples in estimated 516.40 ms (1210 iterations)
Benchmarking nar_partial/memory/1: Analyzing
nar_partial/memory/1    time:   [41.654 µs 42.322 µs 43.120 µs]
Benchmarking nar_partial/memory/256
Benchmarking nar_partial/memory/256: Warming up for 100.00 ms

Warning: Unable to complete 10 samples in 500.0ms. You may wish to increase target time to 602.3ms or enable flat sampling.
Benchmarking nar_partial/memory/256: Collecting 10 samples in estimated 602.29 ms (55 iterations)
Benchmarking nar_partial/memory/256: Analyzing
nar_partial/memory/256  time:   [2.8993 ms 2.9336 ms 3.0034 ms]
