Benchmarking nar_partial/local/1
Benchmarking nar_partial/local/1: Warming up for 100.00 ms

Warning: Unable to complete 10 samples in 500.0ms. You may wish to increase target time to 4.1s.
Benchmarking nar_partial/local/1: Collecting 10 samples in estimated 4.0629 s (10 iterations)
Benchmarking nar_partial/local/1: Analyzing
nar_partial/local/1     time:   [3.9986 ms 5.8736 ms 7.7999 ms]
Benchmarking nar_partial/local/256
Benchmarking nar_partial/local/256: Warming up for 100.00 ms

Warning: Unable to complete 10 samples in 500.0ms. You may wish to increase target time to 8.1s.
Benchmarking nar_partial/local/256: Collecting 10 samples in estimated 8.1372 s (10 iterations)
Benchmarking nar_partial/local/256: Analyzing
nar_partial/local/256   time:   [59.721 ms 63.067 ms 65.353 ms]
Found 1 outliers among 10 measurements (10.00%)
  1 (10.00%) low severe
Benchmarking nar_partial/memory/1
Benchmarking nar_partial/memory/1: Warming up for 100.00 ms
Benchmarking nar_partial/memory/1: Collecting 10 samples in estimated 525.41 ms (605 iterations)
Benchmarking nar_partial/memory/1: Analyzing
nar_partial/memory/1    time:   [78.595 µs 86.401 µs 89.829 µs]
Benchmarking nar_partial/memory/256
Benchmarking nar_partial/memory/256: Warming up for 100.00 ms
Benchmarking nar_partial/memory/256: Collecting 10 samples in estimated 747.38 ms (30 iterations)
Benchmarking nar_partial/memory/256: Analyzing
nar_partial/memory/256  time:   [6.5299 ms 6.5664 ms 6.6076 ms]
