Benchmarking nar_partial/local/1
Benchmarking nar_partial/local/1: Warming up for 100.00 ms

Warning: Unable to complete 10 samples in 500.0ms. You may wish to increase target time to 4.8s.
Benchmarking nar_partial/local/1: Collecting 10 samples in estimated 4.8486 s (10 iterations)
Benchmarking nar_partial/local/1: Analyzing
nar_partial/local/1     time:   [5.4509 ms 5.7253 ms 6.0237 ms]
Benchmarking nar_partial/local/256
Benchmarking nar_partial/local/256: Warming up for 100.00 ms

Warning: Unable to complete 10 samples in 500.0ms. You may wish to increase target time to 5.9s.
Benchmarking nar_partial/local/256: Collecting 10 samples in estimated 5.8986 s (10 iterations)
Benchmarking nar_partial/local/256: Analyzing
nar_partial/local/256   time:   [35.659 ms 37.519 ms 39.461 ms]
Benchmarking nar_partial/memory/1
Benchmarking nar_partial/memory/1: Warming up for 100.00 ms
Benchmarking nar_partial/memory/1: Collecting 10 samples in estimated 519.71 ms (1265 iterations)
Benchmarking nar_partial/memory/1: Analyzing
nar_partial/memory/1    time:   [41.521 µs 42.513 µs 43.461 µs]
Benchmarking nar_partial/memory/256
Benchmarking nar_partial/memory/256: Warming up for 100.00 ms

Warning: Unable to complete 10 samples in 500.0ms. You may wish to increase target time to 654.1ms or enable flat sampling.
Benchmarking nar_partial/memory/256: Collecting 10 samples in estimated 654.09 ms (55 iterations)
Benchmarking nar_partial/memory/256: Analyzing
nar_partial/memory/256  time:   [3.0039 ms 3.0819 ms 3.2387 ms]
