Benchmarking nar_partial/local/1
Benchmarking nar_partial/local/1: Warming up for 100.00 ms

Warning: Unable to complete 10 samples in 500.0ms. You may wish to increase target time to 3.3s.
Benchmarking nar_partial/local/1: Collecting 10 samples in estimated 3.3408 s (10 iterations)
Benchmarking nar_partial/local/1: Analyzing
nar_partial/local/1     time:   [5.4985 ms 5.6837 ms 5.8813 ms]
Benchmarking nar_partial/local/256
Benchmarking nar_partial/local/256: Warming up for 100.00 ms

Warning: Unable to complete 10 samples in 500.0ms. You may wish to increase target time to 4.8s.
Benchmarking nar_partial/local/256: Collecting 10 samples in estimated 4.7811 s (10 iterations)
Benchmarking nar_partial/local/256: Analyzing
nar_partial/local/256   time:   [31.888 ms 32.303 ms 32.724 ms]
Benchmarking nar_partial/memory/1
Benchmarking nar_partial/memory/1: Warming up for 100.00 ms
Benchmarking nar_partial/memory/1: Collecting 10 samples in estimated 508.27 ms (1265 iterations)
Benchmarking nar_partial/memory/1: Analyzing
nar_partial/memory/1    time:   [42.141 µs 43.175 µs 44.163 µs]
Found 1 outliers among 10 measurements (10.00%)
  1 (10.00%) high mild
Benchmarking nar_partial/memory/256
Benchmarking nar_partial/memory/256: Warming up for 100.00 ms

Warning: Unable to complete 10 samples in 500.0ms. You may wish to increase target time to 620.7ms or enable flat sampling.
Benchmarking nar_partial/memory/256: Collecting 10 samples in estimated 620.74 ms (55 iterations)
Benchmarking nar_partial/memory/256: Analyzing
nar_partial/memory/256  time:   [2.9150 ms 2.9668 ms 3.0228 ms]
