warning: struct `cuse_init_in` is never constructed
   --> /Users/hetzner/casita-fskit-validation.CbqbnM/casita5/vendor/fuser/src/ll/fuse_abi.rs:539:19
    |
539 | pub(crate) struct cuse_init_in {
    |                   ^^^^^^^^^^^^
    |
    = note: `#[warn(dead_code)]` (part of `#[warn(unused)]`) on by default

warning: struct `cuse_init_out` is never constructed
   --> /Users/hetzner/casita-fskit-validation.CbqbnM/casita5/vendor/fuser/src/ll/fuse_abi.rs:548:19
    |
548 | pub(crate) struct cuse_init_out {
    |                   ^^^^^^^^^^^^^

warning: struct `fuse_ioctl_iovec` is never constructed
   --> /Users/hetzner/casita-fskit-validation.CbqbnM/casita5/vendor/fuser/src/ll/fuse_abi.rs:593:19
    |
593 | pub(crate) struct fuse_ioctl_iovec {
    |                   ^^^^^^^^^^^^^^^^

warning: struct `fuse_notify_retrieve_out` is never constructed
   --> /Users/hetzner/casita-fskit-validation.CbqbnM/casita5/vendor/fuser/src/ll/fuse_abi.rs:714:19
    |
714 | pub(crate) struct fuse_notify_retrieve_out {
    |                   ^^^^^^^^^^^^^^^^^^^^^^^^

warning: struct `fuse_notify_retrieve_in` is never constructed
   --> /Users/hetzner/casita-fskit-validation.CbqbnM/casita5/vendor/fuser/src/ll/fuse_abi.rs:724:19
    |
724 | pub(crate) struct fuse_notify_retrieve_in {
    |                   ^^^^^^^^^^^^^^^^^^^^^^^

warning: `fuser` (lib) generated 5 warnings
   Compiling casita-fs v0.1.0 (/Users/hetzner/casita-fskit-validation.CbqbnM/casita5/casita-fs)
   Compiling obrador-build v0.1.0 (/Users/hetzner/casita-fskit-validation.CbqbnM/obrador2/obrador-build)
    Finished `test` profile [unoptimized + debuginfo] target(s) in 5.49s
  Executable unittests src/lib.rs (/Users/hetzner/obrador-derived.PNmIv1/target/debug/deps/obrador_build-0427d51f9dccc324)
