Benchmarking filesystem_import/bytes-0-files-48/1
Benchmarking filesystem_import/bytes-0-files-48/1: Warming up for 200.00 ms
Benchmarking filesystem_import/bytes-0-files-48/1: Collecting 10 samples in estimated 523.81 ms (385 iterations)
Benchmarking filesystem_import/bytes-0-files-48/1: Analyzing
filesystem_import/bytes-0-files-48/1
                        time:   [1.2917 ms 1.3119 ms 1.3409 ms]
                        thrpt:  [0.0000   B/s 0.0000   B/s 0.0000   B/s]
Found 1 outliers among 10 measurements (10.00%)
  1 (10.00%) high mild
Benchmarking filesystem_import/bytes-0-files-48/16
Benchmarking filesystem_import/bytes-0-files-48/16: Warming up for 200.00 ms
Benchmarking filesystem_import/bytes-0-files-48/16: Collecting 10 samples in estimated 500.81 ms (935 iterations)
Benchmarking filesystem_import/bytes-0-files-48/16: Analyzing
filesystem_import/bytes-0-files-48/16
                        time:   [463.06 µs 475.01 µs 495.74 µs]
                        thrpt:  [0.0000   B/s 0.0000   B/s 0.0000   B/s]
Benchmarking filesystem_import/bytes-1024-files-48/1
Benchmarking filesystem_import/bytes-1024-files-48/1: Warming up for 200.00 ms
Benchmarking filesystem_import/bytes-1024-files-48/1: Collecting 10 samples in estimated 534.42 ms (275 iterations)
Benchmarking filesystem_import/bytes-1024-files-48/1: Analyzing
filesystem_import/bytes-1024-files-48/1
                        time:   [1.7233 ms 1.7705 ms 1.8290 ms]
                        thrpt:  [25.628 MiB/s 26.476 MiB/s 27.200 MiB/s]
Benchmarking filesystem_import/bytes-1024-files-48/16
Benchmarking filesystem_import/bytes-1024-files-48/16: Warming up for 200.00 ms
Benchmarking filesystem_import/bytes-1024-files-48/16: Collecting 10 samples in estimated 514.45 ms (605 iterations)
Benchmarking filesystem_import/bytes-1024-files-48/16: Analyzing
filesystem_import/bytes-1024-files-48/16
                        time:   [716.35 µs 725.49 µs 742.53 µs]
                        thrpt:  [63.129 MiB/s 64.612 MiB/s 65.436 MiB/s]
Found 1 outliers among 10 measurements (10.00%)
  1 (10.00%) high mild
Benchmarking filesystem_import/bytes-262143-files-16/1
Benchmarking filesystem_import/bytes-262143-files-16/1: Warming up for 200.00 ms
Benchmarking filesystem_import/bytes-262143-files-16/1: Collecting 10 samples in estimated 728.79 ms (110 iterations)
Benchmarking filesystem_import/bytes-262143-files-16/1: Analyzing
filesystem_import/bytes-262143-files-16/1
                        time:   [4.5136 ms 4.6246 ms 4.7021 ms]
                        thrpt:  [850.68 MiB/s 864.93 MiB/s 886.20 MiB/s]
Benchmarking filesystem_import/bytes-262143-files-16/16
Benchmarking filesystem_import/bytes-262143-files-16/16: Warming up for 200.00 ms
Benchmarking filesystem_import/bytes-262143-files-16/16: Collecting 10 samples in estimated 850.41 ms (110 iterations)
Benchmarking filesystem_import/bytes-262143-files-16/16: Analyzing
filesystem_import/bytes-262143-files-16/16
                        time:   [5.3564 ms 5.4945 ms 5.6259 ms]
                        thrpt:  [711.00 MiB/s 727.99 MiB/s 746.76 MiB/s]
Benchmarking filesystem_import/bytes-262144-files-16/1
Benchmarking filesystem_import/bytes-262144-files-16/1: Warming up for 200.00 ms
Benchmarking filesystem_import/bytes-262144-files-16/1: Collecting 10 samples in estimated 705.48 ms (110 iterations)
Benchmarking filesystem_import/bytes-262144-files-16/1: Analyzing
filesystem_import/bytes-262144-files-16/1
                        time:   [4.6131 ms 4.8255 ms 5.0963 ms]
                        thrpt:  [784.88 MiB/s 828.93 MiB/s 867.09 MiB/s]
Found 1 outliers among 10 measurements (10.00%)
  1 (10.00%) high mild
Benchmarking filesystem_import/bytes-262144-files-16/16
Benchmarking filesystem_import/bytes-262144-files-16/16: Warming up for 200.00 ms
Benchmarking filesystem_import/bytes-262144-files-16/16: Collecting 10 samples in estimated 841.12 ms (110 iterations)
Benchmarking filesystem_import/bytes-262144-files-16/16: Analyzing
filesystem_import/bytes-262144-files-16/16
                        time:   [5.4750 ms 5.5472 ms 5.6780 ms]
                        thrpt:  [704.47 MiB/s 721.09 MiB/s 730.60 MiB/s]
Found 1 outliers among 10 measurements (10.00%)
  1 (10.00%) high mild
Benchmarking filesystem_import/bytes-262145-files-16/1
Benchmarking filesystem_import/bytes-262145-files-16/1: Warming up for 200.00 ms
Benchmarking filesystem_import/bytes-262145-files-16/1: Collecting 10 samples in estimated 784.87 ms (110 iterations)
Benchmarking filesystem_import/bytes-262145-files-16/1: Analyzing
filesystem_import/bytes-262145-files-16/1
                        time:   [5.8337 ms 6.3863 ms 6.7169 ms]
                        thrpt:  [595.52 MiB/s 626.34 MiB/s 685.67 MiB/s]
Benchmarking filesystem_import/bytes-262145-files-16/16
Benchmarking filesystem_import/bytes-262145-files-16/16: Warming up for 200.00 ms

Warning: Unable to complete 10 samples in 500.0ms. You may wish to increase target time to 670.0ms or enable flat sampling.
Benchmarking filesystem_import/bytes-262145-files-16/16: Collecting 10 samples in estimated 669.98 ms (55 iterations)
Benchmarking filesystem_import/bytes-262145-files-16/16: Analyzing
filesystem_import/bytes-262145-files-16/16
                        time:   [9.0920 ms 9.2750 ms 9.4055 ms]
                        thrpt:  [425.29 MiB/s 431.27 MiB/s 439.95 MiB/s]
Benchmarking filesystem_import/bytes-1048576-files-16/1
Benchmarking filesystem_import/bytes-1048576-files-16/1: Warming up for 200.00 ms
Benchmarking filesystem_import/bytes-1048576-files-16/1: Collecting 10 samples in estimated 585.19 ms (20 iterations)
Benchmarking filesystem_import/bytes-1048576-files-16/1: Analyzing
filesystem_import/bytes-1048576-files-16/1
                        time:   [18.780 ms 19.348 ms 19.885 ms]
                        thrpt:  [804.63 MiB/s 826.95 MiB/s 851.95 MiB/s]
Benchmarking filesystem_import/bytes-1048576-files-16/16
Benchmarking filesystem_import/bytes-1048576-files-16/16: Warming up for 200.00 ms
Benchmarking filesystem_import/bytes-1048576-files-16/16: Collecting 10 samples in estimated 613.73 ms (20 iterations)
Benchmarking filesystem_import/bytes-1048576-files-16/16: Analyzing
filesystem_import/bytes-1048576-files-16/16
                        time:   [21.000 ms 21.374 ms 21.854 ms]
                        thrpt:  [732.12 MiB/s 748.59 MiB/s 761.89 MiB/s]
Found 2 outliers among 10 measurements (20.00%)
  2 (20.00%) high severe
