copying 32 paths...
copying path '/tmp/obrador-shared-pins-linux/round-3-retry-after/wide-round-1-jobs-8/store/7vz7igjmg4d2kg86f2hwv8jsk39pli9k-leaf-21-result' to 'local://'...
copying path '/tmp/obrador-shared-pins-linux/round-3-retry-after/wide-round-1-jobs-8/store/cra014wwvkg7jmkn6bwvhlmsnp1flc7g-leaf-0-result' to 'local://'...
copying path '/tmp/obrador-shared-pins-linux/round-3-retry-after/wide-round-1-jobs-8/store/c5lwwjv460rb790f32q22ai3cdhp9pi4-leaf-3-result' to 'local://'...
copying path '/tmp/obrador-shared-pins-linux/round-3-retry-after/wide-round-1-jobs-8/store/8bjmv78i8lyhyf1wd33p9xcf29wky4bk-leaf-9-result' to 'local://'...
copying path '/tmp/obrador-shared-pins-linux/round-3-retry-after/wide-round-1-jobs-8/store/b20nyiqwa9nbafgw197za09z6by3rddx-leaf-11-result' to 'local://'...
copying path '/tmp/obrador-shared-pins-linux/round-3-retry-after/wide-round-1-jobs-8/store/6fvvw6r8q92r4yhhs1pqpw51i1j4b5ia-leaf-8-result' to 'local://'...
copying path '/tmp/obrador-shared-pins-linux/round-3-retry-after/wide-round-1-jobs-8/store/0glqy04fjvm7g901gv5742xci4lkrndw-leaf-14-result' to 'local://'...
copying path '/tmp/obrador-shared-pins-linux/round-3-retry-after/wide-round-1-jobs-8/store/2nfc2bjpcrcnpk8wdh47521a0y4n0z68-leaf-22-result' to 'local://'...
copying path '/tmp/obrador-shared-pins-linux/round-3-retry-after/wide-round-1-jobs-8/store/0975fx64qc94rqbmysz45s6ddhvs990i-leaf-5-result' to 'local://'...
copying path '/tmp/obrador-shared-pins-linux/round-3-retry-after/wide-round-1-jobs-8/store/3wi6kc4q2z926rhx8102q71rm1d2m4h1-leaf-7-result' to 'local://'...
copying path '/tmp/obrador-shared-pins-linux/round-3-retry-after/wide-round-1-jobs-8/store/994pdak1xqlhfsy7vc6p31iw86h9x5px-leaf-31-result' to 'local://'...
copying path '/tmp/obrador-shared-pins-linux/round-3-retry-after/wide-round-1-jobs-8/store/bbnrfqbpi433n8v4nlahy2zj7scb87kw-leaf-15-result' to 'local://'...
copying path '/tmp/obrador-shared-pins-linux/round-3-retry-after/wide-round-1-jobs-8/store/6ycnhbah3aiw1izb017968azccag772d-leaf-13-result' to 'local://'...
copying path '/tmp/obrador-shared-pins-linux/round-3-retry-after/wide-round-1-jobs-8/store/40bi188y8lzia39cfmiiwi0vn1bjal7c-leaf-10-result' to 'local://'...
copying path '/tmp/obrador-shared-pins-linux/round-3-retry-after/wide-round-1-jobs-8/store/bp8hp9psd3v101w9m73knmb2cxyfrp9s-leaf-29-result' to 'local://'...
copying path '/tmp/obrador-shared-pins-linux/round-3-retry-after/wide-round-1-jobs-8/store/1mm1xw8c9zmkrp5lvkb64cd140vjml0i-leaf-28-result' to 'local://'...
copying path '/tmp/obrador-shared-pins-linux/round-3-retry-after/wide-round-1-jobs-8/store/d0rygfjplhwfh5fjpxyh5mqjrpzx3y2w-leaf-19-result' to 'local://'...
copying path '/tmp/obrador-shared-pins-linux/round-3-retry-after/wide-round-1-jobs-8/store/dgbmncsz8r7dfdp2sg5c549whv856mq4-leaf-18-result' to 'local://'...
copying path '/tmp/obrador-shared-pins-linux/round-3-retry-after/wide-round-1-jobs-8/store/dpvv3jwycgn2h52mj9zyqdas1x3h8fsp-leaf-12-result' to 'local://'...
copying path '/tmp/obrador-shared-pins-linux/round-3-retry-after/wide-round-1-jobs-8/store/jivl2rj7aci1nv1ds99zw62s4ihbjv4x-leaf-2-result' to 'local://'...
copying path '/tmp/obrador-shared-pins-linux/round-3-retry-after/wide-round-1-jobs-8/store/ihqyyfxdygd5k05aw9871x7q7vxyhmp6-leaf-1-result' to 'local://'...
copying path '/tmp/obrador-shared-pins-linux/round-3-retry-after/wide-round-1-jobs-8/store/hlh7b8r7ck6rrcdpspvvykf8ly3rsx9a-leaf-27-result' to 'local://'...
copying path '/tmp/obrador-shared-pins-linux/round-3-retry-after/wide-round-1-jobs-8/store/ja7jwm7dlcd4a18rjmf8mzz2aw967bqd-leaf-30-result' to 'local://'...
copying path '/tmp/obrador-shared-pins-linux/round-3-retry-after/wide-round-1-jobs-8/store/jnsrhy7v4jvz5q9v9f0zna0gjvsmj20a-leaf-6-result' to 'local://'...
copying path '/tmp/obrador-shared-pins-linux/round-3-retry-after/wide-round-1-jobs-8/store/mmcwb4qslvg93q20r2sdfd2kpbrih2yb-leaf-24-result' to 'local://'...
copying path '/tmp/obrador-shared-pins-linux/round-3-retry-after/wide-round-1-jobs-8/store/mralr7snggx75xvnmjs39jn0zsl4y729-leaf-20-result' to 'local://'...
copying path '/tmp/obrador-shared-pins-linux/round-3-retry-after/wide-round-1-jobs-8/store/fdq9s3awxgvdgkczlzz3mh1ygls85lb0-leaf-25-result' to 'local://'...
copying path '/tmp/obrador-shared-pins-linux/round-3-retry-after/wide-round-1-jobs-8/store/ky4c9b603ivjv4p50mxvbsz0k5m921ai-leaf-4-result' to 'local://'...
copying path '/tmp/obrador-shared-pins-linux/round-3-retry-after/wide-round-1-jobs-8/store/xfhj0rnknr71i83jlpvc2kyx4bz6ws56-leaf-16-result' to 'local://'...
copying path '/tmp/obrador-shared-pins-linux/round-3-retry-after/wide-round-1-jobs-8/store/y1af9f4lfzm6y30y4jdn5js324mynfgj-leaf-17-result' to 'local://'...
copying path '/tmp/obrador-shared-pins-linux/round-3-retry-after/wide-round-1-jobs-8/store/wss8wpj7qyl9zsmfivfl800c08ihl6ra-leaf-23-result' to 'local://'...
copying path '/tmp/obrador-shared-pins-linux/round-3-retry-after/wide-round-1-jobs-8/store/xr4kxn1hs4avzss49d2x03b1pmfwh9il-leaf-26-result' to 'local://'...
