copying 32 paths...
copying path '/tmp/obrador-shared-pins-linux/round-1-baseline/wide-round-1-jobs-8/store/2ygkwqb3pxviksmkmby39328cawsamab-leaf-26-result' to 'local://'...
copying path '/tmp/obrador-shared-pins-linux/round-1-baseline/wide-round-1-jobs-8/store/7phgrnbndqpkyv55mgm498ncmvb69j3m-leaf-29-result' to 'local://'...
copying path '/tmp/obrador-shared-pins-linux/round-1-baseline/wide-round-1-jobs-8/store/4dcrq2qrapv4zzjwvvfq4i7xx93bavgc-leaf-3-result' to 'local://'...
copying path '/tmp/obrador-shared-pins-linux/round-1-baseline/wide-round-1-jobs-8/store/dgmn8r2yl94nn004ia360c5a8zlnykl4-leaf-16-result' to 'local://'...
copying path '/tmp/obrador-shared-pins-linux/round-1-baseline/wide-round-1-jobs-8/store/fc51s1n65xkakjfc8gk8sa05b3dns1hk-leaf-8-result' to 'local://'...
copying path '/tmp/obrador-shared-pins-linux/round-1-baseline/wide-round-1-jobs-8/store/37i2nzm23qdz77fhffvpz2rkapnchmnf-leaf-12-result' to 'local://'...
copying path '/tmp/obrador-shared-pins-linux/round-1-baseline/wide-round-1-jobs-8/store/aj729nxz9czsg128bplzvfjc22md19xg-leaf-25-result' to 'local://'...
copying path '/tmp/obrador-shared-pins-linux/round-1-baseline/wide-round-1-jobs-8/store/j7v698lzrni2qxgymmf3xqnhy5ki6a31-leaf-1-result' to 'local://'...
copying path '/tmp/obrador-shared-pins-linux/round-1-baseline/wide-round-1-jobs-8/store/9ys9lb8lgw755yfcwhayizw77ky30yvy-leaf-10-result' to 'local://'...
copying path '/tmp/obrador-shared-pins-linux/round-1-baseline/wide-round-1-jobs-8/store/arnj9mipisvhbyz3z1nvbzgkix42vvcm-leaf-21-result' to 'local://'...
copying path '/tmp/obrador-shared-pins-linux/round-1-baseline/wide-round-1-jobs-8/store/lzii2wqjb8zww2d6pqji55v0qk83q6xv-leaf-0-result' to 'local://'...
copying path '/tmp/obrador-shared-pins-linux/round-1-baseline/wide-round-1-jobs-8/store/k6q0vkqb6zpnm47pvcn66chw777bar5n-leaf-31-result' to 'local://'...
copying path '/tmp/obrador-shared-pins-linux/round-1-baseline/wide-round-1-jobs-8/store/l4qwjrv1b4mxrx3y4lxvmll8jx3g6zq2-leaf-6-result' to 'local://'...
copying path '/tmp/obrador-shared-pins-linux/round-1-baseline/wide-round-1-jobs-8/store/8jw0cph3apcbpfynf54aqsl8w0dcp73x-leaf-13-result' to 'local://'...
copying path '/tmp/obrador-shared-pins-linux/round-1-baseline/wide-round-1-jobs-8/store/qy0bf15ywwq57m6lkglkd7jawq1d9g5i-leaf-11-result' to 'local://'...
copying path '/tmp/obrador-shared-pins-linux/round-1-baseline/wide-round-1-jobs-8/store/4ypnbs1vi0yh92q67jhwz7zgyl7fn5rj-leaf-28-result' to 'local://'...
copying path '/tmp/obrador-shared-pins-linux/round-1-baseline/wide-round-1-jobs-8/store/qfs0k2ymk5asiwmgfwq0nxbbvw596rgb-leaf-24-result' to 'local://'...
copying path '/tmp/obrador-shared-pins-linux/round-1-baseline/wide-round-1-jobs-8/store/pzcklr4npak02vp1fdchd9yr5agdj9z1-leaf-30-result' to 'local://'...
copying path '/tmp/obrador-shared-pins-linux/round-1-baseline/wide-round-1-jobs-8/store/nlk7lhw5wgfgdx3xghkbh8rgz69vwcn2-leaf-18-result' to 'local://'...
copying path '/tmp/obrador-shared-pins-linux/round-1-baseline/wide-round-1-jobs-8/store/p31jyj086g5fpl0m81v50nqamvs9dm9x-leaf-17-result' to 'local://'...
copying path '/tmp/obrador-shared-pins-linux/round-1-baseline/wide-round-1-jobs-8/store/mvlmgngk04z1r2brc0hizqpr1wijakdd-leaf-9-result' to 'local://'...
copying path '/tmp/obrador-shared-pins-linux/round-1-baseline/wide-round-1-jobs-8/store/sv0kww7qrcq3xwfx3jpq9bdzrpq6kz7d-leaf-20-result' to 'local://'...
copying path '/tmp/obrador-shared-pins-linux/round-1-baseline/wide-round-1-jobs-8/store/kyccqji3qb96z3207752rlqa26n6ffcr-leaf-27-result' to 'local://'...
copying path '/tmp/obrador-shared-pins-linux/round-1-baseline/wide-round-1-jobs-8/store/w224mz7gblzb9gcyi5l7vy3xyqzmmmz2-leaf-15-result' to 'local://'...
copying path '/tmp/obrador-shared-pins-linux/round-1-baseline/wide-round-1-jobs-8/store/xj7gwrmqjfhn8rd0m7cpc3xnpca88s4b-leaf-5-result' to 'local://'...
copying path '/tmp/obrador-shared-pins-linux/round-1-baseline/wide-round-1-jobs-8/store/vifkhcccwk5jf3n3a75gprwl34zvg9j9-leaf-23-result' to 'local://'...
copying path '/tmp/obrador-shared-pins-linux/round-1-baseline/wide-round-1-jobs-8/store/wadl2n4f78k9yapm5gd79jn1549xl4n5-leaf-2-result' to 'local://'...
copying path '/tmp/obrador-shared-pins-linux/round-1-baseline/wide-round-1-jobs-8/store/v9n8assy2j7fnhg050d0mcj3x4n4xhqp-leaf-22-result' to 'local://'...
copying path '/tmp/obrador-shared-pins-linux/round-1-baseline/wide-round-1-jobs-8/store/v9gmhrfp9jn49pb0hhggyx629xm561kz-leaf-7-result' to 'local://'...
copying path '/tmp/obrador-shared-pins-linux/round-1-baseline/wide-round-1-jobs-8/store/yy5lgf4nwwjgwkyd6djc123da0nhfkrx-leaf-19-result' to 'local://'...
copying path '/tmp/obrador-shared-pins-linux/round-1-baseline/wide-round-1-jobs-8/store/pp25pf03bcxgkhmd4abhyca0l1c8kc21-leaf-14-result' to 'local://'...
copying path '/tmp/obrador-shared-pins-linux/round-1-baseline/wide-round-1-jobs-8/store/yzc4c1k3dwndm3650vs78z5wwks0pr80-leaf-4-result' to 'local://'...
