@nix {"action":"msg","level":3,"msg":"these 32 derivations will be built:"}
@nix {"action":"msg","level":3,"msg":"  /Users/hetzner/obrador-shared-pins-20260909/round-2-after/chain-round-1-jobs-8/store/5im5ib9a57r70hpq4j7n0nrc6r1yfala-leaf-0.drv.drv"}
@nix {"action":"msg","level":3,"msg":"  /Users/hetzner/obrador-shared-pins-20260909/round-2-after/chain-round-1-jobs-8/store/fsa203b54hc6m269g4q01wn6b3swjr7d-leaf-1.drv.drv"}
@nix {"action":"msg","level":3,"msg":"  /Users/hetzner/obrador-shared-pins-20260909/round-2-after/chain-round-1-jobs-8/store/iwn0wh9jin3q8wpwr1a4b0n9x1gx40ff-leaf-2.drv.drv"}
@nix {"action":"msg","level":3,"msg":"  /Users/hetzner/obrador-shared-pins-20260909/round-2-after/chain-round-1-jobs-8/store/ndrw49mi2c4hmavls94yd40x1bj3zd2r-leaf-3.drv.drv"}
@nix {"action":"msg","level":3,"msg":"  /Users/hetzner/obrador-shared-pins-20260909/round-2-after/chain-round-1-jobs-8/store/68571xghi4bxzyh0251561b5p0hga99s-leaf-4.drv.drv"}
@nix {"action":"msg","level":3,"msg":"  /Users/hetzner/obrador-shared-pins-20260909/round-2-after/chain-round-1-jobs-8/store/i19x9i3nhb9hl7881yy0cpz61jr2pzch-leaf-5.drv.drv"}
@nix {"action":"msg","level":3,"msg":"  /Users/hetzner/obrador-shared-pins-20260909/round-2-after/chain-round-1-jobs-8/store/a4yfm11ic2hpi2rbckwb2f9lhmpvkcdw-leaf-6.drv.drv"}
@nix {"action":"msg","level":3,"msg":"  /Users/hetzner/obrador-shared-pins-20260909/round-2-after/chain-round-1-jobs-8/store/3lh2wd5ddn0mj55hi67s2gzcp8bsakbl-leaf-7.drv.drv"}
@nix {"action":"msg","level":3,"msg":"  /Users/hetzner/obrador-shared-pins-20260909/round-2-after/chain-round-1-jobs-8/store/ag1xcc7nlmh8gkbrvb8f04r64jw0vx2x-leaf-8.drv.drv"}
@nix {"action":"msg","level":3,"msg":"  /Users/hetzner/obrador-shared-pins-20260909/round-2-after/chain-round-1-jobs-8/store/rmniaqpfk4lw7njrx1v0gq6hpykkh8pj-leaf-9.drv.drv"}
@nix {"action":"msg","level":3,"msg":"  /Users/hetzner/obrador-shared-pins-20260909/round-2-after/chain-round-1-jobs-8/store/9ar3n2j78vz6g3rklkvigx8556plgvbj-leaf-10.drv.drv"}
@nix {"action":"msg","level":3,"msg":"  /Users/hetzner/obrador-shared-pins-20260909/round-2-after/chain-round-1-jobs-8/store/svrqdd4fvwsxwak18nnwbqr65q1rkavz-leaf-11.drv.drv"}
@nix {"action":"msg","level":3,"msg":"  /Users/hetzner/obrador-shared-pins-20260909/round-2-after/chain-round-1-jobs-8/store/i214wscxld7ls042hpqvmzcl68xx1mlp-leaf-12.drv.drv"}
@nix {"action":"msg","level":3,"msg":"  /Users/hetzner/obrador-shared-pins-20260909/round-2-after/chain-round-1-jobs-8/store/z2gjx9sijl2mnp48a9xlgbjx8flnbv2a-leaf-13.drv.drv"}
@nix {"action":"msg","level":3,"msg":"  /Users/hetzner/obrador-shared-pins-20260909/round-2-after/chain-round-1-jobs-8/store/nmipa53fbk70ia512z9x9gnlanrpaqj0-leaf-14.drv.drv"}
@nix {"action":"msg","level":3,"msg":"  /Users/hetzner/obrador-shared-pins-20260909/round-2-after/chain-round-1-jobs-8/store/n2mpm5wd6gadl3rv1k996c6j2xn9hpw4-leaf-15.drv.drv"}
@nix {"action":"msg","level":3,"msg":"  /Users/hetzner/obrador-shared-pins-20260909/round-2-after/chain-round-1-jobs-8/store/7hd3dl2vqm8bysnvcvmn6p8f828xd0g0-leaf-16.drv.drv"}
@nix {"action":"msg","level":3,"msg":"  /Users/hetzner/obrador-shared-pins-20260909/round-2-after/chain-round-1-jobs-8/store/gdapqjmf1n8q7wbg0ail2p7mvmdn1wgq-leaf-17.drv.drv"}
@nix {"action":"msg","level":3,"msg":"  /Users/hetzner/obrador-shared-pins-20260909/round-2-after/chain-round-1-jobs-8/store/w1yjymhlcplij8zfnkzg7haqb90kwxa4-leaf-18.drv.drv"}
@nix {"action":"msg","level":3,"msg":"  /Users/hetzner/obrador-shared-pins-20260909/round-2-after/chain-round-1-jobs-8/store/kxn3bmafa8ix5c2r5ih2vyyl8nb63iq5-leaf-19.drv.drv"}
@nix {"action":"msg","level":3,"msg":"  /Users/hetzner/obrador-shared-pins-20260909/round-2-after/chain-round-1-jobs-8/store/s93zanjam2bq26yzprp0w36hl03kwjk0-leaf-20.drv.drv"}
@nix {"action":"msg","level":3,"msg":"  /Users/hetzner/obrador-shared-pins-20260909/round-2-after/chain-round-1-jobs-8/store/j3592l74q3iwn4p3n89d97d9jzah6pf2-leaf-21.drv.drv"}
@nix {"action":"msg","level":3,"msg":"  /Users/hetzner/obrador-shared-pins-20260909/round-2-after/chain-round-1-jobs-8/store/x5g0vpss8x6z2naga5g0q39czc7sp6dn-leaf-22.drv.drv"}
@nix {"action":"msg","level":3,"msg":"  /Users/hetzner/obrador-shared-pins-20260909/round-2-after/chain-round-1-jobs-8/store/pkyg1iwy79hlmxkh5s8zx2nr1bjr5px1-leaf-23.drv.drv"}
@nix {"action":"msg","level":3,"msg":"  /Users/hetzner/obrador-shared-pins-20260909/round-2-after/chain-round-1-jobs-8/store/jq2pqq9d04ajfpcz3059zf4dj47amvzl-leaf-24.drv.drv"}
@nix {"action":"msg","level":3,"msg":"  /Users/hetzner/obrador-shared-pins-20260909/round-2-after/chain-round-1-jobs-8/store/isxy1c59q8kj9126bimgyiddy9ga7ph7-leaf-25.drv.drv"}
@nix {"action":"msg","level":3,"msg":"  /Users/hetzner/obrador-shared-pins-20260909/round-2-after/chain-round-1-jobs-8/store/awisr3lbybj2yfi2y7fl45sblcg34vcv-leaf-26.drv.drv"}
@nix {"action":"msg","level":3,"msg":"  /Users/hetzner/obrador-shared-pins-20260909/round-2-after/chain-round-1-jobs-8/store/6k81cihls4v6gjkjkb7gph884r3avsm5-leaf-27.drv.drv"}
@nix {"action":"msg","level":3,"msg":"  /Users/hetzner/obrador-shared-pins-20260909/round-2-after/chain-round-1-jobs-8/store/8kqz80nk5mx42y6dqlfqpnh8ryy0jw3g-leaf-28.drv.drv"}
@nix {"action":"msg","level":3,"msg":"  /Users/hetzner/obrador-shared-pins-20260909/round-2-after/chain-round-1-jobs-8/store/p7bip4p1lr5ijwbg5px9z6mv2m13n4zh-leaf-29.drv.drv"}
@nix {"action":"msg","level":3,"msg":"  /Users/hetzner/obrador-shared-pins-20260909/round-2-after/chain-round-1-jobs-8/store/azrr09kl156wmz097nkjgj1qhbbh9mgb-leaf-30.drv.drv"}
@nix {"action":"msg","level":3,"msg":"  /Users/hetzner/obrador-shared-pins-20260909/round-2-after/chain-round-1-jobs-8/store/hcp0s0vjnhk3586pvn8bz90vpk012mf8-leaf-31.drv.drv"}
@nix {"action":"start","fields":["/Users/hetzner/obrador-shared-pins-20260909/round-2-after/chain-round-1-jobs-8/store/5im5ib9a57r70hpq4j7n0nrc6r1yfala-leaf-0.drv.drv","",1,1],"id":237743619702784,"level":3,"parent":0,"text":"building 'leaf-0.drv.drv'","type":105}
@nix {"action":"stop","id":237743619702784}
@nix {"action":"start","fields":["/Users/hetzner/obrador-shared-pins-20260909/round-2-after/chain-round-1-jobs-8/store/ahplybh6zxb6jx6zsj7gkhmignjgdizm-leaf-0.drv","",1,1],"id":237743619702785,"level":3,"parent":0,"text":"building 'leaf-0.drv'","type":105}
@nix {"action":"stop","id":237743619702785}
@nix {"action":"start","fields":["/Users/hetzner/obrador-shared-pins-20260909/round-2-after/chain-round-1-jobs-8/store/1jbc7rv07rdhbanpdf8i1cc30kb1a2il-leaf-1.drv.drv","",1,1],"id":237743619702786,"level":3,"parent":0,"text":"building 'leaf-1.drv.drv'","type":105}
@nix {"action":"stop","id":237743619702786}
@nix {"action":"start","fields":["/Users/hetzner/obrador-shared-pins-20260909/round-2-after/chain-round-1-jobs-8/store/cpzr0khzkyqrzy3bgkzd5zf52jwp9w0h-leaf-1.drv","",1,1],"id":237743619702787,"level":3,"parent":0,"text":"building 'leaf-1.drv'","type":105}
@nix {"action":"stop","id":237743619702787}
@nix {"action":"start","fields":["/Users/hetzner/obrador-shared-pins-20260909/round-2-after/chain-round-1-jobs-8/store/ish8f0vlphj6s1l2yx7bqbk8zyll5mqi-leaf-2.drv.drv","",1,1],"id":237743619702788,"level":3,"parent":0,"text":"building 'leaf-2.drv.drv'","type":105}
@nix {"action":"stop","id":237743619702788}
@nix {"action":"start","fields":["/Users/hetzner/obrador-shared-pins-20260909/round-2-after/chain-round-1-jobs-8/store/xclmbwy3nsxxmvyj9ccf0xralzam6bsv-leaf-2.drv","",1,1],"id":237743619702789,"level":3,"parent":0,"text":"building 'leaf-2.drv'","type":105}
@nix {"action":"stop","id":237743619702789}
@nix {"action":"start","fields":["/Users/hetzner/obrador-shared-pins-20260909/round-2-after/chain-round-1-jobs-8/store/r9r0nwagnyzdyc0x1s8w84k4frhmh39v-leaf-3.drv.drv","",1,1],"id":237743619702790,"level":3,"parent":0,"text":"building 'leaf-3.drv.drv'","type":105}
@nix {"action":"stop","id":237743619702790}
@nix {"action":"start","fields":["/Users/hetzner/obrador-shared-pins-20260909/round-2-after/chain-round-1-jobs-8/store/5ymiijk4jax5az59jv2hshanjkmjpi4n-leaf-3.drv","",1,1],"id":237743619702791,"level":3,"parent":0,"text":"building 'leaf-3.drv'","type":105}
@nix {"action":"stop","id":237743619702791}
@nix {"action":"start","fields":["/Users/hetzner/obrador-shared-pins-20260909/round-2-after/chain-round-1-jobs-8/store/94hj9wba1vdjvxhybsnjzs43kw8iqbqf-leaf-4.drv.drv","",1,1],"id":237743619702792,"level":3,"parent":0,"text":"building 'leaf-4.drv.drv'","type":105}
@nix {"action":"stop","id":237743619702792}
@nix {"action":"start","fields":["/Users/hetzner/obrador-shared-pins-20260909/round-2-after/chain-round-1-jobs-8/store/s7gp67dqlvmqrbx7qgr7fd4s7mcmdchb-leaf-4.drv","",1,1],"id":237743619702793,"level":3,"parent":0,"text":"building 'leaf-4.drv'","type":105}
@nix {"action":"stop","id":237743619702793}
@nix {"action":"start","fields":["/Users/hetzner/obrador-shared-pins-20260909/round-2-after/chain-round-1-jobs-8/store/rbscawaxmgrc317hpqqxm6cr7j9qcxk8-leaf-5.drv.drv","",1,1],"id":237743619702794,"level":3,"parent":0,"text":"building 'leaf-5.drv.drv'","type":105}
@nix {"action":"stop","id":237743619702794}
@nix {"action":"start","fields":["/Users/hetzner/obrador-shared-pins-20260909/round-2-after/chain-round-1-jobs-8/store/la2sqhs7c2aqknrq59lj05smixiqs5z3-leaf-5.drv","",1,1],"id":237743619702795,"level":3,"parent":0,"text":"building 'leaf-5.drv'","type":105}
@nix {"action":"stop","id":237743619702795}
@nix {"action":"start","fields":["/Users/hetzner/obrador-shared-pins-20260909/round-2-after/chain-round-1-jobs-8/store/37nrqxq0fbr64dfmd401cjh23kpryrx7-leaf-6.drv.drv","",1,1],"id":237743619702796,"level":3,"parent":0,"text":"building 'leaf-6.drv.drv'","type":105}
@nix {"action":"stop","id":237743619702796}
@nix {"action":"start","fields":["/Users/hetzner/obrador-shared-pins-20260909/round-2-after/chain-round-1-jobs-8/store/ic3wqnip0c46cl5xrwxh5g2lkslhlwjc-leaf-6.drv","",1,1],"id":237743619702797,"level":3,"parent":0,"text":"building 'leaf-6.drv'","type":105}
@nix {"action":"stop","id":237743619702797}
@nix {"action":"start","fields":["/Users/hetzner/obrador-shared-pins-20260909/round-2-after/chain-round-1-jobs-8/store/j6v60gzylpnqyvggj10fly9h4vgixxi9-leaf-7.drv.drv","",1,1],"id":237743619702798,"level":3,"parent":0,"text":"building 'leaf-7.drv.drv'","type":105}
@nix {"action":"stop","id":237743619702798}
@nix {"action":"start","fields":["/Users/hetzner/obrador-shared-pins-20260909/round-2-after/chain-round-1-jobs-8/store/slnrfl5l1qxh4pnbisyr82z72j4gs47h-leaf-7.drv","",1,1],"id":237743619702799,"level":3,"parent":0,"text":"building 'leaf-7.drv'","type":105}
@nix {"action":"stop","id":237743619702799}
@nix {"action":"start","fields":["/Users/hetzner/obrador-shared-pins-20260909/round-2-after/chain-round-1-jobs-8/store/dxfid2csg85ahsjxvpim2kl8jfd3gvi2-leaf-8.drv.drv","",1,1],"id":237743619702800,"level":3,"parent":0,"text":"building 'leaf-8.drv.drv'","type":105}
@nix {"action":"stop","id":237743619702800}
@nix {"action":"start","fields":["/Users/hetzner/obrador-shared-pins-20260909/round-2-after/chain-round-1-jobs-8/store/icv2d1bm3lhnradw85vacyv20lqifak6-leaf-8.drv","",1,1],"id":237743619702801,"level":3,"parent":0,"text":"building 'leaf-8.drv'","type":105}
@nix {"action":"stop","id":237743619702801}
@nix {"action":"start","fields":["/Users/hetzner/obrador-shared-pins-20260909/round-2-after/chain-round-1-jobs-8/store/c1qhxmz6gphb5a90q18rlgd09x6aizd8-leaf-9.drv.drv","",1,1],"id":237743619702802,"level":3,"parent":0,"text":"building 'leaf-9.drv.drv'","type":105}
@nix {"action":"stop","id":237743619702802}
@nix {"action":"start","fields":["/Users/hetzner/obrador-shared-pins-20260909/round-2-after/chain-round-1-jobs-8/store/rd5xyw6l5mb20lcksj6lcsdabjbm9cbl-leaf-9.drv","",1,1],"id":237743619702803,"level":3,"parent":0,"text":"building 'leaf-9.drv'","type":105}
@nix {"action":"stop","id":237743619702803}
@nix {"action":"start","fields":["/Users/hetzner/obrador-shared-pins-20260909/round-2-after/chain-round-1-jobs-8/store/a786q2c4y1s5v27fird7crlwsafp7nv2-leaf-10.drv.drv","",1,1],"id":237743619702804,"level":3,"parent":0,"text":"building 'leaf-10.drv.drv'","type":105}
@nix {"action":"stop","id":237743619702804}
@nix {"action":"start","fields":["/Users/hetzner/obrador-shared-pins-20260909/round-2-after/chain-round-1-jobs-8/store/19ayj505a9axsbpvpx4rc24rh0bsgi4f-leaf-10.drv","",1,1],"id":237743619702805,"level":3,"parent":0,"text":"building 'leaf-10.drv'","type":105}
@nix {"action":"stop","id":237743619702805}
@nix {"action":"start","fields":["/Users/hetzner/obrador-shared-pins-20260909/round-2-after/chain-round-1-jobs-8/store/mrmmmw84a49hnimbxawjga8gd0q8nran-leaf-11.drv.drv","",1,1],"id":237743619702806,"level":3,"parent":0,"text":"building 'leaf-11.drv.drv'","type":105}
@nix {"action":"stop","id":237743619702806}
@nix {"action":"start","fields":["/Users/hetzner/obrador-shared-pins-20260909/round-2-after/chain-round-1-jobs-8/store/l0nfg1nfgj941bdhklai0sb6jkpa2cb0-leaf-11.drv","",1,1],"id":237743619702807,"level":3,"parent":0,"text":"building 'leaf-11.drv'","type":105}
@nix {"action":"stop","id":237743619702807}
@nix {"action":"start","fields":["/Users/hetzner/obrador-shared-pins-20260909/round-2-after/chain-round-1-jobs-8/store/l24c6ai04xs4hc6vx1918cl0w2s3jv2i-leaf-12.drv.drv","",1,1],"id":237743619702808,"level":3,"parent":0,"text":"building 'leaf-12.drv.drv'","type":105}
@nix {"action":"stop","id":237743619702808}
@nix {"action":"start","fields":["/Users/hetzner/obrador-shared-pins-20260909/round-2-after/chain-round-1-jobs-8/store/lcy9xva2fs5xhbsqc9j72r253a2fyfkp-leaf-12.drv","",1,1],"id":237743619702809,"level":3,"parent":0,"text":"building 'leaf-12.drv'","type":105}
@nix {"action":"stop","id":237743619702809}
@nix {"action":"start","fields":["/Users/hetzner/obrador-shared-pins-20260909/round-2-after/chain-round-1-jobs-8/store/l1chk4xdxx485xlcm12x9c00pna8md5p-leaf-13.drv.drv","",1,1],"id":237743619702810,"level":3,"parent":0,"text":"building 'leaf-13.drv.drv'","type":105}
@nix {"action":"stop","id":237743619702810}
@nix {"action":"start","fields":["/Users/hetzner/obrador-shared-pins-20260909/round-2-after/chain-round-1-jobs-8/store/425h326bxm5kidwxk317569ww4470hag-leaf-13.drv","",1,1],"id":237743619702811,"level":3,"parent":0,"text":"building 'leaf-13.drv'","type":105}
@nix {"action":"stop","id":237743619702811}
@nix {"action":"start","fields":["/Users/hetzner/obrador-shared-pins-20260909/round-2-after/chain-round-1-jobs-8/store/l1v31nr2gdrl3k292kdddqkzg0vlzgaw-leaf-14.drv.drv","",1,1],"id":237743619702812,"level":3,"parent":0,"text":"building 'leaf-14.drv.drv'","type":105}
@nix {"action":"stop","id":237743619702812}
@nix {"action":"start","fields":["/Users/hetzner/obrador-shared-pins-20260909/round-2-after/chain-round-1-jobs-8/store/4d9xqb1fqgwj4f8acjvnwdqzdjvks51j-leaf-14.drv","",1,1],"id":237743619702813,"level":3,"parent":0,"text":"building 'leaf-14.drv'","type":105}
@nix {"action":"stop","id":237743619702813}
@nix {"action":"start","fields":["/Users/hetzner/obrador-shared-pins-20260909/round-2-after/chain-round-1-jobs-8/store/p7hcfp3l451xawm97vpw8i32wgx70j8j-leaf-15.drv.drv","",1,1],"id":237743619702814,"level":3,"parent":0,"text":"building 'leaf-15.drv.drv'","type":105}
@nix {"action":"stop","id":237743619702814}
@nix {"action":"start","fields":["/Users/hetzner/obrador-shared-pins-20260909/round-2-after/chain-round-1-jobs-8/store/v4fscgq25l4bym5917d0mkg9443cmb0l-leaf-15.drv","",1,1],"id":237743619702815,"level":3,"parent":0,"text":"building 'leaf-15.drv'","type":105}
@nix {"action":"stop","id":237743619702815}
@nix {"action":"start","fields":["/Users/hetzner/obrador-shared-pins-20260909/round-2-after/chain-round-1-jobs-8/store/sdzvf44sy90a44cmbdpikss7insm42bz-leaf-16.drv.drv","",1,1],"id":237743619702816,"level":3,"parent":0,"text":"building 'leaf-16.drv.drv'","type":105}
@nix {"action":"stop","id":237743619702816}
@nix {"action":"start","fields":["/Users/hetzner/obrador-shared-pins-20260909/round-2-after/chain-round-1-jobs-8/store/c072yrziviw38i34663iaz1la97xikl4-leaf-16.drv","",1,1],"id":237743619702817,"level":3,"parent":0,"text":"building 'leaf-16.drv'","type":105}
@nix {"action":"stop","id":237743619702817}
@nix {"action":"start","fields":["/Users/hetzner/obrador-shared-pins-20260909/round-2-after/chain-round-1-jobs-8/store/cswakxqgyc8s8w5lwjrd8kc2nhlb5wg5-leaf-17.drv.drv","",1,1],"id":237743619702818,"level":3,"parent":0,"text":"building 'leaf-17.drv.drv'","type":105}
@nix {"action":"stop","id":237743619702818}
@nix {"action":"start","fields":["/Users/hetzner/obrador-shared-pins-20260909/round-2-after/chain-round-1-jobs-8/store/0m86ddbmali5s2c82w8c0fpf1m64jdbj-leaf-17.drv","",1,1],"id":237743619702819,"level":3,"parent":0,"text":"building 'leaf-17.drv'","type":105}
@nix {"action":"stop","id":237743619702819}
@nix {"action":"start","fields":["/Users/hetzner/obrador-shared-pins-20260909/round-2-after/chain-round-1-jobs-8/store/m60fmyqwm7rhym156cn84ks5gfsmnvjf-leaf-18.drv.drv","",1,1],"id":237743619702820,"level":3,"parent":0,"text":"building 'leaf-18.drv.drv'","type":105}
@nix {"action":"stop","id":237743619702820}
@nix {"action":"start","fields":["/Users/hetzner/obrador-shared-pins-20260909/round-2-after/chain-round-1-jobs-8/store/zgxmp933vgsdq5rxhbnqw4pbfv0rs0gj-leaf-18.drv","",1,1],"id":237743619702821,"level":3,"parent":0,"text":"building 'leaf-18.drv'","type":105}
@nix {"action":"stop","id":237743619702821}
@nix {"action":"start","fields":["/Users/hetzner/obrador-shared-pins-20260909/round-2-after/chain-round-1-jobs-8/store/nfkay5jc6jg5bhx0ayrhkyqwllnhfrhm-leaf-19.drv.drv","",1,1],"id":237743619702822,"level":3,"parent":0,"text":"building 'leaf-19.drv.drv'","type":105}
@nix {"action":"stop","id":237743619702822}
@nix {"action":"start","fields":["/Users/hetzner/obrador-shared-pins-20260909/round-2-after/chain-round-1-jobs-8/store/cgr70zxp5yq8iwf30710gcxajfpj9bqx-leaf-19.drv","",1,1],"id":237743619702823,"level":3,"parent":0,"text":"building 'leaf-19.drv'","type":105}
@nix {"action":"stop","id":237743619702823}
@nix {"action":"start","fields":["/Users/hetzner/obrador-shared-pins-20260909/round-2-after/chain-round-1-jobs-8/store/q2r5vlblpvq1xh3qff3dqc8c3g9kkjpl-leaf-20.drv.drv","",1,1],"id":237743619702824,"level":3,"parent":0,"text":"building 'leaf-20.drv.drv'","type":105}
@nix {"action":"stop","id":237743619702824}
@nix {"action":"start","fields":["/Users/hetzner/obrador-shared-pins-20260909/round-2-after/chain-round-1-jobs-8/store/2wq7hh6wv43qjpga4qs1y8rbrs01c77h-leaf-20.drv","",1,1],"id":237743619702825,"level":3,"parent":0,"text":"building 'leaf-20.drv'","type":105}
@nix {"action":"stop","id":237743619702825}
@nix {"action":"start","fields":["/Users/hetzner/obrador-shared-pins-20260909/round-2-after/chain-round-1-jobs-8/store/amblx0g4b4anmyhm3n2pcz7kdw19y5vl-leaf-21.drv.drv","",1,1],"id":237743619702826,"level":3,"parent":0,"text":"building 'leaf-21.drv.drv'","type":105}
@nix {"action":"stop","id":237743619702826}
@nix {"action":"start","fields":["/Users/hetzner/obrador-shared-pins-20260909/round-2-after/chain-round-1-jobs-8/store/43ia6wlxyddk0n4cwd8yjis70nl6lpl6-leaf-21.drv","",1,1],"id":237743619702827,"level":3,"parent":0,"text":"building 'leaf-21.drv'","type":105}
@nix {"action":"stop","id":237743619702827}
@nix {"action":"start","fields":["/Users/hetzner/obrador-shared-pins-20260909/round-2-after/chain-round-1-jobs-8/store/znf1ni9ymnn53vgczivh2nngnxgps5d2-leaf-22.drv.drv","",1,1],"id":237743619702828,"level":3,"parent":0,"text":"building 'leaf-22.drv.drv'","type":105}
@nix {"action":"stop","id":237743619702828}
@nix {"action":"start","fields":["/Users/hetzner/obrador-shared-pins-20260909/round-2-after/chain-round-1-jobs-8/store/5wl8pmp7kb10wa2q3smjhf6694988k3c-leaf-22.drv","",1,1],"id":237743619702829,"level":3,"parent":0,"text":"building 'leaf-22.drv'","type":105}
@nix {"action":"stop","id":237743619702829}
@nix {"action":"start","fields":["/Users/hetzner/obrador-shared-pins-20260909/round-2-after/chain-round-1-jobs-8/store/z71wfn8z6vifizvzpilnrz6dg016mb4p-leaf-23.drv.drv","",1,1],"id":237743619702830,"level":3,"parent":0,"text":"building 'leaf-23.drv.drv'","type":105}
@nix {"action":"stop","id":237743619702830}
@nix {"action":"start","fields":["/Users/hetzner/obrador-shared-pins-20260909/round-2-after/chain-round-1-jobs-8/store/lirn9psyha2xfy96y04h9z2rjww2xgdi-leaf-23.drv","",1,1],"id":237743619702831,"level":3,"parent":0,"text":"building 'leaf-23.drv'","type":105}
@nix {"action":"stop","id":237743619702831}
@nix {"action":"start","fields":["/Users/hetzner/obrador-shared-pins-20260909/round-2-after/chain-round-1-jobs-8/store/pvihj09bs81xcr8dyywk3r7acjfslk2n-leaf-24.drv.drv","",1,1],"id":237743619702832,"level":3,"parent":0,"text":"building 'leaf-24.drv.drv'","type":105}
@nix {"action":"stop","id":237743619702832}
@nix {"action":"start","fields":["/Users/hetzner/obrador-shared-pins-20260909/round-2-after/chain-round-1-jobs-8/store/7idbkvkx7vdac2khm1dmw2avk8z2pqjy-leaf-24.drv","",1,1],"id":237743619702833,"level":3,"parent":0,"text":"building 'leaf-24.drv'","type":105}
@nix {"action":"stop","id":237743619702833}
@nix {"action":"start","fields":["/Users/hetzner/obrador-shared-pins-20260909/round-2-after/chain-round-1-jobs-8/store/2z3srwz5m8p8bfjl680fgy9f12m4gz0j-leaf-25.drv.drv","",1,1],"id":237743619702834,"level":3,"parent":0,"text":"building 'leaf-25.drv.drv'","type":105}
@nix {"action":"stop","id":237743619702834}
@nix {"action":"start","fields":["/Users/hetzner/obrador-shared-pins-20260909/round-2-after/chain-round-1-jobs-8/store/56kpa38mq5gjdfcyasma2yvgsmlqqxfd-leaf-25.drv","",1,1],"id":237743619702835,"level":3,"parent":0,"text":"building 'leaf-25.drv'","type":105}
@nix {"action":"stop","id":237743619702835}
@nix {"action":"start","fields":["/Users/hetzner/obrador-shared-pins-20260909/round-2-after/chain-round-1-jobs-8/store/nwclx76hkh2f5i33p61jjchqv18g6jdj-leaf-26.drv.drv","",1,1],"id":237743619702836,"level":3,"parent":0,"text":"building 'leaf-26.drv.drv'","type":105}
@nix {"action":"stop","id":237743619702836}
@nix {"action":"start","fields":["/Users/hetzner/obrador-shared-pins-20260909/round-2-after/chain-round-1-jobs-8/store/3aicni148746gd5q1yszjhsj7kgjd5wr-leaf-26.drv","",1,1],"id":237743619702837,"level":3,"parent":0,"text":"building 'leaf-26.drv'","type":105}
@nix {"action":"stop","id":237743619702837}
@nix {"action":"start","fields":["/Users/hetzner/obrador-shared-pins-20260909/round-2-after/chain-round-1-jobs-8/store/qdsjs3fm2wjclr4gdlc19szd04wfply0-leaf-27.drv.drv","",1,1],"id":237743619702838,"level":3,"parent":0,"text":"building 'leaf-27.drv.drv'","type":105}
@nix {"action":"stop","id":237743619702838}
@nix {"action":"start","fields":["/Users/hetzner/obrador-shared-pins-20260909/round-2-after/chain-round-1-jobs-8/store/pmvz983wkqlqv2i2kx1glwpy6p68iqk1-leaf-27.drv","",1,1],"id":237743619702839,"level":3,"parent":0,"text":"building 'leaf-27.drv'","type":105}
@nix {"action":"stop","id":237743619702839}
@nix {"action":"start","fields":["/Users/hetzner/obrador-shared-pins-20260909/round-2-after/chain-round-1-jobs-8/store/vqqfpbg4n5npxvjlaqkv2wjda1ml1498-leaf-28.drv.drv","",1,1],"id":237743619702840,"level":3,"parent":0,"text":"building 'leaf-28.drv.drv'","type":105}
@nix {"action":"stop","id":237743619702840}
@nix {"action":"start","fields":["/Users/hetzner/obrador-shared-pins-20260909/round-2-after/chain-round-1-jobs-8/store/lp3jsxhdlnbk7dsz186841025m5kqpwl-leaf-28.drv","",1,1],"id":237743619702841,"level":3,"parent":0,"text":"building 'leaf-28.drv'","type":105}
@nix {"action":"stop","id":237743619702841}
@nix {"action":"start","fields":["/Users/hetzner/obrador-shared-pins-20260909/round-2-after/chain-round-1-jobs-8/store/nl2fxmm5ialw5k8lfrr2n3b9sdvf1k46-leaf-29.drv.drv","",1,1],"id":237743619702842,"level":3,"parent":0,"text":"building 'leaf-29.drv.drv'","type":105}
@nix {"action":"stop","id":237743619702842}
@nix {"action":"start","fields":["/Users/hetzner/obrador-shared-pins-20260909/round-2-after/chain-round-1-jobs-8/store/h1wqv5whfbf3bvhil0idcfkx3yqa9p6s-leaf-29.drv","",1,1],"id":237743619702843,"level":3,"parent":0,"text":"building 'leaf-29.drv'","type":105}
@nix {"action":"stop","id":237743619702843}
@nix {"action":"start","fields":["/Users/hetzner/obrador-shared-pins-20260909/round-2-after/chain-round-1-jobs-8/store/y60kfsxinnl2lajak16b54iqc788chck-leaf-30.drv.drv","",1,1],"id":237743619702844,"level":3,"parent":0,"text":"building 'leaf-30.drv.drv'","type":105}
@nix {"action":"stop","id":237743619702844}
@nix {"action":"start","fields":["/Users/hetzner/obrador-shared-pins-20260909/round-2-after/chain-round-1-jobs-8/store/ns3l99vgwip384aw0lwwc90r4dyf4zbb-leaf-30.drv","",1,1],"id":237743619702845,"level":3,"parent":0,"text":"building 'leaf-30.drv'","type":105}
@nix {"action":"stop","id":237743619702845}
@nix {"action":"start","fields":["/Users/hetzner/obrador-shared-pins-20260909/round-2-after/chain-round-1-jobs-8/store/ifp3b1k76kqflia30jkigv31hpy6gm3a-leaf-31.drv.drv","",1,1],"id":237743619702846,"level":3,"parent":0,"text":"building 'leaf-31.drv.drv'","type":105}
@nix {"action":"stop","id":237743619702846}
@nix {"action":"start","fields":["/Users/hetzner/obrador-shared-pins-20260909/round-2-after/chain-round-1-jobs-8/store/al8pa59iwzkwxyjfhbn7l5x5fh6kh11i-leaf-31.drv","",1,1],"id":237743619702847,"level":3,"parent":0,"text":"building 'leaf-31.drv'","type":105}
@nix {"action":"stop","id":237743619702847}
