copying 33 paths...
copying path '/Users/hetzner/obrador-shared-pins-20260909/round-2-after/chain-round-1-jobs-8/store/sw9s28wvaz3yax9iqhrsphkbji0hr5b4-seed' to 'obrador+local:///Users/hetzner/obrador-shared-pins-20260909/round-2-after/chain-round-1-jobs-8/obrador/state'...
copying path '/Users/hetzner/obrador-shared-pins-20260909/round-2-after/chain-round-1-jobs-8/store/5im5ib9a57r70hpq4j7n0nrc6r1yfala-leaf-0.drv.drv' to 'obrador+local:///Users/hetzner/obrador-shared-pins-20260909/round-2-after/chain-round-1-jobs-8/obrador/state'...
copying path '/Users/hetzner/obrador-shared-pins-20260909/round-2-after/chain-round-1-jobs-8/store/fsa203b54hc6m269g4q01wn6b3swjr7d-leaf-1.drv.drv' to 'obrador+local:///Users/hetzner/obrador-shared-pins-20260909/round-2-after/chain-round-1-jobs-8/obrador/state'...
copying path '/Users/hetzner/obrador-shared-pins-20260909/round-2-after/chain-round-1-jobs-8/store/iwn0wh9jin3q8wpwr1a4b0n9x1gx40ff-leaf-2.drv.drv' to 'obrador+local:///Users/hetzner/obrador-shared-pins-20260909/round-2-after/chain-round-1-jobs-8/obrador/state'...
copying path '/Users/hetzner/obrador-shared-pins-20260909/round-2-after/chain-round-1-jobs-8/store/ndrw49mi2c4hmavls94yd40x1bj3zd2r-leaf-3.drv.drv' to 'obrador+local:///Users/hetzner/obrador-shared-pins-20260909/round-2-after/chain-round-1-jobs-8/obrador/state'...
copying path '/Users/hetzner/obrador-shared-pins-20260909/round-2-after/chain-round-1-jobs-8/store/68571xghi4bxzyh0251561b5p0hga99s-leaf-4.drv.drv' to 'obrador+local:///Users/hetzner/obrador-shared-pins-20260909/round-2-after/chain-round-1-jobs-8/obrador/state'...
copying path '/Users/hetzner/obrador-shared-pins-20260909/round-2-after/chain-round-1-jobs-8/store/i19x9i3nhb9hl7881yy0cpz61jr2pzch-leaf-5.drv.drv' to 'obrador+local:///Users/hetzner/obrador-shared-pins-20260909/round-2-after/chain-round-1-jobs-8/obrador/state'...
copying path '/Users/hetzner/obrador-shared-pins-20260909/round-2-after/chain-round-1-jobs-8/store/a4yfm11ic2hpi2rbckwb2f9lhmpvkcdw-leaf-6.drv.drv' to 'obrador+local:///Users/hetzner/obrador-shared-pins-20260909/round-2-after/chain-round-1-jobs-8/obrador/state'...
copying path '/Users/hetzner/obrador-shared-pins-20260909/round-2-after/chain-round-1-jobs-8/store/3lh2wd5ddn0mj55hi67s2gzcp8bsakbl-leaf-7.drv.drv' to 'obrador+local:///Users/hetzner/obrador-shared-pins-20260909/round-2-after/chain-round-1-jobs-8/obrador/state'...
copying path '/Users/hetzner/obrador-shared-pins-20260909/round-2-after/chain-round-1-jobs-8/store/ag1xcc7nlmh8gkbrvb8f04r64jw0vx2x-leaf-8.drv.drv' to 'obrador+local:///Users/hetzner/obrador-shared-pins-20260909/round-2-after/chain-round-1-jobs-8/obrador/state'...
copying path '/Users/hetzner/obrador-shared-pins-20260909/round-2-after/chain-round-1-jobs-8/store/rmniaqpfk4lw7njrx1v0gq6hpykkh8pj-leaf-9.drv.drv' to 'obrador+local:///Users/hetzner/obrador-shared-pins-20260909/round-2-after/chain-round-1-jobs-8/obrador/state'...
copying path '/Users/hetzner/obrador-shared-pins-20260909/round-2-after/chain-round-1-jobs-8/store/9ar3n2j78vz6g3rklkvigx8556plgvbj-leaf-10.drv.drv' to 'obrador+local:///Users/hetzner/obrador-shared-pins-20260909/round-2-after/chain-round-1-jobs-8/obrador/state'...
copying path '/Users/hetzner/obrador-shared-pins-20260909/round-2-after/chain-round-1-jobs-8/store/svrqdd4fvwsxwak18nnwbqr65q1rkavz-leaf-11.drv.drv' to 'obrador+local:///Users/hetzner/obrador-shared-pins-20260909/round-2-after/chain-round-1-jobs-8/obrador/state'...
copying path '/Users/hetzner/obrador-shared-pins-20260909/round-2-after/chain-round-1-jobs-8/store/i214wscxld7ls042hpqvmzcl68xx1mlp-leaf-12.drv.drv' to 'obrador+local:///Users/hetzner/obrador-shared-pins-20260909/round-2-after/chain-round-1-jobs-8/obrador/state'...
copying path '/Users/hetzner/obrador-shared-pins-20260909/round-2-after/chain-round-1-jobs-8/store/z2gjx9sijl2mnp48a9xlgbjx8flnbv2a-leaf-13.drv.drv' to 'obrador+local:///Users/hetzner/obrador-shared-pins-20260909/round-2-after/chain-round-1-jobs-8/obrador/state'...
copying path '/Users/hetzner/obrador-shared-pins-20260909/round-2-after/chain-round-1-jobs-8/store/nmipa53fbk70ia512z9x9gnlanrpaqj0-leaf-14.drv.drv' to 'obrador+local:///Users/hetzner/obrador-shared-pins-20260909/round-2-after/chain-round-1-jobs-8/obrador/state'...
copying path '/Users/hetzner/obrador-shared-pins-20260909/round-2-after/chain-round-1-jobs-8/store/n2mpm5wd6gadl3rv1k996c6j2xn9hpw4-leaf-15.drv.drv' to 'obrador+local:///Users/hetzner/obrador-shared-pins-20260909/round-2-after/chain-round-1-jobs-8/obrador/state'...
copying path '/Users/hetzner/obrador-shared-pins-20260909/round-2-after/chain-round-1-jobs-8/store/7hd3dl2vqm8bysnvcvmn6p8f828xd0g0-leaf-16.drv.drv' to 'obrador+local:///Users/hetzner/obrador-shared-pins-20260909/round-2-after/chain-round-1-jobs-8/obrador/state'...
copying path '/Users/hetzner/obrador-shared-pins-20260909/round-2-after/chain-round-1-jobs-8/store/gdapqjmf1n8q7wbg0ail2p7mvmdn1wgq-leaf-17.drv.drv' to 'obrador+local:///Users/hetzner/obrador-shared-pins-20260909/round-2-after/chain-round-1-jobs-8/obrador/state'...
copying path '/Users/hetzner/obrador-shared-pins-20260909/round-2-after/chain-round-1-jobs-8/store/w1yjymhlcplij8zfnkzg7haqb90kwxa4-leaf-18.drv.drv' to 'obrador+local:///Users/hetzner/obrador-shared-pins-20260909/round-2-after/chain-round-1-jobs-8/obrador/state'...
copying path '/Users/hetzner/obrador-shared-pins-20260909/round-2-after/chain-round-1-jobs-8/store/kxn3bmafa8ix5c2r5ih2vyyl8nb63iq5-leaf-19.drv.drv' to 'obrador+local:///Users/hetzner/obrador-shared-pins-20260909/round-2-after/chain-round-1-jobs-8/obrador/state'...
copying path '/Users/hetzner/obrador-shared-pins-20260909/round-2-after/chain-round-1-jobs-8/store/s93zanjam2bq26yzprp0w36hl03kwjk0-leaf-20.drv.drv' to 'obrador+local:///Users/hetzner/obrador-shared-pins-20260909/round-2-after/chain-round-1-jobs-8/obrador/state'...
copying path '/Users/hetzner/obrador-shared-pins-20260909/round-2-after/chain-round-1-jobs-8/store/j3592l74q3iwn4p3n89d97d9jzah6pf2-leaf-21.drv.drv' to 'obrador+local:///Users/hetzner/obrador-shared-pins-20260909/round-2-after/chain-round-1-jobs-8/obrador/state'...
copying path '/Users/hetzner/obrador-shared-pins-20260909/round-2-after/chain-round-1-jobs-8/store/x5g0vpss8x6z2naga5g0q39czc7sp6dn-leaf-22.drv.drv' to 'obrador+local:///Users/hetzner/obrador-shared-pins-20260909/round-2-after/chain-round-1-jobs-8/obrador/state'...
copying path '/Users/hetzner/obrador-shared-pins-20260909/round-2-after/chain-round-1-jobs-8/store/pkyg1iwy79hlmxkh5s8zx2nr1bjr5px1-leaf-23.drv.drv' to 'obrador+local:///Users/hetzner/obrador-shared-pins-20260909/round-2-after/chain-round-1-jobs-8/obrador/state'...
copying path '/Users/hetzner/obrador-shared-pins-20260909/round-2-after/chain-round-1-jobs-8/store/jq2pqq9d04ajfpcz3059zf4dj47amvzl-leaf-24.drv.drv' to 'obrador+local:///Users/hetzner/obrador-shared-pins-20260909/round-2-after/chain-round-1-jobs-8/obrador/state'...
copying path '/Users/hetzner/obrador-shared-pins-20260909/round-2-after/chain-round-1-jobs-8/store/isxy1c59q8kj9126bimgyiddy9ga7ph7-leaf-25.drv.drv' to 'obrador+local:///Users/hetzner/obrador-shared-pins-20260909/round-2-after/chain-round-1-jobs-8/obrador/state'...
copying path '/Users/hetzner/obrador-shared-pins-20260909/round-2-after/chain-round-1-jobs-8/store/awisr3lbybj2yfi2y7fl45sblcg34vcv-leaf-26.drv.drv' to 'obrador+local:///Users/hetzner/obrador-shared-pins-20260909/round-2-after/chain-round-1-jobs-8/obrador/state'...
copying path '/Users/hetzner/obrador-shared-pins-20260909/round-2-after/chain-round-1-jobs-8/store/6k81cihls4v6gjkjkb7gph884r3avsm5-leaf-27.drv.drv' to 'obrador+local:///Users/hetzner/obrador-shared-pins-20260909/round-2-after/chain-round-1-jobs-8/obrador/state'...
copying path '/Users/hetzner/obrador-shared-pins-20260909/round-2-after/chain-round-1-jobs-8/store/8kqz80nk5mx42y6dqlfqpnh8ryy0jw3g-leaf-28.drv.drv' to 'obrador+local:///Users/hetzner/obrador-shared-pins-20260909/round-2-after/chain-round-1-jobs-8/obrador/state'...
copying path '/Users/hetzner/obrador-shared-pins-20260909/round-2-after/chain-round-1-jobs-8/store/p7bip4p1lr5ijwbg5px9z6mv2m13n4zh-leaf-29.drv.drv' to 'obrador+local:///Users/hetzner/obrador-shared-pins-20260909/round-2-after/chain-round-1-jobs-8/obrador/state'...
copying path '/Users/hetzner/obrador-shared-pins-20260909/round-2-after/chain-round-1-jobs-8/store/azrr09kl156wmz097nkjgj1qhbbh9mgb-leaf-30.drv.drv' to 'obrador+local:///Users/hetzner/obrador-shared-pins-20260909/round-2-after/chain-round-1-jobs-8/obrador/state'...
copying path '/Users/hetzner/obrador-shared-pins-20260909/round-2-after/chain-round-1-jobs-8/store/hcp0s0vjnhk3586pvn8bz90vpk012mf8-leaf-31.drv.drv' to 'obrador+local:///Users/hetzner/obrador-shared-pins-20260909/round-2-after/chain-round-1-jobs-8/obrador/state'...
