@nix {"action":"msg","level":3,"msg":"these 32 derivations will be built:"}
@nix {"action":"msg","level":3,"msg":"  /tmp/obrador-shared-pins-linux/round-1-baseline/chain-round-1-jobs-8/store/nsv3aksip75b58lnynz4bd04w7mvpnin-leaf-0.drv.drv"}
@nix {"action":"msg","level":3,"msg":"  /tmp/obrador-shared-pins-linux/round-1-baseline/chain-round-1-jobs-8/store/f9x185kc3kdmi2plqma0sc603x6lgzbn-leaf-1.drv.drv"}
@nix {"action":"msg","level":3,"msg":"  /tmp/obrador-shared-pins-linux/round-1-baseline/chain-round-1-jobs-8/store/8rrq38sfk085s0jba0kcyx78xrmigmag-leaf-2.drv.drv"}
@nix {"action":"msg","level":3,"msg":"  /tmp/obrador-shared-pins-linux/round-1-baseline/chain-round-1-jobs-8/store/azv5k19611101vsdrywbrn9cg03y6lim-leaf-3.drv.drv"}
@nix {"action":"msg","level":3,"msg":"  /tmp/obrador-shared-pins-linux/round-1-baseline/chain-round-1-jobs-8/store/dcnay0vhhmrqsvnssx1ir2wh6v4jhx4n-leaf-4.drv.drv"}
@nix {"action":"msg","level":3,"msg":"  /tmp/obrador-shared-pins-linux/round-1-baseline/chain-round-1-jobs-8/store/4d3n8k76isb9lfb6j39b6g38vh7l85k6-leaf-5.drv.drv"}
@nix {"action":"msg","level":3,"msg":"  /tmp/obrador-shared-pins-linux/round-1-baseline/chain-round-1-jobs-8/store/i1qip5ak52p5c9fndwqwxvmpc5fr5kw5-leaf-6.drv.drv"}
@nix {"action":"msg","level":3,"msg":"  /tmp/obrador-shared-pins-linux/round-1-baseline/chain-round-1-jobs-8/store/9w0han45vfsn8lb6laqx7sfmd41263iv-leaf-7.drv.drv"}
@nix {"action":"msg","level":3,"msg":"  /tmp/obrador-shared-pins-linux/round-1-baseline/chain-round-1-jobs-8/store/fccxijb12i6m33y1drpi6hgq430xcrqa-leaf-8.drv.drv"}
@nix {"action":"msg","level":3,"msg":"  /tmp/obrador-shared-pins-linux/round-1-baseline/chain-round-1-jobs-8/store/1r9ffnwb8dzvv0hzm0lhykwp6g65igmw-leaf-9.drv.drv"}
@nix {"action":"msg","level":3,"msg":"  /tmp/obrador-shared-pins-linux/round-1-baseline/chain-round-1-jobs-8/store/wyh61li51yynv7vcc8s6k5g730xbvzr0-leaf-10.drv.drv"}
@nix {"action":"msg","level":3,"msg":"  /tmp/obrador-shared-pins-linux/round-1-baseline/chain-round-1-jobs-8/store/m6vr8djvdk9scsvsb7dnkizphpp39xh7-leaf-11.drv.drv"}
@nix {"action":"msg","level":3,"msg":"  /tmp/obrador-shared-pins-linux/round-1-baseline/chain-round-1-jobs-8/store/ldwgz2l87a7ar96rgw00bp1yaq1ldlqn-leaf-12.drv.drv"}
@nix {"action":"msg","level":3,"msg":"  /tmp/obrador-shared-pins-linux/round-1-baseline/chain-round-1-jobs-8/store/bwrfp36vdh9nx7jdvai0jrdyx1k4yg8v-leaf-13.drv.drv"}
@nix {"action":"msg","level":3,"msg":"  /tmp/obrador-shared-pins-linux/round-1-baseline/chain-round-1-jobs-8/store/wn1wrmr4mzv455v6c5xcdjpxlm9cha56-leaf-14.drv.drv"}
@nix {"action":"msg","level":3,"msg":"  /tmp/obrador-shared-pins-linux/round-1-baseline/chain-round-1-jobs-8/store/hq93lxkvvagpp2qj0wlsajwbn834h2rb-leaf-15.drv.drv"}
@nix {"action":"msg","level":3,"msg":"  /tmp/obrador-shared-pins-linux/round-1-baseline/chain-round-1-jobs-8/store/7l70fqkywcrcq7acy0zdcxf6p4avim7b-leaf-16.drv.drv"}
@nix {"action":"msg","level":3,"msg":"  /tmp/obrador-shared-pins-linux/round-1-baseline/chain-round-1-jobs-8/store/d0hfc9fpkp1v5ffywhxb4mzgrqd8m3fh-leaf-17.drv.drv"}
@nix {"action":"msg","level":3,"msg":"  /tmp/obrador-shared-pins-linux/round-1-baseline/chain-round-1-jobs-8/store/l2gxs4g12mhg4y5q5dmq36shjq5xfnkk-leaf-18.drv.drv"}
@nix {"action":"msg","level":3,"msg":"  /tmp/obrador-shared-pins-linux/round-1-baseline/chain-round-1-jobs-8/store/frgnn3wdmrav9481bvzkv67h9whd9q2p-leaf-19.drv.drv"}
@nix {"action":"msg","level":3,"msg":"  /tmp/obrador-shared-pins-linux/round-1-baseline/chain-round-1-jobs-8/store/0lzncnqmllpin4dc934jvn5gxrckl7gm-leaf-20.drv.drv"}
@nix {"action":"msg","level":3,"msg":"  /tmp/obrador-shared-pins-linux/round-1-baseline/chain-round-1-jobs-8/store/bf4c3cv20yh1q3hfs3vhd01zc100ny79-leaf-21.drv.drv"}
@nix {"action":"msg","level":3,"msg":"  /tmp/obrador-shared-pins-linux/round-1-baseline/chain-round-1-jobs-8/store/dkwnpqi32q6yspffpb5xmppichs5w9qq-leaf-22.drv.drv"}
@nix {"action":"msg","level":3,"msg":"  /tmp/obrador-shared-pins-linux/round-1-baseline/chain-round-1-jobs-8/store/zm873g6lg3ylmf2i4hpj3aj1j793p0kh-leaf-23.drv.drv"}
@nix {"action":"msg","level":3,"msg":"  /tmp/obrador-shared-pins-linux/round-1-baseline/chain-round-1-jobs-8/store/3nbvyn5jh51n4s6pkgxwg82j55j3nd36-leaf-24.drv.drv"}
@nix {"action":"msg","level":3,"msg":"  /tmp/obrador-shared-pins-linux/round-1-baseline/chain-round-1-jobs-8/store/mlans63758vybl63jgz6lhifl96q83qm-leaf-25.drv.drv"}
@nix {"action":"msg","level":3,"msg":"  /tmp/obrador-shared-pins-linux/round-1-baseline/chain-round-1-jobs-8/store/rl0ib287w2z2xqpab592dwas3vrmbkzb-leaf-26.drv.drv"}
@nix {"action":"msg","level":3,"msg":"  /tmp/obrador-shared-pins-linux/round-1-baseline/chain-round-1-jobs-8/store/wszxkzni0bhmacmy88809ma5nl3bqh2k-leaf-27.drv.drv"}
@nix {"action":"msg","level":3,"msg":"  /tmp/obrador-shared-pins-linux/round-1-baseline/chain-round-1-jobs-8/store/y4b1rlffanp5asp05xklj68kr0v26w78-leaf-28.drv.drv"}
@nix {"action":"msg","level":3,"msg":"  /tmp/obrador-shared-pins-linux/round-1-baseline/chain-round-1-jobs-8/store/xamz46fmn2jj2j77hc1v8dyx9nnq9ibz-leaf-29.drv.drv"}
@nix {"action":"msg","level":3,"msg":"  /tmp/obrador-shared-pins-linux/round-1-baseline/chain-round-1-jobs-8/store/f6rpyabca87nxj2bfdkzc4m3w629m6a8-leaf-30.drv.drv"}
@nix {"action":"msg","level":3,"msg":"  /tmp/obrador-shared-pins-linux/round-1-baseline/chain-round-1-jobs-8/store/ifm6wqzvbz1bmwzic0bg4g7hx6gq1qah-leaf-31.drv.drv"}
@nix {"action":"start","fields":["/tmp/obrador-shared-pins-linux/round-1-baseline/chain-round-1-jobs-8/store/nsv3aksip75b58lnynz4bd04w7mvpnin-leaf-0.drv.drv","",1,1],"id":5419578712653824,"level":3,"parent":0,"text":"building 'leaf-0.drv.drv'","type":105}
@nix {"action":"stop","id":5419578712653824}
@nix {"action":"start","fields":["/tmp/obrador-shared-pins-linux/round-1-baseline/chain-round-1-jobs-8/store/xyh5lkhl2a60djb342sr24n0c3wjav91-leaf-0.drv","",1,1],"id":5419578712653825,"level":3,"parent":0,"text":"building 'leaf-0.drv'","type":105}
@nix {"action":"stop","id":5419578712653825}
@nix {"action":"start","fields":["/tmp/obrador-shared-pins-linux/round-1-baseline/chain-round-1-jobs-8/store/d5ga411frs3zl1sw8di9xl05h5hnry0h-leaf-1.drv.drv","",1,1],"id":5419578712653826,"level":3,"parent":0,"text":"building 'leaf-1.drv.drv'","type":105}
@nix {"action":"stop","id":5419578712653826}
@nix {"action":"start","fields":["/tmp/obrador-shared-pins-linux/round-1-baseline/chain-round-1-jobs-8/store/ylcx7lvq43krpxqwfa6w6ndzzxy17s37-leaf-1.drv","",1,1],"id":5419578712653827,"level":3,"parent":0,"text":"building 'leaf-1.drv'","type":105}
@nix {"action":"stop","id":5419578712653827}
@nix {"action":"start","fields":["/tmp/obrador-shared-pins-linux/round-1-baseline/chain-round-1-jobs-8/store/ndpfszbp3rwj747k9p6aalxsk24l8m6w-leaf-2.drv.drv","",1,1],"id":5419578712653828,"level":3,"parent":0,"text":"building 'leaf-2.drv.drv'","type":105}
@nix {"action":"stop","id":5419578712653828}
@nix {"action":"start","fields":["/tmp/obrador-shared-pins-linux/round-1-baseline/chain-round-1-jobs-8/store/fjpvgfrhdmznli92rnv3bkvh3dp2zpvm-leaf-2.drv","",1,1],"id":5419578712653829,"level":3,"parent":0,"text":"building 'leaf-2.drv'","type":105}
@nix {"action":"stop","id":5419578712653829}
@nix {"action":"start","fields":["/tmp/obrador-shared-pins-linux/round-1-baseline/chain-round-1-jobs-8/store/8aahlhd82kn5pkk2pif2cjqwwz1flcg2-leaf-3.drv.drv","",1,1],"id":5419578712653830,"level":3,"parent":0,"text":"building 'leaf-3.drv.drv'","type":105}
@nix {"action":"stop","id":5419578712653830}
@nix {"action":"start","fields":["/tmp/obrador-shared-pins-linux/round-1-baseline/chain-round-1-jobs-8/store/fm9r9r10qxzfc3bf67bj9py0wsd53p05-leaf-3.drv","",1,1],"id":5419578712653831,"level":3,"parent":0,"text":"building 'leaf-3.drv'","type":105}
@nix {"action":"stop","id":5419578712653831}
@nix {"action":"start","fields":["/tmp/obrador-shared-pins-linux/round-1-baseline/chain-round-1-jobs-8/store/bw187m90fkfvzgpl55ash3axc2rf3apb-leaf-4.drv.drv","",1,1],"id":5419578712653832,"level":3,"parent":0,"text":"building 'leaf-4.drv.drv'","type":105}
@nix {"action":"stop","id":5419578712653832}
@nix {"action":"start","fields":["/tmp/obrador-shared-pins-linux/round-1-baseline/chain-round-1-jobs-8/store/n26agb5xdriwqbfvqf0q9s8xmx3hlh4m-leaf-4.drv","",1,1],"id":5419578712653833,"level":3,"parent":0,"text":"building 'leaf-4.drv'","type":105}
@nix {"action":"stop","id":5419578712653833}
@nix {"action":"start","fields":["/tmp/obrador-shared-pins-linux/round-1-baseline/chain-round-1-jobs-8/store/40mjq28phr5b7fa50nmxi6syp1p3iz3k-leaf-5.drv.drv","",1,1],"id":5419578712653834,"level":3,"parent":0,"text":"building 'leaf-5.drv.drv'","type":105}
@nix {"action":"stop","id":5419578712653834}
@nix {"action":"start","fields":["/tmp/obrador-shared-pins-linux/round-1-baseline/chain-round-1-jobs-8/store/8xbia6v7rw1bvrkyjlhbmvfddhracid0-leaf-5.drv","",1,1],"id":5419578712653835,"level":3,"parent":0,"text":"building 'leaf-5.drv'","type":105}
@nix {"action":"stop","id":5419578712653835}
@nix {"action":"start","fields":["/tmp/obrador-shared-pins-linux/round-1-baseline/chain-round-1-jobs-8/store/w129lkximhygmby02hl1h5w77scjffhn-leaf-6.drv.drv","",1,1],"id":5419578712653836,"level":3,"parent":0,"text":"building 'leaf-6.drv.drv'","type":105}
@nix {"action":"stop","id":5419578712653836}
@nix {"action":"start","fields":["/tmp/obrador-shared-pins-linux/round-1-baseline/chain-round-1-jobs-8/store/6v1pa8r0kgaw2d2s3n0y4sw5vyinj3iz-leaf-6.drv","",1,1],"id":5419578712653837,"level":3,"parent":0,"text":"building 'leaf-6.drv'","type":105}
@nix {"action":"stop","id":5419578712653837}
@nix {"action":"start","fields":["/tmp/obrador-shared-pins-linux/round-1-baseline/chain-round-1-jobs-8/store/msrdr688l7c3jsykwq76779kw1q16cib-leaf-7.drv.drv","",1,1],"id":5419578712653838,"level":3,"parent":0,"text":"building 'leaf-7.drv.drv'","type":105}
@nix {"action":"stop","id":5419578712653838}
@nix {"action":"start","fields":["/tmp/obrador-shared-pins-linux/round-1-baseline/chain-round-1-jobs-8/store/26cyfbbzibg3vwcnx7ppdyp6jffpafcp-leaf-7.drv","",1,1],"id":5419578712653839,"level":3,"parent":0,"text":"building 'leaf-7.drv'","type":105}
@nix {"action":"stop","id":5419578712653839}
@nix {"action":"start","fields":["/tmp/obrador-shared-pins-linux/round-1-baseline/chain-round-1-jobs-8/store/pk64q3rdhhv8252pip41mz0y5c4w6hm6-leaf-8.drv.drv","",1,1],"id":5419578712653840,"level":3,"parent":0,"text":"building 'leaf-8.drv.drv'","type":105}
@nix {"action":"stop","id":5419578712653840}
@nix {"action":"start","fields":["/tmp/obrador-shared-pins-linux/round-1-baseline/chain-round-1-jobs-8/store/6hvd2jkksrdy54il5dfv36rdq216g7g3-leaf-8.drv","",1,1],"id":5419578712653841,"level":3,"parent":0,"text":"building 'leaf-8.drv'","type":105}
@nix {"action":"stop","id":5419578712653841}
@nix {"action":"start","fields":["/tmp/obrador-shared-pins-linux/round-1-baseline/chain-round-1-jobs-8/store/j2qinfgbhi49qmjya0j9a8zggjxkxhi9-leaf-9.drv.drv","",1,1],"id":5419578712653842,"level":3,"parent":0,"text":"building 'leaf-9.drv.drv'","type":105}
@nix {"action":"stop","id":5419578712653842}
@nix {"action":"start","fields":["/tmp/obrador-shared-pins-linux/round-1-baseline/chain-round-1-jobs-8/store/6ci8vxwrnbadkijksppsd53s45x3hfyp-leaf-9.drv","",1,1],"id":5419578712653843,"level":3,"parent":0,"text":"building 'leaf-9.drv'","type":105}
@nix {"action":"stop","id":5419578712653843}
@nix {"action":"start","fields":["/tmp/obrador-shared-pins-linux/round-1-baseline/chain-round-1-jobs-8/store/ky48n7qqp88lzwzpn60kwbf5rckm53rv-leaf-10.drv.drv","",1,1],"id":5419578712653844,"level":3,"parent":0,"text":"building 'leaf-10.drv.drv'","type":105}
@nix {"action":"stop","id":5419578712653844}
@nix {"action":"start","fields":["/tmp/obrador-shared-pins-linux/round-1-baseline/chain-round-1-jobs-8/store/dp477z19vj1nhjr7gqa11mxc640fbzl2-leaf-10.drv","",1,1],"id":5419578712653845,"level":3,"parent":0,"text":"building 'leaf-10.drv'","type":105}
@nix {"action":"stop","id":5419578712653845}
@nix {"action":"start","fields":["/tmp/obrador-shared-pins-linux/round-1-baseline/chain-round-1-jobs-8/store/rf4bmr4fy6gscckd5zxy8sqy20iqfhls-leaf-11.drv.drv","",1,1],"id":5419578712653846,"level":3,"parent":0,"text":"building 'leaf-11.drv.drv'","type":105}
@nix {"action":"stop","id":5419578712653846}
@nix {"action":"start","fields":["/tmp/obrador-shared-pins-linux/round-1-baseline/chain-round-1-jobs-8/store/iyrh9by84hqlzqnfghiz3cqfgi171pbi-leaf-11.drv","",1,1],"id":5419578712653847,"level":3,"parent":0,"text":"building 'leaf-11.drv'","type":105}
@nix {"action":"stop","id":5419578712653847}
@nix {"action":"start","fields":["/tmp/obrador-shared-pins-linux/round-1-baseline/chain-round-1-jobs-8/store/lp86rg28vb5s0ardsq7g1fbvbq89p88g-leaf-12.drv.drv","",1,1],"id":5419578712653848,"level":3,"parent":0,"text":"building 'leaf-12.drv.drv'","type":105}
@nix {"action":"stop","id":5419578712653848}
@nix {"action":"start","fields":["/tmp/obrador-shared-pins-linux/round-1-baseline/chain-round-1-jobs-8/store/zajazq14jxjjf166zbxn04d4nji26yzn-leaf-12.drv","",1,1],"id":5419578712653849,"level":3,"parent":0,"text":"building 'leaf-12.drv'","type":105}
@nix {"action":"stop","id":5419578712653849}
@nix {"action":"start","fields":["/tmp/obrador-shared-pins-linux/round-1-baseline/chain-round-1-jobs-8/store/6z4bz32i7dwgxzrp0n73w9bpll3jqi39-leaf-13.drv.drv","",1,1],"id":5419578712653850,"level":3,"parent":0,"text":"building 'leaf-13.drv.drv'","type":105}
@nix {"action":"stop","id":5419578712653850}
@nix {"action":"start","fields":["/tmp/obrador-shared-pins-linux/round-1-baseline/chain-round-1-jobs-8/store/wxbbb7g47vpzb3ds99yifycdvvm63kr1-leaf-13.drv","",1,1],"id":5419578712653851,"level":3,"parent":0,"text":"building 'leaf-13.drv'","type":105}
@nix {"action":"stop","id":5419578712653851}
@nix {"action":"start","fields":["/tmp/obrador-shared-pins-linux/round-1-baseline/chain-round-1-jobs-8/store/4a91ygrp0xx97kr54kk9157aaxxpl6yf-leaf-14.drv.drv","",1,1],"id":5419578712653852,"level":3,"parent":0,"text":"building 'leaf-14.drv.drv'","type":105}
@nix {"action":"stop","id":5419578712653852}
@nix {"action":"start","fields":["/tmp/obrador-shared-pins-linux/round-1-baseline/chain-round-1-jobs-8/store/8m2mn9n5pm9yq121a5z1myg2k3x7s3pc-leaf-14.drv","",1,1],"id":5419578712653853,"level":3,"parent":0,"text":"building 'leaf-14.drv'","type":105}
@nix {"action":"stop","id":5419578712653853}
@nix {"action":"start","fields":["/tmp/obrador-shared-pins-linux/round-1-baseline/chain-round-1-jobs-8/store/vqyxp2ik5nfqhjpzshf9b0m8apfqrjl0-leaf-15.drv.drv","",1,1],"id":5419578712653854,"level":3,"parent":0,"text":"building 'leaf-15.drv.drv'","type":105}
@nix {"action":"stop","id":5419578712653854}
@nix {"action":"start","fields":["/tmp/obrador-shared-pins-linux/round-1-baseline/chain-round-1-jobs-8/store/ml9ixdfn22vmfpjmd5388g7hwhr66098-leaf-15.drv","",1,1],"id":5419578712653855,"level":3,"parent":0,"text":"building 'leaf-15.drv'","type":105}
@nix {"action":"stop","id":5419578712653855}
@nix {"action":"start","fields":["/tmp/obrador-shared-pins-linux/round-1-baseline/chain-round-1-jobs-8/store/8pparin6wggz0nwwi54x2a55k5c0fk3h-leaf-16.drv.drv","",1,1],"id":5419578712653856,"level":3,"parent":0,"text":"building 'leaf-16.drv.drv'","type":105}
@nix {"action":"stop","id":5419578712653856}
@nix {"action":"start","fields":["/tmp/obrador-shared-pins-linux/round-1-baseline/chain-round-1-jobs-8/store/92cvzlf213wk8kxwv05qn5f7shhhvh0r-leaf-16.drv","",1,1],"id":5419578712653857,"level":3,"parent":0,"text":"building 'leaf-16.drv'","type":105}
@nix {"action":"stop","id":5419578712653857}
@nix {"action":"start","fields":["/tmp/obrador-shared-pins-linux/round-1-baseline/chain-round-1-jobs-8/store/f0362hz4wfkicx34cms59fsw8zpg75hp-leaf-17.drv.drv","",1,1],"id":5419578712653858,"level":3,"parent":0,"text":"building 'leaf-17.drv.drv'","type":105}
@nix {"action":"stop","id":5419578712653858}
@nix {"action":"start","fields":["/tmp/obrador-shared-pins-linux/round-1-baseline/chain-round-1-jobs-8/store/q3pnwqj4xjx160bzvcm6n3284m2ngmla-leaf-17.drv","",1,1],"id":5419578712653859,"level":3,"parent":0,"text":"building 'leaf-17.drv'","type":105}
@nix {"action":"stop","id":5419578712653859}
@nix {"action":"start","fields":["/tmp/obrador-shared-pins-linux/round-1-baseline/chain-round-1-jobs-8/store/cmi8vavn442gfq281af7s2sjj8v3zpgp-leaf-18.drv.drv","",1,1],"id":5419578712653860,"level":3,"parent":0,"text":"building 'leaf-18.drv.drv'","type":105}
@nix {"action":"stop","id":5419578712653860}
@nix {"action":"start","fields":["/tmp/obrador-shared-pins-linux/round-1-baseline/chain-round-1-jobs-8/store/i1a9bapz77vm0n3iynqrgsd7x0alslfj-leaf-18.drv","",1,1],"id":5419578712653861,"level":3,"parent":0,"text":"building 'leaf-18.drv'","type":105}
@nix {"action":"stop","id":5419578712653861}
@nix {"action":"start","fields":["/tmp/obrador-shared-pins-linux/round-1-baseline/chain-round-1-jobs-8/store/xp26xmxp4rhzx407w12ijjg0rr9r64xf-leaf-19.drv.drv","",1,1],"id":5419578712653862,"level":3,"parent":0,"text":"building 'leaf-19.drv.drv'","type":105}
@nix {"action":"stop","id":5419578712653862}
@nix {"action":"start","fields":["/tmp/obrador-shared-pins-linux/round-1-baseline/chain-round-1-jobs-8/store/1xxlm42i9aa26mmhdwyyygpaya0zkawz-leaf-19.drv","",1,1],"id":5419578712653863,"level":3,"parent":0,"text":"building 'leaf-19.drv'","type":105}
@nix {"action":"stop","id":5419578712653863}
@nix {"action":"start","fields":["/tmp/obrador-shared-pins-linux/round-1-baseline/chain-round-1-jobs-8/store/v2harj9m4ilgyx8vrsj8hg5sl6f22ckg-leaf-20.drv.drv","",1,1],"id":5419578712653864,"level":3,"parent":0,"text":"building 'leaf-20.drv.drv'","type":105}
@nix {"action":"stop","id":5419578712653864}
@nix {"action":"start","fields":["/tmp/obrador-shared-pins-linux/round-1-baseline/chain-round-1-jobs-8/store/vc903hyhh6i9hml5bp79i3yrj1bwabzr-leaf-20.drv","",1,1],"id":5419578712653865,"level":3,"parent":0,"text":"building 'leaf-20.drv'","type":105}
@nix {"action":"stop","id":5419578712653865}
@nix {"action":"start","fields":["/tmp/obrador-shared-pins-linux/round-1-baseline/chain-round-1-jobs-8/store/j08sv933zm3i826gj8m27vj4gmg74z9x-leaf-21.drv.drv","",1,1],"id":5419578712653866,"level":3,"parent":0,"text":"building 'leaf-21.drv.drv'","type":105}
@nix {"action":"stop","id":5419578712653866}
@nix {"action":"start","fields":["/tmp/obrador-shared-pins-linux/round-1-baseline/chain-round-1-jobs-8/store/7i2j8lvq9jplkiql2av8agvsqba329ik-leaf-21.drv","",1,1],"id":5419578712653867,"level":3,"parent":0,"text":"building 'leaf-21.drv'","type":105}
@nix {"action":"stop","id":5419578712653867}
@nix {"action":"start","fields":["/tmp/obrador-shared-pins-linux/round-1-baseline/chain-round-1-jobs-8/store/cjmm3dmnga0fwknp0fvmi394fr8qbl0l-leaf-22.drv.drv","",1,1],"id":5419578712653868,"level":3,"parent":0,"text":"building 'leaf-22.drv.drv'","type":105}
@nix {"action":"stop","id":5419578712653868}
@nix {"action":"start","fields":["/tmp/obrador-shared-pins-linux/round-1-baseline/chain-round-1-jobs-8/store/s0h79fjblkmq8kwyh4a93ghlz2wlzccg-leaf-22.drv","",1,1],"id":5419578712653869,"level":3,"parent":0,"text":"building 'leaf-22.drv'","type":105}
@nix {"action":"stop","id":5419578712653869}
@nix {"action":"start","fields":["/tmp/obrador-shared-pins-linux/round-1-baseline/chain-round-1-jobs-8/store/5iqyl6hg2r1nyzh64v8v4fvm19xfnn47-leaf-23.drv.drv","",1,1],"id":5419578712653870,"level":3,"parent":0,"text":"building 'leaf-23.drv.drv'","type":105}
@nix {"action":"stop","id":5419578712653870}
@nix {"action":"start","fields":["/tmp/obrador-shared-pins-linux/round-1-baseline/chain-round-1-jobs-8/store/7scdhqq13krky4nl77pdys5z4145nrzs-leaf-23.drv","",1,1],"id":5419578712653871,"level":3,"parent":0,"text":"building 'leaf-23.drv'","type":105}
@nix {"action":"stop","id":5419578712653871}
@nix {"action":"start","fields":["/tmp/obrador-shared-pins-linux/round-1-baseline/chain-round-1-jobs-8/store/4l58rj37n1aa63aqzf1h24qyvj6jvqg9-leaf-24.drv.drv","",1,1],"id":5419578712653872,"level":3,"parent":0,"text":"building 'leaf-24.drv.drv'","type":105}
@nix {"action":"stop","id":5419578712653872}
@nix {"action":"start","fields":["/tmp/obrador-shared-pins-linux/round-1-baseline/chain-round-1-jobs-8/store/hfxzvgrfvy15zfrn4dl6cs41azc4ak3a-leaf-24.drv","",1,1],"id":5419578712653873,"level":3,"parent":0,"text":"building 'leaf-24.drv'","type":105}
@nix {"action":"stop","id":5419578712653873}
@nix {"action":"start","fields":["/tmp/obrador-shared-pins-linux/round-1-baseline/chain-round-1-jobs-8/store/qk2b7g60fw6v6wk1inzaap63508j15z0-leaf-25.drv.drv","",1,1],"id":5419578712653874,"level":3,"parent":0,"text":"building 'leaf-25.drv.drv'","type":105}
@nix {"action":"stop","id":5419578712653874}
@nix {"action":"start","fields":["/tmp/obrador-shared-pins-linux/round-1-baseline/chain-round-1-jobs-8/store/fbcq5br9g70cdir723yc71p2w94fgy5l-leaf-25.drv","",1,1],"id":5419578712653875,"level":3,"parent":0,"text":"building 'leaf-25.drv'","type":105}
@nix {"action":"stop","id":5419578712653875}
@nix {"action":"start","fields":["/tmp/obrador-shared-pins-linux/round-1-baseline/chain-round-1-jobs-8/store/8gj4h4gggl14fxszmjrvmqva4616sz9d-leaf-26.drv.drv","",1,1],"id":5419578712653876,"level":3,"parent":0,"text":"building 'leaf-26.drv.drv'","type":105}
@nix {"action":"stop","id":5419578712653876}
@nix {"action":"start","fields":["/tmp/obrador-shared-pins-linux/round-1-baseline/chain-round-1-jobs-8/store/h89nrflvh9bmzyvxdswlrl9f2qaaacx4-leaf-26.drv","",1,1],"id":5419578712653877,"level":3,"parent":0,"text":"building 'leaf-26.drv'","type":105}
@nix {"action":"stop","id":5419578712653877}
@nix {"action":"start","fields":["/tmp/obrador-shared-pins-linux/round-1-baseline/chain-round-1-jobs-8/store/5z276qa6r8gaqsh2wwkbrzgxsdik67lw-leaf-27.drv.drv","",1,1],"id":5419578712653878,"level":3,"parent":0,"text":"building 'leaf-27.drv.drv'","type":105}
@nix {"action":"stop","id":5419578712653878}
@nix {"action":"start","fields":["/tmp/obrador-shared-pins-linux/round-1-baseline/chain-round-1-jobs-8/store/vrsvwcrpmknrrdg43a909yv1gq0gasfj-leaf-27.drv","",1,1],"id":5419578712653879,"level":3,"parent":0,"text":"building 'leaf-27.drv'","type":105}
@nix {"action":"stop","id":5419578712653879}
@nix {"action":"start","fields":["/tmp/obrador-shared-pins-linux/round-1-baseline/chain-round-1-jobs-8/store/my8h8fb3mqqy8h3l2iwlv2spbb72za3s-leaf-28.drv.drv","",1,1],"id":5419578712653880,"level":3,"parent":0,"text":"building 'leaf-28.drv.drv'","type":105}
@nix {"action":"stop","id":5419578712653880}
@nix {"action":"start","fields":["/tmp/obrador-shared-pins-linux/round-1-baseline/chain-round-1-jobs-8/store/ndaf1mppfa18c1ifw85zp8ixdxnv64wv-leaf-28.drv","",1,1],"id":5419578712653881,"level":3,"parent":0,"text":"building 'leaf-28.drv'","type":105}
@nix {"action":"stop","id":5419578712653881}
@nix {"action":"start","fields":["/tmp/obrador-shared-pins-linux/round-1-baseline/chain-round-1-jobs-8/store/asry9asyyb3005s1x7svlgcxfxf94401-leaf-29.drv.drv","",1,1],"id":5419578712653882,"level":3,"parent":0,"text":"building 'leaf-29.drv.drv'","type":105}
@nix {"action":"stop","id":5419578712653882}
@nix {"action":"start","fields":["/tmp/obrador-shared-pins-linux/round-1-baseline/chain-round-1-jobs-8/store/ayjz4whlgy9lsfqzrlcpbmspvcll8q1y-leaf-29.drv","",1,1],"id":5419578712653883,"level":3,"parent":0,"text":"building 'leaf-29.drv'","type":105}
@nix {"action":"stop","id":5419578712653883}
@nix {"action":"start","fields":["/tmp/obrador-shared-pins-linux/round-1-baseline/chain-round-1-jobs-8/store/s78dsafil8c25avij3g1jifa8khmskzj-leaf-30.drv.drv","",1,1],"id":5419578712653884,"level":3,"parent":0,"text":"building 'leaf-30.drv.drv'","type":105}
@nix {"action":"stop","id":5419578712653884}
@nix {"action":"start","fields":["/tmp/obrador-shared-pins-linux/round-1-baseline/chain-round-1-jobs-8/store/yvmsb2d99ha2kcdc77231j95dhm7skfd-leaf-30.drv","",1,1],"id":5419578712653885,"level":3,"parent":0,"text":"building 'leaf-30.drv'","type":105}
@nix {"action":"stop","id":5419578712653885}
@nix {"action":"start","fields":["/tmp/obrador-shared-pins-linux/round-1-baseline/chain-round-1-jobs-8/store/cd148y1r3j1djcvp3n9mx1hhpib8jqyg-leaf-31.drv.drv","",1,1],"id":5419578712653886,"level":3,"parent":0,"text":"building 'leaf-31.drv.drv'","type":105}
@nix {"action":"stop","id":5419578712653886}
@nix {"action":"start","fields":["/tmp/obrador-shared-pins-linux/round-1-baseline/chain-round-1-jobs-8/store/2h1m4lhn3ripvbrg182bggs9yd1qm3yx-leaf-31.drv","",1,1],"id":5419578712653887,"level":3,"parent":0,"text":"building 'leaf-31.drv'","type":105}
@nix {"action":"stop","id":5419578712653887}
