Benchmarking nar_generation/local-cached/1
Benchmarking nar_generation/local-cached/1: Warming up for 200.00 ms
Benchmarking nar_generation/local-cached/1: Collecting 20 samples in estimated 2.0027 s (7350 iterations)
Benchmarking nar_generation/local-cached/1: Analyzing
nar_generation/local-cached/1
                        time:   [304.69 µs 333.31 µs 365.39 µs]
Benchmarking nar_generation/local-raw-dedup/1
Benchmarking nar_generation/local-raw-dedup/1: Warming up for 200.00 ms

Warning: Unable to complete 20 samples in 2.0s. You may wish to increase target time to 3.9s, enable flat sampling, or reduce sample count to 10.
Benchmarking nar_generation/local-raw-dedup/1: Collecting 20 samples in estimated 3.8666 s (210 iterations)
Benchmarking nar_generation/local-raw-dedup/1: Analyzing
nar_generation/local-raw-dedup/1
                        time:   [75.109 ms 102.45 ms 122.63 ms]
Benchmarking nar_generation/local-second-handle-cached/1
Benchmarking nar_generation/local-second-handle-cached/1: Warming up for 200.00 ms
Benchmarking nar_generation/local-second-handle-cached/1: Collecting 20 samples in estimated 2.0979 s (3570 iterations)
Benchmarking nar_generation/local-second-handle-cached/1: Analyzing
nar_generation/local-second-handle-cached/1
                        time:   [486.64 µs 517.14 µs 560.62 µs]
Found 1 outliers among 20 measurements (5.00%)
  1 (5.00%) high mild
Benchmarking nar_generation/local-scrub/1
Benchmarking nar_generation/local-scrub/1: Warming up for 200.00 ms
Benchmarking nar_generation/local-scrub/1: Collecting 20 samples in estimated 2.7605 s (40 iterations)
Benchmarking nar_generation/local-scrub/1: Analyzing
nar_generation/local-scrub/1
                        time:   [7.6552 ms 8.0361 ms 8.4736 ms]
Found 2 outliers among 20 measurements (10.00%)
  2 (10.00%) high mild
Benchmarking nar_generation/local-cached/256
Benchmarking nar_generation/local-cached/256: Warming up for 200.00 ms
Benchmarking nar_generation/local-cached/256: Collecting 20 samples in estimated 2.0830 s (2940 iterations)
Benchmarking nar_generation/local-cached/256: Analyzing
nar_generation/local-cached/256
                        time:   [425.75 µs 458.94 µs 508.54 µs]
Benchmarking nar_generation/local-raw-dedup/256
Benchmarking nar_generation/local-raw-dedup/256: Warming up for 200.00 ms

Warning: Unable to complete 20 samples in 2.0s. You may wish to increase target time to 4.8s, or reduce sample count to 10.
Benchmarking nar_generation/local-raw-dedup/256: Collecting 20 samples in estimated 4.8071 s (20 iterations)
Benchmarking nar_generation/local-raw-dedup/256: Analyzing
nar_generation/local-raw-dedup/256
                        time:   [206.34 ms 251.49 ms 306.33 ms]
Found 4 outliers among 20 measurements (20.00%)
  1 (5.00%) low mild
  3 (15.00%) high severe
Benchmarking nar_generation/local-second-handle-cached/256
Benchmarking nar_generation/local-second-handle-cached/256: Warming up for 200.00 ms
Benchmarking nar_generation/local-second-handle-cached/256: Collecting 20 samples in estimated 2.0372 s (6300 iterations)
Benchmarking nar_generation/local-second-handle-cached/256: Analyzing
nar_generation/local-second-handle-cached/256
                        time:   [331.79 µs 354.45 µs 373.81 µs]
Found 1 outliers among 20 measurements (5.00%)
  1 (5.00%) high mild
Benchmarking nar_generation/local-scrub/256
Benchmarking nar_generation/local-scrub/256: Warming up for 200.00 ms

Warning: Unable to complete 20 samples in 2.0s. You may wish to increase target time to 2.3s, or reduce sample count to 10.
Benchmarking nar_generation/local-scrub/256: Collecting 20 samples in estimated 2.3339 s (20 iterations)
Benchmarking nar_generation/local-scrub/256: Analyzing
nar_generation/local-scrub/256
                        time:   [34.659 ms 58.093 ms 86.258 ms]
Found 4 outliers among 20 measurements (20.00%)
  4 (20.00%) high severe
Benchmarking nar_generation/memory-cached/1
Benchmarking nar_generation/memory-cached/1: Warming up for 200.00 ms
Benchmarking nar_generation/memory-cached/1: Collecting 20 samples in estimated 2.0010 s (234k iterations)
Benchmarking nar_generation/memory-cached/1: Analyzing
nar_generation/memory-cached/1
                        time:   [6.4132 µs 6.4749 µs 6.5496 µs]
Benchmarking nar_generation/memory-raw-dedup/1
Benchmarking nar_generation/memory-raw-dedup/1: Warming up for 200.00 ms
Benchmarking nar_generation/memory-raw-dedup/1: Collecting 20 samples in estimated 2.0209 s (19k iterations)
Benchmarking nar_generation/memory-raw-dedup/1: Analyzing
nar_generation/memory-raw-dedup/1
                        time:   [101.50 µs 106.46 µs 113.63 µs]
Benchmarking nar_generation/memory-scrub/1
Benchmarking nar_generation/memory-scrub/1: Warming up for 200.00 ms
Benchmarking nar_generation/memory-scrub/1: Collecting 20 samples in estimated 2.0011 s (110k iterations)
Benchmarking nar_generation/memory-scrub/1: Analyzing
nar_generation/memory-scrub/1
                        time:   [16.769 µs 16.928 µs 17.152 µs]
