Benchmarking nar_partial/local/1
Benchmarking nar_partial/local/1: Warming up for 100.00 ms

Warning: Unable to complete 10 samples in 500.0ms. You may wish to increase target time to 2.2s.
Benchmarking nar_partial/local/1: Collecting 10 samples in estimated 2.2238 s (10 iterations)
Benchmarking nar_partial/local/1: Analyzing
nar_partial/local/1     time:   [2.5016 ms 2.6518 ms 2.8371 ms]
Found 1 outliers among 10 measurements (10.00%)
  1 (10.00%) high mild
Benchmarking nar_partial/local/256
Benchmarking nar_partial/local/256: Warming up for 100.00 ms

Warning: Unable to complete 10 samples in 500.0ms. You may wish to increase target time to 4.1s.
Benchmarking nar_partial/local/256: Collecting 10 samples in estimated 4.0917 s (10 iterations)
Benchmarking nar_partial/local/256: Analyzing
nar_partial/local/256   time:   [45.170 ms 49.295 ms 54.691 ms]
Found 1 outliers among 10 measurements (10.00%)
  1 (10.00%) high mild
Benchmarking nar_partial/memory/1
Benchmarking nar_partial/memory/1: Warming up for 100.00 ms
Benchmarking nar_partial/memory/1: Collecting 10 samples in estimated 510.98 ms (715 iterations)
Benchmarking nar_partial/memory/1: Analyzing
nar_partial/memory/1    time:   [76.346 µs 86.566 µs 91.878 µs]
Benchmarking nar_partial/memory/256
Benchmarking nar_partial/memory/256: Warming up for 100.00 ms
Benchmarking nar_partial/memory/256: Collecting 10 samples in estimated 508.39 ms (20 iterations)
Benchmarking nar_partial/memory/256: Analyzing
nar_partial/memory/256  time:   [6.6701 ms 7.0393 ms 7.4814 ms]
Found 2 outliers among 10 measurements (20.00%)
  2 (20.00%) high mild
