Benchmarking nar_partial/local/1
Benchmarking nar_partial/local/1: Warming up for 100.00 ms

Warning: Unable to complete 10 samples in 500.0ms. You may wish to increase target time to 1.5s.
Benchmarking nar_partial/local/1: Collecting 10 samples in estimated 1.5327 s (10 iterations)
Benchmarking nar_partial/local/1: Analyzing
nar_partial/local/1     time:   [2.2633 ms 2.3535 ms 2.4548 ms]
Benchmarking nar_partial/local/256
Benchmarking nar_partial/local/256: Warming up for 100.00 ms

Warning: Unable to complete 10 samples in 500.0ms. You may wish to increase target time to 2.4s.
Benchmarking nar_partial/local/256: Collecting 10 samples in estimated 2.3584 s (10 iterations)
Benchmarking nar_partial/local/256: Analyzing
nar_partial/local/256   time:   [47.963 ms 53.813 ms 59.158 ms]
Benchmarking nar_partial/memory/1
Benchmarking nar_partial/memory/1: Warming up for 100.00 ms
Benchmarking nar_partial/memory/1: Collecting 10 samples in estimated 514.08 ms (550 iterations)
Benchmarking nar_partial/memory/1: Analyzing
nar_partial/memory/1    time:   [81.828 µs 84.987 µs 88.011 µs]
Found 1 outliers among 10 measurements (10.00%)
  1 (10.00%) low mild
Benchmarking nar_partial/memory/256
Benchmarking nar_partial/memory/256: Warming up for 100.00 ms
Benchmarking nar_partial/memory/256: Collecting 10 samples in estimated 698.83 ms (30 iterations)
Benchmarking nar_partial/memory/256: Analyzing
nar_partial/memory/256  time:   [4.9244 ms 5.3010 ms 5.6423 ms]
