Benchmarking nar_partial/local/1
Benchmarking nar_partial/local/1: Warming up for 100.00 ms

Warning: Unable to complete 10 samples in 500.0ms. You may wish to increase target time to 1.9s.
Benchmarking nar_partial/local/1: Collecting 10 samples in estimated 1.9028 s (10 iterations)
Benchmarking nar_partial/local/1: Analyzing
nar_partial/local/1     time:   [2.7022 ms 3.0510 ms 3.5609 ms]
Found 2 outliers among 10 measurements (20.00%)
  1 (10.00%) high mild
  1 (10.00%) high severe
Benchmarking nar_partial/local/256
Benchmarking nar_partial/local/256: Warming up for 100.00 ms

Warning: Unable to complete 10 samples in 500.0ms. You may wish to increase target time to 4.1s.
Benchmarking nar_partial/local/256: Collecting 10 samples in estimated 4.1237 s (10 iterations)
Benchmarking nar_partial/local/256: Analyzing
nar_partial/local/256   time:   [53.386 ms 57.241 ms 61.061 ms]
Benchmarking nar_partial/memory/1
Benchmarking nar_partial/memory/1: Warming up for 100.00 ms
Benchmarking nar_partial/memory/1: Collecting 10 samples in estimated 512.88 ms (605 iterations)
Benchmarking nar_partial/memory/1: Analyzing
nar_partial/memory/1    time:   [59.720 µs 66.272 µs 79.343 µs]
Benchmarking nar_partial/memory/256
Benchmarking nar_partial/memory/256: Warming up for 100.00 ms
Benchmarking nar_partial/memory/256: Collecting 10 samples in estimated 715.53 ms (30 iterations)
Benchmarking nar_partial/memory/256: Analyzing
nar_partial/memory/256  time:   [5.0801 ms 5.3527 ms 5.6065 ms]
