Benchmarking nar_partial/local/1
Benchmarking nar_partial/local/1: Warming up for 100.00 ms

Warning: Unable to complete 10 samples in 500.0ms. You may wish to increase target time to 2.5s.
Benchmarking nar_partial/local/1: Collecting 10 samples in estimated 2.4876 s (10 iterations)
Benchmarking nar_partial/local/1: Analyzing
nar_partial/local/1     time:   [2.6540 ms 2.8466 ms 3.0571 ms]
Benchmarking nar_partial/local/256
Benchmarking nar_partial/local/256: Warming up for 100.00 ms

Warning: Unable to complete 10 samples in 500.0ms. You may wish to increase target time to 4.1s.
Benchmarking nar_partial/local/256: Collecting 10 samples in estimated 4.1006 s (10 iterations)
Benchmarking nar_partial/local/256: Analyzing
nar_partial/local/256   time:   [58.441 ms 59.538 ms 60.707 ms]
Benchmarking nar_partial/memory/1
Benchmarking nar_partial/memory/1: Warming up for 100.00 ms
Benchmarking nar_partial/memory/1: Collecting 10 samples in estimated 544.88 ms (605 iterations)
Benchmarking nar_partial/memory/1: Analyzing
nar_partial/memory/1    time:   [86.436 µs 87.253 µs 88.536 µs]
Benchmarking nar_partial/memory/256
Benchmarking nar_partial/memory/256: Warming up for 100.00 ms
Benchmarking nar_partial/memory/256: Collecting 10 samples in estimated 723.61 ms (30 iterations)
Benchmarking nar_partial/memory/256: Analyzing
nar_partial/memory/256  time:   [6.2268 ms 6.4583 ms 6.6432 ms]
Found 2 outliers among 10 measurements (20.00%)
  1 (10.00%) low severe
  1 (10.00%) high severe
