Benchmarking nar_partial/local/1
Benchmarking nar_partial/local/1: Warming up for 100.00 ms

Warning: Unable to complete 10 samples in 500.0ms. You may wish to increase target time to 1.6s.
Benchmarking nar_partial/local/1: Collecting 10 samples in estimated 1.5759 s (10 iterations)
Benchmarking nar_partial/local/1: Analyzing
nar_partial/local/1     time:   [2.4101 ms 2.5481 ms 2.6993 ms]
Benchmarking nar_partial/local/256
Benchmarking nar_partial/local/256: Warming up for 100.00 ms

Warning: Unable to complete 10 samples in 500.0ms. You may wish to increase target time to 4.0s.
Benchmarking nar_partial/local/256: Collecting 10 samples in estimated 3.9558 s (10 iterations)
Benchmarking nar_partial/local/256: Analyzing
nar_partial/local/256   time:   [51.207 ms 55.304 ms 59.180 ms]
Found 3 outliers among 10 measurements (30.00%)
  2 (20.00%) low mild
  1 (10.00%) high mild
Benchmarking nar_partial/memory/1
Benchmarking nar_partial/memory/1: Warming up for 100.00 ms
Benchmarking nar_partial/memory/1: Collecting 10 samples in estimated 544.93 ms (660 iterations)
Benchmarking nar_partial/memory/1: Analyzing
nar_partial/memory/1    time:   [79.329 µs 83.469 µs 88.304 µs]
Found 3 outliers among 10 measurements (30.00%)
  2 (20.00%) low mild
  1 (10.00%) high severe
Benchmarking nar_partial/memory/256
Benchmarking nar_partial/memory/256: Warming up for 100.00 ms
Benchmarking nar_partial/memory/256: Collecting 10 samples in estimated 502.04 ms (20 iterations)
Benchmarking nar_partial/memory/256: Analyzing
nar_partial/memory/256  time:   [6.7257 ms 6.9023 ms 7.1195 ms]
Found 1 outliers among 10 measurements (10.00%)
  1 (10.00%) high mild
