@nix {"action":"msg","level":3,"msg":"these 32 derivations will be built:"}
@nix {"action":"msg","level":3,"msg":"  /Users/hetzner/obrador-shared-pins-20260909/round-1-baseline/wide-round-1-jobs-8/store/0mgmv0bs6w1qvij69lb5cnv1sg2dgc5p-leaf-2.drv.drv"}
@nix {"action":"msg","level":3,"msg":"  /Users/hetzner/obrador-shared-pins-20260909/round-1-baseline/wide-round-1-jobs-8/store/0nm5sg91vlx2krkvrnfmmna490yyskd1-leaf-6.drv.drv"}
@nix {"action":"msg","level":3,"msg":"  /Users/hetzner/obrador-shared-pins-20260909/round-1-baseline/wide-round-1-jobs-8/store/11z1d0wrbq8xkvpixdir9pvmm1j8s3xd-leaf-0.drv.drv"}
@nix {"action":"msg","level":3,"msg":"  /Users/hetzner/obrador-shared-pins-20260909/round-1-baseline/wide-round-1-jobs-8/store/28r98n755si1vavvx4x9mdwpk6b63n4y-leaf-27.drv.drv"}
@nix {"action":"msg","level":3,"msg":"  /Users/hetzner/obrador-shared-pins-20260909/round-1-baseline/wide-round-1-jobs-8/store/2qhlpyprwfbp2j6d9hmzs5q0fdzpqhgs-leaf-25.drv.drv"}
@nix {"action":"msg","level":3,"msg":"  /Users/hetzner/obrador-shared-pins-20260909/round-1-baseline/wide-round-1-jobs-8/store/39mbzkg48i4dg1wx1a54hyrzmp2sy4yl-leaf-30.drv.drv"}
@nix {"action":"msg","level":3,"msg":"  /Users/hetzner/obrador-shared-pins-20260909/round-1-baseline/wide-round-1-jobs-8/store/3k4r2v926hrqqsin3h9nyq4i1j5ss8lr-leaf-29.drv.drv"}
@nix {"action":"msg","level":3,"msg":"  /Users/hetzner/obrador-shared-pins-20260909/round-1-baseline/wide-round-1-jobs-8/store/415xwy9dgm76jwiral8najjm9vyby736-leaf-9.drv.drv"}
@nix {"action":"msg","level":3,"msg":"  /Users/hetzner/obrador-shared-pins-20260909/round-1-baseline/wide-round-1-jobs-8/store/592zcblc7ls2b65vwvy20cmjhagjmr1s-leaf-21.drv.drv"}
@nix {"action":"msg","level":3,"msg":"  /Users/hetzner/obrador-shared-pins-20260909/round-1-baseline/wide-round-1-jobs-8/store/5ynh6r9hbibnhvm82gnqwjpjvyn1szd5-leaf-1.drv.drv"}
@nix {"action":"msg","level":3,"msg":"  /Users/hetzner/obrador-shared-pins-20260909/round-1-baseline/wide-round-1-jobs-8/store/61cxsmvw9p90mipy3qsarikd6kgvdk8m-leaf-4.drv.drv"}
@nix {"action":"msg","level":3,"msg":"  /Users/hetzner/obrador-shared-pins-20260909/round-1-baseline/wide-round-1-jobs-8/store/6psp2aqbzsqb2iqwaqmxxzciicjkfhbw-leaf-17.drv.drv"}
@nix {"action":"msg","level":3,"msg":"  /Users/hetzner/obrador-shared-pins-20260909/round-1-baseline/wide-round-1-jobs-8/store/75ywk4ll599mqma38s0cg31k9ngqia1z-leaf-26.drv.drv"}
@nix {"action":"msg","level":3,"msg":"  /Users/hetzner/obrador-shared-pins-20260909/round-1-baseline/wide-round-1-jobs-8/store/7q6z25ssjw8p20mp5caf37ps3r4nj11m-leaf-31.drv.drv"}
@nix {"action":"msg","level":3,"msg":"  /Users/hetzner/obrador-shared-pins-20260909/round-1-baseline/wide-round-1-jobs-8/store/9bb63c7xj2v0larzzq9w98vvm7zjr3sp-leaf-10.drv.drv"}
@nix {"action":"msg","level":3,"msg":"  /Users/hetzner/obrador-shared-pins-20260909/round-1-baseline/wide-round-1-jobs-8/store/adcgqnv480k3r9k6kadw43aibz1j9sm1-leaf-19.drv.drv"}
@nix {"action":"msg","level":3,"msg":"  /Users/hetzner/obrador-shared-pins-20260909/round-1-baseline/wide-round-1-jobs-8/store/cwqa99qscmwf7y4asi84sqryh6nviycf-leaf-18.drv.drv"}
@nix {"action":"msg","level":3,"msg":"  /Users/hetzner/obrador-shared-pins-20260909/round-1-baseline/wide-round-1-jobs-8/store/fi38dzwcr3kwamvwyww9mm0zizsaqmpg-leaf-20.drv.drv"}
@nix {"action":"msg","level":3,"msg":"  /Users/hetzner/obrador-shared-pins-20260909/round-1-baseline/wide-round-1-jobs-8/store/j4l7c1179kghwzjm89b0zp5dhhmb1b4h-leaf-13.drv.drv"}
@nix {"action":"msg","level":3,"msg":"  /Users/hetzner/obrador-shared-pins-20260909/round-1-baseline/wide-round-1-jobs-8/store/klbyfg8b7v1zbwn9smjjx25xyk5vibws-leaf-3.drv.drv"}
@nix {"action":"msg","level":3,"msg":"  /Users/hetzner/obrador-shared-pins-20260909/round-1-baseline/wide-round-1-jobs-8/store/kxpsklpwaxj87wg58qsswlf0ayh9wgz8-leaf-7.drv.drv"}
@nix {"action":"msg","level":3,"msg":"  /Users/hetzner/obrador-shared-pins-20260909/round-1-baseline/wide-round-1-jobs-8/store/mp6r03dg8akrzgcy9hlv8ydy5zjk0bql-leaf-28.drv.drv"}
@nix {"action":"msg","level":3,"msg":"  /Users/hetzner/obrador-shared-pins-20260909/round-1-baseline/wide-round-1-jobs-8/store/qmmf1bhncryba5ql4yvjaz2bf2jk2263-leaf-24.drv.drv"}
@nix {"action":"msg","level":3,"msg":"  /Users/hetzner/obrador-shared-pins-20260909/round-1-baseline/wide-round-1-jobs-8/store/qsvjz8svywfcypy4fryc7qgz6kscmxhz-leaf-22.drv.drv"}
@nix {"action":"msg","level":3,"msg":"  /Users/hetzner/obrador-shared-pins-20260909/round-1-baseline/wide-round-1-jobs-8/store/r05504iiaqixfgvarwyvlbbhc009v11j-leaf-16.drv.drv"}
@nix {"action":"msg","level":3,"msg":"  /Users/hetzner/obrador-shared-pins-20260909/round-1-baseline/wide-round-1-jobs-8/store/sk5c0fpx4q11vp2fki3jdaiz168hrkms-leaf-11.drv.drv"}
@nix {"action":"msg","level":3,"msg":"  /Users/hetzner/obrador-shared-pins-20260909/round-1-baseline/wide-round-1-jobs-8/store/v4li03w4v22bqgq1h64pmb4fka0rqpj9-leaf-12.drv.drv"}
@nix {"action":"msg","level":3,"msg":"  /Users/hetzner/obrador-shared-pins-20260909/round-1-baseline/wide-round-1-jobs-8/store/vijlpvklha0yyzfzr4gppwlldwqqqb3k-leaf-23.drv.drv"}
@nix {"action":"msg","level":3,"msg":"  /Users/hetzner/obrador-shared-pins-20260909/round-1-baseline/wide-round-1-jobs-8/store/vs0zvjr70a4nhq4579waygffda26wgsp-leaf-15.drv.drv"}
@nix {"action":"msg","level":3,"msg":"  /Users/hetzner/obrador-shared-pins-20260909/round-1-baseline/wide-round-1-jobs-8/store/w0gymphfg5bp0pnml1c63linlqy9k42w-leaf-8.drv.drv"}
@nix {"action":"msg","level":3,"msg":"  /Users/hetzner/obrador-shared-pins-20260909/round-1-baseline/wide-round-1-jobs-8/store/xhzns9clj2vvar7v5glrnf4j17l0w72d-leaf-14.drv.drv"}
@nix {"action":"msg","level":3,"msg":"  /Users/hetzner/obrador-shared-pins-20260909/round-1-baseline/wide-round-1-jobs-8/store/xpklbxz8c53yf73rxjqf02lhl32jxdlf-leaf-5.drv.drv"}
@nix {"action":"start","fields":["/Users/hetzner/obrador-shared-pins-20260909/round-1-baseline/wide-round-1-jobs-8/store/11z1d0wrbq8xkvpixdir9pvmm1j8s3xd-leaf-0.drv.drv","",1,1],"id":234595408674816,"level":3,"parent":0,"text":"building 'leaf-0.drv.drv'","type":105}
@nix {"action":"start","fields":["/Users/hetzner/obrador-shared-pins-20260909/round-1-baseline/wide-round-1-jobs-8/store/5ynh6r9hbibnhvm82gnqwjpjvyn1szd5-leaf-1.drv.drv","",1,1],"id":234595408674817,"level":3,"parent":0,"text":"building 'leaf-1.drv.drv'","type":105}
@nix {"action":"start","fields":["/Users/hetzner/obrador-shared-pins-20260909/round-1-baseline/wide-round-1-jobs-8/store/0mgmv0bs6w1qvij69lb5cnv1sg2dgc5p-leaf-2.drv.drv","",1,1],"id":234595408674818,"level":3,"parent":0,"text":"building 'leaf-2.drv.drv'","type":105}
@nix {"action":"start","fields":["/Users/hetzner/obrador-shared-pins-20260909/round-1-baseline/wide-round-1-jobs-8/store/klbyfg8b7v1zbwn9smjjx25xyk5vibws-leaf-3.drv.drv","",1,1],"id":234595408674819,"level":3,"parent":0,"text":"building 'leaf-3.drv.drv'","type":105}
@nix {"action":"start","fields":["/Users/hetzner/obrador-shared-pins-20260909/round-1-baseline/wide-round-1-jobs-8/store/61cxsmvw9p90mipy3qsarikd6kgvdk8m-leaf-4.drv.drv","",1,1],"id":234595408674820,"level":3,"parent":0,"text":"building 'leaf-4.drv.drv'","type":105}
@nix {"action":"start","fields":["/Users/hetzner/obrador-shared-pins-20260909/round-1-baseline/wide-round-1-jobs-8/store/xpklbxz8c53yf73rxjqf02lhl32jxdlf-leaf-5.drv.drv","",1,1],"id":234595408674821,"level":3,"parent":0,"text":"building 'leaf-5.drv.drv'","type":105}
@nix {"action":"start","fields":["/Users/hetzner/obrador-shared-pins-20260909/round-1-baseline/wide-round-1-jobs-8/store/0nm5sg91vlx2krkvrnfmmna490yyskd1-leaf-6.drv.drv","",1,1],"id":234595408674822,"level":3,"parent":0,"text":"building 'leaf-6.drv.drv'","type":105}
@nix {"action":"start","fields":["/Users/hetzner/obrador-shared-pins-20260909/round-1-baseline/wide-round-1-jobs-8/store/kxpsklpwaxj87wg58qsswlf0ayh9wgz8-leaf-7.drv.drv","",1,1],"id":234595408674823,"level":3,"parent":0,"text":"building 'leaf-7.drv.drv'","type":105}
@nix {"action":"stop","id":234595408674816}
@nix {"action":"stop","id":234595408674820}
@nix {"action":"stop","id":234595408674823}
@nix {"action":"stop","id":234595408674821}
@nix {"action":"stop","id":234595408674818}
@nix {"action":"stop","id":234595408674817}
@nix {"action":"stop","id":234595408674819}
@nix {"action":"stop","id":234595408674822}
@nix {"action":"start","fields":["/Users/hetzner/obrador-shared-pins-20260909/round-1-baseline/wide-round-1-jobs-8/store/sm13g2g1kqsygz18pyxfcijf4rrjigkc-leaf-0.drv","",1,1],"id":234595408674824,"level":3,"parent":0,"text":"building 'leaf-0.drv'","type":105}
@nix {"action":"stop","id":234595408674824}
@nix {"action":"start","fields":["/Users/hetzner/obrador-shared-pins-20260909/round-1-baseline/wide-round-1-jobs-8/store/0r9pddq0yx0q0lx9sh8l197j0zvm6jaq-leaf-4.drv","",1,1],"id":234595408674825,"level":3,"parent":0,"text":"building 'leaf-4.drv'","type":105}
@nix {"action":"stop","id":234595408674825}
@nix {"action":"start","fields":["/Users/hetzner/obrador-shared-pins-20260909/round-1-baseline/wide-round-1-jobs-8/store/18a3a50qf75w4xz18qgdhfb954p2rkz1-leaf-7.drv","",1,1],"id":234595408674826,"level":3,"parent":0,"text":"building 'leaf-7.drv'","type":105}
@nix {"action":"start","fields":["/Users/hetzner/obrador-shared-pins-20260909/round-1-baseline/wide-round-1-jobs-8/store/a0fzgj0lf8kggqnk0f0zqms270pyyzbd-leaf-5.drv","",1,1],"id":234595408674827,"level":3,"parent":0,"text":"building 'leaf-5.drv'","type":105}
@nix {"action":"stop","id":234595408674826}
@nix {"action":"start","fields":["/Users/hetzner/obrador-shared-pins-20260909/round-1-baseline/wide-round-1-jobs-8/store/lx1dxyk9b6drhaiycld9ig3h9n4gqkpq-leaf-2.drv","",1,1],"id":234595408674828,"level":3,"parent":0,"text":"building 'leaf-2.drv'","type":105}
@nix {"action":"stop","id":234595408674827}
@nix {"action":"start","fields":["/Users/hetzner/obrador-shared-pins-20260909/round-1-baseline/wide-round-1-jobs-8/store/dyrp341w90g5szvz543yfv55lf3bnvsr-leaf-1.drv","",1,1],"id":234595408674829,"level":3,"parent":0,"text":"building 'leaf-1.drv'","type":105}
@nix {"action":"stop","id":234595408674828}
@nix {"action":"start","fields":["/Users/hetzner/obrador-shared-pins-20260909/round-1-baseline/wide-round-1-jobs-8/store/35jin60jrz4x545c786zxc7zd03bk38g-leaf-3.drv","",1,1],"id":234595408674830,"level":3,"parent":0,"text":"building 'leaf-3.drv'","type":105}
@nix {"action":"stop","id":234595408674829}
@nix {"action":"stop","id":234595408674830}
@nix {"action":"start","fields":["/Users/hetzner/obrador-shared-pins-20260909/round-1-baseline/wide-round-1-jobs-8/store/rkabp8xnj9rylp8bma72kmx1lqb1l82i-leaf-6.drv","",1,1],"id":234595408674831,"level":3,"parent":0,"text":"building 'leaf-6.drv'","type":105}
@nix {"action":"stop","id":234595408674831}
@nix {"action":"start","fields":["/Users/hetzner/obrador-shared-pins-20260909/round-1-baseline/wide-round-1-jobs-8/store/w0gymphfg5bp0pnml1c63linlqy9k42w-leaf-8.drv.drv","",1,1],"id":234595408674832,"level":3,"parent":0,"text":"building 'leaf-8.drv.drv'","type":105}
@nix {"action":"stop","id":234595408674832}
@nix {"action":"start","fields":["/Users/hetzner/obrador-shared-pins-20260909/round-1-baseline/wide-round-1-jobs-8/store/415xwy9dgm76jwiral8najjm9vyby736-leaf-9.drv.drv","",1,1],"id":234595408674833,"level":3,"parent":0,"text":"building 'leaf-9.drv.drv'","type":105}
@nix {"action":"start","fields":["/Users/hetzner/obrador-shared-pins-20260909/round-1-baseline/wide-round-1-jobs-8/store/9bb63c7xj2v0larzzq9w98vvm7zjr3sp-leaf-10.drv.drv","",1,1],"id":234595408674834,"level":3,"parent":0,"text":"building 'leaf-10.drv.drv'","type":105}
@nix {"action":"start","fields":["/Users/hetzner/obrador-shared-pins-20260909/round-1-baseline/wide-round-1-jobs-8/store/sk5c0fpx4q11vp2fki3jdaiz168hrkms-leaf-11.drv.drv","",1,1],"id":234595408674835,"level":3,"parent":0,"text":"building 'leaf-11.drv.drv'","type":105}
@nix {"action":"start","fields":["/Users/hetzner/obrador-shared-pins-20260909/round-1-baseline/wide-round-1-jobs-8/store/v4li03w4v22bqgq1h64pmb4fka0rqpj9-leaf-12.drv.drv","",1,1],"id":234595408674836,"level":3,"parent":0,"text":"building 'leaf-12.drv.drv'","type":105}
@nix {"action":"start","fields":["/Users/hetzner/obrador-shared-pins-20260909/round-1-baseline/wide-round-1-jobs-8/store/j4l7c1179kghwzjm89b0zp5dhhmb1b4h-leaf-13.drv.drv","",1,1],"id":234595408674837,"level":3,"parent":0,"text":"building 'leaf-13.drv.drv'","type":105}
@nix {"action":"stop","id":234595408674834}
@nix {"action":"stop","id":234595408674833}
@nix {"action":"stop","id":234595408674836}
@nix {"action":"start","fields":["/Users/hetzner/obrador-shared-pins-20260909/round-1-baseline/wide-round-1-jobs-8/store/xhzns9clj2vvar7v5glrnf4j17l0w72d-leaf-14.drv.drv","",1,1],"id":234595408674838,"level":3,"parent":0,"text":"building 'leaf-14.drv.drv'","type":105}
@nix {"action":"start","fields":["/Users/hetzner/obrador-shared-pins-20260909/round-1-baseline/wide-round-1-jobs-8/store/vs0zvjr70a4nhq4579waygffda26wgsp-leaf-15.drv.drv","",1,1],"id":234595408674839,"level":3,"parent":0,"text":"building 'leaf-15.drv.drv'","type":105}
@nix {"action":"stop","id":234595408674835}
@nix {"action":"stop","id":234595408674837}
@nix {"action":"stop","id":234595408674839}
@nix {"action":"stop","id":234595408674838}
@nix {"action":"start","fields":["/Users/hetzner/obrador-shared-pins-20260909/round-1-baseline/wide-round-1-jobs-8/store/b8bd327q4g9vsl9rnyhmi12dqyzjr6hj-leaf-8.drv","",1,1],"id":234595408674840,"level":3,"parent":0,"text":"building 'leaf-8.drv'","type":105}
@nix {"action":"stop","id":234595408674840}
@nix {"action":"start","fields":["/Users/hetzner/obrador-shared-pins-20260909/round-1-baseline/wide-round-1-jobs-8/store/yj37z0yqdgdr5ww8bsg7wdpd8m73xqp4-leaf-10.drv","",1,1],"id":234595408674841,"level":3,"parent":0,"text":"building 'leaf-10.drv'","type":105}
@nix {"action":"stop","id":234595408674841}
@nix {"action":"start","fields":["/Users/hetzner/obrador-shared-pins-20260909/round-1-baseline/wide-round-1-jobs-8/store/b80g46g3m7yyx6ihm3rwyckr1wbzisah-leaf-9.drv","",1,1],"id":234595408674842,"level":3,"parent":0,"text":"building 'leaf-9.drv'","type":105}
@nix {"action":"start","fields":["/Users/hetzner/obrador-shared-pins-20260909/round-1-baseline/wide-round-1-jobs-8/store/nvry7c08pr7dxnwfx3mnpz9ndgziiq59-leaf-12.drv","",1,1],"id":234595408674843,"level":3,"parent":0,"text":"building 'leaf-12.drv'","type":105}
@nix {"action":"stop","id":234595408674842}
@nix {"action":"start","fields":["/Users/hetzner/obrador-shared-pins-20260909/round-1-baseline/wide-round-1-jobs-8/store/vsg5haz4r5kr7096rfdlr0f5bzh7il5b-leaf-11.drv","",1,1],"id":234595408674844,"level":3,"parent":0,"text":"building 'leaf-11.drv'","type":105}
@nix {"action":"start","fields":["/Users/hetzner/obrador-shared-pins-20260909/round-1-baseline/wide-round-1-jobs-8/store/vbyhj2ki9b7cirkh34nkklqp02wyrj2z-leaf-13.drv","",1,1],"id":234595408674845,"level":3,"parent":0,"text":"building 'leaf-13.drv'","type":105}
@nix {"action":"stop","id":234595408674843}
@nix {"action":"stop","id":234595408674844}
@nix {"action":"start","fields":["/Users/hetzner/obrador-shared-pins-20260909/round-1-baseline/wide-round-1-jobs-8/store/zd8z2g2nj31ikmk6czs2ddvnkx676w8s-leaf-15.drv","",1,1],"id":234595408674846,"level":3,"parent":0,"text":"building 'leaf-15.drv'","type":105}
@nix {"action":"stop","id":234595408674845}
@nix {"action":"stop","id":234595408674846}
@nix {"action":"start","fields":["/Users/hetzner/obrador-shared-pins-20260909/round-1-baseline/wide-round-1-jobs-8/store/hjicgcl7zydzrxyrfz017zmhshcfmy12-leaf-14.drv","",1,1],"id":234595408674847,"level":3,"parent":0,"text":"building 'leaf-14.drv'","type":105}
@nix {"action":"stop","id":234595408674847}
@nix {"action":"start","fields":["/Users/hetzner/obrador-shared-pins-20260909/round-1-baseline/wide-round-1-jobs-8/store/r05504iiaqixfgvarwyvlbbhc009v11j-leaf-16.drv.drv","",1,1],"id":234595408674848,"level":3,"parent":0,"text":"building 'leaf-16.drv.drv'","type":105}
@nix {"action":"stop","id":234595408674848}
@nix {"action":"start","fields":["/Users/hetzner/obrador-shared-pins-20260909/round-1-baseline/wide-round-1-jobs-8/store/6psp2aqbzsqb2iqwaqmxxzciicjkfhbw-leaf-17.drv.drv","",1,1],"id":234595408674849,"level":3,"parent":0,"text":"building 'leaf-17.drv.drv'","type":105}
@nix {"action":"start","fields":["/Users/hetzner/obrador-shared-pins-20260909/round-1-baseline/wide-round-1-jobs-8/store/cwqa99qscmwf7y4asi84sqryh6nviycf-leaf-18.drv.drv","",1,1],"id":234595408674850,"level":3,"parent":0,"text":"building 'leaf-18.drv.drv'","type":105}
@nix {"action":"start","fields":["/Users/hetzner/obrador-shared-pins-20260909/round-1-baseline/wide-round-1-jobs-8/store/adcgqnv480k3r9k6kadw43aibz1j9sm1-leaf-19.drv.drv","",1,1],"id":234595408674851,"level":3,"parent":0,"text":"building 'leaf-19.drv.drv'","type":105}
@nix {"action":"start","fields":["/Users/hetzner/obrador-shared-pins-20260909/round-1-baseline/wide-round-1-jobs-8/store/fi38dzwcr3kwamvwyww9mm0zizsaqmpg-leaf-20.drv.drv","",1,1],"id":234595408674852,"level":3,"parent":0,"text":"building 'leaf-20.drv.drv'","type":105}
@nix {"action":"stop","id":234595408674849}
@nix {"action":"stop","id":234595408674850}
@nix {"action":"stop","id":234595408674852}
@nix {"action":"stop","id":234595408674851}
@nix {"action":"start","fields":["/Users/hetzner/obrador-shared-pins-20260909/round-1-baseline/wide-round-1-jobs-8/store/592zcblc7ls2b65vwvy20cmjhagjmr1s-leaf-21.drv.drv","",1,1],"id":234595408674853,"level":3,"parent":0,"text":"building 'leaf-21.drv.drv'","type":105}
@nix {"action":"stop","id":234595408674853}
@nix {"action":"start","fields":["/Users/hetzner/obrador-shared-pins-20260909/round-1-baseline/wide-round-1-jobs-8/store/qsvjz8svywfcypy4fryc7qgz6kscmxhz-leaf-22.drv.drv","",1,1],"id":234595408674854,"level":3,"parent":0,"text":"building 'leaf-22.drv.drv'","type":105}
@nix {"action":"start","fields":["/Users/hetzner/obrador-shared-pins-20260909/round-1-baseline/wide-round-1-jobs-8/store/vijlpvklha0yyzfzr4gppwlldwqqqb3k-leaf-23.drv.drv","",1,1],"id":234595408674855,"level":3,"parent":0,"text":"building 'leaf-23.drv.drv'","type":105}
@nix {"action":"start","fields":["/Users/hetzner/obrador-shared-pins-20260909/round-1-baseline/wide-round-1-jobs-8/store/yk3zn747zm5nhpr4wy1gm3d3q612va0s-leaf-16.drv","",1,1],"id":234595408674856,"level":3,"parent":0,"text":"building 'leaf-16.drv'","type":105}
@nix {"action":"start","fields":["/Users/hetzner/obrador-shared-pins-20260909/round-1-baseline/wide-round-1-jobs-8/store/85xh938c69wf4gqmys3rdi3lgdj43bsk-leaf-17.drv","",1,1],"id":234595408674857,"level":3,"parent":0,"text":"building 'leaf-17.drv'","type":105}
@nix {"action":"start","fields":["/Users/hetzner/obrador-shared-pins-20260909/round-1-baseline/wide-round-1-jobs-8/store/nyqj3vs7zxq34hw45awxh1r8zzrw1jvk-leaf-18.drv","",1,1],"id":234595408674858,"level":3,"parent":0,"text":"building 'leaf-18.drv'","type":105}
@nix {"action":"stop","id":234595408674855}
@nix {"action":"stop","id":234595408674854}
@nix {"action":"stop","id":234595408674856}
@nix {"action":"stop","id":234595408674857}
@nix {"action":"stop","id":234595408674858}
@nix {"action":"start","fields":["/Users/hetzner/obrador-shared-pins-20260909/round-1-baseline/wide-round-1-jobs-8/store/a94wk4gi3g4fxp7dsds4ysbi3dqxipbk-leaf-20.drv","",1,1],"id":234595408674859,"level":3,"parent":0,"text":"building 'leaf-20.drv'","type":105}
@nix {"action":"stop","id":234595408674859}
@nix {"action":"start","fields":["/Users/hetzner/obrador-shared-pins-20260909/round-1-baseline/wide-round-1-jobs-8/store/9d5liyfxc4w4ab9a0bagl35yn0n7dn4d-leaf-19.drv","",1,1],"id":234595408674860,"level":3,"parent":0,"text":"building 'leaf-19.drv'","type":105}
@nix {"action":"stop","id":234595408674860}
@nix {"action":"start","fields":["/Users/hetzner/obrador-shared-pins-20260909/round-1-baseline/wide-round-1-jobs-8/store/mwhi473w2jadd0a1q6xs6s23z57gz03v-leaf-21.drv","",1,1],"id":234595408674861,"level":3,"parent":0,"text":"building 'leaf-21.drv'","type":105}
@nix {"action":"start","fields":["/Users/hetzner/obrador-shared-pins-20260909/round-1-baseline/wide-round-1-jobs-8/store/l8d5b67gy1am7nrjd3smhx4fnmvglm7y-leaf-23.drv","",1,1],"id":234595408674862,"level":3,"parent":0,"text":"building 'leaf-23.drv'","type":105}
@nix {"action":"stop","id":234595408674861}
@nix {"action":"start","fields":["/Users/hetzner/obrador-shared-pins-20260909/round-1-baseline/wide-round-1-jobs-8/store/yxqfdlkydsghgs75g37g7l91xb2bzapv-leaf-22.drv","",1,1],"id":234595408674863,"level":3,"parent":0,"text":"building 'leaf-22.drv'","type":105}
@nix {"action":"start","fields":["/Users/hetzner/obrador-shared-pins-20260909/round-1-baseline/wide-round-1-jobs-8/store/qmmf1bhncryba5ql4yvjaz2bf2jk2263-leaf-24.drv.drv","",1,1],"id":234595408674864,"level":3,"parent":0,"text":"building 'leaf-24.drv.drv'","type":105}
@nix {"action":"stop","id":234595408674862}
@nix {"action":"stop","id":234595408674863}
@nix {"action":"stop","id":234595408674864}
@nix {"action":"start","fields":["/Users/hetzner/obrador-shared-pins-20260909/round-1-baseline/wide-round-1-jobs-8/store/2qhlpyprwfbp2j6d9hmzs5q0fdzpqhgs-leaf-25.drv.drv","",1,1],"id":234595408674865,"level":3,"parent":0,"text":"building 'leaf-25.drv.drv'","type":105}
@nix {"action":"stop","id":234595408674865}
@nix {"action":"start","fields":["/Users/hetzner/obrador-shared-pins-20260909/round-1-baseline/wide-round-1-jobs-8/store/75ywk4ll599mqma38s0cg31k9ngqia1z-leaf-26.drv.drv","",1,1],"id":234595408674866,"level":3,"parent":0,"text":"building 'leaf-26.drv.drv'","type":105}
@nix {"action":"stop","id":234595408674866}
@nix {"action":"start","fields":["/Users/hetzner/obrador-shared-pins-20260909/round-1-baseline/wide-round-1-jobs-8/store/28r98n755si1vavvx4x9mdwpk6b63n4y-leaf-27.drv.drv","",1,1],"id":234595408674867,"level":3,"parent":0,"text":"building 'leaf-27.drv.drv'","type":105}
@nix {"action":"start","fields":["/Users/hetzner/obrador-shared-pins-20260909/round-1-baseline/wide-round-1-jobs-8/store/mp6r03dg8akrzgcy9hlv8ydy5zjk0bql-leaf-28.drv.drv","",1,1],"id":234595408674868,"level":3,"parent":0,"text":"building 'leaf-28.drv.drv'","type":105}
@nix {"action":"start","fields":["/Users/hetzner/obrador-shared-pins-20260909/round-1-baseline/wide-round-1-jobs-8/store/3k4r2v926hrqqsin3h9nyq4i1j5ss8lr-leaf-29.drv.drv","",1,1],"id":234595408674869,"level":3,"parent":0,"text":"building 'leaf-29.drv.drv'","type":105}
@nix {"action":"stop","id":234595408674867}
@nix {"action":"stop","id":234595408674868}
@nix {"action":"stop","id":234595408674869}
@nix {"action":"start","fields":["/Users/hetzner/obrador-shared-pins-20260909/round-1-baseline/wide-round-1-jobs-8/store/39mbzkg48i4dg1wx1a54hyrzmp2sy4yl-leaf-30.drv.drv","",1,1],"id":234595408674870,"level":3,"parent":0,"text":"building 'leaf-30.drv.drv'","type":105}
@nix {"action":"start","fields":["/Users/hetzner/obrador-shared-pins-20260909/round-1-baseline/wide-round-1-jobs-8/store/7q6z25ssjw8p20mp5caf37ps3r4nj11m-leaf-31.drv.drv","",1,1],"id":234595408674871,"level":3,"parent":0,"text":"building 'leaf-31.drv.drv'","type":105}
@nix {"action":"start","fields":["/Users/hetzner/obrador-shared-pins-20260909/round-1-baseline/wide-round-1-jobs-8/store/2ibjqp4207jryiiba3ssv78khn2dxiv8-leaf-24.drv","",1,1],"id":234595408674872,"level":3,"parent":0,"text":"building 'leaf-24.drv'","type":105}
@nix {"action":"stop","id":234595408674871}
@nix {"action":"start","fields":["/Users/hetzner/obrador-shared-pins-20260909/round-1-baseline/wide-round-1-jobs-8/store/nbljr82n3fsb3h48950fh4nj4haddrfk-leaf-25.drv","",1,1],"id":234595408674873,"level":3,"parent":0,"text":"building 'leaf-25.drv'","type":105}
@nix {"action":"stop","id":234595408674870}
@nix {"action":"stop","id":234595408674872}
@nix {"action":"stop","id":234595408674873}
@nix {"action":"start","fields":["/Users/hetzner/obrador-shared-pins-20260909/round-1-baseline/wide-round-1-jobs-8/store/kv6g9mchv6sr8xvq5fhsd1pifkmly6ra-leaf-26.drv","",1,1],"id":234595408674874,"level":3,"parent":0,"text":"building 'leaf-26.drv'","type":105}
@nix {"action":"stop","id":234595408674874}
@nix {"action":"start","fields":["/Users/hetzner/obrador-shared-pins-20260909/round-1-baseline/wide-round-1-jobs-8/store/w93f8dp3zf257ws443jayscdcsbp6ps4-leaf-27.drv","",1,1],"id":234595408674875,"level":3,"parent":0,"text":"building 'leaf-27.drv'","type":105}
@nix {"action":"start","fields":["/Users/hetzner/obrador-shared-pins-20260909/round-1-baseline/wide-round-1-jobs-8/store/y4p40gpx3ra9i967bfycs7m82g4nxd1y-leaf-28.drv","",1,1],"id":234595408674876,"level":3,"parent":0,"text":"building 'leaf-28.drv'","type":105}
@nix {"action":"stop","id":234595408674875}
@nix {"action":"stop","id":234595408674876}
@nix {"action":"start","fields":["/Users/hetzner/obrador-shared-pins-20260909/round-1-baseline/wide-round-1-jobs-8/store/kkh619j3r2dcmkfh9lblmbzxi2xi5lhh-leaf-29.drv","",1,1],"id":234595408674877,"level":3,"parent":0,"text":"building 'leaf-29.drv'","type":105}
@nix {"action":"stop","id":234595408674877}
@nix {"action":"start","fields":["/Users/hetzner/obrador-shared-pins-20260909/round-1-baseline/wide-round-1-jobs-8/store/1jsz028b691mjdp9qfb1x85jl7rgz55q-leaf-31.drv","",1,1],"id":234595408674878,"level":3,"parent":0,"text":"building 'leaf-31.drv'","type":105}
@nix {"action":"start","fields":["/Users/hetzner/obrador-shared-pins-20260909/round-1-baseline/wide-round-1-jobs-8/store/gl6h34k7r75jqiqvrkiwlc833n3nvcki-leaf-30.drv","",1,1],"id":234595408674879,"level":3,"parent":0,"text":"building 'leaf-30.drv'","type":105}
@nix {"action":"stop","id":234595408674878}
@nix {"action":"stop","id":234595408674879}
