copying 33 paths...
copying path '/Users/hetzner/obrador-shared-pins-20260909/round-1-baseline/wide-round-1-jobs-8/store/9bgk1ghc98bngcdzdgcs080108pr8whl-seed' to 'obrador+local:///Users/hetzner/obrador-shared-pins-20260909/round-1-baseline/wide-round-1-jobs-8/obrador/state'...
copying path '/Users/hetzner/obrador-shared-pins-20260909/round-1-baseline/wide-round-1-jobs-8/store/2qhlpyprwfbp2j6d9hmzs5q0fdzpqhgs-leaf-25.drv.drv' to 'obrador+local:///Users/hetzner/obrador-shared-pins-20260909/round-1-baseline/wide-round-1-jobs-8/obrador/state'...
copying path '/Users/hetzner/obrador-shared-pins-20260909/round-1-baseline/wide-round-1-jobs-8/store/28r98n755si1vavvx4x9mdwpk6b63n4y-leaf-27.drv.drv' to 'obrador+local:///Users/hetzner/obrador-shared-pins-20260909/round-1-baseline/wide-round-1-jobs-8/obrador/state'...
copying path '/Users/hetzner/obrador-shared-pins-20260909/round-1-baseline/wide-round-1-jobs-8/store/3k4r2v926hrqqsin3h9nyq4i1j5ss8lr-leaf-29.drv.drv' to 'obrador+local:///Users/hetzner/obrador-shared-pins-20260909/round-1-baseline/wide-round-1-jobs-8/obrador/state'...
copying path '/Users/hetzner/obrador-shared-pins-20260909/round-1-baseline/wide-round-1-jobs-8/store/39mbzkg48i4dg1wx1a54hyrzmp2sy4yl-leaf-30.drv.drv' to 'obrador+local:///Users/hetzner/obrador-shared-pins-20260909/round-1-baseline/wide-round-1-jobs-8/obrador/state'...
copying path '/Users/hetzner/obrador-shared-pins-20260909/round-1-baseline/wide-round-1-jobs-8/store/415xwy9dgm76jwiral8najjm9vyby736-leaf-9.drv.drv' to 'obrador+local:///Users/hetzner/obrador-shared-pins-20260909/round-1-baseline/wide-round-1-jobs-8/obrador/state'...
copying path '/Users/hetzner/obrador-shared-pins-20260909/round-1-baseline/wide-round-1-jobs-8/store/0mgmv0bs6w1qvij69lb5cnv1sg2dgc5p-leaf-2.drv.drv' to 'obrador+local:///Users/hetzner/obrador-shared-pins-20260909/round-1-baseline/wide-round-1-jobs-8/obrador/state'...
copying path '/Users/hetzner/obrador-shared-pins-20260909/round-1-baseline/wide-round-1-jobs-8/store/0nm5sg91vlx2krkvrnfmmna490yyskd1-leaf-6.drv.drv' to 'obrador+local:///Users/hetzner/obrador-shared-pins-20260909/round-1-baseline/wide-round-1-jobs-8/obrador/state'...
copying path '/Users/hetzner/obrador-shared-pins-20260909/round-1-baseline/wide-round-1-jobs-8/store/11z1d0wrbq8xkvpixdir9pvmm1j8s3xd-leaf-0.drv.drv' to 'obrador+local:///Users/hetzner/obrador-shared-pins-20260909/round-1-baseline/wide-round-1-jobs-8/obrador/state'...
copying path '/Users/hetzner/obrador-shared-pins-20260909/round-1-baseline/wide-round-1-jobs-8/store/592zcblc7ls2b65vwvy20cmjhagjmr1s-leaf-21.drv.drv' to 'obrador+local:///Users/hetzner/obrador-shared-pins-20260909/round-1-baseline/wide-round-1-jobs-8/obrador/state'...
copying path '/Users/hetzner/obrador-shared-pins-20260909/round-1-baseline/wide-round-1-jobs-8/store/5ynh6r9hbibnhvm82gnqwjpjvyn1szd5-leaf-1.drv.drv' to 'obrador+local:///Users/hetzner/obrador-shared-pins-20260909/round-1-baseline/wide-round-1-jobs-8/obrador/state'...
copying path '/Users/hetzner/obrador-shared-pins-20260909/round-1-baseline/wide-round-1-jobs-8/store/61cxsmvw9p90mipy3qsarikd6kgvdk8m-leaf-4.drv.drv' to 'obrador+local:///Users/hetzner/obrador-shared-pins-20260909/round-1-baseline/wide-round-1-jobs-8/obrador/state'...
copying path '/Users/hetzner/obrador-shared-pins-20260909/round-1-baseline/wide-round-1-jobs-8/store/6psp2aqbzsqb2iqwaqmxxzciicjkfhbw-leaf-17.drv.drv' to 'obrador+local:///Users/hetzner/obrador-shared-pins-20260909/round-1-baseline/wide-round-1-jobs-8/obrador/state'...
copying path '/Users/hetzner/obrador-shared-pins-20260909/round-1-baseline/wide-round-1-jobs-8/store/75ywk4ll599mqma38s0cg31k9ngqia1z-leaf-26.drv.drv' to 'obrador+local:///Users/hetzner/obrador-shared-pins-20260909/round-1-baseline/wide-round-1-jobs-8/obrador/state'...
copying path '/Users/hetzner/obrador-shared-pins-20260909/round-1-baseline/wide-round-1-jobs-8/store/7q6z25ssjw8p20mp5caf37ps3r4nj11m-leaf-31.drv.drv' to 'obrador+local:///Users/hetzner/obrador-shared-pins-20260909/round-1-baseline/wide-round-1-jobs-8/obrador/state'...
copying path '/Users/hetzner/obrador-shared-pins-20260909/round-1-baseline/wide-round-1-jobs-8/store/9bb63c7xj2v0larzzq9w98vvm7zjr3sp-leaf-10.drv.drv' to 'obrador+local:///Users/hetzner/obrador-shared-pins-20260909/round-1-baseline/wide-round-1-jobs-8/obrador/state'...
copying path '/Users/hetzner/obrador-shared-pins-20260909/round-1-baseline/wide-round-1-jobs-8/store/adcgqnv480k3r9k6kadw43aibz1j9sm1-leaf-19.drv.drv' to 'obrador+local:///Users/hetzner/obrador-shared-pins-20260909/round-1-baseline/wide-round-1-jobs-8/obrador/state'...
copying path '/Users/hetzner/obrador-shared-pins-20260909/round-1-baseline/wide-round-1-jobs-8/store/cwqa99qscmwf7y4asi84sqryh6nviycf-leaf-18.drv.drv' to 'obrador+local:///Users/hetzner/obrador-shared-pins-20260909/round-1-baseline/wide-round-1-jobs-8/obrador/state'...
copying path '/Users/hetzner/obrador-shared-pins-20260909/round-1-baseline/wide-round-1-jobs-8/store/fi38dzwcr3kwamvwyww9mm0zizsaqmpg-leaf-20.drv.drv' to 'obrador+local:///Users/hetzner/obrador-shared-pins-20260909/round-1-baseline/wide-round-1-jobs-8/obrador/state'...
copying path '/Users/hetzner/obrador-shared-pins-20260909/round-1-baseline/wide-round-1-jobs-8/store/j4l7c1179kghwzjm89b0zp5dhhmb1b4h-leaf-13.drv.drv' to 'obrador+local:///Users/hetzner/obrador-shared-pins-20260909/round-1-baseline/wide-round-1-jobs-8/obrador/state'...
copying path '/Users/hetzner/obrador-shared-pins-20260909/round-1-baseline/wide-round-1-jobs-8/store/klbyfg8b7v1zbwn9smjjx25xyk5vibws-leaf-3.drv.drv' to 'obrador+local:///Users/hetzner/obrador-shared-pins-20260909/round-1-baseline/wide-round-1-jobs-8/obrador/state'...
copying path '/Users/hetzner/obrador-shared-pins-20260909/round-1-baseline/wide-round-1-jobs-8/store/kxpsklpwaxj87wg58qsswlf0ayh9wgz8-leaf-7.drv.drv' to 'obrador+local:///Users/hetzner/obrador-shared-pins-20260909/round-1-baseline/wide-round-1-jobs-8/obrador/state'...
copying path '/Users/hetzner/obrador-shared-pins-20260909/round-1-baseline/wide-round-1-jobs-8/store/mp6r03dg8akrzgcy9hlv8ydy5zjk0bql-leaf-28.drv.drv' to 'obrador+local:///Users/hetzner/obrador-shared-pins-20260909/round-1-baseline/wide-round-1-jobs-8/obrador/state'...
copying path '/Users/hetzner/obrador-shared-pins-20260909/round-1-baseline/wide-round-1-jobs-8/store/qmmf1bhncryba5ql4yvjaz2bf2jk2263-leaf-24.drv.drv' to 'obrador+local:///Users/hetzner/obrador-shared-pins-20260909/round-1-baseline/wide-round-1-jobs-8/obrador/state'...
copying path '/Users/hetzner/obrador-shared-pins-20260909/round-1-baseline/wide-round-1-jobs-8/store/qsvjz8svywfcypy4fryc7qgz6kscmxhz-leaf-22.drv.drv' to 'obrador+local:///Users/hetzner/obrador-shared-pins-20260909/round-1-baseline/wide-round-1-jobs-8/obrador/state'...
copying path '/Users/hetzner/obrador-shared-pins-20260909/round-1-baseline/wide-round-1-jobs-8/store/r05504iiaqixfgvarwyvlbbhc009v11j-leaf-16.drv.drv' to 'obrador+local:///Users/hetzner/obrador-shared-pins-20260909/round-1-baseline/wide-round-1-jobs-8/obrador/state'...
copying path '/Users/hetzner/obrador-shared-pins-20260909/round-1-baseline/wide-round-1-jobs-8/store/sk5c0fpx4q11vp2fki3jdaiz168hrkms-leaf-11.drv.drv' to 'obrador+local:///Users/hetzner/obrador-shared-pins-20260909/round-1-baseline/wide-round-1-jobs-8/obrador/state'...
copying path '/Users/hetzner/obrador-shared-pins-20260909/round-1-baseline/wide-round-1-jobs-8/store/v4li03w4v22bqgq1h64pmb4fka0rqpj9-leaf-12.drv.drv' to 'obrador+local:///Users/hetzner/obrador-shared-pins-20260909/round-1-baseline/wide-round-1-jobs-8/obrador/state'...
copying path '/Users/hetzner/obrador-shared-pins-20260909/round-1-baseline/wide-round-1-jobs-8/store/vijlpvklha0yyzfzr4gppwlldwqqqb3k-leaf-23.drv.drv' to 'obrador+local:///Users/hetzner/obrador-shared-pins-20260909/round-1-baseline/wide-round-1-jobs-8/obrador/state'...
copying path '/Users/hetzner/obrador-shared-pins-20260909/round-1-baseline/wide-round-1-jobs-8/store/vs0zvjr70a4nhq4579waygffda26wgsp-leaf-15.drv.drv' to 'obrador+local:///Users/hetzner/obrador-shared-pins-20260909/round-1-baseline/wide-round-1-jobs-8/obrador/state'...
copying path '/Users/hetzner/obrador-shared-pins-20260909/round-1-baseline/wide-round-1-jobs-8/store/w0gymphfg5bp0pnml1c63linlqy9k42w-leaf-8.drv.drv' to 'obrador+local:///Users/hetzner/obrador-shared-pins-20260909/round-1-baseline/wide-round-1-jobs-8/obrador/state'...
copying path '/Users/hetzner/obrador-shared-pins-20260909/round-1-baseline/wide-round-1-jobs-8/store/xhzns9clj2vvar7v5glrnf4j17l0w72d-leaf-14.drv.drv' to 'obrador+local:///Users/hetzner/obrador-shared-pins-20260909/round-1-baseline/wide-round-1-jobs-8/obrador/state'...
copying path '/Users/hetzner/obrador-shared-pins-20260909/round-1-baseline/wide-round-1-jobs-8/store/xpklbxz8c53yf73rxjqf02lhl32jxdlf-leaf-5.drv.drv' to 'obrador+local:///Users/hetzner/obrador-shared-pins-20260909/round-1-baseline/wide-round-1-jobs-8/obrador/state'...
