copying 32 paths...
copying path '/Users/hetzner/obrador-shared-pins-20260909/round-1-baseline/wide-round-1-jobs-8/store/18v5m6sh8bdc0lyjac8z5dnqy788f0gg-leaf-23-result' from 'obrador+local:///Users/hetzner/obrador-shared-pins-20260909/round-1-baseline/wide-round-1-jobs-8/obrador/state'...
copying path '/Users/hetzner/obrador-shared-pins-20260909/round-1-baseline/wide-round-1-jobs-8/store/18gxhyyn4ng7jyh2ly4c83m89xv2p9pw-leaf-18-result' from 'obrador+local:///Users/hetzner/obrador-shared-pins-20260909/round-1-baseline/wide-round-1-jobs-8/obrador/state'...
copying path '/Users/hetzner/obrador-shared-pins-20260909/round-1-baseline/wide-round-1-jobs-8/store/251n7ci418qkaa7zkh43dyxpvl81k6w1-leaf-24-result' from 'obrador+local:///Users/hetzner/obrador-shared-pins-20260909/round-1-baseline/wide-round-1-jobs-8/obrador/state'...
copying path '/Users/hetzner/obrador-shared-pins-20260909/round-1-baseline/wide-round-1-jobs-8/store/31l3x799d9wf4m0v4c5ni2f6gfxdp6h9-leaf-4-result' from 'obrador+local:///Users/hetzner/obrador-shared-pins-20260909/round-1-baseline/wide-round-1-jobs-8/obrador/state'...
copying path '/Users/hetzner/obrador-shared-pins-20260909/round-1-baseline/wide-round-1-jobs-8/store/89j7pd9hdwy65qvqw4gs853ywvpq44gj-leaf-0-result' from 'obrador+local:///Users/hetzner/obrador-shared-pins-20260909/round-1-baseline/wide-round-1-jobs-8/obrador/state'...
copying path '/Users/hetzner/obrador-shared-pins-20260909/round-1-baseline/wide-round-1-jobs-8/store/7xmjmd6ladvh0clr5v00s0zqd2d5c0fa-leaf-17-result' from 'obrador+local:///Users/hetzner/obrador-shared-pins-20260909/round-1-baseline/wide-round-1-jobs-8/obrador/state'...
copying path '/Users/hetzner/obrador-shared-pins-20260909/round-1-baseline/wide-round-1-jobs-8/store/8jxl2gjqlsc6wdf6ffys5kvavr63jdb6-leaf-8-result' from 'obrador+local:///Users/hetzner/obrador-shared-pins-20260909/round-1-baseline/wide-round-1-jobs-8/obrador/state'...
copying path '/Users/hetzner/obrador-shared-pins-20260909/round-1-baseline/wide-round-1-jobs-8/store/3cx6m9rmzhg6x6kaq2s52b17kifdmq0l-leaf-31-result' from 'obrador+local:///Users/hetzner/obrador-shared-pins-20260909/round-1-baseline/wide-round-1-jobs-8/obrador/state'...
copying path '/Users/hetzner/obrador-shared-pins-20260909/round-1-baseline/wide-round-1-jobs-8/store/97k1hxbsb2j0s4p2pkmjx0n4imn1ai5j-leaf-14-result' from 'obrador+local:///Users/hetzner/obrador-shared-pins-20260909/round-1-baseline/wide-round-1-jobs-8/obrador/state'...
copying path '/Users/hetzner/obrador-shared-pins-20260909/round-1-baseline/wide-round-1-jobs-8/store/bwvz7a4w5gx5clf1fmp88p0rjpmy3x8l-leaf-11-result' from 'obrador+local:///Users/hetzner/obrador-shared-pins-20260909/round-1-baseline/wide-round-1-jobs-8/obrador/state'...
copying path '/Users/hetzner/obrador-shared-pins-20260909/round-1-baseline/wide-round-1-jobs-8/store/cg2si8f0pry19bkf3ln1hc4fpiphxps3-leaf-25-result' from 'obrador+local:///Users/hetzner/obrador-shared-pins-20260909/round-1-baseline/wide-round-1-jobs-8/obrador/state'...
copying path '/Users/hetzner/obrador-shared-pins-20260909/round-1-baseline/wide-round-1-jobs-8/store/cxci8fm04hfqzvxx68w3a03rs0rwflg1-leaf-13-result' from 'obrador+local:///Users/hetzner/obrador-shared-pins-20260909/round-1-baseline/wide-round-1-jobs-8/obrador/state'...
copying path '/Users/hetzner/obrador-shared-pins-20260909/round-1-baseline/wide-round-1-jobs-8/store/fmi7089mp487gsf1pa2kc0wfl943ai7b-leaf-10-result' from 'obrador+local:///Users/hetzner/obrador-shared-pins-20260909/round-1-baseline/wide-round-1-jobs-8/obrador/state'...
copying path '/Users/hetzner/obrador-shared-pins-20260909/round-1-baseline/wide-round-1-jobs-8/store/fylas2564lpdwali2n0xzxc9gvn9qn9z-leaf-5-result' from 'obrador+local:///Users/hetzner/obrador-shared-pins-20260909/round-1-baseline/wide-round-1-jobs-8/obrador/state'...
copying path '/Users/hetzner/obrador-shared-pins-20260909/round-1-baseline/wide-round-1-jobs-8/store/h2mf6ky5wxd6w1rvypdbn3jx6rqfisy6-leaf-16-result' from 'obrador+local:///Users/hetzner/obrador-shared-pins-20260909/round-1-baseline/wide-round-1-jobs-8/obrador/state'...
copying path '/Users/hetzner/obrador-shared-pins-20260909/round-1-baseline/wide-round-1-jobs-8/store/h67hwyn6lrl8bcxg4729s81a1h3k2kkv-leaf-27-result' from 'obrador+local:///Users/hetzner/obrador-shared-pins-20260909/round-1-baseline/wide-round-1-jobs-8/obrador/state'...
copying path '/Users/hetzner/obrador-shared-pins-20260909/round-1-baseline/wide-round-1-jobs-8/store/h6dsjq54hqsqg68pygwl5m5rmdzldc8z-leaf-19-result' from 'obrador+local:///Users/hetzner/obrador-shared-pins-20260909/round-1-baseline/wide-round-1-jobs-8/obrador/state'...
copying path '/Users/hetzner/obrador-shared-pins-20260909/round-1-baseline/wide-round-1-jobs-8/store/i6wjjhkzmgd50dxsa5h6ixli8mrddnp6-leaf-22-result' from 'obrador+local:///Users/hetzner/obrador-shared-pins-20260909/round-1-baseline/wide-round-1-jobs-8/obrador/state'...
copying path '/Users/hetzner/obrador-shared-pins-20260909/round-1-baseline/wide-round-1-jobs-8/store/izglwz1qm5d08sqh1kxdnb12c7qs8328-leaf-3-result' from 'obrador+local:///Users/hetzner/obrador-shared-pins-20260909/round-1-baseline/wide-round-1-jobs-8/obrador/state'...
copying path '/Users/hetzner/obrador-shared-pins-20260909/round-1-baseline/wide-round-1-jobs-8/store/mrq15y9gz8v870srawjqga7j3rhawf1d-leaf-20-result' from 'obrador+local:///Users/hetzner/obrador-shared-pins-20260909/round-1-baseline/wide-round-1-jobs-8/obrador/state'...
copying path '/Users/hetzner/obrador-shared-pins-20260909/round-1-baseline/wide-round-1-jobs-8/store/nq81zps1mcriiirf5cn1v6j0z9abrbwp-leaf-12-result' from 'obrador+local:///Users/hetzner/obrador-shared-pins-20260909/round-1-baseline/wide-round-1-jobs-8/obrador/state'...
copying path '/Users/hetzner/obrador-shared-pins-20260909/round-1-baseline/wide-round-1-jobs-8/store/pg4q1a7wyh64rbzwalqhfhqj6w0k610x-leaf-26-result' from 'obrador+local:///Users/hetzner/obrador-shared-pins-20260909/round-1-baseline/wide-round-1-jobs-8/obrador/state'...
copying path '/Users/hetzner/obrador-shared-pins-20260909/round-1-baseline/wide-round-1-jobs-8/store/pgqvrifjrgf4kyhs9l74qsa82b8pik3m-leaf-29-result' from 'obrador+local:///Users/hetzner/obrador-shared-pins-20260909/round-1-baseline/wide-round-1-jobs-8/obrador/state'...
copying path '/Users/hetzner/obrador-shared-pins-20260909/round-1-baseline/wide-round-1-jobs-8/store/pl6bczm0lpjhzngaxmy8zjl3ig005j7h-leaf-9-result' from 'obrador+local:///Users/hetzner/obrador-shared-pins-20260909/round-1-baseline/wide-round-1-jobs-8/obrador/state'...
copying path '/Users/hetzner/obrador-shared-pins-20260909/round-1-baseline/wide-round-1-jobs-8/store/pqdsvmcm1gg72x8157fafh8wpi6ir4h1-leaf-21-result' from 'obrador+local:///Users/hetzner/obrador-shared-pins-20260909/round-1-baseline/wide-round-1-jobs-8/obrador/state'...
copying path '/Users/hetzner/obrador-shared-pins-20260909/round-1-baseline/wide-round-1-jobs-8/store/scixvp1jihba2rvxs2d7cbn818vrc06z-leaf-6-result' from 'obrador+local:///Users/hetzner/obrador-shared-pins-20260909/round-1-baseline/wide-round-1-jobs-8/obrador/state'...
copying path '/Users/hetzner/obrador-shared-pins-20260909/round-1-baseline/wide-round-1-jobs-8/store/sz4gqrr8ys4m41ix2mpws70z971h6692-leaf-1-result' from 'obrador+local:///Users/hetzner/obrador-shared-pins-20260909/round-1-baseline/wide-round-1-jobs-8/obrador/state'...
copying path '/Users/hetzner/obrador-shared-pins-20260909/round-1-baseline/wide-round-1-jobs-8/store/vxdi4bfrapr92zqx2d9fwlc4qxqw36pi-leaf-28-result' from 'obrador+local:///Users/hetzner/obrador-shared-pins-20260909/round-1-baseline/wide-round-1-jobs-8/obrador/state'...
copying path '/Users/hetzner/obrador-shared-pins-20260909/round-1-baseline/wide-round-1-jobs-8/store/xymnrxi5bvmvr8dcp59nqpr0kbfy6jk8-leaf-7-result' from 'obrador+local:///Users/hetzner/obrador-shared-pins-20260909/round-1-baseline/wide-round-1-jobs-8/obrador/state'...
copying path '/Users/hetzner/obrador-shared-pins-20260909/round-1-baseline/wide-round-1-jobs-8/store/yxqnxxls1g8b1jv8c0g56kvir1yjy7jq-leaf-15-result' from 'obrador+local:///Users/hetzner/obrador-shared-pins-20260909/round-1-baseline/wide-round-1-jobs-8/obrador/state'...
copying path '/Users/hetzner/obrador-shared-pins-20260909/round-1-baseline/wide-round-1-jobs-8/store/z7px0d97wzaynqcgr7jndli26bzk3ddd-leaf-2-result' from 'obrador+local:///Users/hetzner/obrador-shared-pins-20260909/round-1-baseline/wide-round-1-jobs-8/obrador/state'...
copying path '/Users/hetzner/obrador-shared-pins-20260909/round-1-baseline/wide-round-1-jobs-8/store/zx77qax3n6acz6hfg7j93avydyzn0lqi-leaf-30-result' from 'obrador+local:///Users/hetzner/obrador-shared-pins-20260909/round-1-baseline/wide-round-1-jobs-8/obrador/state'...
