copying 33 paths...
copying path '/Users/hetzner/obrador-shared-pins-20260909/trace-after/chain-round-1-jobs-8/store/s9p0rg8lwzkbvxhgc0p2p5dwbfbmcd2r-seed' to 'obrador+local:///Users/hetzner/obrador-shared-pins-20260909/trace-after/chain-round-1-jobs-8/obrador/state'...
copying path '/Users/hetzner/obrador-shared-pins-20260909/trace-after/chain-round-1-jobs-8/store/ymmmxcs5658kfwck79rscc5ansajcgc0-leaf-0.drv.drv' to 'obrador+local:///Users/hetzner/obrador-shared-pins-20260909/trace-after/chain-round-1-jobs-8/obrador/state'...
copying path '/Users/hetzner/obrador-shared-pins-20260909/trace-after/chain-round-1-jobs-8/store/hbad3m2shfgiqsglwzckqfm04vm7nw3p-leaf-1.drv.drv' to 'obrador+local:///Users/hetzner/obrador-shared-pins-20260909/trace-after/chain-round-1-jobs-8/obrador/state'...
copying path '/Users/hetzner/obrador-shared-pins-20260909/trace-after/chain-round-1-jobs-8/store/h03w0yf5h527ms0fc3p910kh2fyfkz1k-leaf-2.drv.drv' to 'obrador+local:///Users/hetzner/obrador-shared-pins-20260909/trace-after/chain-round-1-jobs-8/obrador/state'...
copying path '/Users/hetzner/obrador-shared-pins-20260909/trace-after/chain-round-1-jobs-8/store/560lmcvrxfgrpw04mi8xilllcxflv5nj-leaf-3.drv.drv' to 'obrador+local:///Users/hetzner/obrador-shared-pins-20260909/trace-after/chain-round-1-jobs-8/obrador/state'...
copying path '/Users/hetzner/obrador-shared-pins-20260909/trace-after/chain-round-1-jobs-8/store/x5dqy58751xwf87r842764bzciadn4gw-leaf-4.drv.drv' to 'obrador+local:///Users/hetzner/obrador-shared-pins-20260909/trace-after/chain-round-1-jobs-8/obrador/state'...
copying path '/Users/hetzner/obrador-shared-pins-20260909/trace-after/chain-round-1-jobs-8/store/lx052rnjv4k3kyg8vfmdg5l7mqzv0012-leaf-5.drv.drv' to 'obrador+local:///Users/hetzner/obrador-shared-pins-20260909/trace-after/chain-round-1-jobs-8/obrador/state'...
copying path '/Users/hetzner/obrador-shared-pins-20260909/trace-after/chain-round-1-jobs-8/store/5cxprcwmlmnkndiwaqsfnasq3raynh8l-leaf-6.drv.drv' to 'obrador+local:///Users/hetzner/obrador-shared-pins-20260909/trace-after/chain-round-1-jobs-8/obrador/state'...
copying path '/Users/hetzner/obrador-shared-pins-20260909/trace-after/chain-round-1-jobs-8/store/985apa89a12q9wni0ks0shjhxydhdsf9-leaf-7.drv.drv' to 'obrador+local:///Users/hetzner/obrador-shared-pins-20260909/trace-after/chain-round-1-jobs-8/obrador/state'...
copying path '/Users/hetzner/obrador-shared-pins-20260909/trace-after/chain-round-1-jobs-8/store/b6apca71wk7nyq4cy8rhsikhn1hp929d-leaf-8.drv.drv' to 'obrador+local:///Users/hetzner/obrador-shared-pins-20260909/trace-after/chain-round-1-jobs-8/obrador/state'...
copying path '/Users/hetzner/obrador-shared-pins-20260909/trace-after/chain-round-1-jobs-8/store/21kr91jyy4ix14s7bz4y2x0ycfpvyr7a-leaf-9.drv.drv' to 'obrador+local:///Users/hetzner/obrador-shared-pins-20260909/trace-after/chain-round-1-jobs-8/obrador/state'...
copying path '/Users/hetzner/obrador-shared-pins-20260909/trace-after/chain-round-1-jobs-8/store/9i3v4gb3h9dsbw5582qz8l701c2x8s95-leaf-10.drv.drv' to 'obrador+local:///Users/hetzner/obrador-shared-pins-20260909/trace-after/chain-round-1-jobs-8/obrador/state'...
copying path '/Users/hetzner/obrador-shared-pins-20260909/trace-after/chain-round-1-jobs-8/store/cg96v8ph568f45sygybh3c5sn95m27k1-leaf-11.drv.drv' to 'obrador+local:///Users/hetzner/obrador-shared-pins-20260909/trace-after/chain-round-1-jobs-8/obrador/state'...
copying path '/Users/hetzner/obrador-shared-pins-20260909/trace-after/chain-round-1-jobs-8/store/dvkr8z8jcy6lcyjsmjbd0l5aibs7x1iy-leaf-12.drv.drv' to 'obrador+local:///Users/hetzner/obrador-shared-pins-20260909/trace-after/chain-round-1-jobs-8/obrador/state'...
copying path '/Users/hetzner/obrador-shared-pins-20260909/trace-after/chain-round-1-jobs-8/store/2vxxzgd936kd84ibszmh4zr8znq0i9qx-leaf-13.drv.drv' to 'obrador+local:///Users/hetzner/obrador-shared-pins-20260909/trace-after/chain-round-1-jobs-8/obrador/state'...
copying path '/Users/hetzner/obrador-shared-pins-20260909/trace-after/chain-round-1-jobs-8/store/fnbfflrbigq615lmly295cfil9qn43ff-leaf-14.drv.drv' to 'obrador+local:///Users/hetzner/obrador-shared-pins-20260909/trace-after/chain-round-1-jobs-8/obrador/state'...
copying path '/Users/hetzner/obrador-shared-pins-20260909/trace-after/chain-round-1-jobs-8/store/2l7qs7k2n6dymlisjbdw2ac4yr6ksziz-leaf-15.drv.drv' to 'obrador+local:///Users/hetzner/obrador-shared-pins-20260909/trace-after/chain-round-1-jobs-8/obrador/state'...
copying path '/Users/hetzner/obrador-shared-pins-20260909/trace-after/chain-round-1-jobs-8/store/26n0hrmzk8xj8lnsqlyxx2fy5x328k0w-leaf-16.drv.drv' to 'obrador+local:///Users/hetzner/obrador-shared-pins-20260909/trace-after/chain-round-1-jobs-8/obrador/state'...
copying path '/Users/hetzner/obrador-shared-pins-20260909/trace-after/chain-round-1-jobs-8/store/k2fy06ig23x35d5n52fqx801fxq82cl2-leaf-17.drv.drv' to 'obrador+local:///Users/hetzner/obrador-shared-pins-20260909/trace-after/chain-round-1-jobs-8/obrador/state'...
copying path '/Users/hetzner/obrador-shared-pins-20260909/trace-after/chain-round-1-jobs-8/store/gl2f862w075m943hzilbmz02wk8l5rjh-leaf-18.drv.drv' to 'obrador+local:///Users/hetzner/obrador-shared-pins-20260909/trace-after/chain-round-1-jobs-8/obrador/state'...
copying path '/Users/hetzner/obrador-shared-pins-20260909/trace-after/chain-round-1-jobs-8/store/13vl9swagq291f73pkapdapchansfis4-leaf-19.drv.drv' to 'obrador+local:///Users/hetzner/obrador-shared-pins-20260909/trace-after/chain-round-1-jobs-8/obrador/state'...
copying path '/Users/hetzner/obrador-shared-pins-20260909/trace-after/chain-round-1-jobs-8/store/9vc2n4ki5smia5ki17lyy6szziwcsfs4-leaf-20.drv.drv' to 'obrador+local:///Users/hetzner/obrador-shared-pins-20260909/trace-after/chain-round-1-jobs-8/obrador/state'...
copying path '/Users/hetzner/obrador-shared-pins-20260909/trace-after/chain-round-1-jobs-8/store/fxbsknhxn6vv0q1ki3wr2r8fw95kxrws-leaf-21.drv.drv' to 'obrador+local:///Users/hetzner/obrador-shared-pins-20260909/trace-after/chain-round-1-jobs-8/obrador/state'...
copying path '/Users/hetzner/obrador-shared-pins-20260909/trace-after/chain-round-1-jobs-8/store/scv74c17mabymk6a8ca50ssqrfbfag91-leaf-22.drv.drv' to 'obrador+local:///Users/hetzner/obrador-shared-pins-20260909/trace-after/chain-round-1-jobs-8/obrador/state'...
copying path '/Users/hetzner/obrador-shared-pins-20260909/trace-after/chain-round-1-jobs-8/store/nwzq2952i10vwvrxpjdc8dyd1yp6b6zw-leaf-23.drv.drv' to 'obrador+local:///Users/hetzner/obrador-shared-pins-20260909/trace-after/chain-round-1-jobs-8/obrador/state'...
copying path '/Users/hetzner/obrador-shared-pins-20260909/trace-after/chain-round-1-jobs-8/store/5pcdnm0f0i7ifwvmkfxxy0454bnm6pqa-leaf-24.drv.drv' to 'obrador+local:///Users/hetzner/obrador-shared-pins-20260909/trace-after/chain-round-1-jobs-8/obrador/state'...
copying path '/Users/hetzner/obrador-shared-pins-20260909/trace-after/chain-round-1-jobs-8/store/ay3g2qbs19838lynwibhzpv0bck4h63s-leaf-25.drv.drv' to 'obrador+local:///Users/hetzner/obrador-shared-pins-20260909/trace-after/chain-round-1-jobs-8/obrador/state'...
copying path '/Users/hetzner/obrador-shared-pins-20260909/trace-after/chain-round-1-jobs-8/store/mdpap0qbllxn2z7cl9zanjhlh83cmmw2-leaf-26.drv.drv' to 'obrador+local:///Users/hetzner/obrador-shared-pins-20260909/trace-after/chain-round-1-jobs-8/obrador/state'...
copying path '/Users/hetzner/obrador-shared-pins-20260909/trace-after/chain-round-1-jobs-8/store/6y5ayv5jyx9bl7ahlkr1d7k3cyxg748h-leaf-27.drv.drv' to 'obrador+local:///Users/hetzner/obrador-shared-pins-20260909/trace-after/chain-round-1-jobs-8/obrador/state'...
copying path '/Users/hetzner/obrador-shared-pins-20260909/trace-after/chain-round-1-jobs-8/store/546nwmvzahqln3h35azn6cdaygvb2i6c-leaf-28.drv.drv' to 'obrador+local:///Users/hetzner/obrador-shared-pins-20260909/trace-after/chain-round-1-jobs-8/obrador/state'...
copying path '/Users/hetzner/obrador-shared-pins-20260909/trace-after/chain-round-1-jobs-8/store/0zckrl43smzkam1ilhmvz6v1wavx31fx-leaf-29.drv.drv' to 'obrador+local:///Users/hetzner/obrador-shared-pins-20260909/trace-after/chain-round-1-jobs-8/obrador/state'...
copying path '/Users/hetzner/obrador-shared-pins-20260909/trace-after/chain-round-1-jobs-8/store/jmj2y7hh0rxr5l566nblqd80982s420c-leaf-30.drv.drv' to 'obrador+local:///Users/hetzner/obrador-shared-pins-20260909/trace-after/chain-round-1-jobs-8/obrador/state'...
copying path '/Users/hetzner/obrador-shared-pins-20260909/trace-after/chain-round-1-jobs-8/store/407pv7piyy5bmysgwqwf90n9ga6yn64f-leaf-31.drv.drv' to 'obrador+local:///Users/hetzner/obrador-shared-pins-20260909/trace-after/chain-round-1-jobs-8/obrador/state'...
