copying 32 paths...
copying path '/tmp/obrador-shared-pins-linux/round-3-baseline/wide-round-1-jobs-8/store/4rrcvjid5wp56wf1jlkzh4sgfsv908hi-leaf-14-result' to 'local://'...
copying path '/tmp/obrador-shared-pins-linux/round-3-baseline/wide-round-1-jobs-8/store/f70dphfc0gkb14q2zxgzr7wndhnqgis9-leaf-9-result' to 'local://'...
copying path '/tmp/obrador-shared-pins-linux/round-3-baseline/wide-round-1-jobs-8/store/5xqx8ms66y80hz0wk2wa17f28761f942-leaf-25-result' to 'local://'...
copying path '/tmp/obrador-shared-pins-linux/round-3-baseline/wide-round-1-jobs-8/store/ip40ldw3fziin26y88szj746a0px1fjs-leaf-20-result' to 'local://'...
copying path '/tmp/obrador-shared-pins-linux/round-3-baseline/wide-round-1-jobs-8/store/hckw15sgc4bk35vbi4qfx4sby47c7n55-leaf-28-result' to 'local://'...
copying path '/tmp/obrador-shared-pins-linux/round-3-baseline/wide-round-1-jobs-8/store/676m1zvg6x101csp4yqiiwlcd22qyi6k-leaf-8-result' to 'local://'...
copying path '/tmp/obrador-shared-pins-linux/round-3-baseline/wide-round-1-jobs-8/store/5hxs3kd50gmzw4n1skyga9bscwnvxr1d-leaf-13-result' to 'local://'...
copying path '/tmp/obrador-shared-pins-linux/round-3-baseline/wide-round-1-jobs-8/store/7dzj118b4xgs0gcyh5ycjal8qb4hp9m7-leaf-17-result' to 'local://'...
copying path '/tmp/obrador-shared-pins-linux/round-3-baseline/wide-round-1-jobs-8/store/cmcll7yx13yg72wypvaqyg7gacvmdvdf-leaf-0-result' to 'local://'...
copying path '/tmp/obrador-shared-pins-linux/round-3-baseline/wide-round-1-jobs-8/store/j3j6kxfwsli2hxkfggay6q0ywdfrx3pb-leaf-29-result' to 'local://'...
copying path '/tmp/obrador-shared-pins-linux/round-3-baseline/wide-round-1-jobs-8/store/4g1s8q6m2rn6cbr6xkvqmvs6s8w6wkan-leaf-7-result' to 'local://'...
copying path '/tmp/obrador-shared-pins-linux/round-3-baseline/wide-round-1-jobs-8/store/643cfa2lgcp7p7bq2s5v6vmpgnqcdmqm-leaf-11-result' to 'local://'...
copying path '/tmp/obrador-shared-pins-linux/round-3-baseline/wide-round-1-jobs-8/store/lsyk46xwpgs20p1kb2di80cvggms7lja-leaf-26-result' to 'local://'...
copying path '/tmp/obrador-shared-pins-linux/round-3-baseline/wide-round-1-jobs-8/store/186iyb2mhx1hdzq96c8pcq24hdzh7815-leaf-31-result' to 'local://'...
copying path '/tmp/obrador-shared-pins-linux/round-3-baseline/wide-round-1-jobs-8/store/bvb54pinv97jhr85b6xdw541nk4775pz-leaf-21-result' to 'local://'...
copying path '/tmp/obrador-shared-pins-linux/round-3-baseline/wide-round-1-jobs-8/store/hfq1k6jsm82wih3518iw3hym11hqi11a-leaf-5-result' to 'local://'...
copying path '/tmp/obrador-shared-pins-linux/round-3-baseline/wide-round-1-jobs-8/store/r8zxs74r5dgvhx2bi8cqlf1kbmgvddr2-leaf-16-result' to 'local://'...
copying path '/tmp/obrador-shared-pins-linux/round-3-baseline/wide-round-1-jobs-8/store/r2rd801dfxx474pcl0lbw0sxsy3kdvcw-leaf-22-result' to 'local://'...
copying path '/tmp/obrador-shared-pins-linux/round-3-baseline/wide-round-1-jobs-8/store/kx3w03w4lhdci3dzvvjs8ij5dg4y8wm2-leaf-23-result' to 'local://'...
copying path '/tmp/obrador-shared-pins-linux/round-3-baseline/wide-round-1-jobs-8/store/6hvgqb1pw7sf5nl80l6h8dqc8bizps6k-leaf-19-result' to 'local://'...
copying path '/tmp/obrador-shared-pins-linux/round-3-baseline/wide-round-1-jobs-8/store/hqi47yrmhk3knarazs4chbjm8lkzvcx2-leaf-24-result' to 'local://'...
copying path '/tmp/obrador-shared-pins-linux/round-3-baseline/wide-round-1-jobs-8/store/sw4z25vdvzwqxlh3bw8mfr65461lipz1-leaf-1-result' to 'local://'...
copying path '/tmp/obrador-shared-pins-linux/round-3-baseline/wide-round-1-jobs-8/store/j678g793gl94xj3ygg2c0b8m9lkj398h-leaf-3-result' to 'local://'...
copying path '/tmp/obrador-shared-pins-linux/round-3-baseline/wide-round-1-jobs-8/store/n29qfn58rfl7dbnippsvlc49d3qbbmfk-leaf-10-result' to 'local://'...
copying path '/tmp/obrador-shared-pins-linux/round-3-baseline/wide-round-1-jobs-8/store/jd8whwrnkvsq99nwbj04qmhfbmwx6aa6-leaf-15-result' to 'local://'...
copying path '/tmp/obrador-shared-pins-linux/round-3-baseline/wide-round-1-jobs-8/store/sadh6paqcbibbqdaxlwnddyn0a2jmmki-leaf-4-result' to 'local://'...
copying path '/tmp/obrador-shared-pins-linux/round-3-baseline/wide-round-1-jobs-8/store/f53jxxf82y2jq14n2z0m5x56d01c5rxf-leaf-30-result' to 'local://'...
copying path '/tmp/obrador-shared-pins-linux/round-3-baseline/wide-round-1-jobs-8/store/zzgw7mwj164vkah4s79gl2nd4bbjpfac-leaf-12-result' to 'local://'...
copying path '/tmp/obrador-shared-pins-linux/round-3-baseline/wide-round-1-jobs-8/store/ybw5h194csbz3p5n3rxdd8fy8ca4bzzq-leaf-2-result' to 'local://'...
copying path '/tmp/obrador-shared-pins-linux/round-3-baseline/wide-round-1-jobs-8/store/yhbcdp35vympfb192kxxh1bihxhrxvsy-leaf-6-result' to 'local://'...
copying path '/tmp/obrador-shared-pins-linux/round-3-baseline/wide-round-1-jobs-8/store/vf2srhyw945kj5yrfhw9v01wxhkhi9hm-leaf-27-result' to 'local://'...
copying path '/tmp/obrador-shared-pins-linux/round-3-baseline/wide-round-1-jobs-8/store/rhn0c51y68bmh2w4x0vnwsg8z24cc5v2-leaf-18-result' to 'local://'...
