copying 33 paths...
copying path '/tmp/obrador-shared-pins-linux/round-2-after/chain-round-1-jobs-8/store/7fs5lmrirqdzih2rg1x61fvrrx078jxi-seed' to 'local://'...
copying path '/tmp/obrador-shared-pins-linux/round-2-after/chain-round-1-jobs-8/store/hja2fzxynzdx64g9h2h51hngazrn9xpf-leaf-0.drv.drv' to 'local://'...
copying path '/tmp/obrador-shared-pins-linux/round-2-after/chain-round-1-jobs-8/store/mfjs69dr90s5xdgqinl8qnkscwihbs4n-leaf-1.drv.drv' to 'local://'...
copying path '/tmp/obrador-shared-pins-linux/round-2-after/chain-round-1-jobs-8/store/l7jw92dwclr1zhkkzqc9mmwb2kq1f4f1-leaf-2.drv.drv' to 'local://'...
copying path '/tmp/obrador-shared-pins-linux/round-2-after/chain-round-1-jobs-8/store/x1y24qd1lg0jxh388c9wlnd4aab2zpna-leaf-3.drv.drv' to 'local://'...
copying path '/tmp/obrador-shared-pins-linux/round-2-after/chain-round-1-jobs-8/store/pgsx4ij9absaa45a8ggbdsl3lis2xs8v-leaf-4.drv.drv' to 'local://'...
copying path '/tmp/obrador-shared-pins-linux/round-2-after/chain-round-1-jobs-8/store/sgj102hnk14wif51y01rdf3kdr1l5bnv-leaf-5.drv.drv' to 'local://'...
copying path '/tmp/obrador-shared-pins-linux/round-2-after/chain-round-1-jobs-8/store/cax2flc96jrk0ng05wsfs6j90fzmgnh7-leaf-6.drv.drv' to 'local://'...
copying path '/tmp/obrador-shared-pins-linux/round-2-after/chain-round-1-jobs-8/store/s722ryqn7q7m6i43vbmbm6bxb16xg16l-leaf-7.drv.drv' to 'local://'...
copying path '/tmp/obrador-shared-pins-linux/round-2-after/chain-round-1-jobs-8/store/0ddhqflrw0iz7prmv28g2ql0hq4szij4-leaf-8.drv.drv' to 'local://'...
copying path '/tmp/obrador-shared-pins-linux/round-2-after/chain-round-1-jobs-8/store/5dggnj87gv7n1h6yrz73dwpkbwgfr8xy-leaf-9.drv.drv' to 'local://'...
copying path '/tmp/obrador-shared-pins-linux/round-2-after/chain-round-1-jobs-8/store/0bzy9wkip81c1fbf7pl1bklgvqlyb7hn-leaf-10.drv.drv' to 'local://'...
copying path '/tmp/obrador-shared-pins-linux/round-2-after/chain-round-1-jobs-8/store/q2v3b04b6ncfmdfqmv91640r5jq6sjm8-leaf-11.drv.drv' to 'local://'...
copying path '/tmp/obrador-shared-pins-linux/round-2-after/chain-round-1-jobs-8/store/pb5g4d6anppbhppc4cvli4066dra3l3l-leaf-12.drv.drv' to 'local://'...
copying path '/tmp/obrador-shared-pins-linux/round-2-after/chain-round-1-jobs-8/store/bj0l7z7hc0c427bdqmf1hd9x244ipr4z-leaf-13.drv.drv' to 'local://'...
copying path '/tmp/obrador-shared-pins-linux/round-2-after/chain-round-1-jobs-8/store/vrkhk6qa5049c7hg78kjdwrlrhaikcmq-leaf-14.drv.drv' to 'local://'...
copying path '/tmp/obrador-shared-pins-linux/round-2-after/chain-round-1-jobs-8/store/sfzrlqjlr0n2vlm6cvl6lamgwg9j5yl0-leaf-15.drv.drv' to 'local://'...
copying path '/tmp/obrador-shared-pins-linux/round-2-after/chain-round-1-jobs-8/store/ap89vp6vywb4w8n91slm3r0hm3kd5nc8-leaf-16.drv.drv' to 'local://'...
copying path '/tmp/obrador-shared-pins-linux/round-2-after/chain-round-1-jobs-8/store/y5m1ql13gchhfwpxz4w6jrfqdvz084hz-leaf-17.drv.drv' to 'local://'...
copying path '/tmp/obrador-shared-pins-linux/round-2-after/chain-round-1-jobs-8/store/kgq14wvbl8r9ngc03dny08zbfjs05fpy-leaf-18.drv.drv' to 'local://'...
copying path '/tmp/obrador-shared-pins-linux/round-2-after/chain-round-1-jobs-8/store/zg1cxx2y9y4zyrxk2h5531b9szaj8cal-leaf-19.drv.drv' to 'local://'...
copying path '/tmp/obrador-shared-pins-linux/round-2-after/chain-round-1-jobs-8/store/g4k82nx3sxr9dvxq3q0nplpy7nr1h6yz-leaf-20.drv.drv' to 'local://'...
copying path '/tmp/obrador-shared-pins-linux/round-2-after/chain-round-1-jobs-8/store/4aib0pyax8f8wzjaqwaipw6aj36rixzf-leaf-21.drv.drv' to 'local://'...
copying path '/tmp/obrador-shared-pins-linux/round-2-after/chain-round-1-jobs-8/store/wg1g160y2l9c0ykkyi1axpjs50i5lh93-leaf-22.drv.drv' to 'local://'...
copying path '/tmp/obrador-shared-pins-linux/round-2-after/chain-round-1-jobs-8/store/ij9p24prd2a6q0gk21cmrhn4abx0fqp2-leaf-23.drv.drv' to 'local://'...
copying path '/tmp/obrador-shared-pins-linux/round-2-after/chain-round-1-jobs-8/store/m3sch1bisyw9rgnnqgmvfchmbpa1w5sx-leaf-24.drv.drv' to 'local://'...
copying path '/tmp/obrador-shared-pins-linux/round-2-after/chain-round-1-jobs-8/store/x5db1lajivbssl4kiw6lkdygdqcczr1w-leaf-25.drv.drv' to 'local://'...
copying path '/tmp/obrador-shared-pins-linux/round-2-after/chain-round-1-jobs-8/store/7l1amab6f73w641q3xpn5fji6j36d803-leaf-26.drv.drv' to 'local://'...
copying path '/tmp/obrador-shared-pins-linux/round-2-after/chain-round-1-jobs-8/store/436gj82aa4c24wjwr6a9dpmk969pjqx6-leaf-27.drv.drv' to 'local://'...
copying path '/tmp/obrador-shared-pins-linux/round-2-after/chain-round-1-jobs-8/store/5idzx6r6yijrs5gsg4bcmiicini1yzpa-leaf-28.drv.drv' to 'local://'...
copying path '/tmp/obrador-shared-pins-linux/round-2-after/chain-round-1-jobs-8/store/hiallmawg93iwxn7l92238dzinizrrqq-leaf-29.drv.drv' to 'local://'...
copying path '/tmp/obrador-shared-pins-linux/round-2-after/chain-round-1-jobs-8/store/7p0wi7wnn0kb0r978cf8r7m5pvar0mrg-leaf-30.drv.drv' to 'local://'...
copying path '/tmp/obrador-shared-pins-linux/round-2-after/chain-round-1-jobs-8/store/5cccw2g0ffpln1i1x1xqbcbwr69xjnc4-leaf-31.drv.drv' to 'local://'...
