copying 32 paths...
copying path '/tmp/obrador-shared-pins-linux/round-1-after/wide-round-1-jobs-8/store/gyq610paqdqcl9v2q3gmhqy3s16wmjc5-leaf-20-result' to 'local://'...
copying path '/tmp/obrador-shared-pins-linux/round-1-after/wide-round-1-jobs-8/store/gkxzb74ipddvbgyvb396l6vyipcpsk00-leaf-1-result' to 'local://'...
copying path '/tmp/obrador-shared-pins-linux/round-1-after/wide-round-1-jobs-8/store/3rv3102fxs4wjzfrmkklf26j8na57mb5-leaf-2-result' to 'local://'...
copying path '/tmp/obrador-shared-pins-linux/round-1-after/wide-round-1-jobs-8/store/jdamq6bq1ayb79p36ajabczbvha48g6r-leaf-26-result' to 'local://'...
copying path '/tmp/obrador-shared-pins-linux/round-1-after/wide-round-1-jobs-8/store/8qdv27a8r0ba89rhaira2yyrb9glqpyp-leaf-19-result' to 'local://'...
copying path '/tmp/obrador-shared-pins-linux/round-1-after/wide-round-1-jobs-8/store/4h6lnh1i7js68q1z063cfxzyj33p6w3f-leaf-15-result' to 'local://'...
copying path '/tmp/obrador-shared-pins-linux/round-1-after/wide-round-1-jobs-8/store/jr4c2vm8r9r167xnsyxby9nz50jj5ijx-leaf-11-result' to 'local://'...
copying path '/tmp/obrador-shared-pins-linux/round-1-after/wide-round-1-jobs-8/store/h0fz5n3rh60z73vyj9y68g766f8rrnki-leaf-27-result' to 'local://'...
copying path '/tmp/obrador-shared-pins-linux/round-1-after/wide-round-1-jobs-8/store/gmxailhhrb11b1alhgdcs91fgc700cld-leaf-9-result' to 'local://'...
copying path '/tmp/obrador-shared-pins-linux/round-1-after/wide-round-1-jobs-8/store/czkbxfay9w7x0ryf671plqs8salapz3j-leaf-0-result' to 'local://'...
copying path '/tmp/obrador-shared-pins-linux/round-1-after/wide-round-1-jobs-8/store/1nnnm9q3sz73320aaik414w6n6jc4v39-leaf-3-result' to 'local://'...
copying path '/tmp/obrador-shared-pins-linux/round-1-after/wide-round-1-jobs-8/store/aj60l85mygy12zsr91z09qm8csz1zq0x-leaf-31-result' to 'local://'...
copying path '/tmp/obrador-shared-pins-linux/round-1-after/wide-round-1-jobs-8/store/53fskpa1p7731xzdycpyrn91dnlcq7im-leaf-23-result' to 'local://'...
copying path '/tmp/obrador-shared-pins-linux/round-1-after/wide-round-1-jobs-8/store/2xf5bk6i72nhyjs8cqjvj0fwi7288mz2-leaf-21-result' to 'local://'...
copying path '/tmp/obrador-shared-pins-linux/round-1-after/wide-round-1-jobs-8/store/ap1q9an0yxlgvfkmcn7shfhlk00lvmcw-leaf-25-result' to 'local://'...
copying path '/tmp/obrador-shared-pins-linux/round-1-after/wide-round-1-jobs-8/store/iakv8frwjsz994ddxhxraxzbfys1qw7k-leaf-14-result' to 'local://'...
copying path '/tmp/obrador-shared-pins-linux/round-1-after/wide-round-1-jobs-8/store/k1w2lh5x40mj2kcz0b1dcx7jjyxb8ar6-leaf-5-result' to 'local://'...
copying path '/tmp/obrador-shared-pins-linux/round-1-after/wide-round-1-jobs-8/store/nx90gb4w79d7cjng4cxax7fj68ahds28-leaf-12-result' to 'local://'...
copying path '/tmp/obrador-shared-pins-linux/round-1-after/wide-round-1-jobs-8/store/fx3nvz0f39byhry40dgmyiv5433wn2sw-leaf-22-result' to 'local://'...
copying path '/tmp/obrador-shared-pins-linux/round-1-after/wide-round-1-jobs-8/store/na3iz05l6xm7dnchxarwdxhnlppjxwv8-leaf-6-result' to 'local://'...
copying path '/tmp/obrador-shared-pins-linux/round-1-after/wide-round-1-jobs-8/store/mmzgjww1q8vdkgrnlcf0587ggpwf8x8q-leaf-4-result' to 'local://'...
copying path '/tmp/obrador-shared-pins-linux/round-1-after/wide-round-1-jobs-8/store/mj3jczwjq2ii7hhiknwwzb3kc8rq9x26-leaf-13-result' to 'local://'...
copying path '/tmp/obrador-shared-pins-linux/round-1-after/wide-round-1-jobs-8/store/n7r8m82ijkq8p2j1w4130skrwf6r9xrr-leaf-7-result' to 'local://'...
copying path '/tmp/obrador-shared-pins-linux/round-1-after/wide-round-1-jobs-8/store/qdyzj1mg7v0z8j5xrjkl2jywcg13av4n-leaf-29-result' to 'local://'...
copying path '/tmp/obrador-shared-pins-linux/round-1-after/wide-round-1-jobs-8/store/v1c91vdrl51587dyfjzkqanh9brlj9mm-leaf-8-result' to 'local://'...
copying path '/tmp/obrador-shared-pins-linux/round-1-after/wide-round-1-jobs-8/store/qclipq7hsx6gjjfy6c4sckxpw0i5jlzn-leaf-24-result' to 'local://'...
copying path '/tmp/obrador-shared-pins-linux/round-1-after/wide-round-1-jobs-8/store/y56nzwpgk5s6ava7a4y59fdii2b8pvar-leaf-30-result' to 'local://'...
copying path '/tmp/obrador-shared-pins-linux/round-1-after/wide-round-1-jobs-8/store/y737iyj75zlz4m497mrxxz4qqwaq78vd-leaf-18-result' to 'local://'...
copying path '/tmp/obrador-shared-pins-linux/round-1-after/wide-round-1-jobs-8/store/z4brmyhh57zysb1h1akfksqiq8m1dazr-leaf-16-result' to 'local://'...
copying path '/tmp/obrador-shared-pins-linux/round-1-after/wide-round-1-jobs-8/store/yrkjxpfzz3b4lqyfr53pl6kfzx7dfgb0-leaf-17-result' to 'local://'...
copying path '/tmp/obrador-shared-pins-linux/round-1-after/wide-round-1-jobs-8/store/zbcfr8x7yd4fkghg6066l34b2z2gb0nh-leaf-10-result' to 'local://'...
copying path '/tmp/obrador-shared-pins-linux/round-1-after/wide-round-1-jobs-8/store/xym7c824kfpxn896l8q8q7jrpbrb5lm7-leaf-28-result' to 'local://'...
