copying 32 paths...
copying path '/Users/hetzner/obrador-shared-pins-20260909/round-1-after/wide-round-1-jobs-8/store/0xxwi7bv1j0shpz5v1ig6qwqq33r8sqr-leaf-7-result' to 'local://'...
copying path '/Users/hetzner/obrador-shared-pins-20260909/round-1-after/wide-round-1-jobs-8/store/3253s4h2alabzi57kvw5dsdwhjzdbgiz-leaf-0-result' to 'local://'...
copying path '/Users/hetzner/obrador-shared-pins-20260909/round-1-after/wide-round-1-jobs-8/store/d5hdz28fcyb6m0r04522rl35q2rrvpr9-leaf-6-result' to 'local://'...
copying path '/Users/hetzner/obrador-shared-pins-20260909/round-1-after/wide-round-1-jobs-8/store/1fvwgjbvv55kknbdmy3qlwap5yns1932-leaf-20-result' to 'local://'...
copying path '/Users/hetzner/obrador-shared-pins-20260909/round-1-after/wide-round-1-jobs-8/store/8mrf99azpqsyhm7vjcnbgbshfgl3i9j9-leaf-12-result' to 'local://'...
copying path '/Users/hetzner/obrador-shared-pins-20260909/round-1-after/wide-round-1-jobs-8/store/6w5y5snsf2m9vvh076hs00p96il0n5jw-leaf-26-result' to 'local://'...
copying path '/Users/hetzner/obrador-shared-pins-20260909/round-1-after/wide-round-1-jobs-8/store/5hh3jcmdiz2ljyh48w6ks45kjiv8iank-leaf-27-result' to 'local://'...
copying path '/Users/hetzner/obrador-shared-pins-20260909/round-1-after/wide-round-1-jobs-8/store/8wqiy6df75zsfsf10bvp9ixlngcrg468-leaf-18-result' to 'local://'...
copying path '/Users/hetzner/obrador-shared-pins-20260909/round-1-after/wide-round-1-jobs-8/store/kj6j8r7gnwljmgizdx377bmp4s4fz3ng-leaf-14-result' to 'local://'...
copying path '/Users/hetzner/obrador-shared-pins-20260909/round-1-after/wide-round-1-jobs-8/store/gy42gv1ipzkyf5h26cnw9q8phb0kdzpf-leaf-22-result' to 'local://'...
copying path '/Users/hetzner/obrador-shared-pins-20260909/round-1-after/wide-round-1-jobs-8/store/jfwyfmqaf7vv915vl6sia8fc0rw029pf-leaf-5-result' to 'local://'...
copying path '/Users/hetzner/obrador-shared-pins-20260909/round-1-after/wide-round-1-jobs-8/store/lhl7jjshsb9h99k29h6k6nzg3zvfzcs6-leaf-23-result' to 'local://'...
copying path '/Users/hetzner/obrador-shared-pins-20260909/round-1-after/wide-round-1-jobs-8/store/ki6p1iznjlb5zaj4692di6i4d5s287ph-leaf-13-result' to 'local://'...
copying path '/Users/hetzner/obrador-shared-pins-20260909/round-1-after/wide-round-1-jobs-8/store/m1l6bq9bh0mpwcwql82vsj4h08fppvw1-leaf-1-result' to 'local://'...
copying path '/Users/hetzner/obrador-shared-pins-20260909/round-1-after/wide-round-1-jobs-8/store/kms8kf7fmgfhp4wxp6ncipln0ac05mz1-leaf-29-result' to 'local://'...
copying path '/Users/hetzner/obrador-shared-pins-20260909/round-1-after/wide-round-1-jobs-8/store/m6pzpdg9pncnwr86ird0vff856gqw0cc-leaf-15-result' to 'local://'...
copying path '/Users/hetzner/obrador-shared-pins-20260909/round-1-after/wide-round-1-jobs-8/store/nmmscj4c411s2zdk6gpwmal04g7h8rlb-leaf-11-result' to 'local://'...
copying path '/Users/hetzner/obrador-shared-pins-20260909/round-1-after/wide-round-1-jobs-8/store/mb50f2bnac7ym0dpqza9kdcqh8vs4v5g-leaf-3-result' to 'local://'...
copying path '/Users/hetzner/obrador-shared-pins-20260909/round-1-after/wide-round-1-jobs-8/store/qlbkrnq4hx81zb4v7v43314s9rgp6m2m-leaf-28-result' to 'local://'...
copying path '/Users/hetzner/obrador-shared-pins-20260909/round-1-after/wide-round-1-jobs-8/store/rlfxdjmac0d4qsxajyqbyyhg6qm1cr08-leaf-31-result' to 'local://'...
copying path '/Users/hetzner/obrador-shared-pins-20260909/round-1-after/wide-round-1-jobs-8/store/sf0xyvasz2rnvln4y003saa86986zbi1-leaf-21-result' to 'local://'...
copying path '/Users/hetzner/obrador-shared-pins-20260909/round-1-after/wide-round-1-jobs-8/store/vi2nrw5mpfgqd62nmmsbwfz81hnzdfwi-leaf-25-result' to 'local://'...
copying path '/Users/hetzner/obrador-shared-pins-20260909/round-1-after/wide-round-1-jobs-8/store/wmj7hvlia9fp3rlhzdlh205sn89alrrc-leaf-4-result' to 'local://'...
copying path '/Users/hetzner/obrador-shared-pins-20260909/round-1-after/wide-round-1-jobs-8/store/wng30bjyrb1m6r2wq151f8rzfjb3ja9g-leaf-16-result' to 'local://'...
copying path '/Users/hetzner/obrador-shared-pins-20260909/round-1-after/wide-round-1-jobs-8/store/ssl3xb4pi7qf55f4h2c0bs3iq07rkj09-leaf-10-result' to 'local://'...
copying path '/Users/hetzner/obrador-shared-pins-20260909/round-1-after/wide-round-1-jobs-8/store/wsdc5574885sw75a6zs6ihhxn5ngm2zd-leaf-30-result' to 'local://'...
copying path '/Users/hetzner/obrador-shared-pins-20260909/round-1-after/wide-round-1-jobs-8/store/xr3rcpb29qp3fv8qd8fsgbsd91gzd6r6-leaf-17-result' to 'local://'...
copying path '/Users/hetzner/obrador-shared-pins-20260909/round-1-after/wide-round-1-jobs-8/store/xrs2g652xj0rcaswp9m8q0n6p8ll56h7-leaf-2-result' to 'local://'...
copying path '/Users/hetzner/obrador-shared-pins-20260909/round-1-after/wide-round-1-jobs-8/store/xrly8cxzcn7lrmj2q6ysvnfdhb5w7w5x-leaf-8-result' to 'local://'...
copying path '/Users/hetzner/obrador-shared-pins-20260909/round-1-after/wide-round-1-jobs-8/store/ydfcyfbgiyyqd680v2307yadjr2q06mj-leaf-9-result' to 'local://'...
copying path '/Users/hetzner/obrador-shared-pins-20260909/round-1-after/wide-round-1-jobs-8/store/yi9j4qzz50zcl1cp9rwjk43rp89d5zwf-leaf-19-result' to 'local://'...
copying path '/Users/hetzner/obrador-shared-pins-20260909/round-1-after/wide-round-1-jobs-8/store/z4nficjzn6xa2x52shhmvhss5l1kmq6g-leaf-24-result' to 'local://'...
