copying 32 paths...
copying path '/tmp/obrador-shared-pins-linux/round-2-after/wide-round-1-jobs-8/store/0s7cn9rvvbz860h6jqqy9hsmryj30nd9-leaf-22-result' from 'obrador+local:///tmp/obrador-shared-pins-linux/round-2-after/wide-round-1-jobs-8/obrador/state'...
copying path '/tmp/obrador-shared-pins-linux/round-2-after/wide-round-1-jobs-8/store/2419l4nhs9yqyvf0ia0l23q8kdjh5sw9-leaf-5-result' from 'obrador+local:///tmp/obrador-shared-pins-linux/round-2-after/wide-round-1-jobs-8/obrador/state'...
copying path '/tmp/obrador-shared-pins-linux/round-2-after/wide-round-1-jobs-8/store/3lslidy2zc3j78jbfrkvka7332lyjrp5-leaf-17-result' from 'obrador+local:///tmp/obrador-shared-pins-linux/round-2-after/wide-round-1-jobs-8/obrador/state'...
copying path '/tmp/obrador-shared-pins-linux/round-2-after/wide-round-1-jobs-8/store/8vd52a36k8g1c7hfc3d38nwsqhjmddfp-leaf-6-result' from 'obrador+local:///tmp/obrador-shared-pins-linux/round-2-after/wide-round-1-jobs-8/obrador/state'...
copying path '/tmp/obrador-shared-pins-linux/round-2-after/wide-round-1-jobs-8/store/a93k8dd1r4mxv7c0dryr2k182sgk0w17-leaf-12-result' from 'obrador+local:///tmp/obrador-shared-pins-linux/round-2-after/wide-round-1-jobs-8/obrador/state'...
copying path '/tmp/obrador-shared-pins-linux/round-2-after/wide-round-1-jobs-8/store/gagzbsjvf506k6kp1kapkcsr7j0vi2hk-leaf-15-result' from 'obrador+local:///tmp/obrador-shared-pins-linux/round-2-after/wide-round-1-jobs-8/obrador/state'...
copying path '/tmp/obrador-shared-pins-linux/round-2-after/wide-round-1-jobs-8/store/6xpqrszhqs5q6j4h6q45f4mq2si6y1ry-leaf-7-result' from 'obrador+local:///tmp/obrador-shared-pins-linux/round-2-after/wide-round-1-jobs-8/obrador/state'...
copying path '/tmp/obrador-shared-pins-linux/round-2-after/wide-round-1-jobs-8/store/hvwb8km4wgdnf7n690aid7cjwsxagpwg-leaf-24-result' from 'obrador+local:///tmp/obrador-shared-pins-linux/round-2-after/wide-round-1-jobs-8/obrador/state'...
copying path '/tmp/obrador-shared-pins-linux/round-2-after/wide-round-1-jobs-8/store/gm2ar7gkq5fh97lkys8padnx5wz5an7f-leaf-27-result' from 'obrador+local:///tmp/obrador-shared-pins-linux/round-2-after/wide-round-1-jobs-8/obrador/state'...
copying path '/tmp/obrador-shared-pins-linux/round-2-after/wide-round-1-jobs-8/store/2ym1vcdalf9n9ipb4wmxn8r8wr86czvp-leaf-4-result' from 'obrador+local:///tmp/obrador-shared-pins-linux/round-2-after/wide-round-1-jobs-8/obrador/state'...
copying path '/tmp/obrador-shared-pins-linux/round-2-after/wide-round-1-jobs-8/store/jrp3lzmx1bxz2n611xb397nnaixfddf6-leaf-26-result' from 'obrador+local:///tmp/obrador-shared-pins-linux/round-2-after/wide-round-1-jobs-8/obrador/state'...
copying path '/tmp/obrador-shared-pins-linux/round-2-after/wide-round-1-jobs-8/store/k64i0172k7q933kndzigwrr5lfcrkiyf-leaf-10-result' from 'obrador+local:///tmp/obrador-shared-pins-linux/round-2-after/wide-round-1-jobs-8/obrador/state'...
copying path '/tmp/obrador-shared-pins-linux/round-2-after/wide-round-1-jobs-8/store/h8x8fjzdky67yff2v6cd6vf6zzqik0lj-leaf-0-result' from 'obrador+local:///tmp/obrador-shared-pins-linux/round-2-after/wide-round-1-jobs-8/obrador/state'...
copying path '/tmp/obrador-shared-pins-linux/round-2-after/wide-round-1-jobs-8/store/8c3a2aqg7f0lm6y8zsyh7c2wnb82813b-leaf-19-result' from 'obrador+local:///tmp/obrador-shared-pins-linux/round-2-after/wide-round-1-jobs-8/obrador/state'...
copying path '/tmp/obrador-shared-pins-linux/round-2-after/wide-round-1-jobs-8/store/csaz4q3dch56p6c9jshfisc88w81madg-leaf-9-result' from 'obrador+local:///tmp/obrador-shared-pins-linux/round-2-after/wide-round-1-jobs-8/obrador/state'...
copying path '/tmp/obrador-shared-pins-linux/round-2-after/wide-round-1-jobs-8/store/9dhi98j8fhs5zr73xj2d0f0dxqd2dqdm-leaf-29-result' from 'obrador+local:///tmp/obrador-shared-pins-linux/round-2-after/wide-round-1-jobs-8/obrador/state'...
copying path '/tmp/obrador-shared-pins-linux/round-2-after/wide-round-1-jobs-8/store/acg9gb6l998kjqflv4lkg9p1n8fs1jp3-leaf-1-result' from 'obrador+local:///tmp/obrador-shared-pins-linux/round-2-after/wide-round-1-jobs-8/obrador/state'...
copying path '/tmp/obrador-shared-pins-linux/round-2-after/wide-round-1-jobs-8/store/d33hcqm3q78xm8p2cdwm9xxzqphw9ai6-leaf-18-result' from 'obrador+local:///tmp/obrador-shared-pins-linux/round-2-after/wide-round-1-jobs-8/obrador/state'...
copying path '/tmp/obrador-shared-pins-linux/round-2-after/wide-round-1-jobs-8/store/l8gwmbvyrx5v2qjc4rdjaaaqc3wix62l-leaf-2-result' from 'obrador+local:///tmp/obrador-shared-pins-linux/round-2-after/wide-round-1-jobs-8/obrador/state'...
copying path '/tmp/obrador-shared-pins-linux/round-2-after/wide-round-1-jobs-8/store/lcxr0d3049a2f7lb5zikskpcac1jpd3j-leaf-16-result' from 'obrador+local:///tmp/obrador-shared-pins-linux/round-2-after/wide-round-1-jobs-8/obrador/state'...
copying path '/tmp/obrador-shared-pins-linux/round-2-after/wide-round-1-jobs-8/store/m8rwi0lchqz5zkm8q8pr30whzpzxq5v8-leaf-11-result' from 'obrador+local:///tmp/obrador-shared-pins-linux/round-2-after/wide-round-1-jobs-8/obrador/state'...
copying path '/tmp/obrador-shared-pins-linux/round-2-after/wide-round-1-jobs-8/store/mdvizn9gdfcw7m3l4i63rkpd0wq7vrf1-leaf-30-result' from 'obrador+local:///tmp/obrador-shared-pins-linux/round-2-after/wide-round-1-jobs-8/obrador/state'...
copying path '/tmp/obrador-shared-pins-linux/round-2-after/wide-round-1-jobs-8/store/mixcayqfsgjijgay6933lng5xrdlzakf-leaf-21-result' from 'obrador+local:///tmp/obrador-shared-pins-linux/round-2-after/wide-round-1-jobs-8/obrador/state'...
copying path '/tmp/obrador-shared-pins-linux/round-2-after/wide-round-1-jobs-8/store/n81v8b0d8g7sdnxcarfxd6mzmj48322z-leaf-3-result' from 'obrador+local:///tmp/obrador-shared-pins-linux/round-2-after/wide-round-1-jobs-8/obrador/state'...
copying path '/tmp/obrador-shared-pins-linux/round-2-after/wide-round-1-jobs-8/store/n9r6171ipl3pm41qal8p19ag7kprgzgx-leaf-8-result' from 'obrador+local:///tmp/obrador-shared-pins-linux/round-2-after/wide-round-1-jobs-8/obrador/state'...
copying path '/tmp/obrador-shared-pins-linux/round-2-after/wide-round-1-jobs-8/store/nrdy3fr0sq0majbpp7nz2vk1yr7mqh5s-leaf-28-result' from 'obrador+local:///tmp/obrador-shared-pins-linux/round-2-after/wide-round-1-jobs-8/obrador/state'...
copying path '/tmp/obrador-shared-pins-linux/round-2-after/wide-round-1-jobs-8/store/sag0qgi32py4j7rlm1d900jzn2pxvvi5-leaf-25-result' from 'obrador+local:///tmp/obrador-shared-pins-linux/round-2-after/wide-round-1-jobs-8/obrador/state'...
copying path '/tmp/obrador-shared-pins-linux/round-2-after/wide-round-1-jobs-8/store/scknrxf7ih65df8vp5xrnmh6n8xr1mnc-leaf-23-result' from 'obrador+local:///tmp/obrador-shared-pins-linux/round-2-after/wide-round-1-jobs-8/obrador/state'...
copying path '/tmp/obrador-shared-pins-linux/round-2-after/wide-round-1-jobs-8/store/sf3wb66x68drwqbcx5sn2ljic7viv02b-leaf-20-result' from 'obrador+local:///tmp/obrador-shared-pins-linux/round-2-after/wide-round-1-jobs-8/obrador/state'...
copying path '/tmp/obrador-shared-pins-linux/round-2-after/wide-round-1-jobs-8/store/vzalvhi4hxp0mxvccr8wq22lvypvh2j7-leaf-13-result' from 'obrador+local:///tmp/obrador-shared-pins-linux/round-2-after/wide-round-1-jobs-8/obrador/state'...
copying path '/tmp/obrador-shared-pins-linux/round-2-after/wide-round-1-jobs-8/store/x1yn7sg96nvlll4k5z21mwrb10272rk4-leaf-14-result' from 'obrador+local:///tmp/obrador-shared-pins-linux/round-2-after/wide-round-1-jobs-8/obrador/state'...
copying path '/tmp/obrador-shared-pins-linux/round-2-after/wide-round-1-jobs-8/store/ybpwgfjzhpf89l4dqs1vbjljxcfyzi7m-leaf-31-result' from 'obrador+local:///tmp/obrador-shared-pins-linux/round-2-after/wide-round-1-jobs-8/obrador/state'...
