copying 33 paths...
copying path '/tmp/obrador-shared-pins-linux/round-3-baseline/chain-round-1-jobs-8/store/pxnc9w6fs153hnpj42s15wx1maxj53rl-seed' to 'obrador+local:///tmp/obrador-shared-pins-linux/round-3-baseline/chain-round-1-jobs-8/obrador/state'...
copying path '/tmp/obrador-shared-pins-linux/round-3-baseline/chain-round-1-jobs-8/store/shqlips1v6dyggpcyvpcd7shz0zhj9p4-leaf-0.drv.drv' to 'obrador+local:///tmp/obrador-shared-pins-linux/round-3-baseline/chain-round-1-jobs-8/obrador/state'...
copying path '/tmp/obrador-shared-pins-linux/round-3-baseline/chain-round-1-jobs-8/store/74gladqdi7kkhpkixy2ldvk91gjbbgp3-leaf-1.drv.drv' to 'obrador+local:///tmp/obrador-shared-pins-linux/round-3-baseline/chain-round-1-jobs-8/obrador/state'...
copying path '/tmp/obrador-shared-pins-linux/round-3-baseline/chain-round-1-jobs-8/store/jcm475s7qjl3mblhi51izm6ff1xp0whs-leaf-2.drv.drv' to 'obrador+local:///tmp/obrador-shared-pins-linux/round-3-baseline/chain-round-1-jobs-8/obrador/state'...
copying path '/tmp/obrador-shared-pins-linux/round-3-baseline/chain-round-1-jobs-8/store/7gjkybf04x62hwkc1f0bsnaqxfhs3pvf-leaf-3.drv.drv' to 'obrador+local:///tmp/obrador-shared-pins-linux/round-3-baseline/chain-round-1-jobs-8/obrador/state'...
copying path '/tmp/obrador-shared-pins-linux/round-3-baseline/chain-round-1-jobs-8/store/4c77xnbhnz5zwyyakkclsbpq4jg1i19c-leaf-4.drv.drv' to 'obrador+local:///tmp/obrador-shared-pins-linux/round-3-baseline/chain-round-1-jobs-8/obrador/state'...
copying path '/tmp/obrador-shared-pins-linux/round-3-baseline/chain-round-1-jobs-8/store/v6jihdwg061fid0ar64njcldj87ddxwh-leaf-5.drv.drv' to 'obrador+local:///tmp/obrador-shared-pins-linux/round-3-baseline/chain-round-1-jobs-8/obrador/state'...
copying path '/tmp/obrador-shared-pins-linux/round-3-baseline/chain-round-1-jobs-8/store/w89gasi72qasflrh82srs11qmybhy637-leaf-6.drv.drv' to 'obrador+local:///tmp/obrador-shared-pins-linux/round-3-baseline/chain-round-1-jobs-8/obrador/state'...
copying path '/tmp/obrador-shared-pins-linux/round-3-baseline/chain-round-1-jobs-8/store/n8c52waiz7dl1mr1jscg69s2zwcc9rdf-leaf-7.drv.drv' to 'obrador+local:///tmp/obrador-shared-pins-linux/round-3-baseline/chain-round-1-jobs-8/obrador/state'...
copying path '/tmp/obrador-shared-pins-linux/round-3-baseline/chain-round-1-jobs-8/store/g7c7vy7cz6ndamz5iymhc9airm6vfc78-leaf-8.drv.drv' to 'obrador+local:///tmp/obrador-shared-pins-linux/round-3-baseline/chain-round-1-jobs-8/obrador/state'...
copying path '/tmp/obrador-shared-pins-linux/round-3-baseline/chain-round-1-jobs-8/store/b6fcsrsldn5fzb05s6nj15fq0znhvxp2-leaf-9.drv.drv' to 'obrador+local:///tmp/obrador-shared-pins-linux/round-3-baseline/chain-round-1-jobs-8/obrador/state'...
copying path '/tmp/obrador-shared-pins-linux/round-3-baseline/chain-round-1-jobs-8/store/6jgydg8zdk00c253ds46sqy41gpcyk1k-leaf-10.drv.drv' to 'obrador+local:///tmp/obrador-shared-pins-linux/round-3-baseline/chain-round-1-jobs-8/obrador/state'...
copying path '/tmp/obrador-shared-pins-linux/round-3-baseline/chain-round-1-jobs-8/store/msx0mimyw3iakv00m8lgnkp4sbgk4yl8-leaf-11.drv.drv' to 'obrador+local:///tmp/obrador-shared-pins-linux/round-3-baseline/chain-round-1-jobs-8/obrador/state'...
copying path '/tmp/obrador-shared-pins-linux/round-3-baseline/chain-round-1-jobs-8/store/2za4pds87m6yx74d3snkcx14r0kizw6h-leaf-12.drv.drv' to 'obrador+local:///tmp/obrador-shared-pins-linux/round-3-baseline/chain-round-1-jobs-8/obrador/state'...
copying path '/tmp/obrador-shared-pins-linux/round-3-baseline/chain-round-1-jobs-8/store/af01sclf52xryqs1wwha40pcqvfy18np-leaf-13.drv.drv' to 'obrador+local:///tmp/obrador-shared-pins-linux/round-3-baseline/chain-round-1-jobs-8/obrador/state'...
copying path '/tmp/obrador-shared-pins-linux/round-3-baseline/chain-round-1-jobs-8/store/ymnba573mim4c8xj1bdywvffcx1zxhib-leaf-14.drv.drv' to 'obrador+local:///tmp/obrador-shared-pins-linux/round-3-baseline/chain-round-1-jobs-8/obrador/state'...
copying path '/tmp/obrador-shared-pins-linux/round-3-baseline/chain-round-1-jobs-8/store/q9z6acy245mzxyk1dqs2aqgl47p658n6-leaf-15.drv.drv' to 'obrador+local:///tmp/obrador-shared-pins-linux/round-3-baseline/chain-round-1-jobs-8/obrador/state'...
copying path '/tmp/obrador-shared-pins-linux/round-3-baseline/chain-round-1-jobs-8/store/j56vkzmqa8ky6gj2nx73aizjsl6vkznk-leaf-16.drv.drv' to 'obrador+local:///tmp/obrador-shared-pins-linux/round-3-baseline/chain-round-1-jobs-8/obrador/state'...
copying path '/tmp/obrador-shared-pins-linux/round-3-baseline/chain-round-1-jobs-8/store/vnpf8gkz348rjn1lw5qm4xz9x4gaih3w-leaf-17.drv.drv' to 'obrador+local:///tmp/obrador-shared-pins-linux/round-3-baseline/chain-round-1-jobs-8/obrador/state'...
copying path '/tmp/obrador-shared-pins-linux/round-3-baseline/chain-round-1-jobs-8/store/y8c7xd99c3lhfrgsxv4cj71rwxf1h2gg-leaf-18.drv.drv' to 'obrador+local:///tmp/obrador-shared-pins-linux/round-3-baseline/chain-round-1-jobs-8/obrador/state'...
copying path '/tmp/obrador-shared-pins-linux/round-3-baseline/chain-round-1-jobs-8/store/7kg729qc279xn0fb0b0143h89477kmly-leaf-19.drv.drv' to 'obrador+local:///tmp/obrador-shared-pins-linux/round-3-baseline/chain-round-1-jobs-8/obrador/state'...
copying path '/tmp/obrador-shared-pins-linux/round-3-baseline/chain-round-1-jobs-8/store/qqcijn78j4ba4lm2hwb4ff52dsv9aymn-leaf-20.drv.drv' to 'obrador+local:///tmp/obrador-shared-pins-linux/round-3-baseline/chain-round-1-jobs-8/obrador/state'...
copying path '/tmp/obrador-shared-pins-linux/round-3-baseline/chain-round-1-jobs-8/store/qlfi72m5xfqckf7q3cr79hyfhwqdyz9y-leaf-21.drv.drv' to 'obrador+local:///tmp/obrador-shared-pins-linux/round-3-baseline/chain-round-1-jobs-8/obrador/state'...
copying path '/tmp/obrador-shared-pins-linux/round-3-baseline/chain-round-1-jobs-8/store/7pj554b755pszqxbn2czz93dcr72zpr1-leaf-22.drv.drv' to 'obrador+local:///tmp/obrador-shared-pins-linux/round-3-baseline/chain-round-1-jobs-8/obrador/state'...
copying path '/tmp/obrador-shared-pins-linux/round-3-baseline/chain-round-1-jobs-8/store/jvn0dxd4a3skgv0w3sxd544gx0bpn8mk-leaf-23.drv.drv' to 'obrador+local:///tmp/obrador-shared-pins-linux/round-3-baseline/chain-round-1-jobs-8/obrador/state'...
copying path '/tmp/obrador-shared-pins-linux/round-3-baseline/chain-round-1-jobs-8/store/zwcwwggrbcvy85cz2nbbflp7jjp7qrzw-leaf-24.drv.drv' to 'obrador+local:///tmp/obrador-shared-pins-linux/round-3-baseline/chain-round-1-jobs-8/obrador/state'...
copying path '/tmp/obrador-shared-pins-linux/round-3-baseline/chain-round-1-jobs-8/store/2z1nga9xylrxxqypyylz1m50apdc88i2-leaf-25.drv.drv' to 'obrador+local:///tmp/obrador-shared-pins-linux/round-3-baseline/chain-round-1-jobs-8/obrador/state'...
copying path '/tmp/obrador-shared-pins-linux/round-3-baseline/chain-round-1-jobs-8/store/04bgc2bwzrwvdlj8054fm6vxw5j01wm3-leaf-26.drv.drv' to 'obrador+local:///tmp/obrador-shared-pins-linux/round-3-baseline/chain-round-1-jobs-8/obrador/state'...
copying path '/tmp/obrador-shared-pins-linux/round-3-baseline/chain-round-1-jobs-8/store/r9d1lchjjb2xqmynbvf6rjdd7c82lmq1-leaf-27.drv.drv' to 'obrador+local:///tmp/obrador-shared-pins-linux/round-3-baseline/chain-round-1-jobs-8/obrador/state'...
copying path '/tmp/obrador-shared-pins-linux/round-3-baseline/chain-round-1-jobs-8/store/yp0zzhmv1i35a5m1j8ig0dsr48srq828-leaf-28.drv.drv' to 'obrador+local:///tmp/obrador-shared-pins-linux/round-3-baseline/chain-round-1-jobs-8/obrador/state'...
copying path '/tmp/obrador-shared-pins-linux/round-3-baseline/chain-round-1-jobs-8/store/grf1pj993vpwwwmmd0dmxkwy6d7b8zmq-leaf-29.drv.drv' to 'obrador+local:///tmp/obrador-shared-pins-linux/round-3-baseline/chain-round-1-jobs-8/obrador/state'...
copying path '/tmp/obrador-shared-pins-linux/round-3-baseline/chain-round-1-jobs-8/store/pw6wgqhisasxw02dzk0v9d5spmza0df9-leaf-30.drv.drv' to 'obrador+local:///tmp/obrador-shared-pins-linux/round-3-baseline/chain-round-1-jobs-8/obrador/state'...
copying path '/tmp/obrador-shared-pins-linux/round-3-baseline/chain-round-1-jobs-8/store/a6ilf355alymrffwdnhjj8ry3yk5bja9-leaf-31.drv.drv' to 'obrador+local:///tmp/obrador-shared-pins-linux/round-3-baseline/chain-round-1-jobs-8/obrador/state'...
