copying 33 paths...
copying path '/Users/hetzner/obrador-shared-pins-20260909/round-2-after/wide-round-1-jobs-8/store/vlhzszcl5dd04s2f1yhbza6n24hgxs7v-seed' to 'local://'...
copying path '/Users/hetzner/obrador-shared-pins-20260909/round-2-after/wide-round-1-jobs-8/store/5ykvyszzagbdkbm5zmh820z6b6iac2xf-leaf-8.drv.drv' to 'local://'...
copying path '/Users/hetzner/obrador-shared-pins-20260909/round-2-after/wide-round-1-jobs-8/store/10lnzs540qsqv8v8fk6xfg4lmca4iv58-leaf-15.drv.drv' to 'local://'...
copying path '/Users/hetzner/obrador-shared-pins-20260909/round-2-after/wide-round-1-jobs-8/store/57vvfbdqilw8qlabh52yadzsfdc5i7jc-leaf-6.drv.drv' to 'local://'...
copying path '/Users/hetzner/obrador-shared-pins-20260909/round-2-after/wide-round-1-jobs-8/store/8kdfbpc8dljnr3hffym2r6ycr49rj89x-leaf-14.drv.drv' to 'local://'...
copying path '/Users/hetzner/obrador-shared-pins-20260909/round-2-after/wide-round-1-jobs-8/store/4xji18hh6pwwwlysl519fsl97r7wdq5m-leaf-16.drv.drv' to 'local://'...
copying path '/Users/hetzner/obrador-shared-pins-20260909/round-2-after/wide-round-1-jobs-8/store/8gpvrniwap64cs567q387k0h0pdibh7x-leaf-25.drv.drv' to 'local://'...
copying path '/Users/hetzner/obrador-shared-pins-20260909/round-2-after/wide-round-1-jobs-8/store/2kf8i4j6rfagll47xsk3ypdb7y3f3d6y-leaf-20.drv.drv' to 'local://'...
copying path '/Users/hetzner/obrador-shared-pins-20260909/round-2-after/wide-round-1-jobs-8/store/7rwyx45hzlkk5r5nzxxwgchym094yisi-leaf-29.drv.drv' to 'local://'...
copying path '/Users/hetzner/obrador-shared-pins-20260909/round-2-after/wide-round-1-jobs-8/store/9gf4jicpdg462mbk6n732yn2pivm8409-leaf-1.drv.drv' to 'local://'...
copying path '/Users/hetzner/obrador-shared-pins-20260909/round-2-after/wide-round-1-jobs-8/store/9yhzm0sbg1paaq2n7gaqsrzkdrxiqf0i-leaf-27.drv.drv' to 'local://'...
copying path '/Users/hetzner/obrador-shared-pins-20260909/round-2-after/wide-round-1-jobs-8/store/gdi0nd05zayd2782jvclb05bd4n3q8kz-leaf-4.drv.drv' to 'local://'...
copying path '/Users/hetzner/obrador-shared-pins-20260909/round-2-after/wide-round-1-jobs-8/store/gfh93avgjjab0mwgs59skv097zwpll3g-leaf-26.drv.drv' to 'local://'...
copying path '/Users/hetzner/obrador-shared-pins-20260909/round-2-after/wide-round-1-jobs-8/store/h3qcqi5zf0lp17pymz27wbshf83py931-leaf-12.drv.drv' to 'local://'...
copying path '/Users/hetzner/obrador-shared-pins-20260909/round-2-after/wide-round-1-jobs-8/store/asx87kqjxa6hlg9xb7ihaabbpb1hk63q-leaf-10.drv.drv' to 'local://'...
copying path '/Users/hetzner/obrador-shared-pins-20260909/round-2-after/wide-round-1-jobs-8/store/db75x55z135i69fn38252hiwzp72n6gh-leaf-11.drv.drv' to 'local://'...
copying path '/Users/hetzner/obrador-shared-pins-20260909/round-2-after/wide-round-1-jobs-8/store/9mk4a28g9aa3c1w39zwkvqlkxzy1mhkb-leaf-28.drv.drv' to 'local://'...
copying path '/Users/hetzner/obrador-shared-pins-20260909/round-2-after/wide-round-1-jobs-8/store/gx53xhbl9f3q941cfrjcprqnbwqdbcig-leaf-17.drv.drv' to 'local://'...
copying path '/Users/hetzner/obrador-shared-pins-20260909/round-2-after/wide-round-1-jobs-8/store/h82r5wh6s1pa4rd4n7zay5yzx98q9bin-leaf-3.drv.drv' to 'local://'...
copying path '/Users/hetzner/obrador-shared-pins-20260909/round-2-after/wide-round-1-jobs-8/store/ir64li9sk73lf1z9yk984yns89h5mf8d-leaf-5.drv.drv' to 'local://'...
copying path '/Users/hetzner/obrador-shared-pins-20260909/round-2-after/wide-round-1-jobs-8/store/kp24qgcps92x6xg5mgl98w23ikqjm6z4-leaf-9.drv.drv' to 'local://'...
copying path '/Users/hetzner/obrador-shared-pins-20260909/round-2-after/wide-round-1-jobs-8/store/j67kkbzpmqrcnf7v8m13vprnkh2mj7q3-leaf-2.drv.drv' to 'local://'...
copying path '/Users/hetzner/obrador-shared-pins-20260909/round-2-after/wide-round-1-jobs-8/store/jrywgp5wfzgd9aklhqz0r028sjijm2zm-leaf-0.drv.drv' to 'local://'...
copying path '/Users/hetzner/obrador-shared-pins-20260909/round-2-after/wide-round-1-jobs-8/store/lfa3slp84z8gg1ardyphbymml7rn96qs-leaf-23.drv.drv' to 'local://'...
copying path '/Users/hetzner/obrador-shared-pins-20260909/round-2-after/wide-round-1-jobs-8/store/jb9c9c0pvy3z1lr13lrjp6s0v896fmam-leaf-30.drv.drv' to 'local://'...
copying path '/Users/hetzner/obrador-shared-pins-20260909/round-2-after/wide-round-1-jobs-8/store/nggh0dvz3nnvdgh717nc58xb1b2nqvm2-leaf-21.drv.drv' to 'local://'...
copying path '/Users/hetzner/obrador-shared-pins-20260909/round-2-after/wide-round-1-jobs-8/store/p993gp3aliir1zqznhzs96yx060isrfj-leaf-18.drv.drv' to 'local://'...
copying path '/Users/hetzner/obrador-shared-pins-20260909/round-2-after/wide-round-1-jobs-8/store/qzy3s3lcndv9nafahl3rgydqcfy9gmdp-leaf-19.drv.drv' to 'local://'...
copying path '/Users/hetzner/obrador-shared-pins-20260909/round-2-after/wide-round-1-jobs-8/store/xdgw1fhhajqdzixfczvra9qay0ppqp45-leaf-31.drv.drv' to 'local://'...
copying path '/Users/hetzner/obrador-shared-pins-20260909/round-2-after/wide-round-1-jobs-8/store/n74nsnr1schhlmx0a379a8hhydkgqw7l-leaf-22.drv.drv' to 'local://'...
copying path '/Users/hetzner/obrador-shared-pins-20260909/round-2-after/wide-round-1-jobs-8/store/pfaqi3hjz6vawyf3jqjjx3n2wjsp9wd1-leaf-13.drv.drv' to 'local://'...
copying path '/Users/hetzner/obrador-shared-pins-20260909/round-2-after/wide-round-1-jobs-8/store/xrvspvvshz8fb2x8zn17bl5lcvdf1vvn-leaf-7.drv.drv' to 'local://'...
copying path '/Users/hetzner/obrador-shared-pins-20260909/round-2-after/wide-round-1-jobs-8/store/w8wh13b95kifykiyqcwzzpsvzbkxz2i8-leaf-24.drv.drv' to 'local://'...
