copying 33 paths...
copying path '/tmp/casita-chain-rerun-l2oceybd/round-3-baseline/chain-round-1-jobs-8/store/k55ayszawhh6yhaj86yhsj36ra8h56r0-seed' to 'local://'...
copying path '/tmp/casita-chain-rerun-l2oceybd/round-3-baseline/chain-round-1-jobs-8/store/ygf9lrcf5ij00cl7h6xsir05cfshzzzc-leaf-0.drv.drv' to 'local://'...
copying path '/tmp/casita-chain-rerun-l2oceybd/round-3-baseline/chain-round-1-jobs-8/store/xp6rrnypvyz1rcdf4z8hqbb6p2rrv6ar-leaf-1.drv.drv' to 'local://'...
copying path '/tmp/casita-chain-rerun-l2oceybd/round-3-baseline/chain-round-1-jobs-8/store/93q51ip6agfzpcj97am07l0v9naq1cxv-leaf-2.drv.drv' to 'local://'...
copying path '/tmp/casita-chain-rerun-l2oceybd/round-3-baseline/chain-round-1-jobs-8/store/r938q9z3n3siz01kkndq2pfg11c4pb0w-leaf-3.drv.drv' to 'local://'...
copying path '/tmp/casita-chain-rerun-l2oceybd/round-3-baseline/chain-round-1-jobs-8/store/i5nwbpig1210cy8ishijk07ljmlcxzy1-leaf-4.drv.drv' to 'local://'...
copying path '/tmp/casita-chain-rerun-l2oceybd/round-3-baseline/chain-round-1-jobs-8/store/6byswlp95g7a61fvl8xi41w8xxp2jcz1-leaf-5.drv.drv' to 'local://'...
copying path '/tmp/casita-chain-rerun-l2oceybd/round-3-baseline/chain-round-1-jobs-8/store/9n6rmasp5bqvvki3hfg3za1s4cbcmxin-leaf-6.drv.drv' to 'local://'...
copying path '/tmp/casita-chain-rerun-l2oceybd/round-3-baseline/chain-round-1-jobs-8/store/q6yzyhznvsmrimb8lp8kxhpsbxckl5n7-leaf-7.drv.drv' to 'local://'...
copying path '/tmp/casita-chain-rerun-l2oceybd/round-3-baseline/chain-round-1-jobs-8/store/iwda6j5da4rklqdkzdbsv951sppnh7pv-leaf-8.drv.drv' to 'local://'...
copying path '/tmp/casita-chain-rerun-l2oceybd/round-3-baseline/chain-round-1-jobs-8/store/n8xw68a32yjy87nrpn0rjavbjkkzhv9l-leaf-9.drv.drv' to 'local://'...
copying path '/tmp/casita-chain-rerun-l2oceybd/round-3-baseline/chain-round-1-jobs-8/store/ql4pf45bkwcfh8dvqfny3183iibdcxac-leaf-10.drv.drv' to 'local://'...
copying path '/tmp/casita-chain-rerun-l2oceybd/round-3-baseline/chain-round-1-jobs-8/store/xm0bmx57y2rgnw98vlnpghblfhyjfz06-leaf-11.drv.drv' to 'local://'...
copying path '/tmp/casita-chain-rerun-l2oceybd/round-3-baseline/chain-round-1-jobs-8/store/1pikhdzw7lk5syarm0wx1rp22fzvxxhx-leaf-12.drv.drv' to 'local://'...
copying path '/tmp/casita-chain-rerun-l2oceybd/round-3-baseline/chain-round-1-jobs-8/store/zf013dmkca4ildfv8dybj1jzj16x1ynp-leaf-13.drv.drv' to 'local://'...
copying path '/tmp/casita-chain-rerun-l2oceybd/round-3-baseline/chain-round-1-jobs-8/store/278gnfyb45hdcpf8148wlhka13mzshmf-leaf-14.drv.drv' to 'local://'...
copying path '/tmp/casita-chain-rerun-l2oceybd/round-3-baseline/chain-round-1-jobs-8/store/m1zasxpw5r43d67j75mqgg69sfvm4ph4-leaf-15.drv.drv' to 'local://'...
copying path '/tmp/casita-chain-rerun-l2oceybd/round-3-baseline/chain-round-1-jobs-8/store/xrpkhh5h5hiw52rf47v1sdvvfhcnvlj6-leaf-16.drv.drv' to 'local://'...
copying path '/tmp/casita-chain-rerun-l2oceybd/round-3-baseline/chain-round-1-jobs-8/store/kgrshcl0k7rhrgnicrphgk24pz5xsx9z-leaf-17.drv.drv' to 'local://'...
copying path '/tmp/casita-chain-rerun-l2oceybd/round-3-baseline/chain-round-1-jobs-8/store/6v67jm1js9days1j5a0npclg1hzavxpp-leaf-18.drv.drv' to 'local://'...
copying path '/tmp/casita-chain-rerun-l2oceybd/round-3-baseline/chain-round-1-jobs-8/store/r42x0x13p4k82d7nnmz4d2fccgl1gqz5-leaf-19.drv.drv' to 'local://'...
copying path '/tmp/casita-chain-rerun-l2oceybd/round-3-baseline/chain-round-1-jobs-8/store/5kzi93d6py02c68j7hd52mmlhjgdlyga-leaf-20.drv.drv' to 'local://'...
copying path '/tmp/casita-chain-rerun-l2oceybd/round-3-baseline/chain-round-1-jobs-8/store/0yivyx9n1mwn74avhy31ik5b9xv77mbf-leaf-21.drv.drv' to 'local://'...
copying path '/tmp/casita-chain-rerun-l2oceybd/round-3-baseline/chain-round-1-jobs-8/store/sra2303s58qpjhsprqb0l8zhjk9xm7md-leaf-22.drv.drv' to 'local://'...
copying path '/tmp/casita-chain-rerun-l2oceybd/round-3-baseline/chain-round-1-jobs-8/store/hzxjpiv4l6cmfk1n4vnq4l1by216d163-leaf-23.drv.drv' to 'local://'...
copying path '/tmp/casita-chain-rerun-l2oceybd/round-3-baseline/chain-round-1-jobs-8/store/z2rx7h9b7cylfdawdvspf10p9fpbffq3-leaf-24.drv.drv' to 'local://'...
copying path '/tmp/casita-chain-rerun-l2oceybd/round-3-baseline/chain-round-1-jobs-8/store/lhllk4i1wlq8n40gx76953fq91x2ryxz-leaf-25.drv.drv' to 'local://'...
copying path '/tmp/casita-chain-rerun-l2oceybd/round-3-baseline/chain-round-1-jobs-8/store/kvd6fy5drqdiwxaip1zd4fncz4didn3l-leaf-26.drv.drv' to 'local://'...
copying path '/tmp/casita-chain-rerun-l2oceybd/round-3-baseline/chain-round-1-jobs-8/store/bavpin9mbsr6vyp6adrvvgk7hf9a75dx-leaf-27.drv.drv' to 'local://'...
copying path '/tmp/casita-chain-rerun-l2oceybd/round-3-baseline/chain-round-1-jobs-8/store/i25zs6j0wqpcbvwr88nm8rj7766w4dbh-leaf-28.drv.drv' to 'local://'...
copying path '/tmp/casita-chain-rerun-l2oceybd/round-3-baseline/chain-round-1-jobs-8/store/6mfw5ln96fbr73cw6qzx4hiycjghbwh5-leaf-29.drv.drv' to 'local://'...
copying path '/tmp/casita-chain-rerun-l2oceybd/round-3-baseline/chain-round-1-jobs-8/store/aa8l8k91ckkf1a3ddxk0fynrmi4c8lay-leaf-30.drv.drv' to 'local://'...
copying path '/tmp/casita-chain-rerun-l2oceybd/round-3-baseline/chain-round-1-jobs-8/store/kh3bknyjc6nq7917fq2miikzjhbz0pmz-leaf-31.drv.drv' to 'local://'...
