copying 32 paths...
copying path '/tmp/obrador-shared-pins-linux/round-3-retry-baseline/wide-round-1-jobs-8/store/9jrbmhwx2mxccqqg62aiixskwrl9rbwm-leaf-29-result' from 'obrador+local:///tmp/obrador-shared-pins-linux/round-3-retry-baseline/wide-round-1-jobs-8/obrador/state'...
copying path '/tmp/obrador-shared-pins-linux/round-3-retry-baseline/wide-round-1-jobs-8/store/6xvnpirgcc84qrqmlx6lsv9r3k9wa1nz-leaf-0-result' from 'obrador+local:///tmp/obrador-shared-pins-linux/round-3-retry-baseline/wide-round-1-jobs-8/obrador/state'...
copying path '/tmp/obrador-shared-pins-linux/round-3-retry-baseline/wide-round-1-jobs-8/store/4sy3gilifmsi22565pa0lviynqn8cmxr-leaf-23-result' from 'obrador+local:///tmp/obrador-shared-pins-linux/round-3-retry-baseline/wide-round-1-jobs-8/obrador/state'...
copying path '/tmp/obrador-shared-pins-linux/round-3-retry-baseline/wide-round-1-jobs-8/store/d49q2ssdfcvhv0f5qy52yamzaar25c54-leaf-22-result' from 'obrador+local:///tmp/obrador-shared-pins-linux/round-3-retry-baseline/wide-round-1-jobs-8/obrador/state'...
copying path '/tmp/obrador-shared-pins-linux/round-3-retry-baseline/wide-round-1-jobs-8/store/0s0z44ylichmiqw587wq4zvbb30diwdd-leaf-18-result' from 'obrador+local:///tmp/obrador-shared-pins-linux/round-3-retry-baseline/wide-round-1-jobs-8/obrador/state'...
copying path '/tmp/obrador-shared-pins-linux/round-3-retry-baseline/wide-round-1-jobs-8/store/gqkv9yii6290lgl6fjwilljzs246367a-leaf-25-result' from 'obrador+local:///tmp/obrador-shared-pins-linux/round-3-retry-baseline/wide-round-1-jobs-8/obrador/state'...
copying path '/tmp/obrador-shared-pins-linux/round-3-retry-baseline/wide-round-1-jobs-8/store/ax7350d5lgqkc6b981p00mlq8bcd34qh-leaf-27-result' from 'obrador+local:///tmp/obrador-shared-pins-linux/round-3-retry-baseline/wide-round-1-jobs-8/obrador/state'...
copying path '/tmp/obrador-shared-pins-linux/round-3-retry-baseline/wide-round-1-jobs-8/store/dxqg9qy3wy6jcf0mm4aymg5s77g7n4s0-leaf-19-result' from 'obrador+local:///tmp/obrador-shared-pins-linux/round-3-retry-baseline/wide-round-1-jobs-8/obrador/state'...
copying path '/tmp/obrador-shared-pins-linux/round-3-retry-baseline/wide-round-1-jobs-8/store/620cfbqb50b1rix2pnz1lqrhrp7gbv8h-leaf-24-result' from 'obrador+local:///tmp/obrador-shared-pins-linux/round-3-retry-baseline/wide-round-1-jobs-8/obrador/state'...
copying path '/tmp/obrador-shared-pins-linux/round-3-retry-baseline/wide-round-1-jobs-8/store/275w1195x71w7710q785q726h374v860-leaf-21-result' from 'obrador+local:///tmp/obrador-shared-pins-linux/round-3-retry-baseline/wide-round-1-jobs-8/obrador/state'...
copying path '/tmp/obrador-shared-pins-linux/round-3-retry-baseline/wide-round-1-jobs-8/store/4s4qkqn19g1vslxlgsrsis31j2q8sa4h-leaf-5-result' from 'obrador+local:///tmp/obrador-shared-pins-linux/round-3-retry-baseline/wide-round-1-jobs-8/obrador/state'...
copying path '/tmp/obrador-shared-pins-linux/round-3-retry-baseline/wide-round-1-jobs-8/store/fg62gn356kfazjgkl9dvdn8474mr36n9-leaf-16-result' from 'obrador+local:///tmp/obrador-shared-pins-linux/round-3-retry-baseline/wide-round-1-jobs-8/obrador/state'...
copying path '/tmp/obrador-shared-pins-linux/round-3-retry-baseline/wide-round-1-jobs-8/store/842bprkvbrvn08qwvv3nlnijllqs738g-leaf-26-result' from 'obrador+local:///tmp/obrador-shared-pins-linux/round-3-retry-baseline/wide-round-1-jobs-8/obrador/state'...
copying path '/tmp/obrador-shared-pins-linux/round-3-retry-baseline/wide-round-1-jobs-8/store/2ia6qd3ijbz4p8zi0xifhsnxsz29jsm1-leaf-14-result' from 'obrador+local:///tmp/obrador-shared-pins-linux/round-3-retry-baseline/wide-round-1-jobs-8/obrador/state'...
copying path '/tmp/obrador-shared-pins-linux/round-3-retry-baseline/wide-round-1-jobs-8/store/8x5j538h0gbq6281s7pa12i1mqxdl3ik-leaf-3-result' from 'obrador+local:///tmp/obrador-shared-pins-linux/round-3-retry-baseline/wide-round-1-jobs-8/obrador/state'...
copying path '/tmp/obrador-shared-pins-linux/round-3-retry-baseline/wide-round-1-jobs-8/store/0nnni1ksim96ba9dnjxyvw35jz2pv14w-leaf-6-result' from 'obrador+local:///tmp/obrador-shared-pins-linux/round-3-retry-baseline/wide-round-1-jobs-8/obrador/state'...
copying path '/tmp/obrador-shared-pins-linux/round-3-retry-baseline/wide-round-1-jobs-8/store/kiw68rkx42cz6zb65czhi92i9chks92q-leaf-8-result' from 'obrador+local:///tmp/obrador-shared-pins-linux/round-3-retry-baseline/wide-round-1-jobs-8/obrador/state'...
copying path '/tmp/obrador-shared-pins-linux/round-3-retry-baseline/wide-round-1-jobs-8/store/k5yhc18scaxqz46bpa7hdf4w9s5d7rna-leaf-10-result' from 'obrador+local:///tmp/obrador-shared-pins-linux/round-3-retry-baseline/wide-round-1-jobs-8/obrador/state'...
copying path '/tmp/obrador-shared-pins-linux/round-3-retry-baseline/wide-round-1-jobs-8/store/ky0x5n8yqr08mxim77cs14apfklyp44f-leaf-7-result' from 'obrador+local:///tmp/obrador-shared-pins-linux/round-3-retry-baseline/wide-round-1-jobs-8/obrador/state'...
copying path '/tmp/obrador-shared-pins-linux/round-3-retry-baseline/wide-round-1-jobs-8/store/jjdf3xangwgaaxba7p1kidhd73qzczpm-leaf-4-result' from 'obrador+local:///tmp/obrador-shared-pins-linux/round-3-retry-baseline/wide-round-1-jobs-8/obrador/state'...
copying path '/tmp/obrador-shared-pins-linux/round-3-retry-baseline/wide-round-1-jobs-8/store/l466ql0zjxdsgv5p2fzm5q5yha81bkgj-leaf-31-result' from 'obrador+local:///tmp/obrador-shared-pins-linux/round-3-retry-baseline/wide-round-1-jobs-8/obrador/state'...
copying path '/tmp/obrador-shared-pins-linux/round-3-retry-baseline/wide-round-1-jobs-8/store/mv3adjidpqfnijqyjnpn5az7a1kkml47-leaf-17-result' from 'obrador+local:///tmp/obrador-shared-pins-linux/round-3-retry-baseline/wide-round-1-jobs-8/obrador/state'...
copying path '/tmp/obrador-shared-pins-linux/round-3-retry-baseline/wide-round-1-jobs-8/store/ndlk1aksygrr10anfj5qlxcdz0w63gjx-leaf-12-result' from 'obrador+local:///tmp/obrador-shared-pins-linux/round-3-retry-baseline/wide-round-1-jobs-8/obrador/state'...
copying path '/tmp/obrador-shared-pins-linux/round-3-retry-baseline/wide-round-1-jobs-8/store/nsbdx3ygyaqmb7crd2f6wmcymx8hxz02-leaf-9-result' from 'obrador+local:///tmp/obrador-shared-pins-linux/round-3-retry-baseline/wide-round-1-jobs-8/obrador/state'...
copying path '/tmp/obrador-shared-pins-linux/round-3-retry-baseline/wide-round-1-jobs-8/store/pfa2fzbx2085qgr5jl0ajii67isqqsc6-leaf-30-result' from 'obrador+local:///tmp/obrador-shared-pins-linux/round-3-retry-baseline/wide-round-1-jobs-8/obrador/state'...
copying path '/tmp/obrador-shared-pins-linux/round-3-retry-baseline/wide-round-1-jobs-8/store/pkiz6vkq9wcbzxnkwxpicpr1wpxygxnd-leaf-13-result' from 'obrador+local:///tmp/obrador-shared-pins-linux/round-3-retry-baseline/wide-round-1-jobs-8/obrador/state'...
copying path '/tmp/obrador-shared-pins-linux/round-3-retry-baseline/wide-round-1-jobs-8/store/q23fx8ir6bnccjxjc7qzjrvyzr25c8v7-leaf-20-result' from 'obrador+local:///tmp/obrador-shared-pins-linux/round-3-retry-baseline/wide-round-1-jobs-8/obrador/state'...
copying path '/tmp/obrador-shared-pins-linux/round-3-retry-baseline/wide-round-1-jobs-8/store/r2485a8c4xb48javnbyccbx18f44azfl-leaf-2-result' from 'obrador+local:///tmp/obrador-shared-pins-linux/round-3-retry-baseline/wide-round-1-jobs-8/obrador/state'...
copying path '/tmp/obrador-shared-pins-linux/round-3-retry-baseline/wide-round-1-jobs-8/store/r5w3vcxj270112n4i8w9wj5z9fc8mrps-leaf-11-result' from 'obrador+local:///tmp/obrador-shared-pins-linux/round-3-retry-baseline/wide-round-1-jobs-8/obrador/state'...
copying path '/tmp/obrador-shared-pins-linux/round-3-retry-baseline/wide-round-1-jobs-8/store/sgy4qrkjp8dqa6xx15hbv3xsm9x2ahca-leaf-15-result' from 'obrador+local:///tmp/obrador-shared-pins-linux/round-3-retry-baseline/wide-round-1-jobs-8/obrador/state'...
copying path '/tmp/obrador-shared-pins-linux/round-3-retry-baseline/wide-round-1-jobs-8/store/xydmy8vjl9g1m38izm2qgd0raxjxklqf-leaf-28-result' from 'obrador+local:///tmp/obrador-shared-pins-linux/round-3-retry-baseline/wide-round-1-jobs-8/obrador/state'...
copying path '/tmp/obrador-shared-pins-linux/round-3-retry-baseline/wide-round-1-jobs-8/store/z3d70kabf57hmm0w5h3bly2ax89dc5bw-leaf-1-result' from 'obrador+local:///tmp/obrador-shared-pins-linux/round-3-retry-baseline/wide-round-1-jobs-8/obrador/state'...
