@nix {"action":"msg","level":3,"msg":"these 32 derivations will be built:"}
@nix {"action":"msg","level":3,"msg":"  /tmp/obrador-shared-pins-linux/round-1-after/chain-round-1-jobs-8/store/1jy0whdgjk4v5lmv7y7jmmqcdfyg6k22-leaf-0.drv.drv"}
@nix {"action":"msg","level":3,"msg":"  /tmp/obrador-shared-pins-linux/round-1-after/chain-round-1-jobs-8/store/wn109liywsib5jnk7d91d6hl66kg4gx2-leaf-1.drv.drv"}
@nix {"action":"msg","level":3,"msg":"  /tmp/obrador-shared-pins-linux/round-1-after/chain-round-1-jobs-8/store/v9drkv853wqy3pmplqkkg8hqfm37b2ma-leaf-2.drv.drv"}
@nix {"action":"msg","level":3,"msg":"  /tmp/obrador-shared-pins-linux/round-1-after/chain-round-1-jobs-8/store/2bi9lsklwjvk5v0iqdma9y04wcjm5rq2-leaf-3.drv.drv"}
@nix {"action":"msg","level":3,"msg":"  /tmp/obrador-shared-pins-linux/round-1-after/chain-round-1-jobs-8/store/a5ybkm746xjp4a5lycbppg5yjkdgx4gl-leaf-4.drv.drv"}
@nix {"action":"msg","level":3,"msg":"  /tmp/obrador-shared-pins-linux/round-1-after/chain-round-1-jobs-8/store/nr87xj3rn3fk3fqn57p85knfqk2vqy0v-leaf-5.drv.drv"}
@nix {"action":"msg","level":3,"msg":"  /tmp/obrador-shared-pins-linux/round-1-after/chain-round-1-jobs-8/store/3iaxz0djwqga16dz2b1zi4q6x28raicj-leaf-6.drv.drv"}
@nix {"action":"msg","level":3,"msg":"  /tmp/obrador-shared-pins-linux/round-1-after/chain-round-1-jobs-8/store/5ibdbx09zilcpp1s07mhjv3bgvh2fpcr-leaf-7.drv.drv"}
@nix {"action":"msg","level":3,"msg":"  /tmp/obrador-shared-pins-linux/round-1-after/chain-round-1-jobs-8/store/iv5pqjikp2wcyk76cayln0gb43v9wzpl-leaf-8.drv.drv"}
@nix {"action":"msg","level":3,"msg":"  /tmp/obrador-shared-pins-linux/round-1-after/chain-round-1-jobs-8/store/as39inxn9amzms77rc01xghhiidc4sfv-leaf-9.drv.drv"}
@nix {"action":"msg","level":3,"msg":"  /tmp/obrador-shared-pins-linux/round-1-after/chain-round-1-jobs-8/store/fqi08i7sckm8r631j2ya1sgs8fbkkmzh-leaf-10.drv.drv"}
@nix {"action":"msg","level":3,"msg":"  /tmp/obrador-shared-pins-linux/round-1-after/chain-round-1-jobs-8/store/pvw2c702lcxbcnx8w1h88wmcjyhrqcan-leaf-11.drv.drv"}
@nix {"action":"msg","level":3,"msg":"  /tmp/obrador-shared-pins-linux/round-1-after/chain-round-1-jobs-8/store/1i1a61pcs0ap6xmvq1mljan8hx0i9f0k-leaf-12.drv.drv"}
@nix {"action":"msg","level":3,"msg":"  /tmp/obrador-shared-pins-linux/round-1-after/chain-round-1-jobs-8/store/wiwcxmxq3pazv0b7kc26d8896ifhf3jx-leaf-13.drv.drv"}
@nix {"action":"msg","level":3,"msg":"  /tmp/obrador-shared-pins-linux/round-1-after/chain-round-1-jobs-8/store/hslk4lhcgmwanbdna25khiq25kn5pcs4-leaf-14.drv.drv"}
@nix {"action":"msg","level":3,"msg":"  /tmp/obrador-shared-pins-linux/round-1-after/chain-round-1-jobs-8/store/p7wl5nzsir3gv2dmwxs92yavbfcds3zp-leaf-15.drv.drv"}
@nix {"action":"msg","level":3,"msg":"  /tmp/obrador-shared-pins-linux/round-1-after/chain-round-1-jobs-8/store/9vk4dbgq0lb6l6l0cllnmdik17ws7ad8-leaf-16.drv.drv"}
@nix {"action":"msg","level":3,"msg":"  /tmp/obrador-shared-pins-linux/round-1-after/chain-round-1-jobs-8/store/gw7sccpnghvjz7w9iyg2kdb061c5z6qm-leaf-17.drv.drv"}
@nix {"action":"msg","level":3,"msg":"  /tmp/obrador-shared-pins-linux/round-1-after/chain-round-1-jobs-8/store/z2jws516zyviwix8zfkwq42jwpqi86w5-leaf-18.drv.drv"}
@nix {"action":"msg","level":3,"msg":"  /tmp/obrador-shared-pins-linux/round-1-after/chain-round-1-jobs-8/store/6vxb0ky3v0lxc9i2k3q7qbc6s17bbh6s-leaf-19.drv.drv"}
@nix {"action":"msg","level":3,"msg":"  /tmp/obrador-shared-pins-linux/round-1-after/chain-round-1-jobs-8/store/gm92piy0vr2g6djc5awv08hcyxdafki1-leaf-20.drv.drv"}
@nix {"action":"msg","level":3,"msg":"  /tmp/obrador-shared-pins-linux/round-1-after/chain-round-1-jobs-8/store/4p9mrgg3gmkx9c2phpp8ki3bxzywn0q8-leaf-21.drv.drv"}
@nix {"action":"msg","level":3,"msg":"  /tmp/obrador-shared-pins-linux/round-1-after/chain-round-1-jobs-8/store/nczbfyf2z8nzx4z6jl6i2cpd7wqvvs9m-leaf-22.drv.drv"}
@nix {"action":"msg","level":3,"msg":"  /tmp/obrador-shared-pins-linux/round-1-after/chain-round-1-jobs-8/store/ywj0sz5flngdcpprpl3i9xfmkwpj49dc-leaf-23.drv.drv"}
@nix {"action":"msg","level":3,"msg":"  /tmp/obrador-shared-pins-linux/round-1-after/chain-round-1-jobs-8/store/mgsvz8immjq2p0y7m5jlksdgfqbxd9q0-leaf-24.drv.drv"}
@nix {"action":"msg","level":3,"msg":"  /tmp/obrador-shared-pins-linux/round-1-after/chain-round-1-jobs-8/store/fibrrya0if8qmbff2v7njgcgnv7i7q6w-leaf-25.drv.drv"}
@nix {"action":"msg","level":3,"msg":"  /tmp/obrador-shared-pins-linux/round-1-after/chain-round-1-jobs-8/store/vk5z7afz51csg6gxj8ghd8ayzmvbnjii-leaf-26.drv.drv"}
@nix {"action":"msg","level":3,"msg":"  /tmp/obrador-shared-pins-linux/round-1-after/chain-round-1-jobs-8/store/ki2l0c9g6af3b02zhlk7fm302n1z84iq-leaf-27.drv.drv"}
@nix {"action":"msg","level":3,"msg":"  /tmp/obrador-shared-pins-linux/round-1-after/chain-round-1-jobs-8/store/4z2l0vcwyjpbz3w2bjh9jyamy1kjqxlg-leaf-28.drv.drv"}
@nix {"action":"msg","level":3,"msg":"  /tmp/obrador-shared-pins-linux/round-1-after/chain-round-1-jobs-8/store/hv0gx15z0046c280qhlnxbqxn9m177aw-leaf-29.drv.drv"}
@nix {"action":"msg","level":3,"msg":"  /tmp/obrador-shared-pins-linux/round-1-after/chain-round-1-jobs-8/store/i61vwnncdxzj0y25nn8clgixbwp4whr1-leaf-30.drv.drv"}
@nix {"action":"msg","level":3,"msg":"  /tmp/obrador-shared-pins-linux/round-1-after/chain-round-1-jobs-8/store/00d1hqa5l6r399jxpry2fx387b8xsrcc-leaf-31.drv.drv"}
@nix {"action":"start","fields":["/tmp/obrador-shared-pins-linux/round-1-after/chain-round-1-jobs-8/store/1jy0whdgjk4v5lmv7y7jmmqcdfyg6k22-leaf-0.drv.drv","",1,1],"id":5431265318666240,"level":3,"parent":0,"text":"building 'leaf-0.drv.drv'","type":105}
@nix {"action":"stop","id":5431265318666240}
@nix {"action":"start","fields":["/tmp/obrador-shared-pins-linux/round-1-after/chain-round-1-jobs-8/store/gpa92ybdpd45mc3s1ib0wbv92yb39dy9-leaf-0.drv","",1,1],"id":5431265318666241,"level":3,"parent":0,"text":"building 'leaf-0.drv'","type":105}
@nix {"action":"stop","id":5431265318666241}
@nix {"action":"start","fields":["/tmp/obrador-shared-pins-linux/round-1-after/chain-round-1-jobs-8/store/ay81kys92473vyaj7lmsxad3v2qg34n8-leaf-1.drv.drv","",1,1],"id":5431265318666242,"level":3,"parent":0,"text":"building 'leaf-1.drv.drv'","type":105}
@nix {"action":"stop","id":5431265318666242}
@nix {"action":"start","fields":["/tmp/obrador-shared-pins-linux/round-1-after/chain-round-1-jobs-8/store/syzcdspq5yfzx3p3k2zaai67kb385fzl-leaf-1.drv","",1,1],"id":5431265318666243,"level":3,"parent":0,"text":"building 'leaf-1.drv'","type":105}
@nix {"action":"stop","id":5431265318666243}
@nix {"action":"start","fields":["/tmp/obrador-shared-pins-linux/round-1-after/chain-round-1-jobs-8/store/iw1qq16p0xfa607p7xim4k4q28mjw7xd-leaf-2.drv.drv","",1,1],"id":5431265318666244,"level":3,"parent":0,"text":"building 'leaf-2.drv.drv'","type":105}
@nix {"action":"stop","id":5431265318666244}
@nix {"action":"start","fields":["/tmp/obrador-shared-pins-linux/round-1-after/chain-round-1-jobs-8/store/szhn75k785xd5dapdfn0w32by5ffc082-leaf-2.drv","",1,1],"id":5431265318666245,"level":3,"parent":0,"text":"building 'leaf-2.drv'","type":105}
@nix {"action":"stop","id":5431265318666245}
@nix {"action":"start","fields":["/tmp/obrador-shared-pins-linux/round-1-after/chain-round-1-jobs-8/store/2xwmqhm70r3kbrld06sxvwf1llga4f9j-leaf-3.drv.drv","",1,1],"id":5431265318666246,"level":3,"parent":0,"text":"building 'leaf-3.drv.drv'","type":105}
@nix {"action":"stop","id":5431265318666246}
@nix {"action":"start","fields":["/tmp/obrador-shared-pins-linux/round-1-after/chain-round-1-jobs-8/store/4r75g82irs743kyr70y785im72s0bzk4-leaf-3.drv","",1,1],"id":5431265318666247,"level":3,"parent":0,"text":"building 'leaf-3.drv'","type":105}
@nix {"action":"stop","id":5431265318666247}
@nix {"action":"start","fields":["/tmp/obrador-shared-pins-linux/round-1-after/chain-round-1-jobs-8/store/9isp8r5rw15zilmflrq3j9ismi8nwhrk-leaf-4.drv.drv","",1,1],"id":5431265318666248,"level":3,"parent":0,"text":"building 'leaf-4.drv.drv'","type":105}
@nix {"action":"stop","id":5431265318666248}
@nix {"action":"start","fields":["/tmp/obrador-shared-pins-linux/round-1-after/chain-round-1-jobs-8/store/6yz0q1jjh7c761kybybipibhvj41afn3-leaf-4.drv","",1,1],"id":5431265318666249,"level":3,"parent":0,"text":"building 'leaf-4.drv'","type":105}
@nix {"action":"stop","id":5431265318666249}
@nix {"action":"start","fields":["/tmp/obrador-shared-pins-linux/round-1-after/chain-round-1-jobs-8/store/2a0fdzjkcakasn93l9nnsiv3parpr1r9-leaf-5.drv.drv","",1,1],"id":5431265318666250,"level":3,"parent":0,"text":"building 'leaf-5.drv.drv'","type":105}
@nix {"action":"stop","id":5431265318666250}
@nix {"action":"start","fields":["/tmp/obrador-shared-pins-linux/round-1-after/chain-round-1-jobs-8/store/m5a08y0njm3cnbn0zrk6b1kc4y268bms-leaf-5.drv","",1,1],"id":5431265318666251,"level":3,"parent":0,"text":"building 'leaf-5.drv'","type":105}
@nix {"action":"stop","id":5431265318666251}
@nix {"action":"start","fields":["/tmp/obrador-shared-pins-linux/round-1-after/chain-round-1-jobs-8/store/584fh9hrw6mi8ig4g74j7bhgxahzzy40-leaf-6.drv.drv","",1,1],"id":5431265318666252,"level":3,"parent":0,"text":"building 'leaf-6.drv.drv'","type":105}
@nix {"action":"stop","id":5431265318666252}
@nix {"action":"start","fields":["/tmp/obrador-shared-pins-linux/round-1-after/chain-round-1-jobs-8/store/rrirsdwsvwn903rvbkyknxz4ynhn5w80-leaf-6.drv","",1,1],"id":5431265318666253,"level":3,"parent":0,"text":"building 'leaf-6.drv'","type":105}
@nix {"action":"stop","id":5431265318666253}
@nix {"action":"start","fields":["/tmp/obrador-shared-pins-linux/round-1-after/chain-round-1-jobs-8/store/l2xh7bplv3h1jg2djp2l1k8xs5238w01-leaf-7.drv.drv","",1,1],"id":5431265318666254,"level":3,"parent":0,"text":"building 'leaf-7.drv.drv'","type":105}
@nix {"action":"stop","id":5431265318666254}
@nix {"action":"start","fields":["/tmp/obrador-shared-pins-linux/round-1-after/chain-round-1-jobs-8/store/dq1f9k2yif2x7gl276003n47kf5g459v-leaf-7.drv","",1,1],"id":5431265318666255,"level":3,"parent":0,"text":"building 'leaf-7.drv'","type":105}
@nix {"action":"stop","id":5431265318666255}
@nix {"action":"start","fields":["/tmp/obrador-shared-pins-linux/round-1-after/chain-round-1-jobs-8/store/dpl5bn1wmlm62ha3fb4my0cz35a37pl8-leaf-8.drv.drv","",1,1],"id":5431265318666256,"level":3,"parent":0,"text":"building 'leaf-8.drv.drv'","type":105}
@nix {"action":"stop","id":5431265318666256}
@nix {"action":"start","fields":["/tmp/obrador-shared-pins-linux/round-1-after/chain-round-1-jobs-8/store/7jx612zx3r3s49d5bmpy3c9l48yysw6f-leaf-8.drv","",1,1],"id":5431265318666257,"level":3,"parent":0,"text":"building 'leaf-8.drv'","type":105}
@nix {"action":"stop","id":5431265318666257}
@nix {"action":"start","fields":["/tmp/obrador-shared-pins-linux/round-1-after/chain-round-1-jobs-8/store/q0dccypn6nd77kfqaaq879s7a0s74116-leaf-9.drv.drv","",1,1],"id":5431265318666258,"level":3,"parent":0,"text":"building 'leaf-9.drv.drv'","type":105}
@nix {"action":"stop","id":5431265318666258}
@nix {"action":"start","fields":["/tmp/obrador-shared-pins-linux/round-1-after/chain-round-1-jobs-8/store/6i3pbvx941rabx02qabymixfzhl2yjm9-leaf-9.drv","",1,1],"id":5431265318666259,"level":3,"parent":0,"text":"building 'leaf-9.drv'","type":105}
@nix {"action":"stop","id":5431265318666259}
@nix {"action":"start","fields":["/tmp/obrador-shared-pins-linux/round-1-after/chain-round-1-jobs-8/store/75fcwpmka5a50x7l0mszjkcjqbq3drmh-leaf-10.drv.drv","",1,1],"id":5431265318666260,"level":3,"parent":0,"text":"building 'leaf-10.drv.drv'","type":105}
@nix {"action":"stop","id":5431265318666260}
@nix {"action":"start","fields":["/tmp/obrador-shared-pins-linux/round-1-after/chain-round-1-jobs-8/store/1qgg0zb3pg80x44mbkmx840klnygcry4-leaf-10.drv","",1,1],"id":5431265318666261,"level":3,"parent":0,"text":"building 'leaf-10.drv'","type":105}
@nix {"action":"stop","id":5431265318666261}
@nix {"action":"start","fields":["/tmp/obrador-shared-pins-linux/round-1-after/chain-round-1-jobs-8/store/mm3k5zpzblbpsy14z6j15avm681rgnnr-leaf-11.drv.drv","",1,1],"id":5431265318666262,"level":3,"parent":0,"text":"building 'leaf-11.drv.drv'","type":105}
@nix {"action":"stop","id":5431265318666262}
@nix {"action":"start","fields":["/tmp/obrador-shared-pins-linux/round-1-after/chain-round-1-jobs-8/store/hlqibwq80bh544kj61832qw4khzsl9ch-leaf-11.drv","",1,1],"id":5431265318666263,"level":3,"parent":0,"text":"building 'leaf-11.drv'","type":105}
@nix {"action":"stop","id":5431265318666263}
@nix {"action":"start","fields":["/tmp/obrador-shared-pins-linux/round-1-after/chain-round-1-jobs-8/store/6w43mp5ig97cksprdgh3h81sgxy046hi-leaf-12.drv.drv","",1,1],"id":5431265318666264,"level":3,"parent":0,"text":"building 'leaf-12.drv.drv'","type":105}
@nix {"action":"stop","id":5431265318666264}
@nix {"action":"start","fields":["/tmp/obrador-shared-pins-linux/round-1-after/chain-round-1-jobs-8/store/c4qn3s4brxazrqmxxrbzawsxh79fv69x-leaf-12.drv","",1,1],"id":5431265318666265,"level":3,"parent":0,"text":"building 'leaf-12.drv'","type":105}
@nix {"action":"stop","id":5431265318666265}
@nix {"action":"start","fields":["/tmp/obrador-shared-pins-linux/round-1-after/chain-round-1-jobs-8/store/wmxbk076n09nfb5wn20vpixk58fmvi1v-leaf-13.drv.drv","",1,1],"id":5431265318666266,"level":3,"parent":0,"text":"building 'leaf-13.drv.drv'","type":105}
@nix {"action":"stop","id":5431265318666266}
@nix {"action":"start","fields":["/tmp/obrador-shared-pins-linux/round-1-after/chain-round-1-jobs-8/store/apng582cja9fydi6l064slifl34s3aj1-leaf-13.drv","",1,1],"id":5431265318666267,"level":3,"parent":0,"text":"building 'leaf-13.drv'","type":105}
@nix {"action":"stop","id":5431265318666267}
@nix {"action":"start","fields":["/tmp/obrador-shared-pins-linux/round-1-after/chain-round-1-jobs-8/store/4s14421fj64nccf6izn8b2ajaf6lykr2-leaf-14.drv.drv","",1,1],"id":5431265318666268,"level":3,"parent":0,"text":"building 'leaf-14.drv.drv'","type":105}
@nix {"action":"stop","id":5431265318666268}
@nix {"action":"start","fields":["/tmp/obrador-shared-pins-linux/round-1-after/chain-round-1-jobs-8/store/b2lrsf3nvfscqyy8shx2xpbg295qn4gl-leaf-14.drv","",1,1],"id":5431265318666269,"level":3,"parent":0,"text":"building 'leaf-14.drv'","type":105}
@nix {"action":"stop","id":5431265318666269}
@nix {"action":"start","fields":["/tmp/obrador-shared-pins-linux/round-1-after/chain-round-1-jobs-8/store/sd4m8mawbxdyabi0b3laqh4hhmjw8zh8-leaf-15.drv.drv","",1,1],"id":5431265318666270,"level":3,"parent":0,"text":"building 'leaf-15.drv.drv'","type":105}
@nix {"action":"stop","id":5431265318666270}
@nix {"action":"start","fields":["/tmp/obrador-shared-pins-linux/round-1-after/chain-round-1-jobs-8/store/kw13y5vx1qc5z14aypf0pzr3xixcgk8v-leaf-15.drv","",1,1],"id":5431265318666271,"level":3,"parent":0,"text":"building 'leaf-15.drv'","type":105}
@nix {"action":"stop","id":5431265318666271}
@nix {"action":"start","fields":["/tmp/obrador-shared-pins-linux/round-1-after/chain-round-1-jobs-8/store/n61q3j03fhrz4wvdakaxyyp8jrn33c5z-leaf-16.drv.drv","",1,1],"id":5431265318666272,"level":3,"parent":0,"text":"building 'leaf-16.drv.drv'","type":105}
@nix {"action":"stop","id":5431265318666272}
@nix {"action":"start","fields":["/tmp/obrador-shared-pins-linux/round-1-after/chain-round-1-jobs-8/store/684fg7r5ndl5q8vw2zw3a2cxkywa8bxa-leaf-16.drv","",1,1],"id":5431265318666273,"level":3,"parent":0,"text":"building 'leaf-16.drv'","type":105}
@nix {"action":"stop","id":5431265318666273}
@nix {"action":"start","fields":["/tmp/obrador-shared-pins-linux/round-1-after/chain-round-1-jobs-8/store/x6z7lm3lrd42qrwhxnr9dzx9dwns51l8-leaf-17.drv.drv","",1,1],"id":5431265318666274,"level":3,"parent":0,"text":"building 'leaf-17.drv.drv'","type":105}
@nix {"action":"stop","id":5431265318666274}
@nix {"action":"start","fields":["/tmp/obrador-shared-pins-linux/round-1-after/chain-round-1-jobs-8/store/kkza471zx165qan40m0x2xfl9vxr2nyx-leaf-17.drv","",1,1],"id":5431265318666275,"level":3,"parent":0,"text":"building 'leaf-17.drv'","type":105}
@nix {"action":"stop","id":5431265318666275}
@nix {"action":"start","fields":["/tmp/obrador-shared-pins-linux/round-1-after/chain-round-1-jobs-8/store/0wilkd1qrvhaqkmbqyqnjh5zszxai8gy-leaf-18.drv.drv","",1,1],"id":5431265318666276,"level":3,"parent":0,"text":"building 'leaf-18.drv.drv'","type":105}
@nix {"action":"stop","id":5431265318666276}
@nix {"action":"start","fields":["/tmp/obrador-shared-pins-linux/round-1-after/chain-round-1-jobs-8/store/x31mzfvhskr1qji3z71pa5sswd48ks5v-leaf-18.drv","",1,1],"id":5431265318666277,"level":3,"parent":0,"text":"building 'leaf-18.drv'","type":105}
@nix {"action":"stop","id":5431265318666277}
@nix {"action":"start","fields":["/tmp/obrador-shared-pins-linux/round-1-after/chain-round-1-jobs-8/store/gl3nh47bgghr77qp0fd0cpskyazyjv60-leaf-19.drv.drv","",1,1],"id":5431265318666278,"level":3,"parent":0,"text":"building 'leaf-19.drv.drv'","type":105}
@nix {"action":"stop","id":5431265318666278}
@nix {"action":"start","fields":["/tmp/obrador-shared-pins-linux/round-1-after/chain-round-1-jobs-8/store/cl1k3290pfvrwn5g0h97gvdrccbfbs2n-leaf-19.drv","",1,1],"id":5431265318666279,"level":3,"parent":0,"text":"building 'leaf-19.drv'","type":105}
@nix {"action":"stop","id":5431265318666279}
@nix {"action":"start","fields":["/tmp/obrador-shared-pins-linux/round-1-after/chain-round-1-jobs-8/store/cfpxqpspkjgp9da29n8b70m0r3r59ib5-leaf-20.drv.drv","",1,1],"id":5431265318666280,"level":3,"parent":0,"text":"building 'leaf-20.drv.drv'","type":105}
@nix {"action":"stop","id":5431265318666280}
@nix {"action":"start","fields":["/tmp/obrador-shared-pins-linux/round-1-after/chain-round-1-jobs-8/store/l5n5mbd0bh1mf87qpaw3hzv0cy4bf5mm-leaf-20.drv","",1,1],"id":5431265318666281,"level":3,"parent":0,"text":"building 'leaf-20.drv'","type":105}
@nix {"action":"stop","id":5431265318666281}
@nix {"action":"start","fields":["/tmp/obrador-shared-pins-linux/round-1-after/chain-round-1-jobs-8/store/b30qci9yss0bwn0hsfk0j5738va9j0qa-leaf-21.drv.drv","",1,1],"id":5431265318666282,"level":3,"parent":0,"text":"building 'leaf-21.drv.drv'","type":105}
@nix {"action":"stop","id":5431265318666282}
@nix {"action":"start","fields":["/tmp/obrador-shared-pins-linux/round-1-after/chain-round-1-jobs-8/store/dbi4cbhqzqb4waflmsg8dnc3y08vs0p0-leaf-21.drv","",1,1],"id":5431265318666283,"level":3,"parent":0,"text":"building 'leaf-21.drv'","type":105}
@nix {"action":"stop","id":5431265318666283}
@nix {"action":"start","fields":["/tmp/obrador-shared-pins-linux/round-1-after/chain-round-1-jobs-8/store/bxzl662mlj6vkn4b4qva9zqa1r6ah4an-leaf-22.drv.drv","",1,1],"id":5431265318666284,"level":3,"parent":0,"text":"building 'leaf-22.drv.drv'","type":105}
@nix {"action":"stop","id":5431265318666284}
@nix {"action":"start","fields":["/tmp/obrador-shared-pins-linux/round-1-after/chain-round-1-jobs-8/store/5a2i78dm22s0y6gpln6hnyz6cbdfwnjg-leaf-22.drv","",1,1],"id":5431265318666285,"level":3,"parent":0,"text":"building 'leaf-22.drv'","type":105}
@nix {"action":"stop","id":5431265318666285}
@nix {"action":"start","fields":["/tmp/obrador-shared-pins-linux/round-1-after/chain-round-1-jobs-8/store/80dp77szxmwxjl4hp9p0azb83fm4py6x-leaf-23.drv.drv","",1,1],"id":5431265318666286,"level":3,"parent":0,"text":"building 'leaf-23.drv.drv'","type":105}
@nix {"action":"stop","id":5431265318666286}
@nix {"action":"start","fields":["/tmp/obrador-shared-pins-linux/round-1-after/chain-round-1-jobs-8/store/31vakxvc74hpkgdf0cdm1yaa032kc4ax-leaf-23.drv","",1,1],"id":5431265318666287,"level":3,"parent":0,"text":"building 'leaf-23.drv'","type":105}
@nix {"action":"stop","id":5431265318666287}
@nix {"action":"start","fields":["/tmp/obrador-shared-pins-linux/round-1-after/chain-round-1-jobs-8/store/183pkami7ic9mz48wzizy0167ajx0k5c-leaf-24.drv.drv","",1,1],"id":5431265318666288,"level":3,"parent":0,"text":"building 'leaf-24.drv.drv'","type":105}
@nix {"action":"stop","id":5431265318666288}
@nix {"action":"start","fields":["/tmp/obrador-shared-pins-linux/round-1-after/chain-round-1-jobs-8/store/99xgbaqafcd6kbvhbhzi3m2kk6ij0i6q-leaf-24.drv","",1,1],"id":5431265318666289,"level":3,"parent":0,"text":"building 'leaf-24.drv'","type":105}
@nix {"action":"stop","id":5431265318666289}
@nix {"action":"start","fields":["/tmp/obrador-shared-pins-linux/round-1-after/chain-round-1-jobs-8/store/75msjg9xv1a68z7gx1qvyn8l9vaxmgg1-leaf-25.drv.drv","",1,1],"id":5431265318666290,"level":3,"parent":0,"text":"building 'leaf-25.drv.drv'","type":105}
@nix {"action":"stop","id":5431265318666290}
@nix {"action":"start","fields":["/tmp/obrador-shared-pins-linux/round-1-after/chain-round-1-jobs-8/store/160i8i19424450r28i64ynqr74bp4fwg-leaf-25.drv","",1,1],"id":5431265318666291,"level":3,"parent":0,"text":"building 'leaf-25.drv'","type":105}
@nix {"action":"stop","id":5431265318666291}
@nix {"action":"start","fields":["/tmp/obrador-shared-pins-linux/round-1-after/chain-round-1-jobs-8/store/51kpfm96pf8hcbyhkw5kmf4smywghya0-leaf-26.drv.drv","",1,1],"id":5431265318666292,"level":3,"parent":0,"text":"building 'leaf-26.drv.drv'","type":105}
@nix {"action":"stop","id":5431265318666292}
@nix {"action":"start","fields":["/tmp/obrador-shared-pins-linux/round-1-after/chain-round-1-jobs-8/store/dxyaqjbgkjj7n40908wxj74vv4q5d31f-leaf-26.drv","",1,1],"id":5431265318666293,"level":3,"parent":0,"text":"building 'leaf-26.drv'","type":105}
@nix {"action":"stop","id":5431265318666293}
@nix {"action":"start","fields":["/tmp/obrador-shared-pins-linux/round-1-after/chain-round-1-jobs-8/store/xqy149h7k0l2s2q71w6fkwn1dlis07q5-leaf-27.drv.drv","",1,1],"id":5431265318666294,"level":3,"parent":0,"text":"building 'leaf-27.drv.drv'","type":105}
@nix {"action":"stop","id":5431265318666294}
@nix {"action":"start","fields":["/tmp/obrador-shared-pins-linux/round-1-after/chain-round-1-jobs-8/store/hsrfqicjiqarwb7vmbkjnpdv7k5xarzz-leaf-27.drv","",1,1],"id":5431265318666295,"level":3,"parent":0,"text":"building 'leaf-27.drv'","type":105}
@nix {"action":"stop","id":5431265318666295}
@nix {"action":"start","fields":["/tmp/obrador-shared-pins-linux/round-1-after/chain-round-1-jobs-8/store/w1pagh2nbm5myq6ky5wkk5n119dmgiyn-leaf-28.drv.drv","",1,1],"id":5431265318666296,"level":3,"parent":0,"text":"building 'leaf-28.drv.drv'","type":105}
@nix {"action":"stop","id":5431265318666296}
@nix {"action":"start","fields":["/tmp/obrador-shared-pins-linux/round-1-after/chain-round-1-jobs-8/store/pqmiz98kq9b4mpydaqjc6ywby7yrm5m4-leaf-28.drv","",1,1],"id":5431265318666297,"level":3,"parent":0,"text":"building 'leaf-28.drv'","type":105}
@nix {"action":"stop","id":5431265318666297}
@nix {"action":"start","fields":["/tmp/obrador-shared-pins-linux/round-1-after/chain-round-1-jobs-8/store/bzbvv4dg9wbr9k0c7bi3zckbys0268z5-leaf-29.drv.drv","",1,1],"id":5431265318666298,"level":3,"parent":0,"text":"building 'leaf-29.drv.drv'","type":105}
@nix {"action":"stop","id":5431265318666298}
@nix {"action":"start","fields":["/tmp/obrador-shared-pins-linux/round-1-after/chain-round-1-jobs-8/store/hd41gx34dmzjyir98naybg4jfa10lpnp-leaf-29.drv","",1,1],"id":5431265318666299,"level":3,"parent":0,"text":"building 'leaf-29.drv'","type":105}
@nix {"action":"stop","id":5431265318666299}
@nix {"action":"start","fields":["/tmp/obrador-shared-pins-linux/round-1-after/chain-round-1-jobs-8/store/5qa3380fahml5gfj0l28vi60myk33zf0-leaf-30.drv.drv","",1,1],"id":5431265318666300,"level":3,"parent":0,"text":"building 'leaf-30.drv.drv'","type":105}
@nix {"action":"stop","id":5431265318666300}
@nix {"action":"start","fields":["/tmp/obrador-shared-pins-linux/round-1-after/chain-round-1-jobs-8/store/g2hidsnchq00z2bgg3zvc72wgac2f20l-leaf-30.drv","",1,1],"id":5431265318666301,"level":3,"parent":0,"text":"building 'leaf-30.drv'","type":105}
@nix {"action":"stop","id":5431265318666301}
@nix {"action":"start","fields":["/tmp/obrador-shared-pins-linux/round-1-after/chain-round-1-jobs-8/store/qrpa65s9jikcg5ccc0zdp1cks5xhzkyl-leaf-31.drv.drv","",1,1],"id":5431265318666302,"level":3,"parent":0,"text":"building 'leaf-31.drv.drv'","type":105}
@nix {"action":"stop","id":5431265318666302}
@nix {"action":"start","fields":["/tmp/obrador-shared-pins-linux/round-1-after/chain-round-1-jobs-8/store/q4cphzvrck6db2v2i2wp2f51hhympn71-leaf-31.drv","",1,1],"id":5431265318666303,"level":3,"parent":0,"text":"building 'leaf-31.drv'","type":105}
@nix {"action":"stop","id":5431265318666303}
