copying 33 paths...
copying path '/tmp/obrador-shared-pins-linux/round-1-after/chain-round-1-jobs-8/store/pm6wyszg42y3hjfqdapjswy7snw7kwla-seed' to 'obrador+local:///tmp/obrador-shared-pins-linux/round-1-after/chain-round-1-jobs-8/obrador/state'...
copying path '/tmp/obrador-shared-pins-linux/round-1-after/chain-round-1-jobs-8/store/1jy0whdgjk4v5lmv7y7jmmqcdfyg6k22-leaf-0.drv.drv' to 'obrador+local:///tmp/obrador-shared-pins-linux/round-1-after/chain-round-1-jobs-8/obrador/state'...
copying path '/tmp/obrador-shared-pins-linux/round-1-after/chain-round-1-jobs-8/store/wn109liywsib5jnk7d91d6hl66kg4gx2-leaf-1.drv.drv' to 'obrador+local:///tmp/obrador-shared-pins-linux/round-1-after/chain-round-1-jobs-8/obrador/state'...
copying path '/tmp/obrador-shared-pins-linux/round-1-after/chain-round-1-jobs-8/store/v9drkv853wqy3pmplqkkg8hqfm37b2ma-leaf-2.drv.drv' to 'obrador+local:///tmp/obrador-shared-pins-linux/round-1-after/chain-round-1-jobs-8/obrador/state'...
copying path '/tmp/obrador-shared-pins-linux/round-1-after/chain-round-1-jobs-8/store/2bi9lsklwjvk5v0iqdma9y04wcjm5rq2-leaf-3.drv.drv' to 'obrador+local:///tmp/obrador-shared-pins-linux/round-1-after/chain-round-1-jobs-8/obrador/state'...
copying path '/tmp/obrador-shared-pins-linux/round-1-after/chain-round-1-jobs-8/store/a5ybkm746xjp4a5lycbppg5yjkdgx4gl-leaf-4.drv.drv' to 'obrador+local:///tmp/obrador-shared-pins-linux/round-1-after/chain-round-1-jobs-8/obrador/state'...
copying path '/tmp/obrador-shared-pins-linux/round-1-after/chain-round-1-jobs-8/store/nr87xj3rn3fk3fqn57p85knfqk2vqy0v-leaf-5.drv.drv' to 'obrador+local:///tmp/obrador-shared-pins-linux/round-1-after/chain-round-1-jobs-8/obrador/state'...
copying path '/tmp/obrador-shared-pins-linux/round-1-after/chain-round-1-jobs-8/store/3iaxz0djwqga16dz2b1zi4q6x28raicj-leaf-6.drv.drv' to 'obrador+local:///tmp/obrador-shared-pins-linux/round-1-after/chain-round-1-jobs-8/obrador/state'...
copying path '/tmp/obrador-shared-pins-linux/round-1-after/chain-round-1-jobs-8/store/5ibdbx09zilcpp1s07mhjv3bgvh2fpcr-leaf-7.drv.drv' to 'obrador+local:///tmp/obrador-shared-pins-linux/round-1-after/chain-round-1-jobs-8/obrador/state'...
copying path '/tmp/obrador-shared-pins-linux/round-1-after/chain-round-1-jobs-8/store/iv5pqjikp2wcyk76cayln0gb43v9wzpl-leaf-8.drv.drv' to 'obrador+local:///tmp/obrador-shared-pins-linux/round-1-after/chain-round-1-jobs-8/obrador/state'...
copying path '/tmp/obrador-shared-pins-linux/round-1-after/chain-round-1-jobs-8/store/as39inxn9amzms77rc01xghhiidc4sfv-leaf-9.drv.drv' to 'obrador+local:///tmp/obrador-shared-pins-linux/round-1-after/chain-round-1-jobs-8/obrador/state'...
copying path '/tmp/obrador-shared-pins-linux/round-1-after/chain-round-1-jobs-8/store/fqi08i7sckm8r631j2ya1sgs8fbkkmzh-leaf-10.drv.drv' to 'obrador+local:///tmp/obrador-shared-pins-linux/round-1-after/chain-round-1-jobs-8/obrador/state'...
copying path '/tmp/obrador-shared-pins-linux/round-1-after/chain-round-1-jobs-8/store/pvw2c702lcxbcnx8w1h88wmcjyhrqcan-leaf-11.drv.drv' to 'obrador+local:///tmp/obrador-shared-pins-linux/round-1-after/chain-round-1-jobs-8/obrador/state'...
copying path '/tmp/obrador-shared-pins-linux/round-1-after/chain-round-1-jobs-8/store/1i1a61pcs0ap6xmvq1mljan8hx0i9f0k-leaf-12.drv.drv' to 'obrador+local:///tmp/obrador-shared-pins-linux/round-1-after/chain-round-1-jobs-8/obrador/state'...
copying path '/tmp/obrador-shared-pins-linux/round-1-after/chain-round-1-jobs-8/store/wiwcxmxq3pazv0b7kc26d8896ifhf3jx-leaf-13.drv.drv' to 'obrador+local:///tmp/obrador-shared-pins-linux/round-1-after/chain-round-1-jobs-8/obrador/state'...
copying path '/tmp/obrador-shared-pins-linux/round-1-after/chain-round-1-jobs-8/store/hslk4lhcgmwanbdna25khiq25kn5pcs4-leaf-14.drv.drv' to 'obrador+local:///tmp/obrador-shared-pins-linux/round-1-after/chain-round-1-jobs-8/obrador/state'...
copying path '/tmp/obrador-shared-pins-linux/round-1-after/chain-round-1-jobs-8/store/p7wl5nzsir3gv2dmwxs92yavbfcds3zp-leaf-15.drv.drv' to 'obrador+local:///tmp/obrador-shared-pins-linux/round-1-after/chain-round-1-jobs-8/obrador/state'...
copying path '/tmp/obrador-shared-pins-linux/round-1-after/chain-round-1-jobs-8/store/9vk4dbgq0lb6l6l0cllnmdik17ws7ad8-leaf-16.drv.drv' to 'obrador+local:///tmp/obrador-shared-pins-linux/round-1-after/chain-round-1-jobs-8/obrador/state'...
copying path '/tmp/obrador-shared-pins-linux/round-1-after/chain-round-1-jobs-8/store/gw7sccpnghvjz7w9iyg2kdb061c5z6qm-leaf-17.drv.drv' to 'obrador+local:///tmp/obrador-shared-pins-linux/round-1-after/chain-round-1-jobs-8/obrador/state'...
copying path '/tmp/obrador-shared-pins-linux/round-1-after/chain-round-1-jobs-8/store/z2jws516zyviwix8zfkwq42jwpqi86w5-leaf-18.drv.drv' to 'obrador+local:///tmp/obrador-shared-pins-linux/round-1-after/chain-round-1-jobs-8/obrador/state'...
copying path '/tmp/obrador-shared-pins-linux/round-1-after/chain-round-1-jobs-8/store/6vxb0ky3v0lxc9i2k3q7qbc6s17bbh6s-leaf-19.drv.drv' to 'obrador+local:///tmp/obrador-shared-pins-linux/round-1-after/chain-round-1-jobs-8/obrador/state'...
copying path '/tmp/obrador-shared-pins-linux/round-1-after/chain-round-1-jobs-8/store/gm92piy0vr2g6djc5awv08hcyxdafki1-leaf-20.drv.drv' to 'obrador+local:///tmp/obrador-shared-pins-linux/round-1-after/chain-round-1-jobs-8/obrador/state'...
copying path '/tmp/obrador-shared-pins-linux/round-1-after/chain-round-1-jobs-8/store/4p9mrgg3gmkx9c2phpp8ki3bxzywn0q8-leaf-21.drv.drv' to 'obrador+local:///tmp/obrador-shared-pins-linux/round-1-after/chain-round-1-jobs-8/obrador/state'...
copying path '/tmp/obrador-shared-pins-linux/round-1-after/chain-round-1-jobs-8/store/nczbfyf2z8nzx4z6jl6i2cpd7wqvvs9m-leaf-22.drv.drv' to 'obrador+local:///tmp/obrador-shared-pins-linux/round-1-after/chain-round-1-jobs-8/obrador/state'...
copying path '/tmp/obrador-shared-pins-linux/round-1-after/chain-round-1-jobs-8/store/ywj0sz5flngdcpprpl3i9xfmkwpj49dc-leaf-23.drv.drv' to 'obrador+local:///tmp/obrador-shared-pins-linux/round-1-after/chain-round-1-jobs-8/obrador/state'...
copying path '/tmp/obrador-shared-pins-linux/round-1-after/chain-round-1-jobs-8/store/mgsvz8immjq2p0y7m5jlksdgfqbxd9q0-leaf-24.drv.drv' to 'obrador+local:///tmp/obrador-shared-pins-linux/round-1-after/chain-round-1-jobs-8/obrador/state'...
copying path '/tmp/obrador-shared-pins-linux/round-1-after/chain-round-1-jobs-8/store/fibrrya0if8qmbff2v7njgcgnv7i7q6w-leaf-25.drv.drv' to 'obrador+local:///tmp/obrador-shared-pins-linux/round-1-after/chain-round-1-jobs-8/obrador/state'...
copying path '/tmp/obrador-shared-pins-linux/round-1-after/chain-round-1-jobs-8/store/vk5z7afz51csg6gxj8ghd8ayzmvbnjii-leaf-26.drv.drv' to 'obrador+local:///tmp/obrador-shared-pins-linux/round-1-after/chain-round-1-jobs-8/obrador/state'...
copying path '/tmp/obrador-shared-pins-linux/round-1-after/chain-round-1-jobs-8/store/ki2l0c9g6af3b02zhlk7fm302n1z84iq-leaf-27.drv.drv' to 'obrador+local:///tmp/obrador-shared-pins-linux/round-1-after/chain-round-1-jobs-8/obrador/state'...
copying path '/tmp/obrador-shared-pins-linux/round-1-after/chain-round-1-jobs-8/store/4z2l0vcwyjpbz3w2bjh9jyamy1kjqxlg-leaf-28.drv.drv' to 'obrador+local:///tmp/obrador-shared-pins-linux/round-1-after/chain-round-1-jobs-8/obrador/state'...
copying path '/tmp/obrador-shared-pins-linux/round-1-after/chain-round-1-jobs-8/store/hv0gx15z0046c280qhlnxbqxn9m177aw-leaf-29.drv.drv' to 'obrador+local:///tmp/obrador-shared-pins-linux/round-1-after/chain-round-1-jobs-8/obrador/state'...
copying path '/tmp/obrador-shared-pins-linux/round-1-after/chain-round-1-jobs-8/store/i61vwnncdxzj0y25nn8clgixbwp4whr1-leaf-30.drv.drv' to 'obrador+local:///tmp/obrador-shared-pins-linux/round-1-after/chain-round-1-jobs-8/obrador/state'...
copying path '/tmp/obrador-shared-pins-linux/round-1-after/chain-round-1-jobs-8/store/00d1hqa5l6r399jxpry2fx387b8xsrcc-leaf-31.drv.drv' to 'obrador+local:///tmp/obrador-shared-pins-linux/round-1-after/chain-round-1-jobs-8/obrador/state'...
