Benchmarking nar_generation/local-cached/1
Benchmarking nar_generation/local-cached/1: Warming up for 200.00 ms
Benchmarking nar_generation/local-cached/1: Collecting 20 samples in estimated 2.0279 s (9450 iterations)
Benchmarking nar_generation/local-cached/1: Analyzing
nar_generation/local-cached/1
                        time:   [206.43 µs 208.97 µs 213.19 µs]
Found 2 outliers among 20 measurements (10.00%)
  2 (10.00%) high severe
Benchmarking nar_generation/local-raw-dedup/1
Benchmarking nar_generation/local-raw-dedup/1: Warming up for 200.00 ms

Warning: Unable to complete 20 samples in 2.0s. You may wish to increase target time to 2.9s, enable flat sampling, or reduce sample count to 10.
Benchmarking nar_generation/local-raw-dedup/1: Collecting 20 samples in estimated 2.8853 s (210 iterations)
Benchmarking nar_generation/local-raw-dedup/1: Analyzing
nar_generation/local-raw-dedup/1
                        time:   [14.069 ms 16.223 ms 18.578 ms]
Found 1 outliers among 20 measurements (5.00%)
  1 (5.00%) high severe
Benchmarking nar_generation/local-second-handle-cached/1
Benchmarking nar_generation/local-second-handle-cached/1: Warming up for 200.00 ms
Benchmarking nar_generation/local-second-handle-cached/1: Collecting 20 samples in estimated 2.0147 s (9870 iterations)
Benchmarking nar_generation/local-second-handle-cached/1: Analyzing
nar_generation/local-second-handle-cached/1
                        time:   [205.09 µs 207.53 µs 210.79 µs]
Found 2 outliers among 20 measurements (10.00%)
  2 (10.00%) high severe
Benchmarking nar_generation/local-cached/256
Benchmarking nar_generation/local-cached/256: Warming up for 200.00 ms
Benchmarking nar_generation/local-cached/256: Collecting 20 samples in estimated 2.0288 s (7350 iterations)
Benchmarking nar_generation/local-cached/256: Analyzing
nar_generation/local-cached/256
                        time:   [273.53 µs 281.38 µs 291.23 µs]
Found 3 outliers among 20 measurements (15.00%)
  1 (5.00%) low mild
  1 (5.00%) high mild
  1 (5.00%) high severe
Benchmarking nar_generation/local-raw-dedup/256
Benchmarking nar_generation/local-raw-dedup/256: Warming up for 200.00 ms
Benchmarking nar_generation/local-raw-dedup/256: Collecting 20 samples in estimated 2.4208 s (60 iterations)
Benchmarking nar_generation/local-raw-dedup/256: Analyzing
nar_generation/local-raw-dedup/256
                        time:   [47.018 ms 54.273 ms 62.063 ms]
Benchmarking nar_generation/local-second-handle-cached/256
Benchmarking nar_generation/local-second-handle-cached/256: Warming up for 200.00 ms
Benchmarking nar_generation/local-second-handle-cached/256: Collecting 20 samples in estimated 2.0509 s (6930 iterations)
Benchmarking nar_generation/local-second-handle-cached/256: Analyzing
nar_generation/local-second-handle-cached/256
                        time:   [283.67 µs 288.16 µs 294.75 µs]
Found 4 outliers among 20 measurements (20.00%)
  1 (5.00%) low mild
  3 (15.00%) high mild
Benchmarking nar_generation/memory-cached/1
Benchmarking nar_generation/memory-cached/1: Warming up for 200.00 ms
Benchmarking nar_generation/memory-cached/1: Collecting 20 samples in estimated 2.0013 s (261k iterations)
Benchmarking nar_generation/memory-cached/1: Analyzing
nar_generation/memory-cached/1
                        time:   [6.2853 µs 6.3030 µs 6.3164 µs]
Benchmarking nar_generation/memory-raw-dedup/1
Benchmarking nar_generation/memory-raw-dedup/1: Warming up for 200.00 ms
Benchmarking nar_generation/memory-raw-dedup/1: Collecting 20 samples in estimated 2.0112 s (20k iterations)
Benchmarking nar_generation/memory-raw-dedup/1: Analyzing
nar_generation/memory-raw-dedup/1
                        time:   [97.438 µs 97.936 µs 98.583 µs]
Found 1 outliers among 20 measurements (5.00%)
  1 (5.00%) low mild
