Benchmarking nar_generation/local-cached/1
Benchmarking nar_generation/local-cached/1: Warming up for 200.00 ms
Benchmarking nar_generation/local-cached/1: Collecting 20 samples in estimated 2.0334 s (12k iterations)
Benchmarking nar_generation/local-cached/1: Analyzing
nar_generation/local-cached/1
                        time:   [166.72 µs 169.13 µs 172.02 µs]
Benchmarking nar_generation/local-raw-dedup/1
Benchmarking nar_generation/local-raw-dedup/1: Warming up for 200.00 ms

Warning: Unable to complete 20 samples in 2.0s. You may wish to increase target time to 3.4s, enable flat sampling, or reduce sample count to 10.
Benchmarking nar_generation/local-raw-dedup/1: Collecting 20 samples in estimated 3.3719 s (210 iterations)
Benchmarking nar_generation/local-raw-dedup/1: Analyzing
nar_generation/local-raw-dedup/1
                        time:   [18.908 ms 26.188 ms 33.332 ms]
Found 2 outliers among 20 measurements (10.00%)
  2 (10.00%) high mild
Benchmarking nar_generation/local-second-handle-cached/1
Benchmarking nar_generation/local-second-handle-cached/1: Warming up for 200.00 ms
Benchmarking nar_generation/local-second-handle-cached/1: Collecting 20 samples in estimated 2.0097 s (10k iterations)
Benchmarking nar_generation/local-second-handle-cached/1: Analyzing
nar_generation/local-second-handle-cached/1
                        time:   [185.14 µs 189.10 µs 194.57 µs]
Benchmarking nar_generation/local-cached/256
Benchmarking nar_generation/local-cached/256: Warming up for 200.00 ms
Benchmarking nar_generation/local-cached/256: Collecting 20 samples in estimated 2.0296 s (7350 iterations)
Benchmarking nar_generation/local-cached/256: Analyzing
nar_generation/local-cached/256
                        time:   [271.15 µs 309.57 µs 339.34 µs]
Found 3 outliers among 20 measurements (15.00%)
  3 (15.00%) high mild
Benchmarking nar_generation/local-raw-dedup/256
Benchmarking nar_generation/local-raw-dedup/256: Warming up for 200.00 ms
Benchmarking nar_generation/local-raw-dedup/256: Collecting 20 samples in estimated 2.8709 s (60 iterations)
Benchmarking nar_generation/local-raw-dedup/256: Analyzing
nar_generation/local-raw-dedup/256
                        time:   [51.936 ms 66.496 ms 84.847 ms]
Found 1 outliers among 20 measurements (5.00%)
  1 (5.00%) high mild
Benchmarking nar_generation/local-second-handle-cached/256
Benchmarking nar_generation/local-second-handle-cached/256: Warming up for 200.00 ms
Benchmarking nar_generation/local-second-handle-cached/256: Collecting 20 samples in estimated 2.0570 s (6510 iterations)
Benchmarking nar_generation/local-second-handle-cached/256: Analyzing
nar_generation/local-second-handle-cached/256
                        time:   [282.57 µs 293.29 µs 301.77 µs]
Benchmarking nar_generation/memory-cached/1
Benchmarking nar_generation/memory-cached/1: Warming up for 200.00 ms
Benchmarking nar_generation/memory-cached/1: Collecting 20 samples in estimated 2.0006 s (260k iterations)
Benchmarking nar_generation/memory-cached/1: Analyzing
nar_generation/memory-cached/1
                        time:   [6.2726 µs 6.3594 µs 6.4762 µs]
Found 2 outliers among 20 measurements (10.00%)
  2 (10.00%) high mild
Benchmarking nar_generation/memory-raw-dedup/1
Benchmarking nar_generation/memory-raw-dedup/1: Warming up for 200.00 ms
Benchmarking nar_generation/memory-raw-dedup/1: Collecting 20 samples in estimated 2.0049 s (19k iterations)
Benchmarking nar_generation/memory-raw-dedup/1: Analyzing
nar_generation/memory-raw-dedup/1
                        time:   [112.77 µs 120.94 µs 127.39 µs]
Found 1 outliers among 20 measurements (5.00%)
  1 (5.00%) high mild
