Benchmarking nar_generation/local-cached/1
Benchmarking nar_generation/local-cached/1: Warming up for 200.00 ms
Benchmarking nar_generation/local-cached/1: Collecting 20 samples in estimated 2.0523 s (3150 iterations)
Benchmarking nar_generation/local-cached/1: Analyzing
nar_generation/local-cached/1
                        time:   [488.44 µs 584.74 µs 712.50 µs]
Benchmarking nar_generation/local-raw-dedup/1
Benchmarking nar_generation/local-raw-dedup/1: Warming up for 200.00 ms

Warning: Unable to complete 20 samples in 2.0s. You may wish to increase target time to 2.5s, or reduce sample count to 10.
Benchmarking nar_generation/local-raw-dedup/1: Collecting 20 samples in estimated 2.5318 s (20 iterations)
Benchmarking nar_generation/local-raw-dedup/1: Analyzing
nar_generation/local-raw-dedup/1
                        time:   [25.050 ms 33.211 ms 44.129 ms]
Found 3 outliers among 20 measurements (15.00%)
  1 (5.00%) high mild
  2 (10.00%) high severe
Benchmarking nar_generation/local-second-handle-cached/1
Benchmarking nar_generation/local-second-handle-cached/1: Warming up for 200.00 ms
Benchmarking nar_generation/local-second-handle-cached/1: Collecting 20 samples in estimated 2.0293 s (4830 iterations)
Benchmarking nar_generation/local-second-handle-cached/1: Analyzing
nar_generation/local-second-handle-cached/1
                        time:   [388.97 µs 446.93 µs 518.84 µs]
Found 1 outliers among 20 measurements (5.00%)
  1 (5.00%) high severe
Benchmarking nar_generation/local-cached/256
Benchmarking nar_generation/local-cached/256: Warming up for 200.00 ms
Benchmarking nar_generation/local-cached/256: Collecting 20 samples in estimated 2.0588 s (4830 iterations)
Benchmarking nar_generation/local-cached/256: Analyzing
nar_generation/local-cached/256
                        time:   [292.14 µs 327.43 µs 377.71 µs]
Benchmarking nar_generation/local-raw-dedup/256
Benchmarking nar_generation/local-raw-dedup/256: Warming up for 200.00 ms
Benchmarking nar_generation/local-raw-dedup/256: Collecting 20 samples in estimated 2.1822 s (40 iterations)
Benchmarking nar_generation/local-raw-dedup/256: Analyzing
nar_generation/local-raw-dedup/256
                        time:   [55.100 ms 63.286 ms 72.665 ms]
Found 2 outliers among 20 measurements (10.00%)
  2 (10.00%) high mild
Benchmarking nar_generation/local-second-handle-cached/256
Benchmarking nar_generation/local-second-handle-cached/256: Warming up for 200.00 ms
Benchmarking nar_generation/local-second-handle-cached/256: Collecting 20 samples in estimated 2.0392 s (7980 iterations)
Benchmarking nar_generation/local-second-handle-cached/256: Analyzing
nar_generation/local-second-handle-cached/256
                        time:   [217.75 µs 222.65 µs 229.31 µs]
Found 1 outliers among 20 measurements (5.00%)
  1 (5.00%) high mild
Benchmarking nar_generation/memory-cached/1
Benchmarking nar_generation/memory-cached/1: Warming up for 200.00 ms
Benchmarking nar_generation/memory-cached/1: Collecting 20 samples in estimated 2.0005 s (261k iterations)
Benchmarking nar_generation/memory-cached/1: Analyzing
nar_generation/memory-cached/1
                        time:   [6.1763 µs 6.1984 µs 6.2288 µs]
Benchmarking nar_generation/memory-raw-dedup/1
Benchmarking nar_generation/memory-raw-dedup/1: Warming up for 200.00 ms
Benchmarking nar_generation/memory-raw-dedup/1: Collecting 20 samples in estimated 2.0199 s (19k iterations)
Benchmarking nar_generation/memory-raw-dedup/1: Analyzing
nar_generation/memory-raw-dedup/1
                        time:   [98.017 µs 99.009 µs 99.966 µs]
Found 1 outliers among 20 measurements (5.00%)
  1 (5.00%) high mild
