Benchmarking nar_generation/local-cached/1
Benchmarking nar_generation/local-cached/1: Warming up for 200.00 ms
Benchmarking nar_generation/local-cached/1: Collecting 20 samples in estimated 2.0475 s (9030 iterations)
Benchmarking nar_generation/local-cached/1: Analyzing
nar_generation/local-cached/1
                        time:   [216.61 µs 219.36 µs 222.42 µs]
Found 1 outliers among 20 measurements (5.00%)
  1 (5.00%) high mild
Benchmarking nar_generation/local-raw-dedup/1
Benchmarking nar_generation/local-raw-dedup/1: Warming up for 200.00 ms
Benchmarking nar_generation/local-raw-dedup/1: Collecting 20 samples in estimated 2.3101 s (60 iterations)
Benchmarking nar_generation/local-raw-dedup/1: Analyzing
nar_generation/local-raw-dedup/1
                        time:   [42.005 ms 44.791 ms 49.440 ms]
Found 1 outliers among 20 measurements (5.00%)
  1 (5.00%) high severe
Benchmarking nar_generation/local-second-handle-cached/1
Benchmarking nar_generation/local-second-handle-cached/1: Warming up for 200.00 ms
Benchmarking nar_generation/local-second-handle-cached/1: Collecting 20 samples in estimated 2.0274 s (8610 iterations)
Benchmarking nar_generation/local-second-handle-cached/1: Analyzing
nar_generation/local-second-handle-cached/1
                        time:   [217.90 µs 220.23 µs 223.54 µs]
Found 2 outliers among 20 measurements (10.00%)
  2 (10.00%) high severe
Benchmarking nar_generation/local-cached/256
Benchmarking nar_generation/local-cached/256: Warming up for 200.00 ms
Benchmarking nar_generation/local-cached/256: Collecting 20 samples in estimated 2.0375 s (6720 iterations)
Benchmarking nar_generation/local-cached/256: Analyzing
nar_generation/local-cached/256
                        time:   [278.84 µs 288.98 µs 303.67 µs]
Found 1 outliers among 20 measurements (5.00%)
  1 (5.00%) high severe
Benchmarking nar_generation/local-raw-dedup/256
Benchmarking nar_generation/local-raw-dedup/256: Warming up for 200.00 ms

Warning: Unable to complete 20 samples in 2.0s. You may wish to increase target time to 6.9s, or reduce sample count to 10.
Benchmarking nar_generation/local-raw-dedup/256: Collecting 20 samples in estimated 6.8834 s (20 iterations)
Benchmarking nar_generation/local-raw-dedup/256: Analyzing
nar_generation/local-raw-dedup/256
                        time:   [188.48 ms 205.84 ms 226.50 ms]
Found 4 outliers among 20 measurements (20.00%)
  1 (5.00%) low mild
  3 (15.00%) high severe
Benchmarking nar_generation/local-second-handle-cached/256
Benchmarking nar_generation/local-second-handle-cached/256: Warming up for 200.00 ms
Benchmarking nar_generation/local-second-handle-cached/256: Collecting 20 samples in estimated 2.0224 s (7140 iterations)
Benchmarking nar_generation/local-second-handle-cached/256: Analyzing
nar_generation/local-second-handle-cached/256
                        time:   [312.33 µs 323.51 µs 335.57 µs]
Benchmarking nar_generation/memory-cached/1
Benchmarking nar_generation/memory-cached/1: Warming up for 200.00 ms
Benchmarking nar_generation/memory-cached/1: Collecting 20 samples in estimated 2.0014 s (255k iterations)
Benchmarking nar_generation/memory-cached/1: Analyzing
nar_generation/memory-cached/1
                        time:   [6.2922 µs 6.3304 µs 6.3938 µs]
Found 1 outliers among 20 measurements (5.00%)
  1 (5.00%) high severe
Benchmarking nar_generation/memory-raw-dedup/1
Benchmarking nar_generation/memory-raw-dedup/1: Warming up for 200.00 ms
Benchmarking nar_generation/memory-raw-dedup/1: Collecting 20 samples in estimated 2.0075 s (20k iterations)
Benchmarking nar_generation/memory-raw-dedup/1: Analyzing
nar_generation/memory-raw-dedup/1
                        time:   [100.25 µs 103.24 µs 105.61 µs]
Found 2 outliers among 20 measurements (10.00%)
  2 (10.00%) high mild
