@nix {"action":"msg","level":3,"msg":"these 32 derivations will be built:"}
@nix {"action":"msg","level":3,"msg":"  /Users/hetzner/obrador-shared-pins-20260909/round-2-after/wide-round-1-jobs-8/store/10lnzs540qsqv8v8fk6xfg4lmca4iv58-leaf-15.drv.drv"}
@nix {"action":"msg","level":3,"msg":"  /Users/hetzner/obrador-shared-pins-20260909/round-2-after/wide-round-1-jobs-8/store/2kf8i4j6rfagll47xsk3ypdb7y3f3d6y-leaf-20.drv.drv"}
@nix {"action":"msg","level":3,"msg":"  /Users/hetzner/obrador-shared-pins-20260909/round-2-after/wide-round-1-jobs-8/store/4xji18hh6pwwwlysl519fsl97r7wdq5m-leaf-16.drv.drv"}
@nix {"action":"msg","level":3,"msg":"  /Users/hetzner/obrador-shared-pins-20260909/round-2-after/wide-round-1-jobs-8/store/57vvfbdqilw8qlabh52yadzsfdc5i7jc-leaf-6.drv.drv"}
@nix {"action":"msg","level":3,"msg":"  /Users/hetzner/obrador-shared-pins-20260909/round-2-after/wide-round-1-jobs-8/store/5ykvyszzagbdkbm5zmh820z6b6iac2xf-leaf-8.drv.drv"}
@nix {"action":"msg","level":3,"msg":"  /Users/hetzner/obrador-shared-pins-20260909/round-2-after/wide-round-1-jobs-8/store/7rwyx45hzlkk5r5nzxxwgchym094yisi-leaf-29.drv.drv"}
@nix {"action":"msg","level":3,"msg":"  /Users/hetzner/obrador-shared-pins-20260909/round-2-after/wide-round-1-jobs-8/store/8gpvrniwap64cs567q387k0h0pdibh7x-leaf-25.drv.drv"}
@nix {"action":"msg","level":3,"msg":"  /Users/hetzner/obrador-shared-pins-20260909/round-2-after/wide-round-1-jobs-8/store/8kdfbpc8dljnr3hffym2r6ycr49rj89x-leaf-14.drv.drv"}
@nix {"action":"msg","level":3,"msg":"  /Users/hetzner/obrador-shared-pins-20260909/round-2-after/wide-round-1-jobs-8/store/9gf4jicpdg462mbk6n732yn2pivm8409-leaf-1.drv.drv"}
@nix {"action":"msg","level":3,"msg":"  /Users/hetzner/obrador-shared-pins-20260909/round-2-after/wide-round-1-jobs-8/store/9mk4a28g9aa3c1w39zwkvqlkxzy1mhkb-leaf-28.drv.drv"}
@nix {"action":"msg","level":3,"msg":"  /Users/hetzner/obrador-shared-pins-20260909/round-2-after/wide-round-1-jobs-8/store/9yhzm0sbg1paaq2n7gaqsrzkdrxiqf0i-leaf-27.drv.drv"}
@nix {"action":"msg","level":3,"msg":"  /Users/hetzner/obrador-shared-pins-20260909/round-2-after/wide-round-1-jobs-8/store/asx87kqjxa6hlg9xb7ihaabbpb1hk63q-leaf-10.drv.drv"}
@nix {"action":"msg","level":3,"msg":"  /Users/hetzner/obrador-shared-pins-20260909/round-2-after/wide-round-1-jobs-8/store/db75x55z135i69fn38252hiwzp72n6gh-leaf-11.drv.drv"}
@nix {"action":"msg","level":3,"msg":"  /Users/hetzner/obrador-shared-pins-20260909/round-2-after/wide-round-1-jobs-8/store/gdi0nd05zayd2782jvclb05bd4n3q8kz-leaf-4.drv.drv"}
@nix {"action":"msg","level":3,"msg":"  /Users/hetzner/obrador-shared-pins-20260909/round-2-after/wide-round-1-jobs-8/store/gfh93avgjjab0mwgs59skv097zwpll3g-leaf-26.drv.drv"}
@nix {"action":"msg","level":3,"msg":"  /Users/hetzner/obrador-shared-pins-20260909/round-2-after/wide-round-1-jobs-8/store/gx53xhbl9f3q941cfrjcprqnbwqdbcig-leaf-17.drv.drv"}
@nix {"action":"msg","level":3,"msg":"  /Users/hetzner/obrador-shared-pins-20260909/round-2-after/wide-round-1-jobs-8/store/h3qcqi5zf0lp17pymz27wbshf83py931-leaf-12.drv.drv"}
@nix {"action":"msg","level":3,"msg":"  /Users/hetzner/obrador-shared-pins-20260909/round-2-after/wide-round-1-jobs-8/store/h82r5wh6s1pa4rd4n7zay5yzx98q9bin-leaf-3.drv.drv"}
@nix {"action":"msg","level":3,"msg":"  /Users/hetzner/obrador-shared-pins-20260909/round-2-after/wide-round-1-jobs-8/store/ir64li9sk73lf1z9yk984yns89h5mf8d-leaf-5.drv.drv"}
@nix {"action":"msg","level":3,"msg":"  /Users/hetzner/obrador-shared-pins-20260909/round-2-after/wide-round-1-jobs-8/store/j67kkbzpmqrcnf7v8m13vprnkh2mj7q3-leaf-2.drv.drv"}
@nix {"action":"msg","level":3,"msg":"  /Users/hetzner/obrador-shared-pins-20260909/round-2-after/wide-round-1-jobs-8/store/jb9c9c0pvy3z1lr13lrjp6s0v896fmam-leaf-30.drv.drv"}
@nix {"action":"msg","level":3,"msg":"  /Users/hetzner/obrador-shared-pins-20260909/round-2-after/wide-round-1-jobs-8/store/jrywgp5wfzgd9aklhqz0r028sjijm2zm-leaf-0.drv.drv"}
@nix {"action":"msg","level":3,"msg":"  /Users/hetzner/obrador-shared-pins-20260909/round-2-after/wide-round-1-jobs-8/store/kp24qgcps92x6xg5mgl98w23ikqjm6z4-leaf-9.drv.drv"}
@nix {"action":"msg","level":3,"msg":"  /Users/hetzner/obrador-shared-pins-20260909/round-2-after/wide-round-1-jobs-8/store/lfa3slp84z8gg1ardyphbymml7rn96qs-leaf-23.drv.drv"}
@nix {"action":"msg","level":3,"msg":"  /Users/hetzner/obrador-shared-pins-20260909/round-2-after/wide-round-1-jobs-8/store/n74nsnr1schhlmx0a379a8hhydkgqw7l-leaf-22.drv.drv"}
@nix {"action":"msg","level":3,"msg":"  /Users/hetzner/obrador-shared-pins-20260909/round-2-after/wide-round-1-jobs-8/store/nggh0dvz3nnvdgh717nc58xb1b2nqvm2-leaf-21.drv.drv"}
@nix {"action":"msg","level":3,"msg":"  /Users/hetzner/obrador-shared-pins-20260909/round-2-after/wide-round-1-jobs-8/store/p993gp3aliir1zqznhzs96yx060isrfj-leaf-18.drv.drv"}
@nix {"action":"msg","level":3,"msg":"  /Users/hetzner/obrador-shared-pins-20260909/round-2-after/wide-round-1-jobs-8/store/pfaqi3hjz6vawyf3jqjjx3n2wjsp9wd1-leaf-13.drv.drv"}
@nix {"action":"msg","level":3,"msg":"  /Users/hetzner/obrador-shared-pins-20260909/round-2-after/wide-round-1-jobs-8/store/qzy3s3lcndv9nafahl3rgydqcfy9gmdp-leaf-19.drv.drv"}
@nix {"action":"msg","level":3,"msg":"  /Users/hetzner/obrador-shared-pins-20260909/round-2-after/wide-round-1-jobs-8/store/w8wh13b95kifykiyqcwzzpsvzbkxz2i8-leaf-24.drv.drv"}
@nix {"action":"msg","level":3,"msg":"  /Users/hetzner/obrador-shared-pins-20260909/round-2-after/wide-round-1-jobs-8/store/xdgw1fhhajqdzixfczvra9qay0ppqp45-leaf-31.drv.drv"}
@nix {"action":"msg","level":3,"msg":"  /Users/hetzner/obrador-shared-pins-20260909/round-2-after/wide-round-1-jobs-8/store/xrvspvvshz8fb2x8zn17bl5lcvdf1vvn-leaf-7.drv.drv"}
@nix {"action":"start","fields":["/Users/hetzner/obrador-shared-pins-20260909/round-2-after/wide-round-1-jobs-8/store/jrywgp5wfzgd9aklhqz0r028sjijm2zm-leaf-0.drv.drv","",1,1],"id":238791591723008,"level":3,"parent":0,"text":"building 'leaf-0.drv.drv'","type":105}
@nix {"action":"start","fields":["/Users/hetzner/obrador-shared-pins-20260909/round-2-after/wide-round-1-jobs-8/store/9gf4jicpdg462mbk6n732yn2pivm8409-leaf-1.drv.drv","",1,1],"id":238791591723009,"level":3,"parent":0,"text":"building 'leaf-1.drv.drv'","type":105}
@nix {"action":"start","fields":["/Users/hetzner/obrador-shared-pins-20260909/round-2-after/wide-round-1-jobs-8/store/j67kkbzpmqrcnf7v8m13vprnkh2mj7q3-leaf-2.drv.drv","",1,1],"id":238791591723010,"level":3,"parent":0,"text":"building 'leaf-2.drv.drv'","type":105}
@nix {"action":"start","fields":["/Users/hetzner/obrador-shared-pins-20260909/round-2-after/wide-round-1-jobs-8/store/h82r5wh6s1pa4rd4n7zay5yzx98q9bin-leaf-3.drv.drv","",1,1],"id":238791591723011,"level":3,"parent":0,"text":"building 'leaf-3.drv.drv'","type":105}
@nix {"action":"start","fields":["/Users/hetzner/obrador-shared-pins-20260909/round-2-after/wide-round-1-jobs-8/store/gdi0nd05zayd2782jvclb05bd4n3q8kz-leaf-4.drv.drv","",1,1],"id":238791591723012,"level":3,"parent":0,"text":"building 'leaf-4.drv.drv'","type":105}
@nix {"action":"start","fields":["/Users/hetzner/obrador-shared-pins-20260909/round-2-after/wide-round-1-jobs-8/store/ir64li9sk73lf1z9yk984yns89h5mf8d-leaf-5.drv.drv","",1,1],"id":238791591723013,"level":3,"parent":0,"text":"building 'leaf-5.drv.drv'","type":105}
@nix {"action":"start","fields":["/Users/hetzner/obrador-shared-pins-20260909/round-2-after/wide-round-1-jobs-8/store/57vvfbdqilw8qlabh52yadzsfdc5i7jc-leaf-6.drv.drv","",1,1],"id":238791591723014,"level":3,"parent":0,"text":"building 'leaf-6.drv.drv'","type":105}
@nix {"action":"start","fields":["/Users/hetzner/obrador-shared-pins-20260909/round-2-after/wide-round-1-jobs-8/store/xrvspvvshz8fb2x8zn17bl5lcvdf1vvn-leaf-7.drv.drv","",1,1],"id":238791591723015,"level":3,"parent":0,"text":"building 'leaf-7.drv.drv'","type":105}
@nix {"action":"stop","id":238791591723010}
@nix {"action":"stop","id":238791591723008}
@nix {"action":"stop","id":238791591723009}
@nix {"action":"stop","id":238791591723011}
@nix {"action":"stop","id":238791591723015}
@nix {"action":"stop","id":238791591723012}
@nix {"action":"stop","id":238791591723013}
@nix {"action":"stop","id":238791591723014}
@nix {"action":"start","fields":["/Users/hetzner/obrador-shared-pins-20260909/round-2-after/wide-round-1-jobs-8/store/f3sb1sdx4g0fxj13dwx2kby79qmg7cq7-leaf-2.drv","",1,1],"id":238791591723016,"level":3,"parent":0,"text":"building 'leaf-2.drv'","type":105}
@nix {"action":"stop","id":238791591723016}
@nix {"action":"start","fields":["/Users/hetzner/obrador-shared-pins-20260909/round-2-after/wide-round-1-jobs-8/store/nih7yzm7j6w7v5l8w14qhkf7rvqadp4j-leaf-0.drv","",1,1],"id":238791591723017,"level":3,"parent":0,"text":"building 'leaf-0.drv'","type":105}
@nix {"action":"stop","id":238791591723017}
@nix {"action":"start","fields":["/Users/hetzner/obrador-shared-pins-20260909/round-2-after/wide-round-1-jobs-8/store/4f3kr1jzqcxa16q3apa46cm4sb8zyc6n-leaf-1.drv","",1,1],"id":238791591723018,"level":3,"parent":0,"text":"building 'leaf-1.drv'","type":105}
@nix {"action":"start","fields":["/Users/hetzner/obrador-shared-pins-20260909/round-2-after/wide-round-1-jobs-8/store/5q4g4gvaxwq9ydr6r7p8akmp0iiwhlwb-leaf-3.drv","",1,1],"id":238791591723019,"level":3,"parent":0,"text":"building 'leaf-3.drv'","type":105}
@nix {"action":"start","fields":["/Users/hetzner/obrador-shared-pins-20260909/round-2-after/wide-round-1-jobs-8/store/ryfql0fpqwv7yy83x680mvp92dyxjjff-leaf-7.drv","",1,1],"id":238791591723020,"level":3,"parent":0,"text":"building 'leaf-7.drv'","type":105}
@nix {"action":"stop","id":238791591723018}
@nix {"action":"stop","id":238791591723019}
@nix {"action":"start","fields":["/Users/hetzner/obrador-shared-pins-20260909/round-2-after/wide-round-1-jobs-8/store/mh50c84crv9h72wzdw6588s9f5spyw36-leaf-4.drv","",1,1],"id":238791591723021,"level":3,"parent":0,"text":"building 'leaf-4.drv'","type":105}
@nix {"action":"start","fields":["/Users/hetzner/obrador-shared-pins-20260909/round-2-after/wide-round-1-jobs-8/store/w8j1d50gy0wxgb6xc96rdk53mjb2wq8v-leaf-5.drv","",1,1],"id":238791591723022,"level":3,"parent":0,"text":"building 'leaf-5.drv'","type":105}
@nix {"action":"stop","id":238791591723020}
@nix {"action":"stop","id":238791591723021}
@nix {"action":"start","fields":["/Users/hetzner/obrador-shared-pins-20260909/round-2-after/wide-round-1-jobs-8/store/vmhs2x4r7jfqlwwgvs6sqa7fc2ac13mc-leaf-6.drv","",1,1],"id":238791591723023,"level":3,"parent":0,"text":"building 'leaf-6.drv'","type":105}
@nix {"action":"stop","id":238791591723022}
@nix {"action":"stop","id":238791591723023}
@nix {"action":"start","fields":["/Users/hetzner/obrador-shared-pins-20260909/round-2-after/wide-round-1-jobs-8/store/5ykvyszzagbdkbm5zmh820z6b6iac2xf-leaf-8.drv.drv","",1,1],"id":238791591723024,"level":3,"parent":0,"text":"building 'leaf-8.drv.drv'","type":105}
@nix {"action":"stop","id":238791591723024}
@nix {"action":"start","fields":["/Users/hetzner/obrador-shared-pins-20260909/round-2-after/wide-round-1-jobs-8/store/kp24qgcps92x6xg5mgl98w23ikqjm6z4-leaf-9.drv.drv","",1,1],"id":238791591723025,"level":3,"parent":0,"text":"building 'leaf-9.drv.drv'","type":105}
@nix {"action":"start","fields":["/Users/hetzner/obrador-shared-pins-20260909/round-2-after/wide-round-1-jobs-8/store/asx87kqjxa6hlg9xb7ihaabbpb1hk63q-leaf-10.drv.drv","",1,1],"id":238791591723026,"level":3,"parent":0,"text":"building 'leaf-10.drv.drv'","type":105}
@nix {"action":"start","fields":["/Users/hetzner/obrador-shared-pins-20260909/round-2-after/wide-round-1-jobs-8/store/db75x55z135i69fn38252hiwzp72n6gh-leaf-11.drv.drv","",1,1],"id":238791591723027,"level":3,"parent":0,"text":"building 'leaf-11.drv.drv'","type":105}
@nix {"action":"stop","id":238791591723026}
@nix {"action":"stop","id":238791591723025}
@nix {"action":"stop","id":238791591723027}
@nix {"action":"start","fields":["/Users/hetzner/obrador-shared-pins-20260909/round-2-after/wide-round-1-jobs-8/store/h3qcqi5zf0lp17pymz27wbshf83py931-leaf-12.drv.drv","",1,1],"id":238791591723028,"level":3,"parent":0,"text":"building 'leaf-12.drv.drv'","type":105}
@nix {"action":"stop","id":238791591723028}
@nix {"action":"start","fields":["/Users/hetzner/obrador-shared-pins-20260909/round-2-after/wide-round-1-jobs-8/store/pfaqi3hjz6vawyf3jqjjx3n2wjsp9wd1-leaf-13.drv.drv","",1,1],"id":238791591723029,"level":3,"parent":0,"text":"building 'leaf-13.drv.drv'","type":105}
@nix {"action":"stop","id":238791591723029}
@nix {"action":"start","fields":["/Users/hetzner/obrador-shared-pins-20260909/round-2-after/wide-round-1-jobs-8/store/8kdfbpc8dljnr3hffym2r6ycr49rj89x-leaf-14.drv.drv","",1,1],"id":238791591723030,"level":3,"parent":0,"text":"building 'leaf-14.drv.drv'","type":105}
@nix {"action":"start","fields":["/Users/hetzner/obrador-shared-pins-20260909/round-2-after/wide-round-1-jobs-8/store/10lnzs540qsqv8v8fk6xfg4lmca4iv58-leaf-15.drv.drv","",1,1],"id":238791591723031,"level":3,"parent":0,"text":"building 'leaf-15.drv.drv'","type":105}
@nix {"action":"start","fields":["/Users/hetzner/obrador-shared-pins-20260909/round-2-after/wide-round-1-jobs-8/store/17v9d3isjhizf3yjnf9zi1zbsjsfvqz5-leaf-8.drv","",1,1],"id":238791591723032,"level":3,"parent":0,"text":"building 'leaf-8.drv'","type":105}
@nix {"action":"stop","id":238791591723031}
@nix {"action":"start","fields":["/Users/hetzner/obrador-shared-pins-20260909/round-2-after/wide-round-1-jobs-8/store/67sgm9hny8jyzsldgp15iv5ml38206bj-leaf-10.drv","",1,1],"id":238791591723033,"level":3,"parent":0,"text":"building 'leaf-10.drv'","type":105}
@nix {"action":"stop","id":238791591723030}
@nix {"action":"stop","id":238791591723032}
@nix {"action":"stop","id":238791591723033}
@nix {"action":"start","fields":["/Users/hetzner/obrador-shared-pins-20260909/round-2-after/wide-round-1-jobs-8/store/bgpv6194bf2sl1pw95g768i8dkz25p7z-leaf-9.drv","",1,1],"id":238791591723034,"level":3,"parent":0,"text":"building 'leaf-9.drv'","type":105}
@nix {"action":"stop","id":238791591723034}
@nix {"action":"start","fields":["/Users/hetzner/obrador-shared-pins-20260909/round-2-after/wide-round-1-jobs-8/store/x87y1rlgmsp7vlfcc6xxpp5518vxz9wl-leaf-11.drv","",1,1],"id":238791591723035,"level":3,"parent":0,"text":"building 'leaf-11.drv'","type":105}
@nix {"action":"start","fields":["/Users/hetzner/obrador-shared-pins-20260909/round-2-after/wide-round-1-jobs-8/store/bf222cp23ljj5vz9qg2rvbsiwvwarg11-leaf-12.drv","",1,1],"id":238791591723036,"level":3,"parent":0,"text":"building 'leaf-12.drv'","type":105}
@nix {"action":"stop","id":238791591723035}
@nix {"action":"start","fields":["/Users/hetzner/obrador-shared-pins-20260909/round-2-after/wide-round-1-jobs-8/store/vcmksa3wnd12ppyz5ckd2rq1rq7hf2ch-leaf-13.drv","",1,1],"id":238791591723037,"level":3,"parent":0,"text":"building 'leaf-13.drv'","type":105}
@nix {"action":"stop","id":238791591723036}
@nix {"action":"stop","id":238791591723037}
@nix {"action":"start","fields":["/Users/hetzner/obrador-shared-pins-20260909/round-2-after/wide-round-1-jobs-8/store/mp90gnris5djyijic5ycg0j8mwzry7sp-leaf-15.drv","",1,1],"id":238791591723038,"level":3,"parent":0,"text":"building 'leaf-15.drv'","type":105}
@nix {"action":"stop","id":238791591723038}
@nix {"action":"start","fields":["/Users/hetzner/obrador-shared-pins-20260909/round-2-after/wide-round-1-jobs-8/store/n6nps3fjsdj2w7lwj9wxsvqf2ff5cad9-leaf-14.drv","",1,1],"id":238791591723039,"level":3,"parent":0,"text":"building 'leaf-14.drv'","type":105}
@nix {"action":"stop","id":238791591723039}
@nix {"action":"start","fields":["/Users/hetzner/obrador-shared-pins-20260909/round-2-after/wide-round-1-jobs-8/store/4xji18hh6pwwwlysl519fsl97r7wdq5m-leaf-16.drv.drv","",1,1],"id":238791591723040,"level":3,"parent":0,"text":"building 'leaf-16.drv.drv'","type":105}
@nix {"action":"stop","id":238791591723040}
@nix {"action":"start","fields":["/Users/hetzner/obrador-shared-pins-20260909/round-2-after/wide-round-1-jobs-8/store/gx53xhbl9f3q941cfrjcprqnbwqdbcig-leaf-17.drv.drv","",1,1],"id":238791591723041,"level":3,"parent":0,"text":"building 'leaf-17.drv.drv'","type":105}
@nix {"action":"start","fields":["/Users/hetzner/obrador-shared-pins-20260909/round-2-after/wide-round-1-jobs-8/store/p993gp3aliir1zqznhzs96yx060isrfj-leaf-18.drv.drv","",1,1],"id":238791591723042,"level":3,"parent":0,"text":"building 'leaf-18.drv.drv'","type":105}
@nix {"action":"start","fields":["/Users/hetzner/obrador-shared-pins-20260909/round-2-after/wide-round-1-jobs-8/store/qzy3s3lcndv9nafahl3rgydqcfy9gmdp-leaf-19.drv.drv","",1,1],"id":238791591723043,"level":3,"parent":0,"text":"building 'leaf-19.drv.drv'","type":105}
@nix {"action":"stop","id":238791591723042}
@nix {"action":"stop","id":238791591723041}
@nix {"action":"stop","id":238791591723043}
@nix {"action":"start","fields":["/Users/hetzner/obrador-shared-pins-20260909/round-2-after/wide-round-1-jobs-8/store/2kf8i4j6rfagll47xsk3ypdb7y3f3d6y-leaf-20.drv.drv","",1,1],"id":238791591723044,"level":3,"parent":0,"text":"building 'leaf-20.drv.drv'","type":105}
@nix {"action":"stop","id":238791591723044}
@nix {"action":"start","fields":["/Users/hetzner/obrador-shared-pins-20260909/round-2-after/wide-round-1-jobs-8/store/nggh0dvz3nnvdgh717nc58xb1b2nqvm2-leaf-21.drv.drv","",1,1],"id":238791591723045,"level":3,"parent":0,"text":"building 'leaf-21.drv.drv'","type":105}
@nix {"action":"stop","id":238791591723045}
@nix {"action":"start","fields":["/Users/hetzner/obrador-shared-pins-20260909/round-2-after/wide-round-1-jobs-8/store/n74nsnr1schhlmx0a379a8hhydkgqw7l-leaf-22.drv.drv","",1,1],"id":238791591723046,"level":3,"parent":0,"text":"building 'leaf-22.drv.drv'","type":105}
@nix {"action":"start","fields":["/Users/hetzner/obrador-shared-pins-20260909/round-2-after/wide-round-1-jobs-8/store/lfa3slp84z8gg1ardyphbymml7rn96qs-leaf-23.drv.drv","",1,1],"id":238791591723047,"level":3,"parent":0,"text":"building 'leaf-23.drv.drv'","type":105}
@nix {"action":"start","fields":["/Users/hetzner/obrador-shared-pins-20260909/round-2-after/wide-round-1-jobs-8/store/frw8nrv3f92dvij14z19cfzywj5cpv03-leaf-16.drv","",1,1],"id":238791591723048,"level":3,"parent":0,"text":"building 'leaf-16.drv'","type":105}
@nix {"action":"stop","id":238791591723047}
@nix {"action":"stop","id":238791591723046}
@nix {"action":"stop","id":238791591723048}
@nix {"action":"start","fields":["/Users/hetzner/obrador-shared-pins-20260909/round-2-after/wide-round-1-jobs-8/store/yb4nc2fx86dg3w93b3py01a4l8y48kyn-leaf-18.drv","",1,1],"id":238791591723049,"level":3,"parent":0,"text":"building 'leaf-18.drv'","type":105}
@nix {"action":"stop","id":238791591723049}
@nix {"action":"start","fields":["/Users/hetzner/obrador-shared-pins-20260909/round-2-after/wide-round-1-jobs-8/store/9885kyv9gbhdzbm7d3ccgk00zrypg6mj-leaf-17.drv","",1,1],"id":238791591723050,"level":3,"parent":0,"text":"building 'leaf-17.drv'","type":105}
@nix {"action":"stop","id":238791591723050}
@nix {"action":"start","fields":["/Users/hetzner/obrador-shared-pins-20260909/round-2-after/wide-round-1-jobs-8/store/mqiblzbr0bjd2pfkawm7rq863z451iyk-leaf-19.drv","",1,1],"id":238791591723051,"level":3,"parent":0,"text":"building 'leaf-19.drv'","type":105}
@nix {"action":"start","fields":["/Users/hetzner/obrador-shared-pins-20260909/round-2-after/wide-round-1-jobs-8/store/a50jw4abk2fb797b9slp6lxcbg9s9aw1-leaf-20.drv","",1,1],"id":238791591723052,"level":3,"parent":0,"text":"building 'leaf-20.drv'","type":105}
@nix {"action":"stop","id":238791591723051}
@nix {"action":"stop","id":238791591723052}
@nix {"action":"start","fields":["/Users/hetzner/obrador-shared-pins-20260909/round-2-after/wide-round-1-jobs-8/store/l4km7s1ww2rjsbll2ypp8wbdsb35b0nq-leaf-21.drv","",1,1],"id":238791591723053,"level":3,"parent":0,"text":"building 'leaf-21.drv'","type":105}
@nix {"action":"stop","id":238791591723053}
@nix {"action":"start","fields":["/Users/hetzner/obrador-shared-pins-20260909/round-2-after/wide-round-1-jobs-8/store/phfhwkmcy0y92ag8yf2njjml6c8gm91m-leaf-23.drv","",1,1],"id":238791591723054,"level":3,"parent":0,"text":"building 'leaf-23.drv'","type":105}
@nix {"action":"stop","id":238791591723054}
@nix {"action":"start","fields":["/Users/hetzner/obrador-shared-pins-20260909/round-2-after/wide-round-1-jobs-8/store/w8wh13b95kifykiyqcwzzpsvzbkxz2i8-leaf-24.drv.drv","",1,1],"id":238791591723055,"level":3,"parent":0,"text":"building 'leaf-24.drv.drv'","type":105}
@nix {"action":"start","fields":["/Users/hetzner/obrador-shared-pins-20260909/round-2-after/wide-round-1-jobs-8/store/fisd62jisvkha45kjxkj24yswpxk2x76-leaf-22.drv","",1,1],"id":238791591723056,"level":3,"parent":0,"text":"building 'leaf-22.drv'","type":105}
@nix {"action":"stop","id":238791591723055}
@nix {"action":"stop","id":238791591723056}
@nix {"action":"start","fields":["/Users/hetzner/obrador-shared-pins-20260909/round-2-after/wide-round-1-jobs-8/store/8gpvrniwap64cs567q387k0h0pdibh7x-leaf-25.drv.drv","",1,1],"id":238791591723057,"level":3,"parent":0,"text":"building 'leaf-25.drv.drv'","type":105}
@nix {"action":"start","fields":["/Users/hetzner/obrador-shared-pins-20260909/round-2-after/wide-round-1-jobs-8/store/gfh93avgjjab0mwgs59skv097zwpll3g-leaf-26.drv.drv","",1,1],"id":238791591723058,"level":3,"parent":0,"text":"building 'leaf-26.drv.drv'","type":105}
@nix {"action":"stop","id":238791591723057}
@nix {"action":"stop","id":238791591723058}
@nix {"action":"start","fields":["/Users/hetzner/obrador-shared-pins-20260909/round-2-after/wide-round-1-jobs-8/store/9yhzm0sbg1paaq2n7gaqsrzkdrxiqf0i-leaf-27.drv.drv","",1,1],"id":238791591723059,"level":3,"parent":0,"text":"building 'leaf-27.drv.drv'","type":105}
@nix {"action":"stop","id":238791591723059}
@nix {"action":"start","fields":["/Users/hetzner/obrador-shared-pins-20260909/round-2-after/wide-round-1-jobs-8/store/9mk4a28g9aa3c1w39zwkvqlkxzy1mhkb-leaf-28.drv.drv","",1,1],"id":238791591723060,"level":3,"parent":0,"text":"building 'leaf-28.drv.drv'","type":105}
@nix {"action":"stop","id":238791591723060}
@nix {"action":"start","fields":["/Users/hetzner/obrador-shared-pins-20260909/round-2-after/wide-round-1-jobs-8/store/7rwyx45hzlkk5r5nzxxwgchym094yisi-leaf-29.drv.drv","",1,1],"id":238791591723061,"level":3,"parent":0,"text":"building 'leaf-29.drv.drv'","type":105}
@nix {"action":"stop","id":238791591723061}
@nix {"action":"start","fields":["/Users/hetzner/obrador-shared-pins-20260909/round-2-after/wide-round-1-jobs-8/store/nd11frwm72pbdvj2dchz4vz0zf1hx6n6-leaf-24.drv","",1,1],"id":238791591723062,"level":3,"parent":0,"text":"building 'leaf-24.drv'","type":105}
@nix {"action":"start","fields":["/Users/hetzner/obrador-shared-pins-20260909/round-2-after/wide-round-1-jobs-8/store/jb9c9c0pvy3z1lr13lrjp6s0v896fmam-leaf-30.drv.drv","",1,1],"id":238791591723063,"level":3,"parent":0,"text":"building 'leaf-30.drv.drv'","type":105}
@nix {"action":"start","fields":["/Users/hetzner/obrador-shared-pins-20260909/round-2-after/wide-round-1-jobs-8/store/xdgw1fhhajqdzixfczvra9qay0ppqp45-leaf-31.drv.drv","",1,1],"id":238791591723064,"level":3,"parent":0,"text":"building 'leaf-31.drv.drv'","type":105}
@nix {"action":"stop","id":238791591723062}
@nix {"action":"stop","id":238791591723064}
@nix {"action":"start","fields":["/Users/hetzner/obrador-shared-pins-20260909/round-2-after/wide-round-1-jobs-8/store/7z2cjcr71gj3xwvnkhn1yd0b1nq3w8wr-leaf-25.drv","",1,1],"id":238791591723065,"level":3,"parent":0,"text":"building 'leaf-25.drv'","type":105}
@nix {"action":"stop","id":238791591723063}
@nix {"action":"stop","id":238791591723065}
@nix {"action":"start","fields":["/Users/hetzner/obrador-shared-pins-20260909/round-2-after/wide-round-1-jobs-8/store/z1vbsx4rzwsrkdwcwragn60axhr4kcjs-leaf-26.drv","",1,1],"id":238791591723066,"level":3,"parent":0,"text":"building 'leaf-26.drv'","type":105}
@nix {"action":"stop","id":238791591723066}
@nix {"action":"start","fields":["/Users/hetzner/obrador-shared-pins-20260909/round-2-after/wide-round-1-jobs-8/store/pkz52kqibccyyncrjrcxpzk658hvr11i-leaf-27.drv","",1,1],"id":238791591723067,"level":3,"parent":0,"text":"building 'leaf-27.drv'","type":105}
@nix {"action":"stop","id":238791591723067}
@nix {"action":"start","fields":["/Users/hetzner/obrador-shared-pins-20260909/round-2-after/wide-round-1-jobs-8/store/7mjlylmp1ij510bxx0s4vi92f5qiwx8y-leaf-28.drv","",1,1],"id":238791591723068,"level":3,"parent":0,"text":"building 'leaf-28.drv'","type":105}
@nix {"action":"stop","id":238791591723068}
@nix {"action":"start","fields":["/Users/hetzner/obrador-shared-pins-20260909/round-2-after/wide-round-1-jobs-8/store/3r7hz47ixkxvkjfh9gz3l5nbp7vgxjrq-leaf-29.drv","",1,1],"id":238791591723069,"level":3,"parent":0,"text":"building 'leaf-29.drv'","type":105}
@nix {"action":"stop","id":238791591723069}
@nix {"action":"start","fields":["/Users/hetzner/obrador-shared-pins-20260909/round-2-after/wide-round-1-jobs-8/store/25qvlzfy55hknbnaafqvzmcrpv6ns1cx-leaf-31.drv","",1,1],"id":238791591723070,"level":3,"parent":0,"text":"building 'leaf-31.drv'","type":105}
@nix {"action":"start","fields":["/Users/hetzner/obrador-shared-pins-20260909/round-2-after/wide-round-1-jobs-8/store/26p6p425bvj9xwq3vvsbrkmi62bx510v-leaf-30.drv","",1,1],"id":238791591723071,"level":3,"parent":0,"text":"building 'leaf-30.drv'","type":105}
@nix {"action":"stop","id":238791591723070}
@nix {"action":"stop","id":238791591723071}
