copying 32 paths...
copying path '/Users/hetzner/obrador-shared-pins-20260909/round-2-after/wide-round-1-jobs-8/store/0cwv35midbbb79r3z41lpgy30kf4fg2s-leaf-24-result' from 'obrador+local:///Users/hetzner/obrador-shared-pins-20260909/round-2-after/wide-round-1-jobs-8/obrador/state'...
copying path '/Users/hetzner/obrador-shared-pins-20260909/round-2-after/wide-round-1-jobs-8/store/060xd6wixkz4x3bkz74siya9g2k9lv6d-leaf-5-result' from 'obrador+local:///Users/hetzner/obrador-shared-pins-20260909/round-2-after/wide-round-1-jobs-8/obrador/state'...
copying path '/Users/hetzner/obrador-shared-pins-20260909/round-2-after/wide-round-1-jobs-8/store/941xilla65rfbbl9bfj5bdl25q1clqh6-leaf-22-result' from 'obrador+local:///Users/hetzner/obrador-shared-pins-20260909/round-2-after/wide-round-1-jobs-8/obrador/state'...
copying path '/Users/hetzner/obrador-shared-pins-20260909/round-2-after/wide-round-1-jobs-8/store/aaw1bxrj2zq3zix9rhgr79yv1d59b5bp-leaf-20-result' from 'obrador+local:///Users/hetzner/obrador-shared-pins-20260909/round-2-after/wide-round-1-jobs-8/obrador/state'...
copying path '/Users/hetzner/obrador-shared-pins-20260909/round-2-after/wide-round-1-jobs-8/store/67zz42bdjqs8bpfkcapq73nc6zl5513a-leaf-4-result' from 'obrador+local:///Users/hetzner/obrador-shared-pins-20260909/round-2-after/wide-round-1-jobs-8/obrador/state'...
copying path '/Users/hetzner/obrador-shared-pins-20260909/round-2-after/wide-round-1-jobs-8/store/4bdyaqq0iyzs0zs4ghgs9csfpw3y3m6q-leaf-11-result' from 'obrador+local:///Users/hetzner/obrador-shared-pins-20260909/round-2-after/wide-round-1-jobs-8/obrador/state'...
copying path '/Users/hetzner/obrador-shared-pins-20260909/round-2-after/wide-round-1-jobs-8/store/1wkbsiizyhkcnrb4jwa9yz6cxfpm4mg2-leaf-19-result' from 'obrador+local:///Users/hetzner/obrador-shared-pins-20260909/round-2-after/wide-round-1-jobs-8/obrador/state'...
copying path '/Users/hetzner/obrador-shared-pins-20260909/round-2-after/wide-round-1-jobs-8/store/3fiiayicqwchrf4jcaib31kqzr30j10f-leaf-9-result' from 'obrador+local:///Users/hetzner/obrador-shared-pins-20260909/round-2-after/wide-round-1-jobs-8/obrador/state'...
copying path '/Users/hetzner/obrador-shared-pins-20260909/round-2-after/wide-round-1-jobs-8/store/cx0bq5g0ghxzvdfsjqn1bljb91g5adfj-leaf-31-result' from 'obrador+local:///Users/hetzner/obrador-shared-pins-20260909/round-2-after/wide-round-1-jobs-8/obrador/state'...
copying path '/Users/hetzner/obrador-shared-pins-20260909/round-2-after/wide-round-1-jobs-8/store/fnrd96vl7hvhhda3vzij8vm9amsdy1yg-leaf-29-result' from 'obrador+local:///Users/hetzner/obrador-shared-pins-20260909/round-2-after/wide-round-1-jobs-8/obrador/state'...
copying path '/Users/hetzner/obrador-shared-pins-20260909/round-2-after/wide-round-1-jobs-8/store/frgvs7w1yww7n38p1khhbwcmk53yjdn1-leaf-28-result' from 'obrador+local:///Users/hetzner/obrador-shared-pins-20260909/round-2-after/wide-round-1-jobs-8/obrador/state'...
copying path '/Users/hetzner/obrador-shared-pins-20260909/round-2-after/wide-round-1-jobs-8/store/hvw7c6ih6k8y6kc67ri2s846g90ddym0-leaf-0-result' from 'obrador+local:///Users/hetzner/obrador-shared-pins-20260909/round-2-after/wide-round-1-jobs-8/obrador/state'...
copying path '/Users/hetzner/obrador-shared-pins-20260909/round-2-after/wide-round-1-jobs-8/store/hz6yfimmjs3ir6j0fjq6z1lbn1banida-leaf-7-result' from 'obrador+local:///Users/hetzner/obrador-shared-pins-20260909/round-2-after/wide-round-1-jobs-8/obrador/state'...
copying path '/Users/hetzner/obrador-shared-pins-20260909/round-2-after/wide-round-1-jobs-8/store/iyjy7jyxip47x5gcmw662hyg3hib1m0j-leaf-6-result' from 'obrador+local:///Users/hetzner/obrador-shared-pins-20260909/round-2-after/wide-round-1-jobs-8/obrador/state'...
copying path '/Users/hetzner/obrador-shared-pins-20260909/round-2-after/wide-round-1-jobs-8/store/j1ka8vd67khnjv53bkrhhjhs0farnaqj-leaf-30-result' from 'obrador+local:///Users/hetzner/obrador-shared-pins-20260909/round-2-after/wide-round-1-jobs-8/obrador/state'...
copying path '/Users/hetzner/obrador-shared-pins-20260909/round-2-after/wide-round-1-jobs-8/store/jckjkal4k67zxpacc5fzm5gxlrah44wh-leaf-8-result' from 'obrador+local:///Users/hetzner/obrador-shared-pins-20260909/round-2-after/wide-round-1-jobs-8/obrador/state'...
copying path '/Users/hetzner/obrador-shared-pins-20260909/round-2-after/wide-round-1-jobs-8/store/jm1r92j34rr6zpfvx8h4c9673640wrfy-leaf-15-result' from 'obrador+local:///Users/hetzner/obrador-shared-pins-20260909/round-2-after/wide-round-1-jobs-8/obrador/state'...
copying path '/Users/hetzner/obrador-shared-pins-20260909/round-2-after/wide-round-1-jobs-8/store/ljq7cb86z88a8cmyxz54kmzkkxcfkygr-leaf-27-result' from 'obrador+local:///Users/hetzner/obrador-shared-pins-20260909/round-2-after/wide-round-1-jobs-8/obrador/state'...
copying path '/Users/hetzner/obrador-shared-pins-20260909/round-2-after/wide-round-1-jobs-8/store/m1mc64r9fyjcbpgnvi4f04yfi8zaxydc-leaf-26-result' from 'obrador+local:///Users/hetzner/obrador-shared-pins-20260909/round-2-after/wide-round-1-jobs-8/obrador/state'...
copying path '/Users/hetzner/obrador-shared-pins-20260909/round-2-after/wide-round-1-jobs-8/store/mnrwqvq9hbwd8xx2vsznh24h5qc0383s-leaf-23-result' from 'obrador+local:///Users/hetzner/obrador-shared-pins-20260909/round-2-after/wide-round-1-jobs-8/obrador/state'...
copying path '/Users/hetzner/obrador-shared-pins-20260909/round-2-after/wide-round-1-jobs-8/store/p68zg9cs4fv5abdyi2r06fgwvyib6pbd-leaf-21-result' from 'obrador+local:///Users/hetzner/obrador-shared-pins-20260909/round-2-after/wide-round-1-jobs-8/obrador/state'...
copying path '/Users/hetzner/obrador-shared-pins-20260909/round-2-after/wide-round-1-jobs-8/store/pdk5xcljsdrb44a98nmcn84ndcm2ankv-leaf-14-result' from 'obrador+local:///Users/hetzner/obrador-shared-pins-20260909/round-2-after/wide-round-1-jobs-8/obrador/state'...
copying path '/Users/hetzner/obrador-shared-pins-20260909/round-2-after/wide-round-1-jobs-8/store/pixn3jqszvzcrzdh7hf5sgp6l4dcbl5m-leaf-12-result' from 'obrador+local:///Users/hetzner/obrador-shared-pins-20260909/round-2-after/wide-round-1-jobs-8/obrador/state'...
copying path '/Users/hetzner/obrador-shared-pins-20260909/round-2-after/wide-round-1-jobs-8/store/qcyvndlnk6zs6xxnyi6n6z603c1gh84n-leaf-17-result' from 'obrador+local:///Users/hetzner/obrador-shared-pins-20260909/round-2-after/wide-round-1-jobs-8/obrador/state'...
copying path '/Users/hetzner/obrador-shared-pins-20260909/round-2-after/wide-round-1-jobs-8/store/rvvzxjgia63z30b0vxf49f318mlcgz2p-leaf-10-result' from 'obrador+local:///Users/hetzner/obrador-shared-pins-20260909/round-2-after/wide-round-1-jobs-8/obrador/state'...
copying path '/Users/hetzner/obrador-shared-pins-20260909/round-2-after/wide-round-1-jobs-8/store/sn5vr9p0wjrnll76svi78km3qddzabdm-leaf-3-result' from 'obrador+local:///Users/hetzner/obrador-shared-pins-20260909/round-2-after/wide-round-1-jobs-8/obrador/state'...
copying path '/Users/hetzner/obrador-shared-pins-20260909/round-2-after/wide-round-1-jobs-8/store/v85na2qp6fwvn8h808k5m46s0mrv8c4q-leaf-16-result' from 'obrador+local:///Users/hetzner/obrador-shared-pins-20260909/round-2-after/wide-round-1-jobs-8/obrador/state'...
copying path '/Users/hetzner/obrador-shared-pins-20260909/round-2-after/wide-round-1-jobs-8/store/vzqbmm73fzy9j5dkw73a6bi8n1cpb50v-leaf-18-result' from 'obrador+local:///Users/hetzner/obrador-shared-pins-20260909/round-2-after/wide-round-1-jobs-8/obrador/state'...
copying path '/Users/hetzner/obrador-shared-pins-20260909/round-2-after/wide-round-1-jobs-8/store/x08jh29s2y9lrwjl8vaxm1qppmbl1b50-leaf-2-result' from 'obrador+local:///Users/hetzner/obrador-shared-pins-20260909/round-2-after/wide-round-1-jobs-8/obrador/state'...
copying path '/Users/hetzner/obrador-shared-pins-20260909/round-2-after/wide-round-1-jobs-8/store/x0a3iyr1zp6rb9z680z3ysshppyxa8x5-leaf-25-result' from 'obrador+local:///Users/hetzner/obrador-shared-pins-20260909/round-2-after/wide-round-1-jobs-8/obrador/state'...
copying path '/Users/hetzner/obrador-shared-pins-20260909/round-2-after/wide-round-1-jobs-8/store/xnr3qpgi2hpmwgigvxndkn2wprva7k5p-leaf-1-result' from 'obrador+local:///Users/hetzner/obrador-shared-pins-20260909/round-2-after/wide-round-1-jobs-8/obrador/state'...
copying path '/Users/hetzner/obrador-shared-pins-20260909/round-2-after/wide-round-1-jobs-8/store/zfi1cw90f2cc2lnp1sds0x7fil3sy7nc-leaf-13-result' from 'obrador+local:///Users/hetzner/obrador-shared-pins-20260909/round-2-after/wide-round-1-jobs-8/obrador/state'...
