Benchmarking nar_import/bytes-16385/32
Benchmarking nar_import/bytes-16385/32: Warming up for 100.00 ms

Warning: Unable to complete 10 samples in 1.0s. You may wish to increase target time to 11.1s.
Benchmarking nar_import/bytes-16385/32: Collecting 10 samples in estimated 11.091 s (10 iterations)
Benchmarking nar_import/bytes-16385/32: Analyzing
nar_import/bytes-16385/32
                        time:   [205.02 ms 249.21 ms 295.40 ms]
Benchmarking nar_import/bytes-65535/32
Benchmarking nar_import/bytes-65535/32: Warming up for 100.00 ms

Warning: Unable to complete 10 samples in 1.0s. You may wish to increase target time to 5.3s.
Benchmarking nar_import/bytes-65535/32: Collecting 10 samples in estimated 5.2610 s (10 iterations)
Benchmarking nar_import/bytes-65535/32: Analyzing
nar_import/bytes-65535/32
                        time:   [231.01 ms 246.36 ms 263.89 ms]
Found 1 outliers among 10 measurements (10.00%)
  1 (10.00%) high mild
Benchmarking nar_import/bytes-131073/16
Benchmarking nar_import/bytes-131073/16: Warming up for 100.00 ms

Warning: Unable to complete 10 samples in 1.0s. You may wish to increase target time to 5.3s.
Benchmarking nar_import/bytes-131073/16: Collecting 10 samples in estimated 5.2899 s (10 iterations)
Benchmarking nar_import/bytes-131073/16: Analyzing
nar_import/bytes-131073/16
                        time:   [270.70 ms 324.64 ms 377.80 ms]
