chain       nix     jobs= 8 round=1: 0.816s (12.75 ms/build)
Traceback (most recent call last):
  File "/tmp/obrador-shared-pins-source/benchmarks/builds/compare.py", line 232, in <module>
    main()
    ~~~~^^
  File "/tmp/obrador-shared-pins-source/benchmarks/builds/compare.py", line 163, in main
    preparation_seconds, _ = run("prepare", ["copy", "--store", evaluator, "--from", evaluator, "--to", target] + derivations,
                             ~~~^^^^^^^^^^^^^^^^^^^^^^^^^^^^^^^^^^^^^^^^^^^^^^^^^^^^^^^^^^^^^^^^^^^^^^^^^^^^^^^^^^^^^^^^^^^^^^
        directory, backend, jobs)
        ^^^^^^^^^^^^^^^^^^^^^^^^^
  File "/tmp/obrador-shared-pins-source/benchmarks/builds/compare.py", line 106, in run
    result = subprocess.run(command, stdout=stdout, stderr=stderr, env=command_env, timeout=args.timeout)
  File "/nix/store/l9k0anq0z7zz81zcwy035jfwap9ga6rl-python3-3.13.13/lib/python3.13/subprocess.py", line 556, in run
    stdout, stderr = process.communicate(input, timeout=timeout)
                     ~~~~~~~~~~~~~~~~~~~^^^^^^^^^^^^^^^^^^^^^^^^
  File "/nix/store/l9k0anq0z7zz81zcwy035jfwap9ga6rl-python3-3.13.13/lib/python3.13/subprocess.py", line 1222, in communicate
    stdout, stderr = self._communicate(input, endtime, timeout)
                     ~~~~~~~~~~~~~~~~~^^^^^^^^^^^^^^^^^^^^^^^^^
  File "/nix/store/l9k0anq0z7zz81zcwy035jfwap9ga6rl-python3-3.13.13/lib/python3.13/subprocess.py", line 2180, in _communicate
    self.wait(timeout=self._remaining_time(endtime))
    ~~~~~~~~~^^^^^^^^^^^^^^^^^^^^^^^^^^^^^^^^^^^^^^^
  File "/nix/store/l9k0anq0z7zz81zcwy035jfwap9ga6rl-python3-3.13.13/lib/python3.13/subprocess.py", line 1280, in wait
    return self._wait(timeout=timeout)
           ~~~~~~~~~~^^^^^^^^^^^^^^^^^
  File "/nix/store/l9k0anq0z7zz81zcwy035jfwap9ga6rl-python3-3.13.13/lib/python3.13/subprocess.py", line 2077, in _wait
    raise TimeoutExpired(self.args, timeout)
subprocess.TimeoutExpired: Command '['/nix/store/n4sps2fl79lqrms8mjvqg0wd7i07pk55-nix-2.36.0pre20260901_f8cd4ce/bin/nix', '--extra-experimental-features', 'nix-command ca-derivations dynamic-derivations', '--option', 'substituters', '', '--option', 'builders', '', '--option', 'build-users-group', '', '--option', 'cores', '1', '--option', 'sandbox', 'true', '--option', 'sandbox-fallback', 'false', '--option', 'require-sigs', 'false', '--option', 'sandbox-paths', '/bin/sh=/nix/store/a48z5j76wm1n36yq87hsxh3byf2zq4h1-busybox-1.37.0/bin/busybox', '--max-jobs', '8', '--option', 'plugin-files', '/tmp/obrador-shared-pins-linux/after.so', '--option', 'obrador-max-in-flight-builds', '8', 'copy', '--store', 'local?store=%2Ftmp%2Fobrador-shared-pins-linux%2Fround-3-after%2Fchain-round-1-jobs-8%2Fstore&real=%2Ftmp%2Fobrador-shared-pins-linux%2Fround-3-after%2Fchain-round-1-jobs-8%2Feval%2Fstore&state=%2Ftmp%2Fobrador-shared-pins-linux%2Fround-3-after%2Fchain-round-1-jobs-8%2Feval%2Fstate&log=%2Ftmp%2Fobrador-shared-pins-linux%2Fround-3-after%2Fchain-round-1-jobs-8%2Feval%2Flog', '--from', 'local?store=%2Ftmp%2Fobrador-shared-pins-linux%2Fround-3-after%2Fchain-round-1-jobs-8%2Fstore&real=%2Ftmp%2Fobrador-shared-pins-linux%2Fround-3-after%2Fchain-round-1-jobs-8%2Feval%2Fstore&state=%2Ftmp%2Fobrador-shared-pins-linux%2Fround-3-after%2Fchain-round-1-jobs-8%2Feval%2Fstate&log=%2Ftmp%2Fobrador-shared-pins-linux%2Fround-3-after%2Fchain-round-1-jobs-8%2Feval%2Flog', '--to', 'obrador+local:///tmp/obrador-shared-pins-linux/round-3-after/chain-round-1-jobs-8/obrador/state?store=%2Ftmp%2Fobrador-shared-pins-linux%2Fround-3-after%2Fchain-round-1-jobs-8%2Fstore', '/tmp/obrador-shared-pins-linux/round-3-after/chain-round-1-jobs-8/store/s54xbigvp5jk4wkf96wmp043z39gvgql-leaf-31.drv.drv']' timed out after 900 seconds
