@nix {"action":"msg","level":3,"msg":"these 32 derivations will be built:"}
@nix {"action":"msg","level":3,"msg":"  /Users/hetzner/obrador-shared-pins-20260909/trace-baseline/wide-round-1-jobs-8/store/299jkp52k9cal1nn8cflki24qadky0hg-leaf-5.drv.drv"}
@nix {"action":"msg","level":3,"msg":"  /Users/hetzner/obrador-shared-pins-20260909/trace-baseline/wide-round-1-jobs-8/store/3lkmd4lfkw7g27pc7s4knhdzq9dd9hac-leaf-30.drv.drv"}
@nix {"action":"msg","level":3,"msg":"  /Users/hetzner/obrador-shared-pins-20260909/trace-baseline/wide-round-1-jobs-8/store/4izcbn2mhcnfvg177kmg7fqwshjnvwm8-leaf-29.drv.drv"}
@nix {"action":"msg","level":3,"msg":"  /Users/hetzner/obrador-shared-pins-20260909/trace-baseline/wide-round-1-jobs-8/store/6da0bygwn6nsb1vhqxw6d4rzh4ci38zq-leaf-9.drv.drv"}
@nix {"action":"msg","level":3,"msg":"  /Users/hetzner/obrador-shared-pins-20260909/trace-baseline/wide-round-1-jobs-8/store/6ljqn60y8a61nz9wnnpb2af8har7vvng-leaf-16.drv.drv"}
@nix {"action":"msg","level":3,"msg":"  /Users/hetzner/obrador-shared-pins-20260909/trace-baseline/wide-round-1-jobs-8/store/7k97pckmkmvlq0wl4vs3w6bhg5ypi0wj-leaf-12.drv.drv"}
@nix {"action":"msg","level":3,"msg":"  /Users/hetzner/obrador-shared-pins-20260909/trace-baseline/wide-round-1-jobs-8/store/7qvjvv2s1d23avs9n7bnr81zbm8pc8i7-leaf-14.drv.drv"}
@nix {"action":"msg","level":3,"msg":"  /Users/hetzner/obrador-shared-pins-20260909/trace-baseline/wide-round-1-jobs-8/store/8i9va2yfml2h67jp9dn65bwgk49jcn08-leaf-10.drv.drv"}
@nix {"action":"msg","level":3,"msg":"  /Users/hetzner/obrador-shared-pins-20260909/trace-baseline/wide-round-1-jobs-8/store/a7pbpj2pdkldar6ab2982wn9xx3g1w8n-leaf-22.drv.drv"}
@nix {"action":"msg","level":3,"msg":"  /Users/hetzner/obrador-shared-pins-20260909/trace-baseline/wide-round-1-jobs-8/store/bq7jynqq3m3dpx16d042583p0azchax2-leaf-3.drv.drv"}
@nix {"action":"msg","level":3,"msg":"  /Users/hetzner/obrador-shared-pins-20260909/trace-baseline/wide-round-1-jobs-8/store/d4fflllchxz6xgzxv490wp6irbjwxkfw-leaf-18.drv.drv"}
@nix {"action":"msg","level":3,"msg":"  /Users/hetzner/obrador-shared-pins-20260909/trace-baseline/wide-round-1-jobs-8/store/frasaig2wv79l2jcgwjm5qhy982s1vq3-leaf-13.drv.drv"}
@nix {"action":"msg","level":3,"msg":"  /Users/hetzner/obrador-shared-pins-20260909/trace-baseline/wide-round-1-jobs-8/store/g7c57rfjxdv93s977pr4237l93ls01mb-leaf-26.drv.drv"}
@nix {"action":"msg","level":3,"msg":"  /Users/hetzner/obrador-shared-pins-20260909/trace-baseline/wide-round-1-jobs-8/store/j0wx9bgfd2k3v4xcwm5yj8qxvshrnzwz-leaf-31.drv.drv"}
@nix {"action":"msg","level":3,"msg":"  /Users/hetzner/obrador-shared-pins-20260909/trace-baseline/wide-round-1-jobs-8/store/jsnqv95ql4rbc8nbbhymgmapxr34x3z7-leaf-28.drv.drv"}
@nix {"action":"msg","level":3,"msg":"  /Users/hetzner/obrador-shared-pins-20260909/trace-baseline/wide-round-1-jobs-8/store/jsx41gs071dcknma7c2mibf3x3mcf1h2-leaf-11.drv.drv"}
@nix {"action":"msg","level":3,"msg":"  /Users/hetzner/obrador-shared-pins-20260909/trace-baseline/wide-round-1-jobs-8/store/krh68cmss7j5d09zwacazaqh54cjxgaa-leaf-4.drv.drv"}
@nix {"action":"msg","level":3,"msg":"  /Users/hetzner/obrador-shared-pins-20260909/trace-baseline/wide-round-1-jobs-8/store/l0j2lwaph6kmga0a88181y63smh6fsrp-leaf-27.drv.drv"}
@nix {"action":"msg","level":3,"msg":"  /Users/hetzner/obrador-shared-pins-20260909/trace-baseline/wide-round-1-jobs-8/store/lfgm3sf6zsfp279sr8rp2i0p7bzqghqy-leaf-25.drv.drv"}
@nix {"action":"msg","level":3,"msg":"  /Users/hetzner/obrador-shared-pins-20260909/trace-baseline/wide-round-1-jobs-8/store/mr08jd8mdp8z14fp1brxglijhwiwmdq1-leaf-7.drv.drv"}
@nix {"action":"msg","level":3,"msg":"  /Users/hetzner/obrador-shared-pins-20260909/trace-baseline/wide-round-1-jobs-8/store/mxkykrr425rl94qfwnagw7yl7mjqklv2-leaf-21.drv.drv"}
@nix {"action":"msg","level":3,"msg":"  /Users/hetzner/obrador-shared-pins-20260909/trace-baseline/wide-round-1-jobs-8/store/pqwr4ihavzqlzixcs0bf3b6cxx1g993m-leaf-19.drv.drv"}
@nix {"action":"msg","level":3,"msg":"  /Users/hetzner/obrador-shared-pins-20260909/trace-baseline/wide-round-1-jobs-8/store/pz9mcq2g3yf7kynmna00kwyh84riy61r-leaf-8.drv.drv"}
@nix {"action":"msg","level":3,"msg":"  /Users/hetzner/obrador-shared-pins-20260909/trace-baseline/wide-round-1-jobs-8/store/s372yn95hrqzp42fkh5q7ri9kdlcwq9s-leaf-2.drv.drv"}
@nix {"action":"msg","level":3,"msg":"  /Users/hetzner/obrador-shared-pins-20260909/trace-baseline/wide-round-1-jobs-8/store/s472za8af1wl89mwjvb9kwfzmkg07a50-leaf-23.drv.drv"}
@nix {"action":"msg","level":3,"msg":"  /Users/hetzner/obrador-shared-pins-20260909/trace-baseline/wide-round-1-jobs-8/store/v0rk4pfiyjl8kccklbnjybkxy1jn8cbl-leaf-20.drv.drv"}
@nix {"action":"msg","level":3,"msg":"  /Users/hetzner/obrador-shared-pins-20260909/trace-baseline/wide-round-1-jobs-8/store/vfn1rnzjrz9jf1m4w7y9bfi04hx92g8n-leaf-17.drv.drv"}
@nix {"action":"msg","level":3,"msg":"  /Users/hetzner/obrador-shared-pins-20260909/trace-baseline/wide-round-1-jobs-8/store/xkdmvh8yjjdv0fhx8km1bq1sl9brjvfa-leaf-6.drv.drv"}
@nix {"action":"msg","level":3,"msg":"  /Users/hetzner/obrador-shared-pins-20260909/trace-baseline/wide-round-1-jobs-8/store/xs48d97vk0rll6b4vp0fygmsfl3f1nq7-leaf-1.drv.drv"}
@nix {"action":"msg","level":3,"msg":"  /Users/hetzner/obrador-shared-pins-20260909/trace-baseline/wide-round-1-jobs-8/store/y4d49gf8yk2m0a37ga1rl20r5ng522d0-leaf-0.drv.drv"}
@nix {"action":"msg","level":3,"msg":"  /Users/hetzner/obrador-shared-pins-20260909/trace-baseline/wide-round-1-jobs-8/store/yy95jlg4x0p5b8mjf13rdd9fwy1j3a0b-leaf-24.drv.drv"}
@nix {"action":"msg","level":3,"msg":"  /Users/hetzner/obrador-shared-pins-20260909/trace-baseline/wide-round-1-jobs-8/store/zmgw7z789g3hs1sahvyd74w79j44j4im-leaf-15.drv.drv"}
@nix {"action":"start","fields":["/Users/hetzner/obrador-shared-pins-20260909/trace-baseline/wide-round-1-jobs-8/store/y4d49gf8yk2m0a37ga1rl20r5ng522d0-leaf-0.drv.drv","",1,1],"id":247218317557760,"level":3,"parent":0,"text":"building 'leaf-0.drv.drv'","type":105}
@nix {"action":"start","fields":["/Users/hetzner/obrador-shared-pins-20260909/trace-baseline/wide-round-1-jobs-8/store/xs48d97vk0rll6b4vp0fygmsfl3f1nq7-leaf-1.drv.drv","",1,1],"id":247218317557761,"level":3,"parent":0,"text":"building 'leaf-1.drv.drv'","type":105}
@nix {"action":"start","fields":["/Users/hetzner/obrador-shared-pins-20260909/trace-baseline/wide-round-1-jobs-8/store/s372yn95hrqzp42fkh5q7ri9kdlcwq9s-leaf-2.drv.drv","",1,1],"id":247218317557762,"level":3,"parent":0,"text":"building 'leaf-2.drv.drv'","type":105}
@nix {"action":"start","fields":["/Users/hetzner/obrador-shared-pins-20260909/trace-baseline/wide-round-1-jobs-8/store/bq7jynqq3m3dpx16d042583p0azchax2-leaf-3.drv.drv","",1,1],"id":247218317557763,"level":3,"parent":0,"text":"building 'leaf-3.drv.drv'","type":105}
@nix {"action":"start","fields":["/Users/hetzner/obrador-shared-pins-20260909/trace-baseline/wide-round-1-jobs-8/store/krh68cmss7j5d09zwacazaqh54cjxgaa-leaf-4.drv.drv","",1,1],"id":247218317557764,"level":3,"parent":0,"text":"building 'leaf-4.drv.drv'","type":105}
@nix {"action":"start","fields":["/Users/hetzner/obrador-shared-pins-20260909/trace-baseline/wide-round-1-jobs-8/store/299jkp52k9cal1nn8cflki24qadky0hg-leaf-5.drv.drv","",1,1],"id":247218317557765,"level":3,"parent":0,"text":"building 'leaf-5.drv.drv'","type":105}
@nix {"action":"start","fields":["/Users/hetzner/obrador-shared-pins-20260909/trace-baseline/wide-round-1-jobs-8/store/xkdmvh8yjjdv0fhx8km1bq1sl9brjvfa-leaf-6.drv.drv","",1,1],"id":247218317557766,"level":3,"parent":0,"text":"building 'leaf-6.drv.drv'","type":105}
@nix {"action":"start","fields":["/Users/hetzner/obrador-shared-pins-20260909/trace-baseline/wide-round-1-jobs-8/store/mr08jd8mdp8z14fp1brxglijhwiwmdq1-leaf-7.drv.drv","",1,1],"id":247218317557767,"level":3,"parent":0,"text":"building 'leaf-7.drv.drv'","type":105}
@nix {"action":"stop","id":247218317557765}
@nix {"action":"stop","id":247218317557760}
@nix {"action":"stop","id":247218317557761}
@nix {"action":"stop","id":247218317557764}
@nix {"action":"stop","id":247218317557767}
@nix {"action":"stop","id":247218317557763}
@nix {"action":"stop","id":247218317557762}
@nix {"action":"stop","id":247218317557766}
@nix {"action":"start","fields":["/Users/hetzner/obrador-shared-pins-20260909/trace-baseline/wide-round-1-jobs-8/store/b7qdfd5fabrc711jpbcjdnh3ghmm346q-leaf-5.drv","",1,1],"id":247218317557768,"level":3,"parent":0,"text":"building 'leaf-5.drv'","type":105}
@nix {"action":"stop","id":247218317557768}
@nix {"action":"start","fields":["/Users/hetzner/obrador-shared-pins-20260909/trace-baseline/wide-round-1-jobs-8/store/ixkhzb953n8xpmc9hsridghf0k0z0454-leaf-0.drv","",1,1],"id":247218317557769,"level":3,"parent":0,"text":"building 'leaf-0.drv'","type":105}
@nix {"action":"stop","id":247218317557769}
@nix {"action":"start","fields":["/Users/hetzner/obrador-shared-pins-20260909/trace-baseline/wide-round-1-jobs-8/store/crkpslb5x8n9ciy3hmc366pawq8j2z5r-leaf-1.drv","",1,1],"id":247218317557770,"level":3,"parent":0,"text":"building 'leaf-1.drv'","type":105}
@nix {"action":"start","fields":["/Users/hetzner/obrador-shared-pins-20260909/trace-baseline/wide-round-1-jobs-8/store/kh9fq2mi4q4iymnrv6vzck1931j456l5-leaf-4.drv","",1,1],"id":247218317557771,"level":3,"parent":0,"text":"building 'leaf-4.drv'","type":105}
@nix {"action":"stop","id":247218317557770}
@nix {"action":"start","fields":["/Users/hetzner/obrador-shared-pins-20260909/trace-baseline/wide-round-1-jobs-8/store/5bg2n9cmk73sw7psikc2rgbxqmk93i9i-leaf-7.drv","",1,1],"id":247218317557772,"level":3,"parent":0,"text":"building 'leaf-7.drv'","type":105}
@nix {"action":"stop","id":247218317557771}
@nix {"action":"start","fields":["/Users/hetzner/obrador-shared-pins-20260909/trace-baseline/wide-round-1-jobs-8/store/p2k5dl8pk2mb2n65fy5q0rg3wqb1ad7m-leaf-3.drv","",1,1],"id":247218317557773,"level":3,"parent":0,"text":"building 'leaf-3.drv'","type":105}
@nix {"action":"stop","id":247218317557772}
@nix {"action":"stop","id":247218317557773}
@nix {"action":"start","fields":["/Users/hetzner/obrador-shared-pins-20260909/trace-baseline/wide-round-1-jobs-8/store/jva725hfp909l0zazm3j3x9xdk8lw7w2-leaf-2.drv","",1,1],"id":247218317557774,"level":3,"parent":0,"text":"building 'leaf-2.drv'","type":105}
@nix {"action":"stop","id":247218317557774}
@nix {"action":"start","fields":["/Users/hetzner/obrador-shared-pins-20260909/trace-baseline/wide-round-1-jobs-8/store/rsz44iskl5y1yaskwq3fi11baj14n0ay-leaf-6.drv","",1,1],"id":247218317557775,"level":3,"parent":0,"text":"building 'leaf-6.drv'","type":105}
@nix {"action":"stop","id":247218317557775}
@nix {"action":"start","fields":["/Users/hetzner/obrador-shared-pins-20260909/trace-baseline/wide-round-1-jobs-8/store/pz9mcq2g3yf7kynmna00kwyh84riy61r-leaf-8.drv.drv","",1,1],"id":247218317557776,"level":3,"parent":0,"text":"building 'leaf-8.drv.drv'","type":105}
@nix {"action":"start","fields":["/Users/hetzner/obrador-shared-pins-20260909/trace-baseline/wide-round-1-jobs-8/store/6da0bygwn6nsb1vhqxw6d4rzh4ci38zq-leaf-9.drv.drv","",1,1],"id":247218317557777,"level":3,"parent":0,"text":"building 'leaf-9.drv.drv'","type":105}
@nix {"action":"stop","id":247218317557776}
@nix {"action":"stop","id":247218317557777}
@nix {"action":"start","fields":["/Users/hetzner/obrador-shared-pins-20260909/trace-baseline/wide-round-1-jobs-8/store/8i9va2yfml2h67jp9dn65bwgk49jcn08-leaf-10.drv.drv","",1,1],"id":247218317557778,"level":3,"parent":0,"text":"building 'leaf-10.drv.drv'","type":105}
@nix {"action":"start","fields":["/Users/hetzner/obrador-shared-pins-20260909/trace-baseline/wide-round-1-jobs-8/store/jsx41gs071dcknma7c2mibf3x3mcf1h2-leaf-11.drv.drv","",1,1],"id":247218317557779,"level":3,"parent":0,"text":"building 'leaf-11.drv.drv'","type":105}
@nix {"action":"start","fields":["/Users/hetzner/obrador-shared-pins-20260909/trace-baseline/wide-round-1-jobs-8/store/7k97pckmkmvlq0wl4vs3w6bhg5ypi0wj-leaf-12.drv.drv","",1,1],"id":247218317557780,"level":3,"parent":0,"text":"building 'leaf-12.drv.drv'","type":105}
@nix {"action":"start","fields":["/Users/hetzner/obrador-shared-pins-20260909/trace-baseline/wide-round-1-jobs-8/store/frasaig2wv79l2jcgwjm5qhy982s1vq3-leaf-13.drv.drv","",1,1],"id":247218317557781,"level":3,"parent":0,"text":"building 'leaf-13.drv.drv'","type":105}
@nix {"action":"stop","id":247218317557778}
@nix {"action":"stop","id":247218317557779}
@nix {"action":"stop","id":247218317557780}
@nix {"action":"start","fields":["/Users/hetzner/obrador-shared-pins-20260909/trace-baseline/wide-round-1-jobs-8/store/7qvjvv2s1d23avs9n7bnr81zbm8pc8i7-leaf-14.drv.drv","",1,1],"id":247218317557782,"level":3,"parent":0,"text":"building 'leaf-14.drv.drv'","type":105}
@nix {"action":"start","fields":["/Users/hetzner/obrador-shared-pins-20260909/trace-baseline/wide-round-1-jobs-8/store/zmgw7z789g3hs1sahvyd74w79j44j4im-leaf-15.drv.drv","",1,1],"id":247218317557783,"level":3,"parent":0,"text":"building 'leaf-15.drv.drv'","type":105}
@nix {"action":"stop","id":247218317557781}
@nix {"action":"stop","id":247218317557782}
@nix {"action":"stop","id":247218317557783}
@nix {"action":"start","fields":["/Users/hetzner/obrador-shared-pins-20260909/trace-baseline/wide-round-1-jobs-8/store/v3rq0kzg8xxf9kl79d79zpnqw7lsmzvw-leaf-8.drv","",1,1],"id":247218317557784,"level":3,"parent":0,"text":"building 'leaf-8.drv'","type":105}
@nix {"action":"stop","id":247218317557784}
@nix {"action":"start","fields":["/Users/hetzner/obrador-shared-pins-20260909/trace-baseline/wide-round-1-jobs-8/store/3fc5fdkcbwsw45vg0k81rl0wpz3q37zl-leaf-9.drv","",1,1],"id":247218317557785,"level":3,"parent":0,"text":"building 'leaf-9.drv'","type":105}
@nix {"action":"stop","id":247218317557785}
@nix {"action":"start","fields":["/Users/hetzner/obrador-shared-pins-20260909/trace-baseline/wide-round-1-jobs-8/store/ddqahb50g61hkqvv5xsaw0alyjqckizg-leaf-10.drv","",1,1],"id":247218317557786,"level":3,"parent":0,"text":"building 'leaf-10.drv'","type":105}
@nix {"action":"stop","id":247218317557786}
@nix {"action":"start","fields":["/Users/hetzner/obrador-shared-pins-20260909/trace-baseline/wide-round-1-jobs-8/store/rf69sxvk5zdbfw0nzdzhjhjr7imncdyf-leaf-11.drv","",1,1],"id":247218317557787,"level":3,"parent":0,"text":"building 'leaf-11.drv'","type":105}
@nix {"action":"start","fields":["/Users/hetzner/obrador-shared-pins-20260909/trace-baseline/wide-round-1-jobs-8/store/xb1l6ij95aznhdi8i852bn8lafir58y4-leaf-12.drv","",1,1],"id":247218317557788,"level":3,"parent":0,"text":"building 'leaf-12.drv'","type":105}
@nix {"action":"stop","id":247218317557787}
@nix {"action":"start","fields":["/Users/hetzner/obrador-shared-pins-20260909/trace-baseline/wide-round-1-jobs-8/store/28lzhdiclhqgl8yrr3pkv6c607apm4k1-leaf-13.drv","",1,1],"id":247218317557789,"level":3,"parent":0,"text":"building 'leaf-13.drv'","type":105}
@nix {"action":"stop","id":247218317557788}
@nix {"action":"stop","id":247218317557789}
@nix {"action":"start","fields":["/Users/hetzner/obrador-shared-pins-20260909/trace-baseline/wide-round-1-jobs-8/store/sh7b7hpw77diz4sr0zk8zczj1vylh64f-leaf-14.drv","",1,1],"id":247218317557790,"level":3,"parent":0,"text":"building 'leaf-14.drv'","type":105}
@nix {"action":"stop","id":247218317557790}
@nix {"action":"start","fields":["/Users/hetzner/obrador-shared-pins-20260909/trace-baseline/wide-round-1-jobs-8/store/ncdbl07bkrp2ik3ab4px5gzqilnx6kkx-leaf-15.drv","",1,1],"id":247218317557791,"level":3,"parent":0,"text":"building 'leaf-15.drv'","type":105}
@nix {"action":"stop","id":247218317557791}
@nix {"action":"start","fields":["/Users/hetzner/obrador-shared-pins-20260909/trace-baseline/wide-round-1-jobs-8/store/6ljqn60y8a61nz9wnnpb2af8har7vvng-leaf-16.drv.drv","",1,1],"id":247218317557792,"level":3,"parent":0,"text":"building 'leaf-16.drv.drv'","type":105}
@nix {"action":"start","fields":["/Users/hetzner/obrador-shared-pins-20260909/trace-baseline/wide-round-1-jobs-8/store/vfn1rnzjrz9jf1m4w7y9bfi04hx92g8n-leaf-17.drv.drv","",1,1],"id":247218317557793,"level":3,"parent":0,"text":"building 'leaf-17.drv.drv'","type":105}
@nix {"action":"stop","id":247218317557792}
@nix {"action":"start","fields":["/Users/hetzner/obrador-shared-pins-20260909/trace-baseline/wide-round-1-jobs-8/store/d4fflllchxz6xgzxv490wp6irbjwxkfw-leaf-18.drv.drv","",1,1],"id":247218317557794,"level":3,"parent":0,"text":"building 'leaf-18.drv.drv'","type":105}
@nix {"action":"stop","id":247218317557793}
@nix {"action":"stop","id":247218317557794}
@nix {"action":"start","fields":["/Users/hetzner/obrador-shared-pins-20260909/trace-baseline/wide-round-1-jobs-8/store/pqwr4ihavzqlzixcs0bf3b6cxx1g993m-leaf-19.drv.drv","",1,1],"id":247218317557795,"level":3,"parent":0,"text":"building 'leaf-19.drv.drv'","type":105}
@nix {"action":"stop","id":247218317557795}
@nix {"action":"start","fields":["/Users/hetzner/obrador-shared-pins-20260909/trace-baseline/wide-round-1-jobs-8/store/v0rk4pfiyjl8kccklbnjybkxy1jn8cbl-leaf-20.drv.drv","",1,1],"id":247218317557796,"level":3,"parent":0,"text":"building 'leaf-20.drv.drv'","type":105}
@nix {"action":"stop","id":247218317557796}
@nix {"action":"start","fields":["/Users/hetzner/obrador-shared-pins-20260909/trace-baseline/wide-round-1-jobs-8/store/mxkykrr425rl94qfwnagw7yl7mjqklv2-leaf-21.drv.drv","",1,1],"id":247218317557797,"level":3,"parent":0,"text":"building 'leaf-21.drv.drv'","type":105}
@nix {"action":"start","fields":["/Users/hetzner/obrador-shared-pins-20260909/trace-baseline/wide-round-1-jobs-8/store/a7pbpj2pdkldar6ab2982wn9xx3g1w8n-leaf-22.drv.drv","",1,1],"id":247218317557798,"level":3,"parent":0,"text":"building 'leaf-22.drv.drv'","type":105}
@nix {"action":"stop","id":247218317557797}
@nix {"action":"start","fields":["/Users/hetzner/obrador-shared-pins-20260909/trace-baseline/wide-round-1-jobs-8/store/s472za8af1wl89mwjvb9kwfzmkg07a50-leaf-23.drv.drv","",1,1],"id":247218317557799,"level":3,"parent":0,"text":"building 'leaf-23.drv.drv'","type":105}
@nix {"action":"stop","id":247218317557798}
@nix {"action":"stop","id":247218317557799}
@nix {"action":"start","fields":["/Users/hetzner/obrador-shared-pins-20260909/trace-baseline/wide-round-1-jobs-8/store/zbrrglps1ix0z7gmjmmql8s6blfxwb35-leaf-16.drv","",1,1],"id":247218317557800,"level":3,"parent":0,"text":"building 'leaf-16.drv'","type":105}
@nix {"action":"stop","id":247218317557800}
@nix {"action":"start","fields":["/Users/hetzner/obrador-shared-pins-20260909/trace-baseline/wide-round-1-jobs-8/store/3p8m9afydjxp3bcbyp24a4qbnrfdcm47-leaf-17.drv","",1,1],"id":247218317557801,"level":3,"parent":0,"text":"building 'leaf-17.drv'","type":105}
@nix {"action":"stop","id":247218317557801}
@nix {"action":"start","fields":["/Users/hetzner/obrador-shared-pins-20260909/trace-baseline/wide-round-1-jobs-8/store/4ryjpyb8vx3780dqv2ww56zn8kc0fc6y-leaf-18.drv","",1,1],"id":247218317557802,"level":3,"parent":0,"text":"building 'leaf-18.drv'","type":105}
@nix {"action":"start","fields":["/Users/hetzner/obrador-shared-pins-20260909/trace-baseline/wide-round-1-jobs-8/store/c5kxxd4mw015y1kadgaig84di8b6dk5m-leaf-19.drv","",1,1],"id":247218317557803,"level":3,"parent":0,"text":"building 'leaf-19.drv'","type":105}
@nix {"action":"stop","id":247218317557802}
@nix {"action":"stop","id":247218317557803}
@nix {"action":"start","fields":["/Users/hetzner/obrador-shared-pins-20260909/trace-baseline/wide-round-1-jobs-8/store/lxyjmq5vwl943309ra3398c164zw66f2-leaf-20.drv","",1,1],"id":247218317557804,"level":3,"parent":0,"text":"building 'leaf-20.drv'","type":105}
@nix {"action":"stop","id":247218317557804}
@nix {"action":"start","fields":["/Users/hetzner/obrador-shared-pins-20260909/trace-baseline/wide-round-1-jobs-8/store/swnyknmp9zr0k5ir45c6z5hyln2qxjqg-leaf-21.drv","",1,1],"id":247218317557805,"level":3,"parent":0,"text":"building 'leaf-21.drv'","type":105}
@nix {"action":"stop","id":247218317557805}
@nix {"action":"start","fields":["/Users/hetzner/obrador-shared-pins-20260909/trace-baseline/wide-round-1-jobs-8/store/78cr3r8gz4gw8vj90sjqss6ihk1i2j43-leaf-22.drv","",1,1],"id":247218317557806,"level":3,"parent":0,"text":"building 'leaf-22.drv'","type":105}
@nix {"action":"stop","id":247218317557806}
@nix {"action":"start","fields":["/Users/hetzner/obrador-shared-pins-20260909/trace-baseline/wide-round-1-jobs-8/store/8b4cp05j55fnk6x9jxxd689b82l0f1nr-leaf-23.drv","",1,1],"id":247218317557807,"level":3,"parent":0,"text":"building 'leaf-23.drv'","type":105}
@nix {"action":"start","fields":["/Users/hetzner/obrador-shared-pins-20260909/trace-baseline/wide-round-1-jobs-8/store/yy95jlg4x0p5b8mjf13rdd9fwy1j3a0b-leaf-24.drv.drv","",1,1],"id":247218317557808,"level":3,"parent":0,"text":"building 'leaf-24.drv.drv'","type":105}
@nix {"action":"stop","id":247218317557807}
@nix {"action":"stop","id":247218317557808}
@nix {"action":"start","fields":["/Users/hetzner/obrador-shared-pins-20260909/trace-baseline/wide-round-1-jobs-8/store/lfgm3sf6zsfp279sr8rp2i0p7bzqghqy-leaf-25.drv.drv","",1,1],"id":247218317557809,"level":3,"parent":0,"text":"building 'leaf-25.drv.drv'","type":105}
@nix {"action":"start","fields":["/Users/hetzner/obrador-shared-pins-20260909/trace-baseline/wide-round-1-jobs-8/store/g7c57rfjxdv93s977pr4237l93ls01mb-leaf-26.drv.drv","",1,1],"id":247218317557810,"level":3,"parent":0,"text":"building 'leaf-26.drv.drv'","type":105}
@nix {"action":"stop","id":247218317557809}
@nix {"action":"stop","id":247218317557810}
@nix {"action":"start","fields":["/Users/hetzner/obrador-shared-pins-20260909/trace-baseline/wide-round-1-jobs-8/store/l0j2lwaph6kmga0a88181y63smh6fsrp-leaf-27.drv.drv","",1,1],"id":247218317557811,"level":3,"parent":0,"text":"building 'leaf-27.drv.drv'","type":105}
@nix {"action":"start","fields":["/Users/hetzner/obrador-shared-pins-20260909/trace-baseline/wide-round-1-jobs-8/store/jsnqv95ql4rbc8nbbhymgmapxr34x3z7-leaf-28.drv.drv","",1,1],"id":247218317557812,"level":3,"parent":0,"text":"building 'leaf-28.drv.drv'","type":105}
@nix {"action":"stop","id":247218317557811}
@nix {"action":"stop","id":247218317557812}
@nix {"action":"start","fields":["/Users/hetzner/obrador-shared-pins-20260909/trace-baseline/wide-round-1-jobs-8/store/4izcbn2mhcnfvg177kmg7fqwshjnvwm8-leaf-29.drv.drv","",1,1],"id":247218317557813,"level":3,"parent":0,"text":"building 'leaf-29.drv.drv'","type":105}
@nix {"action":"stop","id":247218317557813}
@nix {"action":"start","fields":["/Users/hetzner/obrador-shared-pins-20260909/trace-baseline/wide-round-1-jobs-8/store/3lkmd4lfkw7g27pc7s4knhdzq9dd9hac-leaf-30.drv.drv","",1,1],"id":247218317557814,"level":3,"parent":0,"text":"building 'leaf-30.drv.drv'","type":105}
@nix {"action":"stop","id":247218317557814}
@nix {"action":"start","fields":["/Users/hetzner/obrador-shared-pins-20260909/trace-baseline/wide-round-1-jobs-8/store/j0wx9bgfd2k3v4xcwm5yj8qxvshrnzwz-leaf-31.drv.drv","",1,1],"id":247218317557815,"level":3,"parent":0,"text":"building 'leaf-31.drv.drv'","type":105}
@nix {"action":"stop","id":247218317557815}
@nix {"action":"start","fields":["/Users/hetzner/obrador-shared-pins-20260909/trace-baseline/wide-round-1-jobs-8/store/iylknpszf5gxs2qkb4dzrb6l52yp99ik-leaf-24.drv","",1,1],"id":247218317557816,"level":3,"parent":0,"text":"building 'leaf-24.drv'","type":105}
@nix {"action":"stop","id":247218317557816}
@nix {"action":"start","fields":["/Users/hetzner/obrador-shared-pins-20260909/trace-baseline/wide-round-1-jobs-8/store/d5ibg588zry43jvnq8a947c929swim2s-leaf-25.drv","",1,1],"id":247218317557817,"level":3,"parent":0,"text":"building 'leaf-25.drv'","type":105}
@nix {"action":"stop","id":247218317557817}
@nix {"action":"start","fields":["/Users/hetzner/obrador-shared-pins-20260909/trace-baseline/wide-round-1-jobs-8/store/24lnnilwva2x4s1x34axkbxzy4r721yj-leaf-26.drv","",1,1],"id":247218317557818,"level":3,"parent":0,"text":"building 'leaf-26.drv'","type":105}
@nix {"action":"stop","id":247218317557818}
@nix {"action":"start","fields":["/Users/hetzner/obrador-shared-pins-20260909/trace-baseline/wide-round-1-jobs-8/store/7xk6rnkrvym8w0z25m4n3gb1izi0pfmx-leaf-27.drv","",1,1],"id":247218317557819,"level":3,"parent":0,"text":"building 'leaf-27.drv'","type":105}
@nix {"action":"stop","id":247218317557819}
@nix {"action":"start","fields":["/Users/hetzner/obrador-shared-pins-20260909/trace-baseline/wide-round-1-jobs-8/store/inwi5rak6wxy0lvsi8gp3r40xyn7z2sx-leaf-28.drv","",1,1],"id":247218317557820,"level":3,"parent":0,"text":"building 'leaf-28.drv'","type":105}
@nix {"action":"stop","id":247218317557820}
@nix {"action":"start","fields":["/Users/hetzner/obrador-shared-pins-20260909/trace-baseline/wide-round-1-jobs-8/store/zh1n39mcrifbxpr5j62my6lj039bnnga-leaf-29.drv","",1,1],"id":247218317557821,"level":3,"parent":0,"text":"building 'leaf-29.drv'","type":105}
@nix {"action":"stop","id":247218317557821}
@nix {"action":"start","fields":["/Users/hetzner/obrador-shared-pins-20260909/trace-baseline/wide-round-1-jobs-8/store/4xqpwdj0addx9z2srl2vbhlh395r8w7m-leaf-30.drv","",1,1],"id":247218317557822,"level":3,"parent":0,"text":"building 'leaf-30.drv'","type":105}
@nix {"action":"stop","id":247218317557822}
@nix {"action":"start","fields":["/Users/hetzner/obrador-shared-pins-20260909/trace-baseline/wide-round-1-jobs-8/store/zvwnpgw5795g88c7w2wy82537bi69zlr-leaf-31.drv","",1,1],"id":247218317557823,"level":3,"parent":0,"text":"building 'leaf-31.drv'","type":105}
@nix {"action":"stop","id":247218317557823}
