copying 33 paths...
copying path '/Users/hetzner/obrador-shared-pins-20260909/trace-baseline/wide-round-1-jobs-8/store/lghxa006zg616xmrv6aj3xj31dxncq7p-seed' to 'obrador+local:///Users/hetzner/obrador-shared-pins-20260909/trace-baseline/wide-round-1-jobs-8/obrador/state'...
copying path '/Users/hetzner/obrador-shared-pins-20260909/trace-baseline/wide-round-1-jobs-8/store/8i9va2yfml2h67jp9dn65bwgk49jcn08-leaf-10.drv.drv' to 'obrador+local:///Users/hetzner/obrador-shared-pins-20260909/trace-baseline/wide-round-1-jobs-8/obrador/state'...
copying path '/Users/hetzner/obrador-shared-pins-20260909/trace-baseline/wide-round-1-jobs-8/store/7k97pckmkmvlq0wl4vs3w6bhg5ypi0wj-leaf-12.drv.drv' to 'obrador+local:///Users/hetzner/obrador-shared-pins-20260909/trace-baseline/wide-round-1-jobs-8/obrador/state'...
copying path '/Users/hetzner/obrador-shared-pins-20260909/trace-baseline/wide-round-1-jobs-8/store/3lkmd4lfkw7g27pc7s4knhdzq9dd9hac-leaf-30.drv.drv' to 'obrador+local:///Users/hetzner/obrador-shared-pins-20260909/trace-baseline/wide-round-1-jobs-8/obrador/state'...
copying path '/Users/hetzner/obrador-shared-pins-20260909/trace-baseline/wide-round-1-jobs-8/store/6ljqn60y8a61nz9wnnpb2af8har7vvng-leaf-16.drv.drv' to 'obrador+local:///Users/hetzner/obrador-shared-pins-20260909/trace-baseline/wide-round-1-jobs-8/obrador/state'...
copying path '/Users/hetzner/obrador-shared-pins-20260909/trace-baseline/wide-round-1-jobs-8/store/7qvjvv2s1d23avs9n7bnr81zbm8pc8i7-leaf-14.drv.drv' to 'obrador+local:///Users/hetzner/obrador-shared-pins-20260909/trace-baseline/wide-round-1-jobs-8/obrador/state'...
copying path '/Users/hetzner/obrador-shared-pins-20260909/trace-baseline/wide-round-1-jobs-8/store/4izcbn2mhcnfvg177kmg7fqwshjnvwm8-leaf-29.drv.drv' to 'obrador+local:///Users/hetzner/obrador-shared-pins-20260909/trace-baseline/wide-round-1-jobs-8/obrador/state'...
copying path '/Users/hetzner/obrador-shared-pins-20260909/trace-baseline/wide-round-1-jobs-8/store/299jkp52k9cal1nn8cflki24qadky0hg-leaf-5.drv.drv' to 'obrador+local:///Users/hetzner/obrador-shared-pins-20260909/trace-baseline/wide-round-1-jobs-8/obrador/state'...
copying path '/Users/hetzner/obrador-shared-pins-20260909/trace-baseline/wide-round-1-jobs-8/store/6da0bygwn6nsb1vhqxw6d4rzh4ci38zq-leaf-9.drv.drv' to 'obrador+local:///Users/hetzner/obrador-shared-pins-20260909/trace-baseline/wide-round-1-jobs-8/obrador/state'...
copying path '/Users/hetzner/obrador-shared-pins-20260909/trace-baseline/wide-round-1-jobs-8/store/a7pbpj2pdkldar6ab2982wn9xx3g1w8n-leaf-22.drv.drv' to 'obrador+local:///Users/hetzner/obrador-shared-pins-20260909/trace-baseline/wide-round-1-jobs-8/obrador/state'...
copying path '/Users/hetzner/obrador-shared-pins-20260909/trace-baseline/wide-round-1-jobs-8/store/bq7jynqq3m3dpx16d042583p0azchax2-leaf-3.drv.drv' to 'obrador+local:///Users/hetzner/obrador-shared-pins-20260909/trace-baseline/wide-round-1-jobs-8/obrador/state'...
copying path '/Users/hetzner/obrador-shared-pins-20260909/trace-baseline/wide-round-1-jobs-8/store/d4fflllchxz6xgzxv490wp6irbjwxkfw-leaf-18.drv.drv' to 'obrador+local:///Users/hetzner/obrador-shared-pins-20260909/trace-baseline/wide-round-1-jobs-8/obrador/state'...
copying path '/Users/hetzner/obrador-shared-pins-20260909/trace-baseline/wide-round-1-jobs-8/store/frasaig2wv79l2jcgwjm5qhy982s1vq3-leaf-13.drv.drv' to 'obrador+local:///Users/hetzner/obrador-shared-pins-20260909/trace-baseline/wide-round-1-jobs-8/obrador/state'...
copying path '/Users/hetzner/obrador-shared-pins-20260909/trace-baseline/wide-round-1-jobs-8/store/g7c57rfjxdv93s977pr4237l93ls01mb-leaf-26.drv.drv' to 'obrador+local:///Users/hetzner/obrador-shared-pins-20260909/trace-baseline/wide-round-1-jobs-8/obrador/state'...
copying path '/Users/hetzner/obrador-shared-pins-20260909/trace-baseline/wide-round-1-jobs-8/store/j0wx9bgfd2k3v4xcwm5yj8qxvshrnzwz-leaf-31.drv.drv' to 'obrador+local:///Users/hetzner/obrador-shared-pins-20260909/trace-baseline/wide-round-1-jobs-8/obrador/state'...
copying path '/Users/hetzner/obrador-shared-pins-20260909/trace-baseline/wide-round-1-jobs-8/store/jsnqv95ql4rbc8nbbhymgmapxr34x3z7-leaf-28.drv.drv' to 'obrador+local:///Users/hetzner/obrador-shared-pins-20260909/trace-baseline/wide-round-1-jobs-8/obrador/state'...
copying path '/Users/hetzner/obrador-shared-pins-20260909/trace-baseline/wide-round-1-jobs-8/store/jsx41gs071dcknma7c2mibf3x3mcf1h2-leaf-11.drv.drv' to 'obrador+local:///Users/hetzner/obrador-shared-pins-20260909/trace-baseline/wide-round-1-jobs-8/obrador/state'...
copying path '/Users/hetzner/obrador-shared-pins-20260909/trace-baseline/wide-round-1-jobs-8/store/krh68cmss7j5d09zwacazaqh54cjxgaa-leaf-4.drv.drv' to 'obrador+local:///Users/hetzner/obrador-shared-pins-20260909/trace-baseline/wide-round-1-jobs-8/obrador/state'...
copying path '/Users/hetzner/obrador-shared-pins-20260909/trace-baseline/wide-round-1-jobs-8/store/l0j2lwaph6kmga0a88181y63smh6fsrp-leaf-27.drv.drv' to 'obrador+local:///Users/hetzner/obrador-shared-pins-20260909/trace-baseline/wide-round-1-jobs-8/obrador/state'...
copying path '/Users/hetzner/obrador-shared-pins-20260909/trace-baseline/wide-round-1-jobs-8/store/lfgm3sf6zsfp279sr8rp2i0p7bzqghqy-leaf-25.drv.drv' to 'obrador+local:///Users/hetzner/obrador-shared-pins-20260909/trace-baseline/wide-round-1-jobs-8/obrador/state'...
copying path '/Users/hetzner/obrador-shared-pins-20260909/trace-baseline/wide-round-1-jobs-8/store/mr08jd8mdp8z14fp1brxglijhwiwmdq1-leaf-7.drv.drv' to 'obrador+local:///Users/hetzner/obrador-shared-pins-20260909/trace-baseline/wide-round-1-jobs-8/obrador/state'...
copying path '/Users/hetzner/obrador-shared-pins-20260909/trace-baseline/wide-round-1-jobs-8/store/mxkykrr425rl94qfwnagw7yl7mjqklv2-leaf-21.drv.drv' to 'obrador+local:///Users/hetzner/obrador-shared-pins-20260909/trace-baseline/wide-round-1-jobs-8/obrador/state'...
copying path '/Users/hetzner/obrador-shared-pins-20260909/trace-baseline/wide-round-1-jobs-8/store/pqwr4ihavzqlzixcs0bf3b6cxx1g993m-leaf-19.drv.drv' to 'obrador+local:///Users/hetzner/obrador-shared-pins-20260909/trace-baseline/wide-round-1-jobs-8/obrador/state'...
copying path '/Users/hetzner/obrador-shared-pins-20260909/trace-baseline/wide-round-1-jobs-8/store/pz9mcq2g3yf7kynmna00kwyh84riy61r-leaf-8.drv.drv' to 'obrador+local:///Users/hetzner/obrador-shared-pins-20260909/trace-baseline/wide-round-1-jobs-8/obrador/state'...
copying path '/Users/hetzner/obrador-shared-pins-20260909/trace-baseline/wide-round-1-jobs-8/store/s372yn95hrqzp42fkh5q7ri9kdlcwq9s-leaf-2.drv.drv' to 'obrador+local:///Users/hetzner/obrador-shared-pins-20260909/trace-baseline/wide-round-1-jobs-8/obrador/state'...
copying path '/Users/hetzner/obrador-shared-pins-20260909/trace-baseline/wide-round-1-jobs-8/store/s472za8af1wl89mwjvb9kwfzmkg07a50-leaf-23.drv.drv' to 'obrador+local:///Users/hetzner/obrador-shared-pins-20260909/trace-baseline/wide-round-1-jobs-8/obrador/state'...
copying path '/Users/hetzner/obrador-shared-pins-20260909/trace-baseline/wide-round-1-jobs-8/store/v0rk4pfiyjl8kccklbnjybkxy1jn8cbl-leaf-20.drv.drv' to 'obrador+local:///Users/hetzner/obrador-shared-pins-20260909/trace-baseline/wide-round-1-jobs-8/obrador/state'...
copying path '/Users/hetzner/obrador-shared-pins-20260909/trace-baseline/wide-round-1-jobs-8/store/vfn1rnzjrz9jf1m4w7y9bfi04hx92g8n-leaf-17.drv.drv' to 'obrador+local:///Users/hetzner/obrador-shared-pins-20260909/trace-baseline/wide-round-1-jobs-8/obrador/state'...
copying path '/Users/hetzner/obrador-shared-pins-20260909/trace-baseline/wide-round-1-jobs-8/store/xkdmvh8yjjdv0fhx8km1bq1sl9brjvfa-leaf-6.drv.drv' to 'obrador+local:///Users/hetzner/obrador-shared-pins-20260909/trace-baseline/wide-round-1-jobs-8/obrador/state'...
copying path '/Users/hetzner/obrador-shared-pins-20260909/trace-baseline/wide-round-1-jobs-8/store/xs48d97vk0rll6b4vp0fygmsfl3f1nq7-leaf-1.drv.drv' to 'obrador+local:///Users/hetzner/obrador-shared-pins-20260909/trace-baseline/wide-round-1-jobs-8/obrador/state'...
copying path '/Users/hetzner/obrador-shared-pins-20260909/trace-baseline/wide-round-1-jobs-8/store/y4d49gf8yk2m0a37ga1rl20r5ng522d0-leaf-0.drv.drv' to 'obrador+local:///Users/hetzner/obrador-shared-pins-20260909/trace-baseline/wide-round-1-jobs-8/obrador/state'...
copying path '/Users/hetzner/obrador-shared-pins-20260909/trace-baseline/wide-round-1-jobs-8/store/yy95jlg4x0p5b8mjf13rdd9fwy1j3a0b-leaf-24.drv.drv' to 'obrador+local:///Users/hetzner/obrador-shared-pins-20260909/trace-baseline/wide-round-1-jobs-8/obrador/state'...
copying path '/Users/hetzner/obrador-shared-pins-20260909/trace-baseline/wide-round-1-jobs-8/store/zmgw7z789g3hs1sahvyd74w79j44j4im-leaf-15.drv.drv' to 'obrador+local:///Users/hetzner/obrador-shared-pins-20260909/trace-baseline/wide-round-1-jobs-8/obrador/state'...
