copying 32 paths...
copying path '/Users/hetzner/obrador-shared-pins-20260909/trace-baseline/wide-round-1-jobs-8/store/6868vs0slrdzymswv5riks1zp0vhzrbf-leaf-23-result' from 'obrador+local:///Users/hetzner/obrador-shared-pins-20260909/trace-baseline/wide-round-1-jobs-8/obrador/state'...
copying path '/Users/hetzner/obrador-shared-pins-20260909/trace-baseline/wide-round-1-jobs-8/store/7p16x1b72n95bksrab6y3rri2dfv2xpk-leaf-20-result' from 'obrador+local:///Users/hetzner/obrador-shared-pins-20260909/trace-baseline/wide-round-1-jobs-8/obrador/state'...
copying path '/Users/hetzner/obrador-shared-pins-20260909/trace-baseline/wide-round-1-jobs-8/store/1v7s0g2w62l0y6z8d9sxcsv5s803lzsx-leaf-6-result' from 'obrador+local:///Users/hetzner/obrador-shared-pins-20260909/trace-baseline/wide-round-1-jobs-8/obrador/state'...
copying path '/Users/hetzner/obrador-shared-pins-20260909/trace-baseline/wide-round-1-jobs-8/store/81pgymnm4lri766qjizwjxwlgvga8aix-leaf-1-result' from 'obrador+local:///Users/hetzner/obrador-shared-pins-20260909/trace-baseline/wide-round-1-jobs-8/obrador/state'...
copying path '/Users/hetzner/obrador-shared-pins-20260909/trace-baseline/wide-round-1-jobs-8/store/5zd2alr4h3h10dgjjgx955j8j9g5wx9m-leaf-11-result' from 'obrador+local:///Users/hetzner/obrador-shared-pins-20260909/trace-baseline/wide-round-1-jobs-8/obrador/state'...
copying path '/Users/hetzner/obrador-shared-pins-20260909/trace-baseline/wide-round-1-jobs-8/store/2895zgwwrp4acg09mvby7awv9m51gmbf-leaf-21-result' from 'obrador+local:///Users/hetzner/obrador-shared-pins-20260909/trace-baseline/wide-round-1-jobs-8/obrador/state'...
copying path '/Users/hetzner/obrador-shared-pins-20260909/trace-baseline/wide-round-1-jobs-8/store/8dsflsy69h6zllbz9pfy2kr00jr8bz74-leaf-22-result' from 'obrador+local:///Users/hetzner/obrador-shared-pins-20260909/trace-baseline/wide-round-1-jobs-8/obrador/state'...
copying path '/Users/hetzner/obrador-shared-pins-20260909/trace-baseline/wide-round-1-jobs-8/store/6ll52bl83asf6n7iyi4xwdga18pfqd9p-leaf-19-result' from 'obrador+local:///Users/hetzner/obrador-shared-pins-20260909/trace-baseline/wide-round-1-jobs-8/obrador/state'...
copying path '/Users/hetzner/obrador-shared-pins-20260909/trace-baseline/wide-round-1-jobs-8/store/93jmm1wvf93464cvrkp25cpzv0c72cmi-leaf-15-result' from 'obrador+local:///Users/hetzner/obrador-shared-pins-20260909/trace-baseline/wide-round-1-jobs-8/obrador/state'...
copying path '/Users/hetzner/obrador-shared-pins-20260909/trace-baseline/wide-round-1-jobs-8/store/b1mrwqz74xskyxswp27c2y9k8nri0z45-leaf-3-result' from 'obrador+local:///Users/hetzner/obrador-shared-pins-20260909/trace-baseline/wide-round-1-jobs-8/obrador/state'...
copying path '/Users/hetzner/obrador-shared-pins-20260909/trace-baseline/wide-round-1-jobs-8/store/b61i198777s3fi6z2ylssb2v7qg1pqig-leaf-28-result' from 'obrador+local:///Users/hetzner/obrador-shared-pins-20260909/trace-baseline/wide-round-1-jobs-8/obrador/state'...
copying path '/Users/hetzner/obrador-shared-pins-20260909/trace-baseline/wide-round-1-jobs-8/store/c3618qg017h1f21i1bc31lbvqppbal88-leaf-16-result' from 'obrador+local:///Users/hetzner/obrador-shared-pins-20260909/trace-baseline/wide-round-1-jobs-8/obrador/state'...
copying path '/Users/hetzner/obrador-shared-pins-20260909/trace-baseline/wide-round-1-jobs-8/store/cbg19128hphbznl27jjy7a9v9a72110f-leaf-30-result' from 'obrador+local:///Users/hetzner/obrador-shared-pins-20260909/trace-baseline/wide-round-1-jobs-8/obrador/state'...
copying path '/Users/hetzner/obrador-shared-pins-20260909/trace-baseline/wide-round-1-jobs-8/store/cq5ag327yaq11n2lad3ahw4skh2l5nzx-leaf-9-result' from 'obrador+local:///Users/hetzner/obrador-shared-pins-20260909/trace-baseline/wide-round-1-jobs-8/obrador/state'...
copying path '/Users/hetzner/obrador-shared-pins-20260909/trace-baseline/wide-round-1-jobs-8/store/djs7w8h5nfw0b82swywn0539lp339nl1-leaf-2-result' from 'obrador+local:///Users/hetzner/obrador-shared-pins-20260909/trace-baseline/wide-round-1-jobs-8/obrador/state'...
copying path '/Users/hetzner/obrador-shared-pins-20260909/trace-baseline/wide-round-1-jobs-8/store/f22pi3cazg5wybbww3qk0gasm34y671v-leaf-31-result' from 'obrador+local:///Users/hetzner/obrador-shared-pins-20260909/trace-baseline/wide-round-1-jobs-8/obrador/state'...
copying path '/Users/hetzner/obrador-shared-pins-20260909/trace-baseline/wide-round-1-jobs-8/store/g0624l27x385mvmf0h1zdkrwvsqn2fvh-leaf-27-result' from 'obrador+local:///Users/hetzner/obrador-shared-pins-20260909/trace-baseline/wide-round-1-jobs-8/obrador/state'...
copying path '/Users/hetzner/obrador-shared-pins-20260909/trace-baseline/wide-round-1-jobs-8/store/gmfb6xh4nq566jy1yd6a4vl0d0zv4kl2-leaf-7-result' from 'obrador+local:///Users/hetzner/obrador-shared-pins-20260909/trace-baseline/wide-round-1-jobs-8/obrador/state'...
copying path '/Users/hetzner/obrador-shared-pins-20260909/trace-baseline/wide-round-1-jobs-8/store/h9bw87isxczws1p4fmbszb6nih7wpmvj-leaf-24-result' from 'obrador+local:///Users/hetzner/obrador-shared-pins-20260909/trace-baseline/wide-round-1-jobs-8/obrador/state'...
copying path '/Users/hetzner/obrador-shared-pins-20260909/trace-baseline/wide-round-1-jobs-8/store/i2h2klqnk6ipg21yfs3bv0qvgr01m7rg-leaf-14-result' from 'obrador+local:///Users/hetzner/obrador-shared-pins-20260909/trace-baseline/wide-round-1-jobs-8/obrador/state'...
copying path '/Users/hetzner/obrador-shared-pins-20260909/trace-baseline/wide-round-1-jobs-8/store/jc03k3zf2c23spsjsbwwzflxjf8zii6m-leaf-0-result' from 'obrador+local:///Users/hetzner/obrador-shared-pins-20260909/trace-baseline/wide-round-1-jobs-8/obrador/state'...
copying path '/Users/hetzner/obrador-shared-pins-20260909/trace-baseline/wide-round-1-jobs-8/store/ky95br39phaf3xxzs3zn74fmaj7czxyh-leaf-17-result' from 'obrador+local:///Users/hetzner/obrador-shared-pins-20260909/trace-baseline/wide-round-1-jobs-8/obrador/state'...
copying path '/Users/hetzner/obrador-shared-pins-20260909/trace-baseline/wide-round-1-jobs-8/store/mapmg5banh3f163d2zsb729yyd1n5s0r-leaf-4-result' from 'obrador+local:///Users/hetzner/obrador-shared-pins-20260909/trace-baseline/wide-round-1-jobs-8/obrador/state'...
copying path '/Users/hetzner/obrador-shared-pins-20260909/trace-baseline/wide-round-1-jobs-8/store/nvwgdhjzpmmbr8db6g3dcpkd89dpzyh5-leaf-18-result' from 'obrador+local:///Users/hetzner/obrador-shared-pins-20260909/trace-baseline/wide-round-1-jobs-8/obrador/state'...
copying path '/Users/hetzner/obrador-shared-pins-20260909/trace-baseline/wide-round-1-jobs-8/store/qh3bzi0d31c9c3s45c5zm6grmrxll47a-leaf-10-result' from 'obrador+local:///Users/hetzner/obrador-shared-pins-20260909/trace-baseline/wide-round-1-jobs-8/obrador/state'...
copying path '/Users/hetzner/obrador-shared-pins-20260909/trace-baseline/wide-round-1-jobs-8/store/qrb1grx40iqw1143awjvnwwfd6ipn1jj-leaf-5-result' from 'obrador+local:///Users/hetzner/obrador-shared-pins-20260909/trace-baseline/wide-round-1-jobs-8/obrador/state'...
copying path '/Users/hetzner/obrador-shared-pins-20260909/trace-baseline/wide-round-1-jobs-8/store/sw5sm57s9cypyw1ga6p1r00i0d2n7di0-leaf-12-result' from 'obrador+local:///Users/hetzner/obrador-shared-pins-20260909/trace-baseline/wide-round-1-jobs-8/obrador/state'...
copying path '/Users/hetzner/obrador-shared-pins-20260909/trace-baseline/wide-round-1-jobs-8/store/vgyqxinwn1v0wpii79v3f1dvypnvi7dm-leaf-8-result' from 'obrador+local:///Users/hetzner/obrador-shared-pins-20260909/trace-baseline/wide-round-1-jobs-8/obrador/state'...
copying path '/Users/hetzner/obrador-shared-pins-20260909/trace-baseline/wide-round-1-jobs-8/store/wp48ap8rgvqyn4l6qi4f6mmp186i1310-leaf-26-result' from 'obrador+local:///Users/hetzner/obrador-shared-pins-20260909/trace-baseline/wide-round-1-jobs-8/obrador/state'...
copying path '/Users/hetzner/obrador-shared-pins-20260909/trace-baseline/wide-round-1-jobs-8/store/ws10cnhphf4fjlg4iipv5b8nkvdkji5b-leaf-13-result' from 'obrador+local:///Users/hetzner/obrador-shared-pins-20260909/trace-baseline/wide-round-1-jobs-8/obrador/state'...
copying path '/Users/hetzner/obrador-shared-pins-20260909/trace-baseline/wide-round-1-jobs-8/store/y3ag5f55l97kmbqwrhxzly3i5wmdnd6f-leaf-29-result' from 'obrador+local:///Users/hetzner/obrador-shared-pins-20260909/trace-baseline/wide-round-1-jobs-8/obrador/state'...
copying path '/Users/hetzner/obrador-shared-pins-20260909/trace-baseline/wide-round-1-jobs-8/store/z24bi0ha7nr09j3cjjgaj7hil319sj4v-leaf-25-result' from 'obrador+local:///Users/hetzner/obrador-shared-pins-20260909/trace-baseline/wide-round-1-jobs-8/obrador/state'...
