copying 32 paths...
copying path '/Users/hetzner/obrador-shared-pins-20260909/trace-after/wide-round-1-jobs-8/store/0vqz0pq60z8d507w175xy70hbijb2b7i-leaf-17-result' from 'obrador+local:///Users/hetzner/obrador-shared-pins-20260909/trace-after/wide-round-1-jobs-8/obrador/state'...
copying path '/Users/hetzner/obrador-shared-pins-20260909/trace-after/wide-round-1-jobs-8/store/387sr0n2abmi1fbh02a4fd1mc004w6d3-leaf-18-result' from 'obrador+local:///Users/hetzner/obrador-shared-pins-20260909/trace-after/wide-round-1-jobs-8/obrador/state'...
copying path '/Users/hetzner/obrador-shared-pins-20260909/trace-after/wide-round-1-jobs-8/store/01xq82d5mawskhq79djiib8fkk5kd9zf-leaf-19-result' from 'obrador+local:///Users/hetzner/obrador-shared-pins-20260909/trace-after/wide-round-1-jobs-8/obrador/state'...
copying path '/Users/hetzner/obrador-shared-pins-20260909/trace-after/wide-round-1-jobs-8/store/80c1r09xqx2lknbq51hd412372fm9vap-leaf-9-result' from 'obrador+local:///Users/hetzner/obrador-shared-pins-20260909/trace-after/wide-round-1-jobs-8/obrador/state'...
copying path '/Users/hetzner/obrador-shared-pins-20260909/trace-after/wide-round-1-jobs-8/store/24y2z5b0f9wal0dm8slh6z6i3f5z4pk7-leaf-20-result' from 'obrador+local:///Users/hetzner/obrador-shared-pins-20260909/trace-after/wide-round-1-jobs-8/obrador/state'...
copying path '/Users/hetzner/obrador-shared-pins-20260909/trace-after/wide-round-1-jobs-8/store/0wqcblvsvzl8gng9nrvgvdg0hgv0qg34-leaf-7-result' from 'obrador+local:///Users/hetzner/obrador-shared-pins-20260909/trace-after/wide-round-1-jobs-8/obrador/state'...
copying path '/Users/hetzner/obrador-shared-pins-20260909/trace-after/wide-round-1-jobs-8/store/674ihwnaklfgcajnnmh9sglrf2jpwc0f-leaf-23-result' from 'obrador+local:///Users/hetzner/obrador-shared-pins-20260909/trace-after/wide-round-1-jobs-8/obrador/state'...
copying path '/Users/hetzner/obrador-shared-pins-20260909/trace-after/wide-round-1-jobs-8/store/2i0kxjnaigp76k0ww0qzl0prqrhh01z5-leaf-13-result' from 'obrador+local:///Users/hetzner/obrador-shared-pins-20260909/trace-after/wide-round-1-jobs-8/obrador/state'...
copying path '/Users/hetzner/obrador-shared-pins-20260909/trace-after/wide-round-1-jobs-8/store/811daz9dn3qyrzgrppmqsip0gm55rcjj-leaf-6-result' from 'obrador+local:///Users/hetzner/obrador-shared-pins-20260909/trace-after/wide-round-1-jobs-8/obrador/state'...
copying path '/Users/hetzner/obrador-shared-pins-20260909/trace-after/wide-round-1-jobs-8/store/8hsaghxy79rj0k1y0gzg9jd5kqh3m4gw-leaf-16-result' from 'obrador+local:///Users/hetzner/obrador-shared-pins-20260909/trace-after/wide-round-1-jobs-8/obrador/state'...
copying path '/Users/hetzner/obrador-shared-pins-20260909/trace-after/wide-round-1-jobs-8/store/a343gz2carvd5yq705wwm53yp4l496vb-leaf-3-result' from 'obrador+local:///Users/hetzner/obrador-shared-pins-20260909/trace-after/wide-round-1-jobs-8/obrador/state'...
copying path '/Users/hetzner/obrador-shared-pins-20260909/trace-after/wide-round-1-jobs-8/store/axsviilfy5sj1zqxl5bwvg9rzwx88i2j-leaf-15-result' from 'obrador+local:///Users/hetzner/obrador-shared-pins-20260909/trace-after/wide-round-1-jobs-8/obrador/state'...
copying path '/Users/hetzner/obrador-shared-pins-20260909/trace-after/wide-round-1-jobs-8/store/blxx9r4ry2gfi77g18c4yvvk06sdc5bq-leaf-1-result' from 'obrador+local:///Users/hetzner/obrador-shared-pins-20260909/trace-after/wide-round-1-jobs-8/obrador/state'...
copying path '/Users/hetzner/obrador-shared-pins-20260909/trace-after/wide-round-1-jobs-8/store/c1j9fv8qgxspnq85mdfp53sa10y0bxri-leaf-29-result' from 'obrador+local:///Users/hetzner/obrador-shared-pins-20260909/trace-after/wide-round-1-jobs-8/obrador/state'...
copying path '/Users/hetzner/obrador-shared-pins-20260909/trace-after/wide-round-1-jobs-8/store/cspwrvcrfdxx8apsmhqcvrpid2hd3r9q-leaf-22-result' from 'obrador+local:///Users/hetzner/obrador-shared-pins-20260909/trace-after/wide-round-1-jobs-8/obrador/state'...
copying path '/Users/hetzner/obrador-shared-pins-20260909/trace-after/wide-round-1-jobs-8/store/fpwcr3dwpf7f97msi05cwkg75zkhqkw5-leaf-26-result' from 'obrador+local:///Users/hetzner/obrador-shared-pins-20260909/trace-after/wide-round-1-jobs-8/obrador/state'...
copying path '/Users/hetzner/obrador-shared-pins-20260909/trace-after/wide-round-1-jobs-8/store/gpvxv61pg7iad5b6mycvq3whfacs3lbl-leaf-31-result' from 'obrador+local:///Users/hetzner/obrador-shared-pins-20260909/trace-after/wide-round-1-jobs-8/obrador/state'...
copying path '/Users/hetzner/obrador-shared-pins-20260909/trace-after/wide-round-1-jobs-8/store/hdk8k6d10j9s6gwfic0vl5v478z4ming-leaf-11-result' from 'obrador+local:///Users/hetzner/obrador-shared-pins-20260909/trace-after/wide-round-1-jobs-8/obrador/state'...
copying path '/Users/hetzner/obrador-shared-pins-20260909/trace-after/wide-round-1-jobs-8/store/hvbzrw87vmwh78jb56bzhjb4ja5d88n7-leaf-14-result' from 'obrador+local:///Users/hetzner/obrador-shared-pins-20260909/trace-after/wide-round-1-jobs-8/obrador/state'...
copying path '/Users/hetzner/obrador-shared-pins-20260909/trace-after/wide-round-1-jobs-8/store/j98xjgk8hjrq18hddx3wyy2vqvmx7bll-leaf-0-result' from 'obrador+local:///Users/hetzner/obrador-shared-pins-20260909/trace-after/wide-round-1-jobs-8/obrador/state'...
copying path '/Users/hetzner/obrador-shared-pins-20260909/trace-after/wide-round-1-jobs-8/store/k32zxjq9l6lgalkx5vldyx2nv3akbwx2-leaf-2-result' from 'obrador+local:///Users/hetzner/obrador-shared-pins-20260909/trace-after/wide-round-1-jobs-8/obrador/state'...
copying path '/Users/hetzner/obrador-shared-pins-20260909/trace-after/wide-round-1-jobs-8/store/md2zj0jql79fm75yg99yvy6653q0m1dc-leaf-24-result' from 'obrador+local:///Users/hetzner/obrador-shared-pins-20260909/trace-after/wide-round-1-jobs-8/obrador/state'...
copying path '/Users/hetzner/obrador-shared-pins-20260909/trace-after/wide-round-1-jobs-8/store/mhkb727l69sl8s938n955rn0hld0xa8y-leaf-10-result' from 'obrador+local:///Users/hetzner/obrador-shared-pins-20260909/trace-after/wide-round-1-jobs-8/obrador/state'...
copying path '/Users/hetzner/obrador-shared-pins-20260909/trace-after/wide-round-1-jobs-8/store/n7j58karq5dc6r3r2jfawrpvr5avn0dr-leaf-27-result' from 'obrador+local:///Users/hetzner/obrador-shared-pins-20260909/trace-after/wide-round-1-jobs-8/obrador/state'...
copying path '/Users/hetzner/obrador-shared-pins-20260909/trace-after/wide-round-1-jobs-8/store/pf9pzzjbdcnj844pid8mw2bx86f1cy81-leaf-5-result' from 'obrador+local:///Users/hetzner/obrador-shared-pins-20260909/trace-after/wide-round-1-jobs-8/obrador/state'...
copying path '/Users/hetzner/obrador-shared-pins-20260909/trace-after/wide-round-1-jobs-8/store/pl4dvqqsw75zq3br5hvxxjr1rb7is1rd-leaf-21-result' from 'obrador+local:///Users/hetzner/obrador-shared-pins-20260909/trace-after/wide-round-1-jobs-8/obrador/state'...
copying path '/Users/hetzner/obrador-shared-pins-20260909/trace-after/wide-round-1-jobs-8/store/sxcxj2r5illfhcpsdrmyw0krfbb220hn-leaf-30-result' from 'obrador+local:///Users/hetzner/obrador-shared-pins-20260909/trace-after/wide-round-1-jobs-8/obrador/state'...
copying path '/Users/hetzner/obrador-shared-pins-20260909/trace-after/wide-round-1-jobs-8/store/vgyilf1926i3g4vjm9qn5hdd0z3r8mp6-leaf-12-result' from 'obrador+local:///Users/hetzner/obrador-shared-pins-20260909/trace-after/wide-round-1-jobs-8/obrador/state'...
copying path '/Users/hetzner/obrador-shared-pins-20260909/trace-after/wide-round-1-jobs-8/store/w3l9y7ybh241xjcksff92bqg9wl4jirj-leaf-28-result' from 'obrador+local:///Users/hetzner/obrador-shared-pins-20260909/trace-after/wide-round-1-jobs-8/obrador/state'...
copying path '/Users/hetzner/obrador-shared-pins-20260909/trace-after/wide-round-1-jobs-8/store/wh3jwscyfqdrm7mpsan127rwhcr6zbg5-leaf-25-result' from 'obrador+local:///Users/hetzner/obrador-shared-pins-20260909/trace-after/wide-round-1-jobs-8/obrador/state'...
copying path '/Users/hetzner/obrador-shared-pins-20260909/trace-after/wide-round-1-jobs-8/store/y062gdjwymy9rcs1hm01dlbqzgvf9x1c-leaf-4-result' from 'obrador+local:///Users/hetzner/obrador-shared-pins-20260909/trace-after/wide-round-1-jobs-8/obrador/state'...
copying path '/Users/hetzner/obrador-shared-pins-20260909/trace-after/wide-round-1-jobs-8/store/yamgsrwvgpq2qb941n2l1pqadxi9znn8-leaf-8-result' from 'obrador+local:///Users/hetzner/obrador-shared-pins-20260909/trace-after/wide-round-1-jobs-8/obrador/state'...
