@nix {"action":"msg","level":3,"msg":"these 32 derivations will be built:"}
@nix {"action":"msg","level":3,"msg":"  /tmp/casita-chain-rerun-l2oceybd/round-2-baseline/chain-round-1-jobs-8/store/hvyr149ldi2biqpigccfqb1s706ir6rn-leaf-0.drv.drv"}
@nix {"action":"msg","level":3,"msg":"  /tmp/casita-chain-rerun-l2oceybd/round-2-baseline/chain-round-1-jobs-8/store/vvd6g18pz60asvhdlsyii64kn7lz14bd-leaf-1.drv.drv"}
@nix {"action":"msg","level":3,"msg":"  /tmp/casita-chain-rerun-l2oceybd/round-2-baseline/chain-round-1-jobs-8/store/0qhdv4sv4c55k428lmir1z6977ryflrq-leaf-2.drv.drv"}
@nix {"action":"msg","level":3,"msg":"  /tmp/casita-chain-rerun-l2oceybd/round-2-baseline/chain-round-1-jobs-8/store/z23ang2alj5za6db155kq2bjzq7hgzdf-leaf-3.drv.drv"}
@nix {"action":"msg","level":3,"msg":"  /tmp/casita-chain-rerun-l2oceybd/round-2-baseline/chain-round-1-jobs-8/store/msjsk5xba1gw4xlkkg2fmgvr77cj349n-leaf-4.drv.drv"}
@nix {"action":"msg","level":3,"msg":"  /tmp/casita-chain-rerun-l2oceybd/round-2-baseline/chain-round-1-jobs-8/store/bhnv8gbkxi6kkb5qmlkqz6yfdy084jcc-leaf-5.drv.drv"}
@nix {"action":"msg","level":3,"msg":"  /tmp/casita-chain-rerun-l2oceybd/round-2-baseline/chain-round-1-jobs-8/store/0n19h9ik13qvm55i9x5v4y051y0sailw-leaf-6.drv.drv"}
@nix {"action":"msg","level":3,"msg":"  /tmp/casita-chain-rerun-l2oceybd/round-2-baseline/chain-round-1-jobs-8/store/avxahb9klm5rl9zk9wgb0j284grkyivr-leaf-7.drv.drv"}
@nix {"action":"msg","level":3,"msg":"  /tmp/casita-chain-rerun-l2oceybd/round-2-baseline/chain-round-1-jobs-8/store/9rzx06997ihxzknbh2w8x2xrkdzqckl2-leaf-8.drv.drv"}
@nix {"action":"msg","level":3,"msg":"  /tmp/casita-chain-rerun-l2oceybd/round-2-baseline/chain-round-1-jobs-8/store/qqbi5p8x5l3iiw8sfxrm5yv69rh8783v-leaf-9.drv.drv"}
@nix {"action":"msg","level":3,"msg":"  /tmp/casita-chain-rerun-l2oceybd/round-2-baseline/chain-round-1-jobs-8/store/2fdih0fqnlkcri4hzancna0dmqj39k09-leaf-10.drv.drv"}
@nix {"action":"msg","level":3,"msg":"  /tmp/casita-chain-rerun-l2oceybd/round-2-baseline/chain-round-1-jobs-8/store/81clbfkqvyh6l5gqri796nljzk2x47cg-leaf-11.drv.drv"}
@nix {"action":"msg","level":3,"msg":"  /tmp/casita-chain-rerun-l2oceybd/round-2-baseline/chain-round-1-jobs-8/store/76b90vcgkf8yjrpwf04w4r8bw950apm0-leaf-12.drv.drv"}
@nix {"action":"msg","level":3,"msg":"  /tmp/casita-chain-rerun-l2oceybd/round-2-baseline/chain-round-1-jobs-8/store/slynndz7m83vf34ygn23q6vgbbs3cqr1-leaf-13.drv.drv"}
@nix {"action":"msg","level":3,"msg":"  /tmp/casita-chain-rerun-l2oceybd/round-2-baseline/chain-round-1-jobs-8/store/bc7wdwq2bjcf7g0h5m1hxjkq59nz4p4n-leaf-14.drv.drv"}
@nix {"action":"msg","level":3,"msg":"  /tmp/casita-chain-rerun-l2oceybd/round-2-baseline/chain-round-1-jobs-8/store/g6ihyd5bx6gpz5dz5aibqyr1jf4d4nq5-leaf-15.drv.drv"}
@nix {"action":"msg","level":3,"msg":"  /tmp/casita-chain-rerun-l2oceybd/round-2-baseline/chain-round-1-jobs-8/store/lb0i5p558vikndzdp4asvznkp1pcsnr5-leaf-16.drv.drv"}
@nix {"action":"msg","level":3,"msg":"  /tmp/casita-chain-rerun-l2oceybd/round-2-baseline/chain-round-1-jobs-8/store/6xlfy7301vpap9lw4i1aiga06j4d777r-leaf-17.drv.drv"}
@nix {"action":"msg","level":3,"msg":"  /tmp/casita-chain-rerun-l2oceybd/round-2-baseline/chain-round-1-jobs-8/store/vklm0nn9c8n55wnzh0qzph0w880835h4-leaf-18.drv.drv"}
@nix {"action":"msg","level":3,"msg":"  /tmp/casita-chain-rerun-l2oceybd/round-2-baseline/chain-round-1-jobs-8/store/j227mdjmxwc1aj89k3qwm6dlxn2ysqgk-leaf-19.drv.drv"}
@nix {"action":"msg","level":3,"msg":"  /tmp/casita-chain-rerun-l2oceybd/round-2-baseline/chain-round-1-jobs-8/store/clpxssbfddlxa7jizn6nkgk3lgx9whi4-leaf-20.drv.drv"}
@nix {"action":"msg","level":3,"msg":"  /tmp/casita-chain-rerun-l2oceybd/round-2-baseline/chain-round-1-jobs-8/store/r7db36q047rpwzmm1g7yzqr4qnyajaln-leaf-21.drv.drv"}
@nix {"action":"msg","level":3,"msg":"  /tmp/casita-chain-rerun-l2oceybd/round-2-baseline/chain-round-1-jobs-8/store/q9z7pf7wspvn1zqkc0ffwfjfiw0szzxc-leaf-22.drv.drv"}
@nix {"action":"msg","level":3,"msg":"  /tmp/casita-chain-rerun-l2oceybd/round-2-baseline/chain-round-1-jobs-8/store/xqd4azhkbnl540swngxwbg6grnwvqa5z-leaf-23.drv.drv"}
@nix {"action":"msg","level":3,"msg":"  /tmp/casita-chain-rerun-l2oceybd/round-2-baseline/chain-round-1-jobs-8/store/n5nrpp3fj21k3spsd0jpwiy8i26vdpwl-leaf-24.drv.drv"}
@nix {"action":"msg","level":3,"msg":"  /tmp/casita-chain-rerun-l2oceybd/round-2-baseline/chain-round-1-jobs-8/store/h2b6lpgp22qy3zjapaj4003f6xi1b69g-leaf-25.drv.drv"}
@nix {"action":"msg","level":3,"msg":"  /tmp/casita-chain-rerun-l2oceybd/round-2-baseline/chain-round-1-jobs-8/store/3dlk9196zj0rqys7c72qs42vqgl2j5c1-leaf-26.drv.drv"}
@nix {"action":"msg","level":3,"msg":"  /tmp/casita-chain-rerun-l2oceybd/round-2-baseline/chain-round-1-jobs-8/store/1bksmp796zlpwdhk9008wja1ix0kl2mp-leaf-27.drv.drv"}
@nix {"action":"msg","level":3,"msg":"  /tmp/casita-chain-rerun-l2oceybd/round-2-baseline/chain-round-1-jobs-8/store/vg8a769fwfzf97lfql0f4llfnmvclp2d-leaf-28.drv.drv"}
@nix {"action":"msg","level":3,"msg":"  /tmp/casita-chain-rerun-l2oceybd/round-2-baseline/chain-round-1-jobs-8/store/kn3p0imangyq9lgm8zanzyfidw9217qa-leaf-29.drv.drv"}
@nix {"action":"msg","level":3,"msg":"  /tmp/casita-chain-rerun-l2oceybd/round-2-baseline/chain-round-1-jobs-8/store/jfrizq6rjlxcdp8ppn37mkj8i20h4dar-leaf-30.drv.drv"}
@nix {"action":"msg","level":3,"msg":"  /tmp/casita-chain-rerun-l2oceybd/round-2-baseline/chain-round-1-jobs-8/store/73sjfv4r3rgl286l05ygyqwvxlj29n4i-leaf-31.drv.drv"}
@nix {"action":"start","fields":["/tmp/casita-chain-rerun-l2oceybd/round-2-baseline/chain-round-1-jobs-8/store/hvyr149ldi2biqpigccfqb1s706ir6rn-leaf-0.drv.drv","",1,1],"id":822773999992832,"level":3,"parent":0,"text":"building 'leaf-0.drv.drv'","type":105}
@nix {"action":"stop","id":822773999992832}
@nix {"action":"start","fields":["/tmp/casita-chain-rerun-l2oceybd/round-2-baseline/chain-round-1-jobs-8/store/q4rzqpff8m2alvzjqj5ilzpi1m770b85-leaf-0.drv","",1,1],"id":822773999992833,"level":3,"parent":0,"text":"building 'leaf-0.drv'","type":105}
@nix {"action":"stop","id":822773999992833}
@nix {"action":"start","fields":["/tmp/casita-chain-rerun-l2oceybd/round-2-baseline/chain-round-1-jobs-8/store/9vsyi1iqr42clw5qd29r4hcackgvdxf2-leaf-1.drv.drv","",1,1],"id":822773999992834,"level":3,"parent":0,"text":"building 'leaf-1.drv.drv'","type":105}
@nix {"action":"stop","id":822773999992834}
@nix {"action":"start","fields":["/tmp/casita-chain-rerun-l2oceybd/round-2-baseline/chain-round-1-jobs-8/store/pid48kfqzl9spqny0phjqzz91mgkgfql-leaf-1.drv","",1,1],"id":822773999992835,"level":3,"parent":0,"text":"building 'leaf-1.drv'","type":105}
@nix {"action":"stop","id":822773999992835}
@nix {"action":"start","fields":["/tmp/casita-chain-rerun-l2oceybd/round-2-baseline/chain-round-1-jobs-8/store/65gwrk5acv9gn46p0s0qmdqnk5ggigbs-leaf-2.drv.drv","",1,1],"id":822773999992836,"level":3,"parent":0,"text":"building 'leaf-2.drv.drv'","type":105}
@nix {"action":"stop","id":822773999992836}
@nix {"action":"start","fields":["/tmp/casita-chain-rerun-l2oceybd/round-2-baseline/chain-round-1-jobs-8/store/5pwmi3x1zr969ay59cddziwz9z08plpf-leaf-2.drv","",1,1],"id":822773999992837,"level":3,"parent":0,"text":"building 'leaf-2.drv'","type":105}
@nix {"action":"stop","id":822773999992837}
@nix {"action":"start","fields":["/tmp/casita-chain-rerun-l2oceybd/round-2-baseline/chain-round-1-jobs-8/store/jf4gfnxj07sxa9dl79xfsja6ydn29rdp-leaf-3.drv.drv","",1,1],"id":822773999992838,"level":3,"parent":0,"text":"building 'leaf-3.drv.drv'","type":105}
@nix {"action":"stop","id":822773999992838}
@nix {"action":"start","fields":["/tmp/casita-chain-rerun-l2oceybd/round-2-baseline/chain-round-1-jobs-8/store/fj5p9agdvdmhnn3wvk3g2s0c1s8ql85v-leaf-3.drv","",1,1],"id":822773999992839,"level":3,"parent":0,"text":"building 'leaf-3.drv'","type":105}
@nix {"action":"stop","id":822773999992839}
@nix {"action":"start","fields":["/tmp/casita-chain-rerun-l2oceybd/round-2-baseline/chain-round-1-jobs-8/store/qp6zb8s6vz8ancarx9y44pldhlsgfpg2-leaf-4.drv.drv","",1,1],"id":822773999992840,"level":3,"parent":0,"text":"building 'leaf-4.drv.drv'","type":105}
@nix {"action":"stop","id":822773999992840}
@nix {"action":"start","fields":["/tmp/casita-chain-rerun-l2oceybd/round-2-baseline/chain-round-1-jobs-8/store/63rak9ydnl55gz06xd062nwly58mvj9m-leaf-4.drv","",1,1],"id":822773999992841,"level":3,"parent":0,"text":"building 'leaf-4.drv'","type":105}
@nix {"action":"stop","id":822773999992841}
@nix {"action":"start","fields":["/tmp/casita-chain-rerun-l2oceybd/round-2-baseline/chain-round-1-jobs-8/store/38k11w5dncibpwdy29jrngr32yib0spm-leaf-5.drv.drv","",1,1],"id":822773999992842,"level":3,"parent":0,"text":"building 'leaf-5.drv.drv'","type":105}
@nix {"action":"stop","id":822773999992842}
@nix {"action":"start","fields":["/tmp/casita-chain-rerun-l2oceybd/round-2-baseline/chain-round-1-jobs-8/store/g23mb6hk4p2gar28n3hi6sybbidyhxzp-leaf-5.drv","",1,1],"id":822773999992843,"level":3,"parent":0,"text":"building 'leaf-5.drv'","type":105}
@nix {"action":"stop","id":822773999992843}
@nix {"action":"start","fields":["/tmp/casita-chain-rerun-l2oceybd/round-2-baseline/chain-round-1-jobs-8/store/yrrd0v4zqwv2kd6krsvlhcpb07sgr4my-leaf-6.drv.drv","",1,1],"id":822773999992844,"level":3,"parent":0,"text":"building 'leaf-6.drv.drv'","type":105}
@nix {"action":"stop","id":822773999992844}
@nix {"action":"start","fields":["/tmp/casita-chain-rerun-l2oceybd/round-2-baseline/chain-round-1-jobs-8/store/q98r9nf82pzhll1716smi3cx2ijam8r4-leaf-6.drv","",1,1],"id":822773999992845,"level":3,"parent":0,"text":"building 'leaf-6.drv'","type":105}
@nix {"action":"stop","id":822773999992845}
@nix {"action":"start","fields":["/tmp/casita-chain-rerun-l2oceybd/round-2-baseline/chain-round-1-jobs-8/store/hn1i1r3d254p1hg58va6882b1dgcxckj-leaf-7.drv.drv","",1,1],"id":822773999992846,"level":3,"parent":0,"text":"building 'leaf-7.drv.drv'","type":105}
@nix {"action":"stop","id":822773999992846}
@nix {"action":"start","fields":["/tmp/casita-chain-rerun-l2oceybd/round-2-baseline/chain-round-1-jobs-8/store/0pzamk1wbvjb9pxni3dzafaflyy1x974-leaf-7.drv","",1,1],"id":822773999992847,"level":3,"parent":0,"text":"building 'leaf-7.drv'","type":105}
@nix {"action":"stop","id":822773999992847}
@nix {"action":"start","fields":["/tmp/casita-chain-rerun-l2oceybd/round-2-baseline/chain-round-1-jobs-8/store/zz8d77v5sm1g6d7nsahypgb8bgi5gyxp-leaf-8.drv.drv","",1,1],"id":822773999992848,"level":3,"parent":0,"text":"building 'leaf-8.drv.drv'","type":105}
@nix {"action":"stop","id":822773999992848}
@nix {"action":"start","fields":["/tmp/casita-chain-rerun-l2oceybd/round-2-baseline/chain-round-1-jobs-8/store/spnfdzbn256bhiw342j5k799x5f8xlpk-leaf-8.drv","",1,1],"id":822773999992849,"level":3,"parent":0,"text":"building 'leaf-8.drv'","type":105}
@nix {"action":"stop","id":822773999992849}
@nix {"action":"start","fields":["/tmp/casita-chain-rerun-l2oceybd/round-2-baseline/chain-round-1-jobs-8/store/5wxpibd5nm3i2d7xgaxpjwpsnd7px7rs-leaf-9.drv.drv","",1,1],"id":822773999992850,"level":3,"parent":0,"text":"building 'leaf-9.drv.drv'","type":105}
@nix {"action":"stop","id":822773999992850}
@nix {"action":"start","fields":["/tmp/casita-chain-rerun-l2oceybd/round-2-baseline/chain-round-1-jobs-8/store/6dcipcl39y877lc5idhqnrqngsv5i4f9-leaf-9.drv","",1,1],"id":822773999992851,"level":3,"parent":0,"text":"building 'leaf-9.drv'","type":105}
@nix {"action":"stop","id":822773999992851}
@nix {"action":"start","fields":["/tmp/casita-chain-rerun-l2oceybd/round-2-baseline/chain-round-1-jobs-8/store/xlwd61rbf7y713frfms2qhf81yhklh31-leaf-10.drv.drv","",1,1],"id":822773999992852,"level":3,"parent":0,"text":"building 'leaf-10.drv.drv'","type":105}
@nix {"action":"stop","id":822773999992852}
@nix {"action":"start","fields":["/tmp/casita-chain-rerun-l2oceybd/round-2-baseline/chain-round-1-jobs-8/store/icvwinlq84p8ia8x4317hj35nr7b5fy1-leaf-10.drv","",1,1],"id":822773999992853,"level":3,"parent":0,"text":"building 'leaf-10.drv'","type":105}
@nix {"action":"stop","id":822773999992853}
@nix {"action":"start","fields":["/tmp/casita-chain-rerun-l2oceybd/round-2-baseline/chain-round-1-jobs-8/store/573p7yf5ys0b4b8rc396jpf95x7h5xrp-leaf-11.drv.drv","",1,1],"id":822773999992854,"level":3,"parent":0,"text":"building 'leaf-11.drv.drv'","type":105}
@nix {"action":"stop","id":822773999992854}
@nix {"action":"start","fields":["/tmp/casita-chain-rerun-l2oceybd/round-2-baseline/chain-round-1-jobs-8/store/5lz63s5c4aj37k33935rdd0pw78q8884-leaf-11.drv","",1,1],"id":822773999992855,"level":3,"parent":0,"text":"building 'leaf-11.drv'","type":105}
@nix {"action":"stop","id":822773999992855}
@nix {"action":"start","fields":["/tmp/casita-chain-rerun-l2oceybd/round-2-baseline/chain-round-1-jobs-8/store/9msvydda9xm2cw02gqfrbsxgkmyxrbcz-leaf-12.drv.drv","",1,1],"id":822773999992856,"level":3,"parent":0,"text":"building 'leaf-12.drv.drv'","type":105}
@nix {"action":"stop","id":822773999992856}
@nix {"action":"start","fields":["/tmp/casita-chain-rerun-l2oceybd/round-2-baseline/chain-round-1-jobs-8/store/3vbvkwqc756cfv0mf5wv8hkifaah39fp-leaf-12.drv","",1,1],"id":822773999992857,"level":3,"parent":0,"text":"building 'leaf-12.drv'","type":105}
@nix {"action":"stop","id":822773999992857}
@nix {"action":"start","fields":["/tmp/casita-chain-rerun-l2oceybd/round-2-baseline/chain-round-1-jobs-8/store/w32zd0inp42rwbgrgbls0rw94yw1d1kl-leaf-13.drv.drv","",1,1],"id":822773999992858,"level":3,"parent":0,"text":"building 'leaf-13.drv.drv'","type":105}
@nix {"action":"stop","id":822773999992858}
@nix {"action":"start","fields":["/tmp/casita-chain-rerun-l2oceybd/round-2-baseline/chain-round-1-jobs-8/store/i6n1q4s8cw7jd2azcmhh1zf2wc5qn9hk-leaf-13.drv","",1,1],"id":822773999992859,"level":3,"parent":0,"text":"building 'leaf-13.drv'","type":105}
@nix {"action":"stop","id":822773999992859}
@nix {"action":"start","fields":["/tmp/casita-chain-rerun-l2oceybd/round-2-baseline/chain-round-1-jobs-8/store/y4iyxvfdh9192cpbs49vb4y2k2vs90r2-leaf-14.drv.drv","",1,1],"id":822773999992860,"level":3,"parent":0,"text":"building 'leaf-14.drv.drv'","type":105}
@nix {"action":"stop","id":822773999992860}
@nix {"action":"start","fields":["/tmp/casita-chain-rerun-l2oceybd/round-2-baseline/chain-round-1-jobs-8/store/h7dwln3p0dm4bpr1gn5gfhc2axm23csg-leaf-14.drv","",1,1],"id":822773999992861,"level":3,"parent":0,"text":"building 'leaf-14.drv'","type":105}
@nix {"action":"stop","id":822773999992861}
@nix {"action":"start","fields":["/tmp/casita-chain-rerun-l2oceybd/round-2-baseline/chain-round-1-jobs-8/store/mfli77prp052yh5dn4jv76k0mb0kjl5n-leaf-15.drv.drv","",1,1],"id":822773999992862,"level":3,"parent":0,"text":"building 'leaf-15.drv.drv'","type":105}
@nix {"action":"stop","id":822773999992862}
@nix {"action":"start","fields":["/tmp/casita-chain-rerun-l2oceybd/round-2-baseline/chain-round-1-jobs-8/store/00f4qn1w0k5fi3336a52p6i0y9rpmdh2-leaf-15.drv","",1,1],"id":822773999992863,"level":3,"parent":0,"text":"building 'leaf-15.drv'","type":105}
@nix {"action":"stop","id":822773999992863}
@nix {"action":"start","fields":["/tmp/casita-chain-rerun-l2oceybd/round-2-baseline/chain-round-1-jobs-8/store/h21i6i3663l143cj7iw7z5wbi622k4qp-leaf-16.drv.drv","",1,1],"id":822773999992864,"level":3,"parent":0,"text":"building 'leaf-16.drv.drv'","type":105}
@nix {"action":"stop","id":822773999992864}
@nix {"action":"start","fields":["/tmp/casita-chain-rerun-l2oceybd/round-2-baseline/chain-round-1-jobs-8/store/2x2scvm40lc01zd7l68lfsj9gh1myrln-leaf-16.drv","",1,1],"id":822773999992865,"level":3,"parent":0,"text":"building 'leaf-16.drv'","type":105}
@nix {"action":"stop","id":822773999992865}
@nix {"action":"start","fields":["/tmp/casita-chain-rerun-l2oceybd/round-2-baseline/chain-round-1-jobs-8/store/5k2126rgg33274g91p1vrwcg5ygzrmmk-leaf-17.drv.drv","",1,1],"id":822773999992866,"level":3,"parent":0,"text":"building 'leaf-17.drv.drv'","type":105}
@nix {"action":"stop","id":822773999992866}
@nix {"action":"start","fields":["/tmp/casita-chain-rerun-l2oceybd/round-2-baseline/chain-round-1-jobs-8/store/fc00hd4aaq1rcbdbq56fj419y1iq64jq-leaf-17.drv","",1,1],"id":822773999992867,"level":3,"parent":0,"text":"building 'leaf-17.drv'","type":105}
@nix {"action":"stop","id":822773999992867}
@nix {"action":"start","fields":["/tmp/casita-chain-rerun-l2oceybd/round-2-baseline/chain-round-1-jobs-8/store/35bf84ah0644rpssw1vwbh9kydzsxa6l-leaf-18.drv.drv","",1,1],"id":822773999992868,"level":3,"parent":0,"text":"building 'leaf-18.drv.drv'","type":105}
@nix {"action":"stop","id":822773999992868}
@nix {"action":"start","fields":["/tmp/casita-chain-rerun-l2oceybd/round-2-baseline/chain-round-1-jobs-8/store/f79ris914jfpxz2fbba6rwvfmaaxkvi0-leaf-18.drv","",1,1],"id":822773999992869,"level":3,"parent":0,"text":"building 'leaf-18.drv'","type":105}
@nix {"action":"stop","id":822773999992869}
@nix {"action":"start","fields":["/tmp/casita-chain-rerun-l2oceybd/round-2-baseline/chain-round-1-jobs-8/store/6x5d5nc8mwpk2fa8k636vab03pqmp75q-leaf-19.drv.drv","",1,1],"id":822773999992870,"level":3,"parent":0,"text":"building 'leaf-19.drv.drv'","type":105}
@nix {"action":"stop","id":822773999992870}
@nix {"action":"start","fields":["/tmp/casita-chain-rerun-l2oceybd/round-2-baseline/chain-round-1-jobs-8/store/ivbxr01rzkcvxs4ywd75a6i0sb3f596y-leaf-19.drv","",1,1],"id":822773999992871,"level":3,"parent":0,"text":"building 'leaf-19.drv'","type":105}
@nix {"action":"stop","id":822773999992871}
@nix {"action":"start","fields":["/tmp/casita-chain-rerun-l2oceybd/round-2-baseline/chain-round-1-jobs-8/store/s4a5f84p7kq1cvsdlywx4fmvqqsdbygb-leaf-20.drv.drv","",1,1],"id":822773999992872,"level":3,"parent":0,"text":"building 'leaf-20.drv.drv'","type":105}
@nix {"action":"stop","id":822773999992872}
@nix {"action":"start","fields":["/tmp/casita-chain-rerun-l2oceybd/round-2-baseline/chain-round-1-jobs-8/store/kal99fbws81jl397pppzkwnkx73grv43-leaf-20.drv","",1,1],"id":822773999992873,"level":3,"parent":0,"text":"building 'leaf-20.drv'","type":105}
@nix {"action":"stop","id":822773999992873}
@nix {"action":"start","fields":["/tmp/casita-chain-rerun-l2oceybd/round-2-baseline/chain-round-1-jobs-8/store/kr0cas0b9yaibhcwvcvc63xdr3mdi9df-leaf-21.drv.drv","",1,1],"id":822773999992874,"level":3,"parent":0,"text":"building 'leaf-21.drv.drv'","type":105}
@nix {"action":"stop","id":822773999992874}
@nix {"action":"start","fields":["/tmp/casita-chain-rerun-l2oceybd/round-2-baseline/chain-round-1-jobs-8/store/40sr9xkbx8pgdknk6644rm3plng763ff-leaf-21.drv","",1,1],"id":822773999992875,"level":3,"parent":0,"text":"building 'leaf-21.drv'","type":105}
@nix {"action":"stop","id":822773999992875}
@nix {"action":"start","fields":["/tmp/casita-chain-rerun-l2oceybd/round-2-baseline/chain-round-1-jobs-8/store/5l22cg6g22m8h7aicvxapgdp8qanv5yf-leaf-22.drv.drv","",1,1],"id":822773999992876,"level":3,"parent":0,"text":"building 'leaf-22.drv.drv'","type":105}
@nix {"action":"stop","id":822773999992876}
@nix {"action":"start","fields":["/tmp/casita-chain-rerun-l2oceybd/round-2-baseline/chain-round-1-jobs-8/store/rfqsqind1zy3zry7w39rx3rb3d3xnpk9-leaf-22.drv","",1,1],"id":822773999992877,"level":3,"parent":0,"text":"building 'leaf-22.drv'","type":105}
@nix {"action":"stop","id":822773999992877}
@nix {"action":"start","fields":["/tmp/casita-chain-rerun-l2oceybd/round-2-baseline/chain-round-1-jobs-8/store/bs7skrakrwk2ga6qq03s9wrvwxfw65xd-leaf-23.drv.drv","",1,1],"id":822773999992878,"level":3,"parent":0,"text":"building 'leaf-23.drv.drv'","type":105}
@nix {"action":"stop","id":822773999992878}
@nix {"action":"start","fields":["/tmp/casita-chain-rerun-l2oceybd/round-2-baseline/chain-round-1-jobs-8/store/6n88ksmmnq913wq75gcprkb427n06249-leaf-23.drv","",1,1],"id":822773999992879,"level":3,"parent":0,"text":"building 'leaf-23.drv'","type":105}
@nix {"action":"stop","id":822773999992879}
@nix {"action":"start","fields":["/tmp/casita-chain-rerun-l2oceybd/round-2-baseline/chain-round-1-jobs-8/store/a0jk1lnqif2civ7kylr99rclmg6qdzbs-leaf-24.drv.drv","",1,1],"id":822773999992880,"level":3,"parent":0,"text":"building 'leaf-24.drv.drv'","type":105}
@nix {"action":"stop","id":822773999992880}
@nix {"action":"start","fields":["/tmp/casita-chain-rerun-l2oceybd/round-2-baseline/chain-round-1-jobs-8/store/n5zd7m4nw6b59b13j5bdhg1kzzsq53a7-leaf-24.drv","",1,1],"id":822773999992881,"level":3,"parent":0,"text":"building 'leaf-24.drv'","type":105}
@nix {"action":"stop","id":822773999992881}
@nix {"action":"start","fields":["/tmp/casita-chain-rerun-l2oceybd/round-2-baseline/chain-round-1-jobs-8/store/ic9rr69zazhwx2dgf3q8ybmn5dvlrfpa-leaf-25.drv.drv","",1,1],"id":822773999992882,"level":3,"parent":0,"text":"building 'leaf-25.drv.drv'","type":105}
@nix {"action":"stop","id":822773999992882}
@nix {"action":"start","fields":["/tmp/casita-chain-rerun-l2oceybd/round-2-baseline/chain-round-1-jobs-8/store/9qn5r1n1v33jbscsw6a0fwf5njn3n6f1-leaf-25.drv","",1,1],"id":822773999992883,"level":3,"parent":0,"text":"building 'leaf-25.drv'","type":105}
@nix {"action":"stop","id":822773999992883}
@nix {"action":"start","fields":["/tmp/casita-chain-rerun-l2oceybd/round-2-baseline/chain-round-1-jobs-8/store/4y6bjcvpsg0k3hiqpmf5cxg3f4v06wc7-leaf-26.drv.drv","",1,1],"id":822773999992884,"level":3,"parent":0,"text":"building 'leaf-26.drv.drv'","type":105}
@nix {"action":"stop","id":822773999992884}
@nix {"action":"start","fields":["/tmp/casita-chain-rerun-l2oceybd/round-2-baseline/chain-round-1-jobs-8/store/0gn3jx11izh5msl2njvfk635f19gjazx-leaf-26.drv","",1,1],"id":822773999992885,"level":3,"parent":0,"text":"building 'leaf-26.drv'","type":105}
@nix {"action":"stop","id":822773999992885}
@nix {"action":"start","fields":["/tmp/casita-chain-rerun-l2oceybd/round-2-baseline/chain-round-1-jobs-8/store/n1fjya18qnlxn8d2apld5lghiimqiky9-leaf-27.drv.drv","",1,1],"id":822773999992886,"level":3,"parent":0,"text":"building 'leaf-27.drv.drv'","type":105}
@nix {"action":"stop","id":822773999992886}
@nix {"action":"start","fields":["/tmp/casita-chain-rerun-l2oceybd/round-2-baseline/chain-round-1-jobs-8/store/g4j6sb9zv1i6fwhpibi53m2jydhlj32s-leaf-27.drv","",1,1],"id":822773999992887,"level":3,"parent":0,"text":"building 'leaf-27.drv'","type":105}
@nix {"action":"stop","id":822773999992887}
@nix {"action":"start","fields":["/tmp/casita-chain-rerun-l2oceybd/round-2-baseline/chain-round-1-jobs-8/store/pklq357m6y7cx6vbskcm0gbv64lx6kfv-leaf-28.drv.drv","",1,1],"id":822773999992888,"level":3,"parent":0,"text":"building 'leaf-28.drv.drv'","type":105}
@nix {"action":"stop","id":822773999992888}
@nix {"action":"start","fields":["/tmp/casita-chain-rerun-l2oceybd/round-2-baseline/chain-round-1-jobs-8/store/qcz37nf7idaaakq98j7brxncqiqq2mbg-leaf-28.drv","",1,1],"id":822773999992889,"level":3,"parent":0,"text":"building 'leaf-28.drv'","type":105}
@nix {"action":"stop","id":822773999992889}
@nix {"action":"start","fields":["/tmp/casita-chain-rerun-l2oceybd/round-2-baseline/chain-round-1-jobs-8/store/qrxfxqf7l916046lpmbcz1mggfgpri09-leaf-29.drv.drv","",1,1],"id":822773999992890,"level":3,"parent":0,"text":"building 'leaf-29.drv.drv'","type":105}
@nix {"action":"stop","id":822773999992890}
@nix {"action":"start","fields":["/tmp/casita-chain-rerun-l2oceybd/round-2-baseline/chain-round-1-jobs-8/store/6yq1gxdy8xc6j5rcf6slqnhm1f2m9vqi-leaf-29.drv","",1,1],"id":822773999992891,"level":3,"parent":0,"text":"building 'leaf-29.drv'","type":105}
@nix {"action":"stop","id":822773999992891}
@nix {"action":"start","fields":["/tmp/casita-chain-rerun-l2oceybd/round-2-baseline/chain-round-1-jobs-8/store/q7qwi3wnx3rhgdlfh5mdz8a13r3jnj4v-leaf-30.drv.drv","",1,1],"id":822773999992892,"level":3,"parent":0,"text":"building 'leaf-30.drv.drv'","type":105}
@nix {"action":"stop","id":822773999992892}
@nix {"action":"start","fields":["/tmp/casita-chain-rerun-l2oceybd/round-2-baseline/chain-round-1-jobs-8/store/az32v13lxyhw21lswb9fpzf35qfpczq6-leaf-30.drv","",1,1],"id":822773999992893,"level":3,"parent":0,"text":"building 'leaf-30.drv'","type":105}
@nix {"action":"stop","id":822773999992893}
@nix {"action":"start","fields":["/tmp/casita-chain-rerun-l2oceybd/round-2-baseline/chain-round-1-jobs-8/store/p5rz81hcwj7lz5al7srwvgci58ad18s1-leaf-31.drv.drv","",1,1],"id":822773999992894,"level":3,"parent":0,"text":"building 'leaf-31.drv.drv'","type":105}
@nix {"action":"stop","id":822773999992894}
@nix {"action":"start","fields":["/tmp/casita-chain-rerun-l2oceybd/round-2-baseline/chain-round-1-jobs-8/store/vvb6rxrn7bqaw2m66yxpdabwgv4vyq0b-leaf-31.drv","",1,1],"id":822773999992895,"level":3,"parent":0,"text":"building 'leaf-31.drv'","type":105}
@nix {"action":"stop","id":822773999992895}
