    Updating crates.io index
     Locking 4 packages to latest Rust 1.85 compatible versions
      Adding serde_spanned v1.1.1
      Adding toml v0.9.12+spec-1.1.0 (available: v1.1.6+spec-1.1.0)
      Adding toml_datetime v0.7.5+spec-1.1.0
      Adding winnow v0.7.15
   Compiling smallvec v1.16.1
   Compiling zeroize v1.9.0
   Compiling subtle v2.6.1
   Compiling typenum v1.20.1
   Compiling serde_core v1.0.229
   Compiling equivalent v1.0.2
   Compiling getrandom v0.2.17
   Compiling socket2 v0.6.5
   Compiling num-traits v0.2.19
   Compiling foldhash v0.2.0
   Compiling allocator-api2 v0.2.21
   Compiling slab v0.4.12
   Compiling futures-channel v0.3.34
   Compiling crc32fast v1.5.1
   Compiling zlib-rs v0.6.7
   Compiling untrusted v0.9.0
   Compiling tower-service v0.3.3
   Compiling cmov v0.5.4
   Compiling parking_lot_core v0.9.12
   Compiling rand_core v0.6.4
   Compiling ring v0.17.14
   Compiling time-macros v0.2.32
   Compiling rustls-pki-types v1.15.1
   Compiling const-oid v0.10.2
   Compiling aws-lc-sys v0.45.0
   Compiling futures-util v0.3.34
   Compiling try-lock v0.2.5
   Compiling hashbrown v0.17.1
   Compiling ctutils v0.4.2
   Compiling untrusted v0.7.1
   Compiling want v0.3.1
   Compiling httparse v1.10.1
   Compiling httpdate v1.0.3
   Compiling atomic-waker v1.1.2
   Compiling sync_wrapper v1.0.2
   Compiling tower-layer v0.3.3
   Compiling gix-trace v0.1.21
   Compiling tinyvec_macros v0.1.1
   Compiling gix-validate v0.11.4
   Compiling icu_normalizer v2.3.0
   Compiling tinyvec v1.13.2
   Compiling vsimd v0.8.0
   Compiling outref v0.5.2
   Compiling pin-utils v0.1.0
   Compiling num-integer v0.1.47
   Compiling form_urlencoded v1.2.2
   Compiling hash32 v0.3.1
   Compiling gix-path v0.12.6
   Compiling aws-lc-rs v1.18.1
   Compiling gix-error v0.2.5
   Compiling heapless v0.8.0
   Compiling generic-array v0.14.7
   Compiling hybrid-array v0.4.15
   Compiling num-bigint v0.4.8
   Compiling indexmap v2.14.2
   Compiling unicode-normalization v0.1.25
   Compiling base64-simd v0.8.0
   Compiling num-complex v0.4.6
   Compiling half v2.7.1
   Compiling faster-hex v0.10.0
   Compiling gix-utils v0.3.6
   Compiling itertools v0.14.0
   Compiling crypto-common v0.2.2
   Compiling crypto-common v0.1.7
   Compiling block-buffer v0.10.4
   Compiling block-buffer v0.12.1
   Compiling openssl-probe v0.2.1
   Compiling rand v0.10.2
   Compiling digest v0.10.7
   Compiling rustls-native-certs v0.8.4
   Compiling idna_adapter v1.2.1
   Compiling mime v0.3.17
   Compiling base64ct v1.8.3
   Compiling jiff-core v0.1.0
   Compiling idna v1.1.0
   Compiling sha1 v0.10.7
   Compiling pem-rfc7468 v0.7.0
   Compiling sha1-checked v0.10.0
   Compiling num-iter v0.1.46
   Compiling simd-adler32 v0.3.10
   Compiling der v0.7.10
   Compiling serde v1.0.229
   Compiling digest v0.11.3
   Compiling time v0.3.55
   Compiling rustls-webpki v0.103.15
   Compiling serde_json v1.0.151
   Compiling url v2.5.8
   Compiling sha2 v0.11.0
   Compiling num-rational v0.4.2
   Compiling adler2 v2.0.1
   Compiling uuid v1.26.1
   Compiling miniz_oxide v0.9.1
   Compiling signature v2.2.0
   Compiling ff v0.13.1
   Compiling arrow-schema v55.2.0
   Compiling lock_api v0.4.14
   Compiling bytes v1.12.1
   Compiling rustls v0.23.44
   Compiling chrono v0.4.45
   Compiling parking_lot v0.12.5
   Compiling prost-derive v0.14.4
   Compiling jiff v0.2.35
   Compiling spki v0.7.3
   Compiling num v0.4.3
   Compiling base16ct v0.2.0
   Compiling strsim v0.11.1
   Compiling prodash v31.0.0
   Compiling tokio v1.53.1
   Compiling http v1.5.0
   Compiling http v0.2.12
   Compiling bytes-utils v0.1.4
   Compiling arrow-buffer v55.2.0
   Compiling pkcs8 v0.10.2
   Compiling flate2 v1.1.10
   Compiling group v0.13.0
   Compiling ahash v0.8.12
   Compiling sec1 v0.7.3
   Compiling gix-features v0.48.1
   Compiling sct v0.7.1
   Compiling rustls-webpki v0.101.7
   Compiling crypto-bigint v0.5.5
   Compiling memmap2 v0.9.11
   Compiling hashbrown v0.15.5
   Compiling glob v0.3.4
   Compiling matchit v0.8.4
   Compiling gix-hash v0.25.1
   Compiling http-body v1.1.0
   Compiling http-body-util v0.1.5
   Compiling http-body v0.4.6
   Compiling arrow-data v55.2.0
   Compiling gix-hashtable v0.15.2
   Compiling rustls v0.21.12
   Compiling hmac v0.12.1
   Compiling webpki-roots v1.0.9
   Compiling socket2 v0.5.10
   Compiling axum-core v0.5.6
   Compiling rfc6979 v0.4.0
   Compiling lexical-util v1.0.7
   Compiling darling_core v0.20.11
   Compiling gix-fs v0.21.2
   Compiling sha2 v0.10.9
   Compiling home v0.5.11
   Compiling thiserror v1.0.69
   Compiling crossbeam-epoch v0.9.21
   Compiling clang-sys v1.9.1
   Compiling tracing-serde v0.2.0
   Compiling serde_urlencoded v0.7.1
   Compiling hmac v0.13.0
   Compiling inout v0.1.4
   Compiling gix-chunk v0.7.3
   Compiling elliptic-curve v0.13.8
   Compiling nonempty v0.12.0
   Compiling rustix v1.1.4
   Compiling arrow-array v55.2.0
   Compiling pulldown-cmark v0.13.4
   Compiling tracing-subscriber v0.3.23
   Compiling prost v0.14.4
   Compiling ecdsa v0.16.9
   Compiling primeorder v0.13.6
   Compiling cipher v0.4.4
   Compiling crossbeam-deque v0.8.8
   Compiling lexical-parse-integer v1.0.6
   Compiling p256 v0.13.2
   Compiling gix-date v0.15.6
   Compiling lexical-write-integer v1.0.6
   Compiling gix-tempfile v23.0.2
   Compiling getrandom v0.4.3
   Compiling futures-executor v0.3.34
   Compiling twox-hash v2.1.4
   Compiling universal-hash v0.5.1
   Compiling gix-actor v0.41.2
   Compiling nom v7.1.3
   Compiling petgraph v0.8.3
   Compiling polyval v0.6.2
   Compiling gix-object v0.62.0
   Compiling ciborium-ll v0.2.2
   Compiling pulldown-cmark-to-cmark v22.0.1
   Compiling lexical-write-float v1.0.6
   Compiling gix-lock v23.0.1
   Compiling lexical-parse-float v1.0.6
   Compiling rayon-core v1.13.0
   Compiling bigdecimal v0.4.10
   Compiling tempfile v3.27.0
   Compiling prost-types v0.14.4
   Compiling clap_builder v4.6.6
   Compiling darling_macro v0.20.11
   Compiling itertools v0.13.0
   Compiling regex-lite v0.1.9
   Compiling arrow-select v55.2.0
   Compiling yansi v1.0.1
   Compiling urlencoding v2.1.3
   Compiling xmlparser v0.13.6
   Compiling crc-catalog v2.5.0
   Compiling prost-build v0.14.4
   Compiling crc v3.3.0
   Compiling bindgen v0.69.5
   Compiling tinytemplate v1.2.1
   Compiling proc-macro2-diagnostics v0.10.1
   Compiling cexpr v0.6.0
   Compiling rustls-platform-verifier v0.7.0
   Compiling tokio-util v0.7.19
   Compiling tokio-rustls v0.26.5
   Compiling aws-smithy-async v1.3.0
   Compiling tokio-rustls v0.24.1
   Compiling darling v0.20.11
   Compiling rayon v1.12.0
   Compiling validator_derive v0.20.0
   Compiling lexical-core v1.0.6
   Compiling ciborium v0.2.2
   Compiling ghash v0.5.1
   Compiling which v4.4.2
   Compiling ctr v0.9.2
   Compiling aes v0.8.4
   Compiling criterion-plot v0.6.0
   Compiling gix-commitgraph v0.37.1
   Compiling h2 v0.4.19
   Compiling tower v0.5.3
   Compiling aws-smithy-types v1.6.3
   Compiling tokio-stream v0.1.19
   Compiling h2 v0.3.27
   Compiling clap v4.6.6
   Compiling aead v0.5.2
   Compiling atoi v2.0.0
   Compiling encoding_rs v0.8.35
   Compiling spin v0.10.1
   Compiling rawpointer v0.2.1
   Compiling base64 v0.23.1
   Compiling crc-fast v1.9.0
   Compiling matrixmultiply v0.3.11
   Compiling aws-smithy-runtime-api v1.16.0
   Compiling axum v0.8.9
   Compiling aws-smithy-eventstream v0.61.2
   Compiling tower-http v0.6.11
   Compiling arrow-cast v55.2.0
   Compiling validator v0.20.0
   Compiling aes-gcm v0.10.3
   Compiling tonic-prost-build v0.14.5
   Compiling gix-revwalk v0.33.0
   Compiling criterion v0.7.0
   Compiling icu_collator v2.3.1
   Compiling pear_codegen v0.2.9
   Compiling num-complex v0.2.4
   Compiling aws-smithy-schema v0.2.0
   Compiling aws-smithy-http v0.64.0
   Compiling aws-credential-types v1.3.0
   Compiling aws-smithy-observability v0.3.0
   Compiling hyper v1.11.1
   Compiling hyper v0.14.32
   Compiling aws-sigv4 v1.5.1
   Compiling aws-types v1.6.0
   Compiling aws-smithy-json v0.63.0
   Compiling aws-smithy-xml v0.62.0
   Compiling turso_ext v0.8.0-pre.7 (https://github.com/cachix/turso.git?rev=dca55133caa690f90dcdd58d3c4329fb0703659c#dca55133)
   Compiling futures v0.3.34
   Compiling md-5 v0.11.0
   Compiling rand_chacha v0.3.1
   Compiling token-source v1.0.0
   Compiling gix-quote v0.7.2
   Compiling approx v0.3.2
   Compiling gix-sec v0.14.2
   Compiling inlinable_string v0.1.15
   Compiling unsafe-libyaml v0.2.11
   Compiling alloc-no-stdlib v2.0.4
   Compiling utf8parse v0.2.2
   Compiling turso_core v0.8.0-pre.7 (https://github.com/cachix/turso.git?rev=dca55133caa690f90dcdd58d3c4329fb0703659c#dca55133)
   Compiling anstyle-parse v1.0.0
   Compiling alloc-stdlib v0.2.4
   Compiling pear v0.2.9
   Compiling rand v0.8.8
   Compiling alga v0.9.3
   Compiling aws-smithy-query v0.62.0
   Compiling flatbuffers v25.12.19
   Compiling ndarray v0.17.2
   Compiling hyper-util v0.1.20
   Compiling crunchy v0.2.4
   Compiling tokio-retry2 v0.6.0
   Compiling gix-ref v0.65.0
   Compiling serde_yaml v0.9.34+deprecated
   Compiling opentelemetry v0.27.1
   Compiling simple_asn1 v0.6.4
   Compiling sha1 v0.11.0
   Compiling hashbrown v0.16.1
   Compiling pem v3.0.6
   Compiling num_cpus v1.17.0
   Compiling csv-core v0.1.13
   Compiling is_terminal_polyfill v1.70.2
   Compiling shell-words v1.1.1
   Compiling anstyle-query v1.1.5
   Compiling colorchoice v1.0.5
   Compiling tracing-appender v0.2.5
   Compiling anstream v1.0.0
   Compiling gix-command v0.9.2
   Compiling clru v0.6.3
   Compiling figment v0.10.19
   Compiling csv v1.4.0
   Compiling jsonwebtoken v10.3.0
   Compiling aws-smithy-checksums v0.65.0
   Compiling arrow-ipc v55.2.0
   Compiling hyper-rustls v0.27.9
   Compiling hyper-timeout v0.5.2
   Compiling hyper-rustls v0.24.2
   Compiling bitpacking v0.9.3
   Compiling brotli-decompressor v5.0.3
   Compiling aws-smithy-http v0.62.5
   Compiling tonic v0.14.5
   Compiling reqwest v0.13.5
   Compiling aws-smithy-http-client v1.4.0
   Compiling chroma-types v0.15.0 (https://github.com/domenkozar/chroma?rev=cf0c6959192248eee331c40fa1d13e9d8265c336#cf0c6959)
   Compiling reqwest v0.12.28
   Compiling aws-smithy-json v0.61.7
   Compiling roaring v0.10.12
   Compiling gix-glob v0.26.1
   Compiling turso_sdk_kit v0.8.0-pre.7 (https://github.com/cachix/turso.git?rev=dca55133caa690f90dcdd58d3c4329fb0703659c#dca55133)
   Compiling quick-xml v0.38.4
   Compiling gix-packetline v0.21.5
   Compiling gix-url v0.36.2
   Compiling lru v0.18.4
   Compiling ordered-float v2.10.1
   Compiling rustls-pemfile v2.2.0
   Compiling sprs v0.11.4
   Compiling murmur3 v0.5.2
   Compiling integer-encoding v3.0.4
   Compiling keccak v0.1.6
   Compiling gix-transport v0.57.2
   Compiling brotli v8.0.4
   Compiling arrow-csv v55.2.0
   Compiling gcloud-metadata v1.0.2 (https://github.com/yoshidan/google-cloud-rust?tag=v20260319#bd8ec958)
   Compiling sha3 v0.10.9
   Compiling thrift v0.17.0
   Compiling gix-pack v0.72.0
   Compiling gcloud-auth v1.3.0 (https://github.com/yoshidan/google-cloud-rust?tag=v20260319#bd8ec958)
   Compiling snap v1.1.2
   Compiling aws-smithy-runtime v1.14.0
   Compiling tonic-prost v0.14.5
   Compiling chroma-error v0.15.0 (https://github.com/domenkozar/chroma?rev=cf0c6959192248eee331c40fa1d13e9d8265c336#cf0c6959)
   Compiling gcloud-googleapis v1.3.0 (https://github.com/yoshidan/google-cloud-rust?tag=v20260319#bd8ec958)
   Compiling chroma-api-types v0.15.0 (https://github.com/domenkozar/chroma?rev=cf0c6959192248eee331c40fa1d13e9d8265c336#cf0c6959)
   Compiling gcloud-gax v1.4.0 (https://github.com/yoshidan/google-cloud-rust?tag=v20260319#bd8ec958)
   Compiling chroma-config v0.1.0 (https://github.com/domenkozar/chroma?rev=cf0c6959192248eee331c40fa1d13e9d8265c336#cf0c6959)
   Compiling object_store v0.12.5
   Compiling opentelemetry_sdk v0.27.1
   Compiling arrow-json v55.2.0
   Compiling gix-traverse v0.59.0
   Compiling gix-revision v0.47.0
   Compiling arrow-string v55.2.0
   Compiling arrow-ord v55.2.0
   Compiling backon v1.6.0
   Compiling arrow-arith v55.2.0
   Compiling arrow-row v55.2.0
   Compiling gix-shallow v0.12.1
   Compiling aws-runtime v1.9.2
   Compiling lz4_flex v0.11.6
   Compiling gix-bitmap v0.3.3
   Compiling gix-config-value v0.18.1
   Compiling inplace-vec-builder v0.1.1
   Compiling filetime v0.2.29
   Compiling winnow v1.0.4
   Compiling option-ext v0.2.0
   Compiling unicode-bom v2.0.3
   Compiling dirs-sys v0.5.0
   Compiling toml_parser v1.1.3+spec-1.1.0
   Compiling gix-config v0.58.0
   Compiling arrow v55.2.0
   Compiling gcloud-longrunning v1.4.0 (https://github.com/yoshidan/google-cloud-rust?tag=v20260319#bd8ec958)
   Compiling range-collections v0.4.6
   Compiling gix-index v0.53.0
   Compiling aws-sdk-sso v1.109.0
   Compiling aws-sdk-ssooidc v1.111.0
   Compiling aws-sdk-sts v1.114.0
   Compiling aws-sdk-s3 v1.144.0
   Compiling gcloud-spanner v1.8.0 (https://github.com/yoshidan/google-cloud-rust?tag=v20260319#bd8ec958)
   Compiling parquet v55.2.0
   Compiling gix-protocol v0.63.0
   Compiling tracing-opentelemetry v0.28.0
   Compiling gix-refspec v0.43.0
   Compiling gix-odb v0.82.0
   Compiling setsum v0.7.0
   Compiling iroh-io v0.6.2
   Compiling gix-discover v0.53.0
   Compiling gix-diff v0.65.0
   Compiling quick-xml v0.41.0
   Compiling toml_datetime v0.7.5+spec-1.1.0
   Compiling serde_spanned v1.1.1
   Compiling winnow v0.7.15
   Compiling aws-config v1.8.11
   Compiling proptest v1.11.0
   Compiling bao-tree v0.16.1
   Compiling criterion v0.5.1
   Compiling gix v0.85.0
   Compiling astral-tokio-tar v0.6.4
   Compiling object_store v0.14.1
   Compiling toml v0.9.12+spec-1.1.0
   Compiling fastcdc v5.0.0
   Compiling dirs v6.0.0
   Compiling jsonrpc-core v18.0.0
   Compiling turso_sync_engine v0.8.0-pre.7 (https://github.com/cachix/turso.git?rev=dca55133caa690f90dcdd58d3c4329fb0703659c#dca55133)
   Compiling chroma-storage v0.1.0 (https://github.com/domenkozar/chroma?rev=cf0c6959192248eee331c40fa1d13e9d8265c336#cf0c6959)
   Compiling wal3 v0.1.0 (https://github.com/domenkozar/chroma?rev=cf0c6959192248eee331c40fa1d13e9d8265c336#cf0c6959)
   Compiling turso_sync_sdk_kit v0.8.0-pre.7 (https://github.com/cachix/turso.git?rev=dca55133caa690f90dcdd58d3c4329fb0703659c#dca55133)
   Compiling turso v0.8.0-pre.7 (https://github.com/cachix/turso.git?rev=dca55133caa690f90dcdd58d3c4329fb0703659c#dca55133)
   Compiling casita v0.1.0 (/home/domen/dev/casita-wal-growth)
    Finished `test` profile [unoptimized + debuginfo] target(s) in 2m 44s
     Running unittests src/lib.rs (/tmp/casita-wal-growth-build/debug/deps/casita-fe0c9909daac64e7)

running 752 tests
test blob::chunked::manifest::tests::manifest_roundtrip_preserves_chunk_order_and_sizes ... ok
test blob::chunked::manifest::tests::manifest_rejects_chunk_above_the_allocation_limit ... ok
test blob::chunked::manifest::tests::decompression_cap_accepts_exact_size_and_rejects_larger_output ... ok
test blob::chunked::pages::tests::forged_descriptors_pages_and_bounds_are_rejected ... ok
test blob::chunked::tests::collector_pack_writes_do_not_extend_a_concurrent_staging_pin ... ok
test api::tests::conditional_root_rejects_a_present_directory_with_a_missing_child ... ok
test blob::chunked::tests::fsck_repair_chaos_outboard_publish_failure_is_retryable ... ok
test blob::chunked::pages::tests::byte_tree_boundaries_and_cross_leaf_reads ... ok
test blob::chunked::pages::tests::chunk_tree_boundaries_share_unchanged_pages_and_bound_the_cache ... ok
test blob::chunked::tests::build_outboard_rejects_substituted_manifest ... ok
test blob::chunked::tests::chunk_upload_concurrency_bounds_pending_backend_writes ... ok
test blob::chunked::tests::chunk_budget_smaller_than_the_upload_window_still_makes_progress ... ok
test blob::chunked::tests::fsck_uses_the_authoritative_manifest_catalog ... ok
test blob::chunked::tests::immutable_cache_control_on_content_objects ... ok
test blob::chunked::tests::fast_path_digest_matches_cdc_across_minimum_boundary ... ok
test blob::chunked::tests::inline_decode_uses_the_declared_size_as_its_work_cap ... ok
test blob::chunked::tests::fsck_repair_rebuilds_an_existing_corrupt_outboard ... ok
test blob::chunked::tests::corrupted_chunk_fails_read ... ok
test blob::chunked::tests::loose_gc_failed_delete_requires_exact_claim_recovery ... ok
test blob::chunked::tests::custom_chunk_sizes_match_fastcdc5_and_read_back ... ok
test blob::chunked::tests::fsck_repair_chaos_retains_its_objects_during_logical_collection ... ok
test blob::chunked::tests::missing_blob_is_none ... ok
test blob::chunked::tests::loose_gc_preserves_physical_pins_and_counts_only_admitted_deletions ... ok
test blob::chunked::tests::fsck_repair_chaos_manifest_publish_failure_stays_unreadable_then_retries ... ok
test blob::chunked::tests::large_blob_is_chunked ... ok
test blob::chunked::tests::fsck_repair_chaos_cancellation_before_manifest_publish_is_retryable ... ok
test blob::chunked::tests::packed_manifest_deletion_is_published_without_a_pack_rewrite ... ok
test blob::chunked::tests::paged_gc_cancellation_keeps_claim_until_io_settles ... ok
test blob::chunked::tests::paged_gc_recovers_an_orphan_descriptor_after_its_last_page_was_deleted ... ok
test blob::chunked::tests::loose_gc_cancellation_keeps_path_claim_until_delete_settles ... ok
test blob::chunked::tests::fsck_repair_chaos_refuses_an_unavailable_replica_then_retries ... ok
test blob::chunked::tests::online_dedup_waits_for_deletion_then_revalidates_the_cached_pack ... ok
test blob::chunked::tests::put_chunk_verifies_digest_and_size ... ok
test blob::chunked::tests::paged_edit_preserves_contents_of_legacy_maps_with_empty_entries ... ok
test blob::chunked::tests::put_manifest_elides_single_self_chunk ... ok
test blob::chunked::tests::fsck_repair_chaos_refuses_a_missing_or_corrupt_replica ... ok
test blob::chunked::tests::blob_sync_chunk_roundtrip_and_negotiation ... ok
test blob::chunked::tests::repair_on_read_pins_its_uploaded_representation ... ok
test blob::chunked::tests::repairing_tier_cancellation_releases_the_flight_for_retry ... ok
test blob::chunked::tests::repairing_repository_collects_unrelated_payloads_with_a_live_reader ... ok
test blob::chunked::tests::fsck_repair_repairs_a_corrupt_chunk_from_a_verified_replica ... ok
test blob::chunked::tests::repairing_tier_is_single_flight_and_excludes_gc ... ok
test blob::chunked::tests::read_after_reopen_with_smaller_avg ... ok
test blob::chunked::tests::paged_overwrite_failed_publication_leaves_old_version_and_reclaims_orphans ... ok
test blob::chunked::tests::put_manifest_verifies_binding_and_ceiling ... ok
test blob::chunked::tests::seek_from_end_and_beyond ... ok
test blob::chunked::tests::repairing_tier_does_not_mistake_backend_io_for_corruption ... ok
test blob::chunked::tests::sequential_stream_reports_large_chunk_corruption_at_eof ... ok
test blob::chunked::tests::roundtrip_various_sizes ... ok
test blob::chunked::tests::seek_reads_correct_bytes ... ok
test blob::chunked::tests::repairing_tier_rejects_an_unverified_source_with_both_diagnostics ... ok
test blob::chunked::tests::repairing_tier_rebuilds_bao_state_from_verified_local_bytes ... ok
test blob::chunked::tests::state_catalog_keeps_retired_manifests_until_catalog_publication ... ok
test blob::chunked::tests::shared_content_deduplicates ... ok
test blob::chunked::tests::single_chunk_blob_elides_its_manifest ... ok
test blob::chunked::tests::stale_negative_catalog_refreshes_to_a_new_manifest ... ok
test blob::chunked::tests::the_chunker_minimum_boundary_stores_identical_content ... ok
test blob::chunked::tests::verified_read_roundtrip ... ok
test blob::chunked::tests::substituted_manifest_is_rejected ... ok
test blob::chunked::tests::write_after_close_errors ... ok
test blob::chunked::tests::verified_read_range_edges ... ok
test blob::chunked::tests::zero_length_read_is_not_eof ... ok
test blob::combined::tests::missing_everywhere_is_none ... ok
test blob::combined::tests::near_shadows_far ... ok
test blob::combined::tests::reads_fall_through_to_far ... ok
test blob::combined::tests::writes_go_to_near ... ok
test blob::combined::tests::chunks_fall_through_to_far ... ok
test blob::chunked::tests::repairing_tier_recovers_manifests_chunks_and_elided_blobs ... ok
test blob::chunked::tests::verified_reads_reject_substitution_and_prepare_legacy_outboards ... ok
test blob::crash_tests::publication_crash_worker ... ok
test blob::chunked::tests::paged_versions_share_metadata_across_reopen_and_reader_retention ... ok
test blob::chunked::tests::verified_stream_roundtrip ... ok
test blob::chunked::tests::fsck_repair_chaos_recovers_target_representation_failures ... ok
test blob::chunked::tests::first_verified_byte_and_overwrite_read_bounded_payload_ranges ... ok
test blob::hashing_reader::tests::chunker_reuses_only_a_complete_first_chunk ... ok
test blob::hashing_reader::tests::only_eof_proves_a_whole_chunk ... ok
test blob::hashing_reader::tests::pending_and_full_read_buffers_do_not_publish_completion ... ok
test blob::hashing_reader::tests::read_failure_does_not_certify_a_partial_payload ... ok
test blob::local_durability::tests::catalog_lock_stays_held_until_the_last_writer_clone_finishes ... ok
test blob::chunked::tests::spilled_outboard_upload_uses_bounded_shared_pages ... ok
test blob::hashing_reader::tests::eof_hash_reuse_retains_the_reference_outboard ... ok
test blob::chunked::tests::paged_preparation_migrates_flat_metadata_without_changing_identity ... ok
test blob::chunked::tests::paged_corruption_never_releases_unauthenticated_data_or_publishes_an_edit ... ok
test blob::chunked::tests::ingested_proofs_and_partial_overwrites_roundtrip ... ok
test blob::local_durability::tests::rejects_a_durability_root_from_another_store ... ok
test blob::memory::tests::close_is_idempotent ... ok
test blob::memory::tests::has_batch_reports_presence_in_input_order ... ok
test blob::memory::tests::missing_blob_reads_none ... ok
test blob::memory::tests::online_batch_protects_bytes_until_the_last_writer_ends ... ok
test blob::memory::tests::present_blob_has_empty_chunk_list ... ok
test blob::memory::tests::reader_can_seek ... ok
test blob::memory::tests::write_after_close_errors ... ok
test blob::memory::tests::write_then_read_roundtrip ... ok
test blob::pack::benchmarks::benchmark_catalog_reclaim_marker_probe ... ignored, release-mode local catalog reclamation marker probe
test blob::pack::benchmarks::benchmark_catalog_run_routing_scale ... ignored, release-mode 500 TB run-routing map probe
test blob::pack::benchmarks::benchmark_index_catalog_decode_only ... ignored, release-mode catalog decode RSS probe
test blob::pack::benchmarks::benchmark_index_catalog_publication_scale ... ignored, release-mode catalog publication scaling probe
test blob::pack::benchmarks::benchmark_index_catalog_scale ... ignored, release-mode catalog scaling probe
test blob::pack::benchmarks::benchmark_index_operations_scale ... ignored, release-mode catalog lookup and GC scaling probe
test blob::pack::benchmarks::benchmark_lazy_sharded_catalog_generate ... ignored, release-mode lazy sharded catalog generation probe
test blob::pack::benchmarks::benchmark_lazy_sharded_catalog_operations ... ignored, release-mode lazy sharded catalog operation probe
test blob::pack::benchmarks::benchmark_lazy_sharded_catalog_rebase ... ignored, release-mode streaming sharded catalog rebase probe
test blob::pack::benchmarks::benchmark_lazy_sharded_catalog_run ... ignored, release-mode deferred immutable catalog run probe
test blob::pack::benchmarks::benchmark_local_catalog_durable_publication ... ignored, release-mode local durable catalog publication probe
test blob::pack::delta::tests::bulk_delta_removal_preserves_duplicates_and_reactivates_exact_packs ... ok
test blob::pack::delta::tests::delta_catalog_rejects_a_gap_between_runs ... ok
test blob::pack::delta::tests::delta_catalog_rejects_corruption_and_the_wrong_base ... ok
test blob::pack::delta::tests::delta_catalog_reopens_and_compacts_to_an_exact_new_base ... ok
test blob::pack::delta::tests::delta_catalog_round_trips_authenticated_run_query_references ... ok
test blob::pack::delta::tests::exact_delta_round_trips_pack_and_manifest_changes ... ok
test blob::pack::delta::tests::exact_mutations_cancel_opposites_and_touch_only_recorded_packs ... ok
test blob::pack::delta::tests::v1_root_round_trips_inline_checkpoint_and_shard_map ... ok
test blob::local_durability::tests::competing_catalog_updates_have_one_winner ... ok
test blob::local_durability::tests::prepared_publication_owns_its_pin_until_commit_finishes ... ok
test blob::pack::run::tests::catalog_run_query_keeps_duplicate_live_locations_together ... ok
test blob::pack::run::tests::catalog_run_query_tail_finds_one_authenticated_chunk_block ... ok
test blob::pack::run::tests::catalog_run_round_trips_and_rejects_corruption ... ok
test blob::pack::run::tests::merged_runs_preserve_exact_last_writer_wins_state ... ok
test blob::local_durability::tests::durable_publication_overwrites_atomically_and_deletes_cleanly ... ok
test blob::pack::run_stream::tests::staging_rejects_delta_and_query_corruption_independently ... ok
test blob::local_durability::tests::durable_publication_flushes_new_directory_chains ... ok
test blob::pack::shard::tests::exact_delta_overlay_hides_unloaded_base_records_and_newer_operations_win ... ok
test blob::pack::shard::tests::legacy_v2_shard_maps_remain_readable ... ok
test blob::pack::run_stream::tests::streamed_merge_preserves_exact_last_writer_wins_state ... ok
test blob::pack::shard::tests::routed_chunk_blocks_preserve_duplicates_and_legacy_shards ... ok
test blob::pack::shard::tests::shard_codecs_reject_corruption_wrong_prefixes_and_unsorted_maps ... ok
test blob::pack::shard::tests::shard_map_and_all_three_tables_are_exact_and_content_addressed ... ok
test blob::pack::shard::tests::shard_width_tracks_the_encoded_byte_target_including_500_tb ... ok
test blob::pack::tests::a_corrupt_packed_chunk_is_reported_as_integrity_failure ... ok
test blob::pack::tests::aborted_rebase_commit_leaves_old_root_readable_and_retryable ... ok
test blob::pack::tests::aborted_state_catalog_commit_restores_delta_and_preserves_later_mutations ... ok
test blob::pack::tests::an_open_reader_discovers_another_writers_new_pack ... ok
test blob::pack::run_stream::tests::streamed_merge_rejects_generation_gaps ... ok
test blob::pack::run_stream::tests::streamed_merge_retains_duplicate_live_chunk_locations ... ok
test blob::pack::tests::catalog_deletion_rejects_a_pin_registered_after_its_mark ... ok
test blob::pack::tests::catalog_reclamation_refuses_a_prepared_state_commit ... ok
test blob::pack::tests::catalog_range_reads_reject_corrupt_routing_and_chunk_blocks ... ok
test blob::pack::tests::chunked_store_batches_small_blobs_and_reopens_from_pack_footers ... ok
test blob::pack::tests::compaction_survives_reopen_without_resurrecting_deleted_chunks ... ok
test blob::pack::tests::concurrent_catalog_publishers_merge_without_losing_packs ... ok
test blob::pack::tests::concurrent_duplicate_puts_create_one_index_entry ... ok
test blob::pack::tests::configurable_promotion_threshold_delays_the_whole_pack_get ... ok
test blob::pack::tests::concurrent_writes_exceed_the_target_by_at_most_one_chunk ... ok
test blob::pack::tests::coordinated_gc_defers_catalog_publication_to_state_commit ... ok
test blob::pack::tests::decoded_chunk_routing_shares_the_catalog_cache_byte_budget ... ok
test blob::pack::tests::corrupt_inline_catalog_falls_back_and_repairs_itself ... ok
test blob::pack::tests::deferred_pack_cleanup_preserves_historical_catalogs_and_reclaims_unrelated_uploads ... ok
test blob::pack::tests::duplicate_chunk_locations_survive_base_and_overlay_pack_removal ... ok
test blob::pack::tests::failed_catalog_deletion_requires_owned_claims_for_recovery ... ok
test blob::pack::tests::failed_owned_maintenance_discards_candidate_before_reclamation ... ok
test blob::pack::tests::failed_rebase_shard_put_keeps_old_root_and_retries ... ok
test blob::pack::run::tests::binary_levels_bound_root_refs_and_request_amplification ... ok
test blob::pack::tests::forced_gc_rewrites_a_lazy_sharded_pack_without_hydrating_the_catalog ... ok
test blob::pack::tests::forced_gc_streams_preexisting_tombstones_from_pack_shards ... ok
test blob::pack::tests::index_checkpoint_rejects_entries_outside_the_pack_body ... ok
test blob::pack::tests::interrupted_catalog_sweep_keeps_marker_and_retries_from_published_root ... ok
test blob::pack::tests::interrupted_rebase_upload_reopens_old_root_and_collects_partial_shards ... ok
test blob::pack::tests::direct_put_manifest_flushes_packed_chunks_and_membership ... ok
test blob::pack::tests::later_tombstones_compact_using_cumulative_dead_density ... ok
test blob::pack::tests::fanout_tracks_bulk_and_pack_removals ... ok
test blob::pack::tests::malformed_footer_and_replacement_are_rejected ... ok
test blob::pack::tests::manifest_catalog_preserves_manifest_precedence_and_elided_fast_path ... ok
test blob::local_durability::tests::prepared_group_is_invisible_until_commit_and_cleans_abandoned_temps ... ok
test blob::pack::tests::catalog_reclamation_preserves_pinned_roots_then_removes_them ... ok
test blob::pack::tests::matching_inline_index_catalog_elides_inventory_and_footer_reads ... ok
test blob::pack::tests::missing_authoritative_checkpoint_falls_back_to_inventory ... ok
test blob::pack::tests::missing_catalog_pack_forces_inventory_recovery ... ok
test blob::pack::tests::opening_rejects_a_truncated_pack ... ok
test blob::pack::tests::payload_cleanup_cancellation_keeps_inflight_deletion_tracked ... ok
test blob::pack::tests::manifest_index_keeps_a_sorted_base_and_exact_write_overlay ... ok
test blob::pack::tests::payload_cleanup_defers_late_pins_and_finishes_without_losing_protection ... ok
test blob::pack::tests::payload_cleanup_keeps_failed_deletion_claims_and_rejects_lost_ownership ... ok
test blob::pack::tests::refresh_preserves_locally_sealed_unpublished_packs ... ok
test blob::pack::tests::repeated_pack_reads_promote_once_and_then_hit_the_bounded_cache ... ok
test blob::pack::tests::run_bytes_trigger_a_bounded_base_rebase ... ok
test blob::pack::tests::scattered_ranges_share_the_pack_budget_and_sequential_reads_promote ... ok
test blob::pack::tests::seal_rebuild_and_range_read_roundtrip ... ok
test blob::pack::tests::local_emergency_deletion_does_not_deduplicate_against_missing_bytes ... ok
test blob::pack::tests::sharded_base_open_is_lazy_and_chunk_reads_are_cached ... ok
test blob::pack::tests::sharded_run_publication_moves_routing_into_the_open_map ... ok
test blob::pack::tests::sparse_deletions_persist_as_tombstones_and_vacuum_later_reclaims ... ok
test blob::pack::tests::sparse_packs_share_one_delta_and_shared_record_survives_partial_vacuum ... ok
test blob::pack::tests::standalone_rebase_marks_reclamation_due_until_the_sweep_finishes ... ok
test blob::pack::tests::large_prepared_catalog_run_uses_bounded_multipart_upload ... ok
test blob::pack::tests::state_catalog_seeded_open_skips_pointer_and_inventory ... ok
test blob::pack::tests::state_catalog_vacuum_recovers_retired_packs_without_deleting_reintroduced_content ... ok
test blob::pack::tests::state_committed_catalog_avoids_pointer_put_and_synchronizes_reader ... ok
test blob::pack::tests::state_rebase_roots_are_atomic_and_post_prepare_writes_survive ... ok
test blob::pack::tests::streaming_rebase_folds_lazy_overlays_into_a_new_sharded_base ... ok
test blob::pack::tests::tombstone_bitmap_round_trips_footer_ordinals ... ok
test blob::pack::tests::unchanged_catalog_refresh_keeps_overlay_and_observes_external_changes ... ok
test blob::pack::tests::v1_records_exact_manifest_delta_with_one_catalog_put_and_one_get_open ... ok
test blob::pack::tests::state_catalog_gc_preserves_old_packs_until_catalog_publication ... ok
test blob::pack::tests::wholly_dead_pack_is_deleted_without_reading_or_rewriting_it ... ok
test blob::pinned_store::tests::multipart_upload_retains_its_pin_through_completion ... ok
test blob::tests::put_slice_read_to_vec_roundtrip ... ok
test byte_budget::tests::an_oversized_reservation_uses_the_whole_budget_without_deadlock ... ok
test casitar::export::tests::cancelled_filesystem_export_removes_its_temporary_file ... ok
test blob::chunked::tests::paged_fsck_repairs_a_corrupt_chunk_map_from_a_replica ... ok
test casitar::export::tests::exports_canonical_union_once_from_one_snapshot ... ok
test casitar::export::tests::filesystem_export_create_new_never_clobbers ... ok
test casitar::export::tests::filesystem_export_publishes_only_a_complete_archive ... ok
test casitar::export::tests::preflight_failures_do_not_touch_stream_output ... ok
test casitar::import::tests::ambient_destination_objects_cannot_conceal_an_omitted_record ... ok
test casitar::import::tests::import_admits_collection_before_final_root_publication ... ok
test blob::pack::tests::published_retirements_progress_during_newer_publication_and_abort ... ok
test casitar::import::tests::root_conflicts_are_preflighted_and_replacement_is_conditional ... ok
test casitar::import::tests::unreachable_records_and_payloads_publish_no_root ... ok
test casitar::stream::tests::cancelled_partial_io_poisons_reader_and_writer ... ok
test casitar::stream::tests::every_truncated_archive_prefix_fails ... ok
test casitar::stream::tests::only_the_canonical_frame_permutation_is_accepted ... ok
test casitar::stream::tests::operation_limits_apply_before_large_bodies_or_catalog_growth ... ok
test casitar::stream::tests::reader_rejects_duplicate_records_and_payload_identity_mismatch ... ok
test casitar::stream::tests::reader_rejects_noncanonical_frame_order ... ok
test casitar::stream::tests::reader_rejects_trailing_bytes_and_duplicate_payloads ... ok
test casitar::stream::tests::record_requires_a_preceding_payload_with_the_same_size ... ok
test casitar::stream::tests::writer_and_fragmented_reader_roundtrip_with_exact_stats ... ok
test casitar::stream::tests::writer_rejects_duplicate_order_and_source_length_errors ... ok
test casitar::stream::tests::writer_rejects_noncanonical_frame_order ... ok
test casitar::tests::every_truncated_header_prefix_is_rejected ... ok
test casitar::tests::frame_headers_reject_truncation_unknown_tags_and_oversized_records ... ok
test casitar::tests::frame_headers_roundtrip_and_leave_payload_bytes_unconsumed ... ok
test casitar::tests::header_construction_is_a_canonical_set ... ok
test casitar::tests::header_rejects_empty_noncanonical_and_trailing_bodies ... ok
test collection::tests::below_threshold_does_not_collect ... ok
test collection::tests::filesystem_probe_accepts_a_missing_descendant ... ok
test collection::tests::pressured_repository_collects_with_an_online_mutation ... ok
test collection::tests::probe_errors_remain_typed_backend_failures ... ok
test collection::tests::rooted_data_survives_a_zero_free_pressure_pass ... ok
test collection::tests::threshold_comparison_is_inclusive_and_overflow_safe ... ok
test collection::tests::zero_free_bytes_triggers_collection ... ok
test compression::tests::bounded_decoding_covers_sized_unsized_and_concatenated_frames ... ok
test compression::tests::changing_compression_levels_preserves_independent_frames ... ok
test conformance::tests::all_blob_store_implementations_share_the_contract ... ok
test conformance::tests::chunked_store_shares_the_sync_contract ... ok
test conformance::tests::memory_state_store_shares_the_contract ... ok
test casitar::export::tests::export_bytes_are_stable_across_selection_order_and_spilling ... ok
test coordination::tests::blocking_collector_continues_after_owner_release ... ok
test coordination::tests::cancelled_waiter_does_not_leave_collector_ownership_behind ... ok
test coordination::tests::independent_collectors_exclude_each_other ... ok
test digest::tests::chunk_ids_preserve_bytes ... ok
test digest::tests::display_fromstr_roundtrip ... ok
test digest::tests::empty_blob_digest_is_stable ... ok
test digest::tests::from_hex_rejects_non_hex ... ok
test digest::tests::from_hex_valid_but_wrong_length_rejected ... ok
test digest::tests::fromstr_rejects_garbage_base64 ... ok
test digest::tests::fromstr_requires_prefix ... ok
test digest::tests::fromstr_valid_base64_wrong_length_rejected ... ok
test digest::tests::hash_matches_blake3 ... ok
test digest::tests::hex_roundtrip ... ok
test digest::tests::object_id_display_digest_and_conversions ... ok
test digest::tests::object_id_orders_blob_before_directory ... ok
test digest::tests::ordering_is_byte_lexicographic ... ok
test digest::tests::typed_ids_preserve_bytes_but_not_type ... ok
test digest::tests::wrong_length_rejected ... ok
test directory::tests::digest_changes_with_content ... ok
test directory::tests::digest_is_insertion_order_independent ... ok
test directory::tests::duplicate_name_rejected ... ok
test directory::tests::empty_directory_has_stable_digest ... ok
test directory::tests::get_accepts_any_byte_string ... ok
test directory::tests::size_counts_recursively ... ok
test directory::tests::size_overflow_rejected ... ok
test encode::tests::declared_count_never_drives_allocation ... ok
test encode::tests::decode_rejects_invalid_symlink_targets ... ok
test encode::tests::decode_rejects_non_boolean_executable_flag ... ok
test encode::tests::decode_rejects_non_canonical_order ... ok
test encode::tests::decode_rejects_trailing_bytes ... ok
test encode::tests::decode_rejects_traversal_entry_names ... ok
test encode::tests::decode_rejects_unknown_tag ... ok
test encode::tests::encode_decode_roundtrip ... ok
test encode::tests::truncated_input_errors ... ok
test error::tests::retry_guidance_is_typed ... ok
test error::tests::retry_guidance_survives_import_error_wrappers ... ok
test export::tests::existing_names_in_a_fresh_stage_are_typed_as_target_name_conflicts ... ok
test export::tests::failed_checkout_leaves_an_absent_target_absent_and_removes_staging ... ok
test export::tests::failed_checkout_leaves_an_existing_empty_target_empty ... ok
test filesystem::concurrency_tests::file_concurrency_bounds_active_ingests_and_preserves_order ... ok
test filesystem::scheduling_tests::benchmark_ingest_scheduling ... ignored, run through benchmark run ingest-scheduling
test blob::pack::tests::online_local_sweep_preserves_pinned_packs_and_reclaims_unrelated_data ... ok
test filesystem::scheduling_tests::failed_or_cancelled_page_drops_outstanding_ingests ... ok
test filesystem::scheduling_tests::slow_first_file_does_not_block_admission_but_blocks_page_publication ... ok
test format::tests::blob_verifier_binds_complete_payload ... ok
test format::tests::blob_verifier_uses_length_only_as_a_buffer_hint ... ok
test format::tests::bounded_metadata_reader_keeps_its_future_small ... ok
test format::tests::directory_verifier_extracts_sorted_unique_links ... ok
test format::tests::directory_verifier_rejects_noncanonical_bytes ... ok
test fs_names::tests::unix_passes_non_utf8_through ... ok
test fs_names::tests::utf8_names_round_trip ... ok
test fs_root::tests::a_file_root_is_refused ... ok
test fs_root::tests::a_linked_root_is_refused ... ok
test fs_root::tests::a_root_swapped_before_handle_acquisition_is_refused ... ok
test fs_root::tests::a_walk_can_exclude_one_control_path ... ok
test fs_root::tests::a_walk_is_post_order_and_bounded ... ok
test fs_root::tests::a_walk_reports_a_linked_directory_without_descending ... ok
test fs_root::tests::an_ancestor_replaced_after_creation_cannot_redirect_a_write ... ok
test fs_root::tests::an_ancestor_replaced_after_the_walk_cannot_redirect_a_read ... ok
test fs_root::tests::empty_reporting_and_file_modes_survive_the_handle ... ok
test fs_root::tests::escaping_paths_are_refused ... ok
test git::tests::known_sha1_collision_is_rejected_by_the_frozen_hasher ... ok
test git::tests::native_empty_blob_vectors_are_frozen ... ok
test git::tests::tree_commit_tag_links_and_gitlink_are_exact ... ok
test git::tests::view_roundtrip_symbolic_resolution_and_validation ... ok
test git_fetch::tests::advertisement_request_authorization_and_pack_are_exact ... ok
test git_fetch::tests::binding_caches_recent_nested_tree_links ... ok
test git_fetch::tests::encoded_tree_delta_is_a_valid_ref_delta_entry ... ok
test git_fetch::tests::owned_binding_keeps_the_exact_view_alive_across_root_replacement ... ok
test git_fetch::tests::packet_parser_rejects_v2_boundaries_and_empty_data_lines ... ok
test git_fetch::tests::same_offset_delta_roundtrips_large_copies_and_inserts ... ok
test git_fetch::tests::stateless_negotiation_acknowledges_a_common_have_without_sending_a_pack ... ok
test git_http::tests::cold_fetches_nixpkgs_then_one_commit ... ignored, requires a complete local nixpkgs clone and substantial disk, memory, and time
test blob::pack::tests::sharded_base_defers_immutable_runs_until_first_membership_read ... ok
test conformance::tests::sqlite_state_store_shares_the_contract ... ok
test git_repository::import_profile::benchmark_git_import_profile ... ignored, run through benchmark run git-import-profile
test git_repository::ingest_tests::benchmark_git_ingest_scheduling ... ignored, run through benchmark run git-ingest-scheduling
test filesystem::scheduling_tests::cached_files_directories_and_exclusions_keep_post_order_across_pages ... ok
test git_repository::ingest_tests::failed_and_cancelled_imports_drop_work_and_preserve_the_previous_root ... ok
test git_repository::tests::direct_and_indexed_oid_lookup_preserve_missing_and_ambiguity ... ok
test git_http::tests::unmodified_git_client_clones_a_sha256_view ... ok
test blob::pack::tests::v1_seals_byte_bounded_inline_deltas_into_one_immutable_run ... ok
test git_repository::tests::view_replacement_is_atomic_and_old_view_collects ... ok
test gix_odb::tests::every_kind_round_trips_before_flush_and_after_reopen_for_both_hashes ... ok
test gix_odb::tests::failed_view_compare_and_swap_discards_overlay_headers ... ok
test gix_odb::tests::gix_decodes_commit_traversal_from_casita_only ... ok
test gix_odb::tests::interrupted_batch_keeps_published_progress_but_not_its_unflushed_tail ... ok
test git_repository::tests::fast_forward_import_reuses_the_previous_exact_inventory ... ok
test git_repository::tests::native_import_and_generic_transfer_preserve_complete_view ... ok
test api::tests::verified_read_and_overwrite_survive_collection_and_reopen ... ok
test gix_odb::tests::production_defaults_bound_the_standard_oid_working_set ... ok
test gix_odb::tests::rejects_a_wrong_known_oid ... ok
test gix_odb::tests::stale_concurrent_view_compare_and_swap_loses_without_publishing ... ok
test ipc::tests::archive_wire_imports_enforce_limits_and_conflicts ... ok
test ipc::tests::filesystem_wire_options_legacy_requests_and_validation ... ok
test ipc::tests::git_wire_import_selects_refs ... ok
test ipld::tests::linked_payload_rejects_duplicate_or_unsorted_links ... ok
test ipld::tests::linked_payload_roundtrip_and_verification ... ok
test ipld::tests::raw_empty_cid_is_frozen ... ok
test linked::tests::application_namespace_owns_the_framed_object_identity ... ok
test linked::tests::recursive_transfer_copies_and_names_a_mixed_format_closure ... ok
test linked::tests::registry_verifies_the_declared_forward_closure ... ok
test linked::tests::rejects_noncanonical_links_and_trailing_bytes ... ok
test linked::tests::round_trip_preserves_cross_namespace_links_and_body ... ok
test metadata::benchmarks::benchmark_metadata_collection ... ignored, performance probe; run through benchmark run metadata-collection
test metadata::benchmarks::benchmark_state_publication ... ignored, performance probe; run through benchmark run state-publication
test metadata::kv_benchmarks::benchmark_metadata_kv ... ignored, performance probe; run through benchmark run metadata-kv
test metadata::lease::tests::cancelled_flush_keeps_tracking_release_and_reports_failure ... ok
test metadata::lease::tests::cancelled_reply_drops_returned_ownership_and_drains_its_release ... ok
test metadata::lease::tests::foreground_reply_does_not_hide_later_cleanup_failure ... ok
test metadata::lease::tests::task_panic_reaches_both_reply_and_shutdown ... ok
test metadata::pins::persistent::benchmarks::benchmark_durable_ledger ... ignored, permanent durable ledger benchmark; run benchmark durable-ledger
test metadata::pins::persistent::benchmarks::benchmark_pin_growth ... ignored, permanent growing staging pin benchmark; run benchmark pin-growth
test gix_odb::tests::large_stream_uses_the_configured_bounded_chunks ... ok
test metadata::pins::persistent::journal::incremental::tests::extensions_preserve_shared_counts_and_duplicate_protection ... ok
test metadata::pins::persistent::journal::incremental::tests::grouped_net_changes_and_shared_resources_keep_exact_counts ... ok
test gix_odb::tests::local_profile_retains_just_sealed_bytes_in_the_bounded_pack_cache ... ok
test metadata::pins::persistent::journal::tests::benchmark_journal_boundaries ... ignored, permanent journal checkpoint, batch, and space boundaries; run benchmark ledger-boundaries
test metadata::pins::persistent::journal::incremental::tests::indexed_edits_match_memory_arbitration_and_exact_replay ... ok
test metadata::pins::persistent::journal::tests::appends_replay_exactly_and_reject_complete_corruption ... ok
test casitar::import::tests::imports_exact_multi_root_closure_atomically_and_reuses_on_retry ... ok
test gix_odb::tests::local_repository_closes_reopens_and_resolves_by_oid ... ok
test blob::chunked::tests::paged_fsck_repairs_corrupt_and_missing_outboard_pages ... ok
test metadata::pins::persistent::journal::tests::encoded_size_matches_the_wire_codec ... ok
test metadata::pins::persistent::journal::tests::extensions::extension_frames_reject_truncation_invalid_targets_and_replacement_fields ... ok
test blob::pack::tests::cancelled_publication_restores_mutations_and_retirements ... ok
test metadata::pins::persistent::journal::tests::extensions::grouped_full_records_subsume_earlier_and_later_additions ... ok
test blob::chunked::tests::fsck_repair_chaos_process_abort_before_manifest_publish_is_retryable ... ok
test metadata::pins::persistent::journal::tests::corrupt_frame_epoch_does_not_silently_discard_acknowledged_protection ... ok
test metadata::pins::persistent::journal::tests::extensions::mixed_legacy_and_extension_frames_replay_and_append_across_handles ... ok
test metadata::pins::persistent::journal::tests::extensions::grouped_additions_replacements_and_retirement_preserve_exact_state ... ok
test git_http::tests::unmodified_git_client_clones_and_checks_out_a_shallow_view ... ok
test metadata::pins::persistent::journal::tests::full_inventory_gc_transitions_share_the_journal_and_replay ... ok
test metadata::pins::persistent::journal::tests::ledger_process_worker ... ignored, subprocess worker for killed ledger publishers
test metadata::pins::persistent::journal::tests::cached_checkpoint_preserves_shared_protection_and_deletion_claims ... ok
test metadata::pins::persistent::journal::tests::physically_full_volume_preserves_acknowledged_state_and_recovers ... ignored, requires CASITA_LEDGER_FULL_DIR on a disposable filesystem smaller than 512 MiB
test metadata::pins::persistent::journal::tests::ordered_group_has_one_barrier_and_checked_operations_keep_one_winner ... ok
test metadata::pins::persistent::readers::tests::benchmark_reader_coordination ... ignored, permanent reader coordination benchmark; run benchmark reader-coordination
test metadata::pins::persistent::journal::tests::cancelled_acquisition_waits_for_journal_sync_before_releasing_its_token ... ok
test metadata::pins::persistent::journal::tests::full_legacy_ledger_can_collect_before_journal_upgrade ... ok
test metadata::pins::persistent::readers::tests::cached_reader_inventory_fails_closed_on_in_place_corruption_and_removal ... ok
test metadata::pins::persistent::journal::tests::failed_append_invalidates_tentative_cache_and_retains_all_acknowledged_pins ... ok
test metadata::pins::persistent::journal::tests::unsupported_exchange_preserves_legacy_and_active_journal ... ok
test metadata::pins::persistent::readers::tests::cached_reader_inventory_observes_foreign_atomic_publication ... ok
test git_repository::ingest_tests::object_and_byte_limits_preserve_initial_incremental_and_unchanged_views ... ok
test metadata::pins::persistent::readers::tests::fork_inherited_store_cannot_release_parent_protection ... ok
test metadata::pins::persistent::readers::tests::cached_reader_inventory_observes_independent_replacements_and_releases ... ok
test metadata::pins::persistent::readers::tests::reader_format_fences_legacy_collectors_and_survives_empty_owners ... ok
test metadata::pins::persistent::readers::tests::reader_inventory_encoding_is_bounded_and_rejects_durable_recovery_records ... ok
test metadata::pins::persistent::readers::tests::missing_reader_inventory_fails_closed_until_owner_stops_then_fences_old_revisions ... ok
test metadata::pins::persistent::readers::tests::last_owner_exit_fences_an_intact_but_stale_reader_clock ... ok
test metadata::pins::persistent::tests::cancelled_claim_keeps_protection_when_remote_commit_finishes_late ... ok
test metadata::pins::persistent::tests::cancelled_runtime_admission_releases_its_late_pin ... ok
test metadata::pins::persistent::tests::conditional_write_loser_reloads_and_preserves_the_winner ... ok
test metadata::pins::persistent::readers::tests::reader_and_durable_transitions_share_the_prune_and_delete_fences ... ok
test metadata::pins::persistent::tests::file_slots_migrate_the_existing_ledger_without_losing_pins ... ok
test metadata::pins::persistent::readers::tests::warm_reader_admission_protection_and_release_do_not_rewrite_durable_ledger ... ok
test metadata::pins::runtime::tests::a_cancelled_writer_keeps_its_pin_until_storage_settles ... ok
test metadata::pins::runtime::tests::last_owner_releases_only_its_pin ... ok
test metadata::pins::runtime::tests::nested_writer_scope_selects_its_owner_and_restores_the_parent ... ok
test metadata::pins::runtime::tests::storage_is_not_called_until_a_conflicting_deletion_settles ... ok
test metadata::pins::runtime::tests::write_scope_is_backend_specific_and_inherited_by_tracked_tasks ... ok
test metadata::pins::persistent::readers::tests::owners_share_across_handles_and_reader_drop_never_retires_a_broad_scope ... ok
test metadata::pins::tests::codec_roundtrip_and_all_truncations_fail_closed ... ok
test metadata::pins::persistent::readers::tests::reader_revision_reservation_boundary_preserves_protection ... ok
test metadata::pins::persistent::tests::file_slots_reuse_inodes_and_ignore_an_interrupted_spare_write ... ok
test metadata::pins::tests::covered_roots_do_not_authorize_new_snapshot_generations ... ok
test metadata::pins::tests::deletion_and_pin_registration_have_one_winner ... ok
test metadata::pins::tests::atomic_collector_takeover_keeps_history_and_requires_the_exact_previous_owner ... ok
test metadata::pins::persistent::tests::independent_file_handles_preserve_concurrent_pin_updates ... ok
test metadata::pins::persistent::readers::tests::cancelled_reader_publication_finishes_and_releases_its_late_token ... ok
test metadata::pins::tests::identical_path_cannot_be_recreated_until_deletion_has_settled ... ok
test metadata::pins::tests::identities_in_different_storage_namespaces_do_not_alias ... ok
test metadata::pins::tests::collector_admission_ignores_duplicate_pin_churn ... ok
test metadata::pins::tests::independent_object_store_clients_share_arbitration ... ok
test metadata::pins::persistent::journal::tests::independent_processes_replay_and_append_without_losing_updates ... ok
test metadata::pins::tests::collector_history_keeps_released_writes_live_until_the_pass_finishes ... ok
test metadata::pins::tests::emergency_deletion_requires_the_exact_collector_and_prune_fence ... ok
test metadata::pins::tests::new_pin_invalidates_mark_and_only_protects_its_own_data ... ok
test metadata::pins::tests::object_store_cas_loser_rechecks_the_winning_pin ... ok
test metadata::pins::tests::independent_file_clients_share_arbitration ... ok
test metadata::pins::tests::persisted_metadata_scope_cannot_hide_payload_resources ... ok
test metadata::pins::tests::post_prune_read_scopes_do_not_wait_for_unrelated_physical_deletion ... ok
test metadata::pins::tests::pruning_fences_new_scope_and_resources_but_existing_data_stays_usable ... ok
test metadata::pins::tests::logical_mark_ignores_physical_growth_but_tracks_generations_and_objects ... ok
test metadata::pins::tests::empty_writer_churn_does_not_hide_first_protection_or_catalogs ... ok
test metadata::pins::tests::released_pin_cannot_be_extended_or_release_another_pin ... ok
test metadata::pins::tests::revision_exhaustion_never_partially_changes_protection ... ok
test metadata::pins::tests::snapshot_generation_codec_round_trips_and_preserves_legacy_protection ... ok
test metadata::pins::tests::duplicate_pins_preserve_marks_but_new_protection_invalidates_them ... ok
test metadata::primitive_benchmarks::benchmark_metadata_primitives ... ignored, performance probe; run through benchmark run metadata-primitives
test metadata::pins::tests::metadata_handles_share_online_pins_without_logical_commits ... ok
test metadata::pins::tests::persisted_deletion_survives_owner_drop_and_requires_exact_token ... ok
test metadata::pins::tests::recovery_prune_requires_every_exact_claim_and_keeps_admission_closed ... ok
test metadata::pins::tests::metadata_pins_enter_prune_without_admitting_payloads_or_claimed_files ... ok
test metadata::pins::tests::validating_prune_captures_current_pins_with_exact_collector_and_claims ... ok
test metadata::record_tests::metadata_records_binary_prefix_bounds ... ok
test metadata::pins::tests::validated_claims_accept_churn_but_reject_unchecked_or_overlapping_protection ... ok
test metadata::record_tests::metadata_records_roundtrip_checks_and_stable_prefix_pages ... ok
test blob::crash_tests::streamed_catalog_publication_survives_every_process_crash_boundary ... ok
test metadata::record_tests::metadata_records_and_roots_are_atomic_but_gc_is_distinct ... ok
test metadata::sqlite::tests::benchmark_object_batch ... ignored, performance probe; run through benchmark run metadata-batch
test metadata::sqlite::tests::benchmark_ordered_scan ... ignored, performance probe; run through benchmark run metadata-scan
test metadata::record_tests::metadata_records_unvalidated_roots_use_full_graph_verification ... ok
test metadata::record_tests::metadata_records_concurrent_handles_conflict_only_on_checked_values ... ok
test metadata::sqlite::tests::a_witness_never_hides_a_missing_root_target ... ok
test metadata::record_tests::metadata_records_rootless_witness_cannot_bypass_emergency_fence ... ok
test metadata::sqlite::tests::cached_statements_do_not_publish_an_abandoned_commit ... ok
test metadata::sqlite::tests::commit_still_rejects_naming_an_incomplete_closure ... ok
test metadata::sqlite::tests::collection_forgets_ingested_files_whose_content_is_gone ... ok
test metadata::sqlite::tests::commit_reopen_and_snapshot_isolation ... ok
test metadata::sqlite::tests::collection_folds_the_write_ahead_log_back ... ok
test metadata::sqlite::tests::cached_statements_rebind_across_commits_and_collection ... ok
test metadata::sqlite::tests::object_batch_query_uses_composite_index ... ok
test metadata::sqlite::tests::commit_validates_only_the_closures_it_names ... ok
test metadata::sqlite::tests::object_batches_reject_invalid_and_mismatched_stored_records ... ok
test metadata::sqlite::tests::rooted_forward_closure_must_exist_in_the_same_commit ... ok
test metadata::record_tests::metadata_records_verified_root_fast_path_races_collection ... ok
test metadata::sqlite::tests::stale_commit_and_atomic_collection ... ok
test metadata::record_tests::metadata_records_result_budgets_preserve_pagination ... ok
test metadata::sqlite::tests::streamed_collection_preserves_roots_and_rejects_unknown_keys ... ok
test blob::crash_tests::catalog_batch_publication_survives_every_process_crash_boundary ... ok
test metadata::sqlite::tests::object_batches_preserve_order_duplicates_missing_keys_and_snapshots ... ok
test metadata::sqlite::tests::snapshot_inventory_streams_across_bounded_pages ... ok
test metadata::sqlite::tests::transient_state_compaction_folds_the_write_ahead_log_back ... ok
test metadata::tests::collection_installs_exact_closed_set ... ok
test metadata::tests::memory_exact_collection_recovery_preserves_live_pins ... ok
test metadata::tests::memory_online_snapshot_excludes_future_garbage ... ok
test metadata::tests::memory_snapshot_generations_preserve_exact_births ... ok
test metadata::tests::missing_root_target_aborts_without_revision_change ... ok
test metadata::tests::object_and_root_publish_atomically ... ok
test metadata::tests::stale_revision_cannot_overwrite_newer_state ... ok
test metadata::wal3::experiments::checkpoint_window_amplification ... ignored, release-mode checkpoint amplification experiment
test metadata::wal3::tests::cancelled_checkpoint_keeps_its_write_pin_until_publication_settles ... FAILED
test metadata::wal3::tests::cancelled_metadata_gc_keeps_its_claim_until_deletion_settles ... FAILED
test metadata::wal3::tests::changed_manifest_refreshes_the_cached_checkpoint ... FAILED
test metadata::wal3::tests::checkpoint_rewrites_only_the_object_shard_touched_by_an_insert ... ok
test metadata::wal3::tests::checkpoint_rewrites_only_the_root_shard_touched_by_a_change ... ok
test metadata::wal3::tests::cloned_handle_serializes_same_revision_commits ... ok
test metadata::wal3::tests::collect_wal_deletes_orphaned_shards_and_retains_live_state ... FAILED
test metadata::wal3::tests::collect_wal_honors_an_older_named_cursor ... FAILED
test metadata::wal3::tests::collect_wal_replaces_the_delta_tail_with_a_latest_fence ... FAILED
test metadata::sqlite::tests::validated_payload_projection_preserves_order_duplicates_and_snapshot ... ok
test metadata::wal3::tests::commit_conditions_on_the_manifest_that_supplied_its_state ... FAILED
test metadata::wal3::tests::coordination_metadata_deletion_recovery_uses_its_own_ledger ... FAILED
test metadata::sqlite::tests::turso_snapshot_generations_preserve_exact_births ... ok
test metadata::wal3::tests::delta_recovery_classifies_invalid_validation_as_corruption ... ok
test metadata::wal3::tests::dense_collection_puts_only_the_shard_containing_a_deletion ... ok
test metadata::wal3::tests::duplicate_idempotent_objects_produce_a_canonical_reopenable_delta ... ok
test metadata::wal3::tests::empty_state_encoding_round_trips ... ok
test metadata::wal3::tests::gc_fences_collection_shards_uploaded_before_publication ... FAILED
test metadata::wal3::tests::cumulative_delta_tail_is_bounded_and_independent_of_checkpoint_size ... ok
test metadata::wal3::tests::legacy_checkpoints_receive_generation_zero ... ok
test metadata::wal3::tests::high_fanout_cloned_commits_have_one_durable_winner ... ok
test metadata::wal3::tests::metadata_deletion_recovery_keeps_claims_through_cancelled_io ... FAILED
test metadata::wal3::tests::metadata_gc_retains_pinned_lazy_snapshot_shards_and_collects_unrelated_files ... FAILED
test metadata::wal3::tests::newer_gc_lease_fences_an_older_maintenance_runner ... FAILED
test metadata::wal3::tests::no_op_collection_validates_but_reuses_every_object_shard ... ok
test metadata::wal3::tests::racing_initializers_publish_exactly_one_initial_checkpoint ... FAILED
test metadata::wal3::tests::remote_abandoned_holds_survive_reopen_and_recovery_is_token_specific ... FAILED
test metadata::wal3::tests::remote_admission_serializes_collectors_but_allows_online_pins ... FAILED
test metadata::wal3::tests::remote_cancelled_admission_releases_only_after_its_cas_completes ... FAILED
test metadata::wal3::tests::remote_cancelled_commit_keeps_its_hold_until_publication_finishes ... FAILED
test metadata::wal3::tests::remote_cancelled_physical_collection_keeps_claims_until_io_settles ... FAILED
test metadata::wal3::tests::remote_catalog_maintenance_retains_admission_through_publish_or_discard ... FAILED
test metadata::wal3::tests::remote_coordination_gc_cancellation_releases_ownership_after_io ... FAILED
test metadata::wal3::tests::remote_coordination_gc_preserves_lazy_diagnostic_snapshot ... FAILED
test metadata::wal3::tests::remote_exact_collection_recovery_preserves_live_pins ... FAILED
test metadata::wal3::tests::remote_gc_preserves_an_old_retained_read_after_root_removal ... FAILED
test metadata::wal3::tests::remote_gc_preserves_online_staging_and_refreshes_its_catalog ... FAILED
test metadata::wal3::tests::remote_online_snapshot_excludes_future_garbage ... FAILED
test metadata::wal3::tests::remote_rejected_logical_prune_releases_collection_hold ... FAILED
test metadata::wal3::tests::remote_state_log_gc_runs_with_repository_readers ... FAILED
test metadata::wal3::tests::ninth_commit_shards_objects_and_reopen_loads_them_lazily ... ok
test metadata::wal3::tests::reopen_replays_at_most_eight_deltas_then_ninth_commit_checkpoints ... ok
test metadata::wal3::tests::rustfs_metadata_handles_share_online_pins_without_logical_commits ... FAILED
test metadata::wal3::tests::rustfs_racing_repositories_rebase_state_catalog_without_losing_packs ... FAILED
test metadata::wal3::tests::rustfs_serializes_racing_writers_with_the_wal_manifest ... FAILED
test metadata::wal3::tests::rustfs_transfers_payloads_and_publishes_the_root_between_s3_prefixes ... FAILED
test metadata::wal3::tests::separate_handles_recover_the_shared_state_and_detect_staleness ... ok
test metadata::wal3::tests::collection_pages_retained_state_without_materializing_a_global_set ... ok
test metadata::wal3::tests::snapshot_rejects_valid_fragment_with_the_wrong_setsum ... ok
test metadata::wal3::tests::state_encoding_rejects_truncation ... ok
test metadata::wal3::tests::state_encoding_rejects_unknown_format ... ok
test metadata::wal3::tests::state_encoding_round_trips_payload_catalog ... ok
test metadata::wal3::tests::steady_checkpoint_barrier_costs_one_get_and_two_puts ... FAILED
test metadata::wal3::tests::tail_checkpoint_is_selected_from_a_multi_record_fragment ... FAILED
test metadata::wal3::tests::unchanged_manifest_reuses_the_validated_checkpoint ... FAILED
test metadata::sqlite::tests::validated_witness_stops_root_validation_at_the_target ... ok
test metadata::wal3::tests::wal3_errors_preserve_retry_and_corruption_semantics ... ok
test metadata::wal3::tests::root_shard_tombstones_survive_checkpoint_and_reopen ... ok
test metadata::wal3::tests::wal_snapshot_replay_and_commit_read_shards_through_a_logical_prune_fence ... ok
test metadata::wal3_shard::tests::barrier_round_trips_and_rejects_corruption_and_invalid_state ... ok
test metadata::wal3_shard::tests::benchmark_logical_state_shards_scale ... ignored, release-mode WAL3 logical-state shard scale probe
test metadata::wal3_shard::tests::immutable_storage_uses_one_cold_get_then_the_bounded_cache ... ok
test metadata::wal3_shard::tests::legacy_object_blocks_receive_generation_zero ... ok
test metadata::wal3_shard::tests::metadata_recovery_rejects_referenced_foreign_and_payload_paths ... ok
test metadata::wal3::tests::validation_witnesses_cost_one_bit_per_object ... ok
test metadata::wal3_shard::tests::metadata_write_pins_refuse_claimed_paths_and_cover_the_whole_operation ... ok
test metadata::wal3_shard::tests::object_shard_routes_blocks_and_round_trips_in_key_order ... ok
test metadata::wal3_shard::tests::root_shard_and_routing_map_round_trip_in_name_order ... ok
test metadata::wal3_shard::tests::shard_and_map_corruption_are_rejected ... ok
test metadata::wal3_shard::tests::simulated_500_tb_worst_case_routing_map_stays_bounded ... ok
test node::tests::directory_node_points_at_a_directory ... ok
test node::tests::file_node_points_at_a_blob ... ok
test node::tests::symlink_node_references_no_stored_content ... ok
test object::tests::cloned_records_share_immutable_links ... ok
test object::tests::namespace_grammar_is_exact ... ok
test object::tests::object_key_decoder_rejects_limits_and_trailing_bytes ... ok
test object::tests::object_key_frozen_vector ... ok
test object::tests::records_require_canonical_links ... ok
test object::tests::revision_text_roundtrip ... ok
test object::tests::root_names_validate_and_preserve_utf8 ... ok
test object::tests::root_record_frozen_vector ... ok
test object_read_tests::benchmark_object_reads ... ignored, permanent local read/GC lifecycle benchmark; run benchmark object-reads
test metadata::wal3::tests::wal_snapshot_generations_survive_replay_and_checkpoint ... ok
test metadata::wal3::tests::simulated_500_tb_clean_checkpoint_performs_zero_shard_io ... ok
test metadata::sqlite::tests::turso_exact_collection_recovery_preserves_live_pins ... ok
test object_read_tests::object_reader_child ... ok
test blob::crash_tests::metadata_records_survive_process_crashes_atomically_with_roots ... ok
test object_read_tests::public_open_retains_only_selected_object_and_missing_open_releases_pins ... ok
test object_read_tests::reader_crash_worker ... ok
test metadata::sqlite::tests::turso_online_snapshot_excludes_future_garbage ... ok
test metadata::sqlite::tests::streamed_collection_pages_sparse_physical_rows_and_validates_late_links ... ok
test path::tests::invalid_names ... ok
test path::tests::invalid_symlink_targets ... ok
test path::tests::name_ordering_is_lexicographic ... ok
test path::tests::parse_idioms_validate ... ok
test path::tests::symlink_target_allows_slashes_and_dots ... ok
test path::tests::valid_names ... ok
test repository::fsck_benchmark::benchmark_seed_fsck_fixture ... ignored, fixture builder for the permanent fsck benchmark corpus
test repository::mutation_catalog_tests::benchmark_mutation_catalog_history ... ignored, permanent mutation-catalog benchmark
test metadata::pins::persistent::journal::tests::checkpoint_and_gc_reuse_capacity_when_growth_is_denied ... ok
test object_read_tests::cancelled_open_waiting_for_admission_leaks_no_pin ... ok
test repository::mutation_catalog_tests::cancelled_publisher_retains_catalog_until_commit_settles ... ok
test repository::publication::tests::construction_selects_publication_before_writes_and_preserves_it_across_erasure ... ok
test repository::publication::tests::metadata_records_existing_roots_skip_payload_publication ... ok
test metadata::sqlite::tests::ordered_inventory_seeks_across_namespaces_and_preserves_snapshots ... ok
test repository::tests::a_failed_large_walk_leaves_only_bounded_durable_checkpoints ... ok
test repository::tests::an_incremental_walk_still_reports_an_absent_object ... ok
test repository::tests::an_incremental_walk_stops_at_an_already_verified_closure ... ok
test object_read_tests::physical_plan_uses_protected_catalog_even_if_shared_catalog_changes ... ok
test repository::tests::a_small_packed_import_performs_no_post_staging_range_reads ... ok
test repository::tests::collection_accepts_new_pins_only_for_already_marked_objects ... ok
test repository::tests::collection_accepts_unpublished_roots_but_rejects_concurrent_publication ... ok
test repository::tests::collection_keeps_chunks_shared_with_a_live_payload ... ok
test repository::tests::collection_preserves_pinned_unpublished_payloads_and_individual_chunks ... ok
test repository::tests::collection_progress_distinguishes_snapshot_protection_from_idle_writers ... ok
test repository::tests::collection_progress_survives_duplicate_readers_after_marking ... ok
test repository::tests::collection_progress_survives_idle_writers_admitted_after_marking ... ok
test repository::tests::collection_with_no_roots_empties_storage_and_second_pass_is_a_noop ... ok
test repository::tests::completed_writer_cannot_disappear_from_an_older_collection_mark ... ok
test repository::tests::conditional_publication_checks_multiple_roots_atomically ... ok
test repository::tests::conditional_publication_creates_and_repoints_a_matching_root ... ok
test repository::tests::conditional_publication_rejects_duplicate_expectations ... ok
test repository::tests::conditional_publication_reports_a_concurrent_root_change ... ok
test repository::tests::conditional_publication_retries_an_unrelated_revision_race ... ok
test repository::tests::conditional_root_mismatch_publishes_nothing ... ok
test repository::tests::direct_relation_mismatch_prevents_root_publication ... ok
test repository::tests::existing_payload_pin_preserves_chunks_during_an_older_sweep ... ok
test repository::tests::filesystem_construction_proof_avoids_a_second_payload_walk ... ok
test repository::tests::filesystem_construction_proof_survives_a_stale_revision_retry ... ok
test repository::tests::filesystem_import_checkout_and_reimport_preserve_identity ... ok
test repository::mutation_catalog_tests::catalog_history_crosses_former_inventory_limit ... ok
test object_read_tests::directory_reader_retains_transitive_children_but_not_unrelated_objects ... ok
test metadata::record_tests::metadata_records_large_snapshot_survives_collection ... ok
test repository::tests::fsck_distinguishes_corruption_from_collectible_staging ... ok
test repository::tests::full_disk_crash::local_emergency_sweep_recovers_after_real_process_abort ... ok
test repository::tests::generic_closure_handles_cycles_and_high_fanout ... ok
test repository::tests::generic_collection_matches_an_independent_reachability_model ... ok
test repository::tests::generic_collection_prunes_logical_and_physical_orphans ... ok
test repository::tests::generic_formats_cannot_claim_a_filesystem_construction_proof ... ok
test repository::tests::generic_storage_full_does_not_assume_colocated_payload_capacity ... ok
test repository::tests::immutable_conflict_is_distinct_from_idempotent_reinsertion ... ok
test repository::tests::fsck_inventory_difference_preserves_garbage_findings_across_spill_limits ... ok
test repository::tests::interrupted_emergency_sweep_is_collectible_and_retryable ... ok
test repository::tests::later_leaf_completes_graph_without_rewriting_parent ... ok
test metadata::pins::persistent::journal::tests::checkpoint_and_group_boundaries_match_the_production_limits ... ok
test repository::tests::cancelling_after_a_spill_opens_removes_its_temporary_files ... ok
test repository::tests::local_emergency_collection_uses_stale_payload_as_commit_space ... ok
test repository::tests::local_pressure_collection_stamp_survives_a_new_handle ... ok
test object_read_tests::killed_reader_releases_only_read_protection_after_kernel_owner_exit ... ok
test repository::tests::logical_collection_admits_metadata_reads_registered_after_marking ... ok
test repository::tests::logical_collection_prunes_one_tenant_without_deleting_a_shared_blob ... ok
test repository::tests::logical_collection_rejects_a_pin_registered_after_marking ... ok
test repository::tests::logical_collection_retains_a_pin_and_collects_unrelated_records ... ok
test repository::tests::logical_prune_failure_never_starts_physical_deletion ... ok
test repository::tests::logical_prune_fences_validation_and_cleans_up_after_error_or_cancellation ... ok
test repository::tests::missing_rooted_descendant_aborts_before_logical_prune ... ok
test repository::tests::missing_rooted_payload_aborts_before_logical_prune ... ok
test repository::tests::mutation_session_registers_staged_bytes_in_the_shared_pin_ledger ... ok
test repository::tests::mutation_sessions_only_pin_their_own_writes ... ok
test repository::tests::mutation_start_runs_before_staging_pin_admission ... ok
test repository::tests::nonblocking_collection_runs_under_a_live_mutation ... ok
test repository::tests::nonblocking_logical_collection_respects_a_retention_hold ... ok
test repository::tests::ingest_cache_requires_a_validated_closure_witness ... ok
test repository::tests::overlapping_roots_keep_shared_payload_until_the_last_release ... ok
test repository::tests::overwrite_publication_rejects_backend_digest_and_proof_lies ... ok
test repository::tests::packed_fsck_groups_reads_in_physical_order_under_cache_pressure ... ok
test repository::tests::payload_readers_keep_snapshot_pins_after_both_hold_forms_are_dropped ... ok
test repository::tests::physical_deletion_failure_leaks_after_safe_logical_prune ... ok
test repository::tests::physical_only_writer_growth_allows_collection_without_metadata_changes ... ok
test repository::tests::pin_marks_retain_selected_closures_and_tolerate_unpublished_inputs ... ok
test repository::tests::post_prune_snapshot_reader_can_enter_during_physical_sweep ... ok
test repository::tests::publication_revalidates_and_retries_a_revision_race ... ok
test repository::tests::publishes_payload_record_and_root_atomically ... ok
test repository::tests::raw_blob_fast_seal_rejects_dishonest_writer_completion ... ok
test repository::tests::reimport_after_collection_reuploads_swept_chunks ... ok
test repository::tests::borrowed_and_owned_holds_independently_retain_their_snapshot ... ok
test repository::tests::local_collection_recovers_an_interrupted_logical_prune_fence ... ok
test repository::tests::local_catalog_reclamation_runs_before_mutation_and_during_reopen ... ok
test repository::tests::root_release_is_an_exact_compare_and_remove ... ok
test repository::tests::slice_staging_verifies_native_identity_without_reopening_storage ... ok
test repository::tests::snapshot_admission_retries_when_metadata_files_change_at_the_same_revision ... ok
test repository::tests::transient_state_backend_failure_has_typed_retry_guidance ... ok
test repository::tests::unavailable_namespace_remains_conservatively_collectable ... ok
test scale_benchmarks::benchmark_pack_cache_working_set ... ignored, scale probe; benchmark run pack-cache-scale
test scale_benchmarks::benchmark_retained_history ... ignored, scale probe; benchmark run history-scale
test spill::tests::a_queue_keeps_first_in_first_out_across_the_spill_boundary ... ok
test spill::tests::a_set_larger_than_memory_spills_and_still_answers_exactly ... ok
test repository::tests::local_repository_reopens_generic_state_and_payloads ... ok
test spill::tests::a_small_set_never_touches_storage ... ok
test spill::tests::batched_insertions_enforce_spill_budget_and_clean_up ... ok
test spill::tests::a_set_that_outgrows_its_spill_budget_fails ... ok
test repository::tests::reopen_and_fsck_recover_after_publication_commit_failure ... ok
test spill::tests::cached_set_reads_roll_back_an_abandoned_write ... ok
test repository::tests::remote_vacuum_preserves_ready_unpublished_catalog_rebase ... ok
test spill::tests::cancelled_batch_can_resume_a_full_write_buffer ... ok
test spill::tests::dropping_a_difference_stream_releases_both_spill_sets ... ok
test repository::mutation_catalog_tests::repeated_publication_does_not_accumulate_catalogs ... ok
test spill::tests::one_operation_shares_its_spill_budget_and_releases_it_on_drop ... ok
test spill::tests::spill_files_disappear_with_the_traversal ... ok
test repository::tests::reopen_and_fsck_recover_after_post_prune_sweep_failure ... ok
test spill::tests::interleaved_pushes_and_pops_keep_their_order ... ok
test spill::tests::sweeping_removes_abandoned_state_and_spares_live_state ... ok
test sqlite::tests::benchmark_snapshot_connections ... ignored, run through benchmark run snapshot-connections
test spill::tests::streamed_difference_handles_empty_equal_and_disjoint_sets ... ok
test sqlite::tests::fresh_database_starts_at_current_schema_and_reopens_without_migration ... ok
test sqlite::tests::existing_nonrelease_schema_versions_are_rejected ... ok
test sqlite::tests::reader_cache_bounds_idle_connections_without_limiting_live_snapshots ... ok
test sqlite::tests::reused_readers_are_fresh_query_only_and_do_not_retain_transactions ... ok
test ssh::tests::bao_requests_do_not_downgrade_on_older_peers ... ok
test sqlite::tests::version_four_metadata_migration_preserves_existing_state ... ok
test ssh::tests::capable_ssh_peer_can_request_bounded_path_spine_fallback ... ok
test ssh::tests::endpoint_parser_and_ssh_arguments_are_injection_safe ... ok
test ssh::tests::invalid_or_cancelled_payload_batches_poison_the_connection ... ok
test ssh::tests::older_ssh_peer_uses_path_spine_fallback_without_a_new_rpc ... ok
test ssh::tests::bao_streams_cross_fragmented_transport_and_reuse_connection ... ok
test ssh::tests::payload_batches_preserve_order_and_enforce_limits ... ok
test ssh::tests::pipelined_batches_reject_bad_frames_and_poison_on_cancellation ... ok
test ssh::tests::receiver_rejects_payload_substitution_from_remote_source ... ok
test ssh::tests::stdio_source_supports_verified_path_selected_transfer ... ok
test ssh::tests::split_source_works_with_remote_metadata_or_remote_payloads ... ok
test tar::pipeline_tests::duplicate_paths_and_truncation_cancel_queued_files ... ok
test tar::pipeline_tests::finalizer_failure_and_cancellation_drop_all_writers_without_publishing ... ok
test ssh::tests::stdio_source_syncs_a_named_root_through_receiver_verification ... ok
test tar::pipeline_tests::forward_hardlinks_and_old_gnu_sparse_entries_keep_their_meaning ... ok
test tar::pipeline_tests::finalizers_overlap_with_one_limit_for_active_and_queued_files ... ok
test tar::pipeline_tests::zero_or_oversized_concurrency_is_rejected_before_opening_writers ... ok
test tar::tests::empty_directories_round_trip ... ok
test tar::tests::entry_order_does_not_change_the_root_identity ... ok
test tar::tests::import_streams_files_into_a_canonical_directory_tree ... ok
test tar::tests::links_preserve_their_canonical_filesystem_meaning ... ok
test tar::tests::pax_gnu_sparse_metadata_is_rejected_explicitly ... ok
test tar::tests::unsafe_paths_links_duplicates_and_limits_are_rejected ... ok
test transfer::tests::caller_owned_transfer_retains_reused_closures ... ok
test transfer::tests::destination_collection_runs_during_the_receive_operation ... ok
test transfer::tests::existing_record_skips_its_payload_but_not_descendant_discovery ... ok
test transfer::tests::incremental_discovery_reuses_only_complete_destination_closures ... ok
test transfer::tests::independent_payloads_overlap_under_one_global_physical_limit ... ok
test transfer::tests::interrupted_bounded_batches_leave_unrooted_progress_and_retry_completes ... ok
test transfer::tests::interrupted_payload_copy_keeps_roots_unchanged_and_retry_completes ... ok
test transfer::tests::missing_source_boundary_never_changes_requested_roots ... ok
test transfer::tests::path_proof_verification_rejects_every_untrusted_boundary ... ok
test transfer::tests::path_transfer_authenticates_absence_and_rejects_traversal ... ok
test transfer::tests::path_transfer_copies_only_the_selected_subtree_closure ... ok
test transfer::tests::path_transfer_keeps_spine_and_siblings_out_of_destination ... ok
test transfer::tests::path_transfer_rejects_a_false_parent_size_before_rooting ... ok
test transfer::tests::physical_capability_selects_chunks_or_whole_payload_without_changing_result ... ok
test transfer::tests::read_only_chunk_source_corruption_preserves_the_destination_root ... ok
test transfer::tests::read_only_chunk_source_reuses_destination_chunks_and_preserves_streaming_fallback ... ok
test transfer::tests::recursive_transfer_reverifies_and_roots_an_ipld_graph ... ok
test transfer::tests::several_destination_roots_appear_in_one_final_revision ... ok
test tar::pipeline_tests::streaming_and_finalization_share_a_tiny_chunk_budget_without_deadlock ... ok
test transfer::tests::split_source_missing_or_wrong_blobs_do_not_fallback_or_move_roots ... ok
test transfer::tests::split_source_uses_metadata_revision_and_blob_endpoint_for_paths_and_roots ... ok
test transfer::tests::zero_mutation_batch_limit_rejects_transfer_before_publication ... ok
test transfer::wire::tests::path_proof_request_and_response_are_bounded_and_exact ... ok
test transfer::wire::tests::payload_header_is_a_literal_forty_bytes ... ok
test transfer::wire::tests::request_and_progress_roundtrip_and_reject_trailing_bytes ... ok
test verified::ingest::tests::ordinary_hash_and_reference_outboard_at_boundaries ... ok
test verified::patch::tests::overwrite_matches_full_rehash_and_reference_outboard ... ok
test verified::stream::tests::proof_stream_roundtrip_and_no_unauthenticated_output ... ok
test verified::tests::overflowing_range_errors ... ok
test verified::tests::slice_roundtrip ... ok
test verified::tests::tampering_is_detected ... ok
test verified::tests::wrong_digest_is_rejected ... ok
test verified::tests::zero_length_slice_is_empty ... ok
test wire::tests::hostile_counts_and_sizes_are_rejected ... ok
test wire::tests::manifest_roundtrip_is_canonical ... ok
test repository::tests::full_disk_crash::local_emergency_sweep_recovers_after_abort_without_a_mount ... ok
test transfer::tests::spilled_discovery_upgrades_an_already_selected_shallow_object ... ok
test object_read_tests::retained_reader_preserves_snapshot_wide_protection ... ok
test spill::tests::cached_set_statements_rebind_across_flushes_and_pages ... ok
test repository::tests::object_reader_handoff_preserves_requested_roots_without_blocking_unrelated_gc ... ok
test repository::tests::fsck_batched_sets_preserve_shared_graphs_and_traversal_limits ... ok
test spill::tests::batched_membership_preserves_order_across_storage_and_buffer ... ok
test object_read_tests::object_read_collects_unrelated_garbage_and_survives_catalog_replacement ... ok
test object_read_tests::reader_crashes_at_owner_and_inventory_boundaries_leave_write_recovery_intact ... ok
test spill::tests::streamed_difference_matches_sets_across_pages_and_storage_modes ... ok
test spill::tests::batched_insertions_match_sequential_sets_across_flush_boundaries ... ok
test metadata::pins::persistent::journal::tests::killed_publishers_preserve_acknowledged_pins_and_deletion_claims ... ok
test blob::crash_tests::repository_publication_survives_every_process_crash_boundary ... ok
test blob::crash_tests::paged_overwrite_survives_process_death_at_metadata_publication_boundaries has been running for over 60 seconds
test blob::crash_tests::repository_catalog_rebase_survives_every_process_crash_boundary has been running for over 60 seconds
test blob::crash_tests::paged_overwrite_survives_process_death_at_metadata_publication_boundaries ... ok
test blob::crash_tests::repository_catalog_rebase_survives_every_process_crash_boundary ... ok

failures:

---- metadata::wal3::tests::cancelled_checkpoint_keeps_its_write_pin_until_publication_settles stdout ----

thread 'metadata::wal3::tests::cancelled_checkpoint_keeps_its_write_pin_until_publication_settles' (3793739) panicked at src/metadata/wal3.rs:3106:18:
rustfs from devenv.nix must start: Os { code: 2, kind: NotFound, message: "No such file or directory" }

---- metadata::wal3::tests::cancelled_metadata_gc_keeps_its_claim_until_deletion_settles stdout ----

thread 'metadata::wal3::tests::cancelled_metadata_gc_keeps_its_claim_until_deletion_settles' (3793741) panicked at src/metadata/wal3.rs:3106:18:
rustfs from devenv.nix must start: Os { code: 2, kind: NotFound, message: "No such file or directory" }

---- metadata::wal3::tests::changed_manifest_refreshes_the_cached_checkpoint stdout ----

thread 'metadata::wal3::tests::changed_manifest_refreshes_the_cached_checkpoint' (3793743) panicked at src/metadata/wal3.rs:3106:18:
rustfs from devenv.nix must start: Os { code: 2, kind: NotFound, message: "No such file or directory" }

---- metadata::wal3::tests::collect_wal_deletes_orphaned_shards_and_retains_live_state stdout ----

thread 'metadata::wal3::tests::collect_wal_deletes_orphaned_shards_and_retains_live_state' (3793748) panicked at src/metadata/wal3.rs:3106:18:
rustfs from devenv.nix must start: Os { code: 2, kind: NotFound, message: "No such file or directory" }

---- metadata::wal3::tests::collect_wal_honors_an_older_named_cursor stdout ----

thread 'metadata::wal3::tests::collect_wal_honors_an_older_named_cursor' (3793750) panicked at src/metadata/wal3.rs:3106:18:
rustfs from devenv.nix must start: Os { code: 2, kind: NotFound, message: "No such file or directory" }

---- metadata::wal3::tests::collect_wal_replaces_the_delta_tail_with_a_latest_fence stdout ----

thread 'metadata::wal3::tests::collect_wal_replaces_the_delta_tail_with_a_latest_fence' (3793752) panicked at src/metadata/wal3.rs:3106:18:
rustfs from devenv.nix must start: Os { code: 2, kind: NotFound, message: "No such file or directory" }

---- metadata::wal3::tests::commit_conditions_on_the_manifest_that_supplied_its_state stdout ----

thread 'metadata::wal3::tests::commit_conditions_on_the_manifest_that_supplied_its_state' (3793757) panicked at src/metadata/wal3.rs:3106:18:
rustfs from devenv.nix must start: Os { code: 2, kind: NotFound, message: "No such file or directory" }

---- metadata::wal3::tests::coordination_metadata_deletion_recovery_uses_its_own_ledger stdout ----

thread 'metadata::wal3::tests::coordination_metadata_deletion_recovery_uses_its_own_ledger' (3793759) panicked at src/metadata/wal3.rs:3106:18:
rustfs from devenv.nix must start: Os { code: 2, kind: NotFound, message: "No such file or directory" }

---- metadata::wal3::tests::gc_fences_collection_shards_uploaded_before_publication stdout ----

thread 'metadata::wal3::tests::gc_fences_collection_shards_uploaded_before_publication' (3793773) panicked at src/metadata/wal3.rs:3106:18:
rustfs from devenv.nix must start: Os { code: 2, kind: NotFound, message: "No such file or directory" }

---- metadata::wal3::tests::metadata_deletion_recovery_keeps_claims_through_cancelled_io stdout ----

thread 'metadata::wal3::tests::metadata_deletion_recovery_keeps_claims_through_cancelled_io' (3793777) panicked at src/metadata/wal3.rs:3106:18:
rustfs from devenv.nix must start: Os { code: 2, kind: NotFound, message: "No such file or directory" }

---- metadata::wal3::tests::metadata_gc_retains_pinned_lazy_snapshot_shards_and_collects_unrelated_files stdout ----

thread 'metadata::wal3::tests::metadata_gc_retains_pinned_lazy_snapshot_shards_and_collects_unrelated_files' (3793779) panicked at src/metadata/wal3.rs:3106:18:
rustfs from devenv.nix must start: Os { code: 2, kind: NotFound, message: "No such file or directory" }

---- metadata::wal3::tests::newer_gc_lease_fences_an_older_maintenance_runner stdout ----

thread 'metadata::wal3::tests::newer_gc_lease_fences_an_older_maintenance_runner' (3793780) panicked at src/metadata/wal3.rs:3106:18:
rustfs from devenv.nix must start: Os { code: 2, kind: NotFound, message: "No such file or directory" }

---- metadata::wal3::tests::racing_initializers_publish_exactly_one_initial_checkpoint stdout ----

thread 'metadata::wal3::tests::racing_initializers_publish_exactly_one_initial_checkpoint' (3793785) panicked at src/metadata/wal3.rs:3106:18:
rustfs from devenv.nix must start: Os { code: 2, kind: NotFound, message: "No such file or directory" }

---- metadata::wal3::tests::remote_abandoned_holds_survive_reopen_and_recovery_is_token_specific stdout ----

thread 'metadata::wal3::tests::remote_abandoned_holds_survive_reopen_and_recovery_is_token_specific' (3793787) panicked at src/metadata/wal3.rs:3106:18:
rustfs from devenv.nix must start: Os { code: 2, kind: NotFound, message: "No such file or directory" }

---- metadata::wal3::tests::remote_admission_serializes_collectors_but_allows_online_pins stdout ----

thread 'metadata::wal3::tests::remote_admission_serializes_collectors_but_allows_online_pins' (3793789) panicked at src/metadata/wal3.rs:3106:18:
rustfs from devenv.nix must start: Os { code: 2, kind: NotFound, message: "No such file or directory" }

---- metadata::wal3::tests::remote_cancelled_admission_releases_only_after_its_cas_completes stdout ----

thread 'metadata::wal3::tests::remote_cancelled_admission_releases_only_after_its_cas_completes' (3793791) panicked at src/metadata/wal3.rs:3106:18:
rustfs from devenv.nix must start: Os { code: 2, kind: NotFound, message: "No such file or directory" }

---- metadata::wal3::tests::remote_cancelled_commit_keeps_its_hold_until_publication_finishes stdout ----

thread 'metadata::wal3::tests::remote_cancelled_commit_keeps_its_hold_until_publication_finishes' (3793793) panicked at src/metadata/wal3.rs:3106:18:
rustfs from devenv.nix must start: Os { code: 2, kind: NotFound, message: "No such file or directory" }

---- metadata::wal3::tests::remote_cancelled_physical_collection_keeps_claims_until_io_settles stdout ----

thread 'metadata::wal3::tests::remote_cancelled_physical_collection_keeps_claims_until_io_settles' (3793795) panicked at src/metadata/wal3.rs:3106:18:
rustfs from devenv.nix must start: Os { code: 2, kind: NotFound, message: "No such file or directory" }

---- metadata::wal3::tests::remote_catalog_maintenance_retains_admission_through_publish_or_discard stdout ----

thread 'metadata::wal3::tests::remote_catalog_maintenance_retains_admission_through_publish_or_discard' (3793797) panicked at src/metadata/wal3.rs:3106:18:
rustfs from devenv.nix must start: Os { code: 2, kind: NotFound, message: "No such file or directory" }

---- metadata::wal3::tests::remote_coordination_gc_cancellation_releases_ownership_after_io stdout ----

thread 'metadata::wal3::tests::remote_coordination_gc_cancellation_releases_ownership_after_io' (3793799) panicked at src/metadata/wal3.rs:3106:18:
rustfs from devenv.nix must start: Os { code: 2, kind: NotFound, message: "No such file or directory" }

---- metadata::wal3::tests::remote_coordination_gc_preserves_lazy_diagnostic_snapshot stdout ----

thread 'metadata::wal3::tests::remote_coordination_gc_preserves_lazy_diagnostic_snapshot' (3793801) panicked at src/metadata/wal3.rs:3106:18:
rustfs from devenv.nix must start: Os { code: 2, kind: NotFound, message: "No such file or directory" }

---- metadata::wal3::tests::remote_exact_collection_recovery_preserves_live_pins stdout ----

thread 'metadata::wal3::tests::remote_exact_collection_recovery_preserves_live_pins' (3793803) panicked at src/metadata/wal3.rs:3106:18:
rustfs from devenv.nix must start: Os { code: 2, kind: NotFound, message: "No such file or directory" }

---- metadata::wal3::tests::remote_gc_preserves_an_old_retained_read_after_root_removal stdout ----

thread 'metadata::wal3::tests::remote_gc_preserves_an_old_retained_read_after_root_removal' (3793805) panicked at src/metadata/wal3.rs:3106:18:
rustfs from devenv.nix must start: Os { code: 2, kind: NotFound, message: "No such file or directory" }

---- metadata::wal3::tests::remote_gc_preserves_online_staging_and_refreshes_its_catalog stdout ----

thread 'metadata::wal3::tests::remote_gc_preserves_online_staging_and_refreshes_its_catalog' (3793807) panicked at src/metadata/wal3.rs:3106:18:
rustfs from devenv.nix must start: Os { code: 2, kind: NotFound, message: "No such file or directory" }

---- metadata::wal3::tests::remote_online_snapshot_excludes_future_garbage stdout ----

thread 'metadata::wal3::tests::remote_online_snapshot_excludes_future_garbage' (3793809) panicked at src/metadata/wal3.rs:3106:18:
rustfs from devenv.nix must start: Os { code: 2, kind: NotFound, message: "No such file or directory" }

---- metadata::wal3::tests::remote_rejected_logical_prune_releases_collection_hold stdout ----

thread 'metadata::wal3::tests::remote_rejected_logical_prune_releases_collection_hold' (3793811) panicked at src/metadata/wal3.rs:3106:18:
rustfs from devenv.nix must start: Os { code: 2, kind: NotFound, message: "No such file or directory" }

---- metadata::wal3::tests::remote_state_log_gc_runs_with_repository_readers stdout ----

thread 'metadata::wal3::tests::remote_state_log_gc_runs_with_repository_readers' (3793813) panicked at src/metadata/wal3.rs:3106:18:
rustfs from devenv.nix must start: Os { code: 2, kind: NotFound, message: "No such file or directory" }

---- metadata::wal3::tests::rustfs_metadata_handles_share_online_pins_without_logical_commits stdout ----

thread 'metadata::wal3::tests::rustfs_metadata_handles_share_online_pins_without_logical_commits' (3793817) panicked at src/metadata/wal3.rs:3106:18:
rustfs from devenv.nix must start: Os { code: 2, kind: NotFound, message: "No such file or directory" }

---- metadata::wal3::tests::rustfs_racing_repositories_rebase_state_catalog_without_losing_packs stdout ----

thread 'metadata::wal3::tests::rustfs_racing_repositories_rebase_state_catalog_without_losing_packs' (3793819) panicked at src/metadata/wal3.rs:3106:18:
rustfs from devenv.nix must start: Os { code: 2, kind: NotFound, message: "No such file or directory" }

---- metadata::wal3::tests::rustfs_serializes_racing_writers_with_the_wal_manifest stdout ----

thread 'metadata::wal3::tests::rustfs_serializes_racing_writers_with_the_wal_manifest' (3793821) panicked at src/metadata/wal3.rs:3106:18:
rustfs from devenv.nix must start: Os { code: 2, kind: NotFound, message: "No such file or directory" }

---- metadata::wal3::tests::rustfs_transfers_payloads_and_publishes_the_root_between_s3_prefixes stdout ----

thread 'metadata::wal3::tests::rustfs_transfers_payloads_and_publishes_the_root_between_s3_prefixes' (3793823) panicked at src/metadata/wal3.rs:3106:18:
rustfs from devenv.nix must start: Os { code: 2, kind: NotFound, message: "No such file or directory" }

---- metadata::wal3::tests::steady_checkpoint_barrier_costs_one_get_and_two_puts stdout ----

thread 'metadata::wal3::tests::steady_checkpoint_barrier_costs_one_get_and_two_puts' (3793831) panicked at src/metadata/wal3.rs:3106:18:
rustfs from devenv.nix must start: Os { code: 2, kind: NotFound, message: "No such file or directory" }

---- metadata::wal3::tests::tail_checkpoint_is_selected_from_a_multi_record_fragment stdout ----

thread 'metadata::wal3::tests::tail_checkpoint_is_selected_from_a_multi_record_fragment' (3793833) panicked at src/metadata/wal3.rs:3106:18:
rustfs from devenv.nix must start: Os { code: 2, kind: NotFound, message: "No such file or directory" }

---- metadata::wal3::tests::unchanged_manifest_reuses_the_validated_checkpoint stdout ----

thread 'metadata::wal3::tests::unchanged_manifest_reuses_the_validated_checkpoint' (3793835) panicked at src/metadata/wal3.rs:3106:18:
rustfs from devenv.nix must start: Os { code: 2, kind: NotFound, message: "No such file or directory" }


failures:
    metadata::wal3::tests::cancelled_checkpoint_keeps_its_write_pin_until_publication_settles
    metadata::wal3::tests::cancelled_metadata_gc_keeps_its_claim_until_deletion_settles
    metadata::wal3::tests::changed_manifest_refreshes_the_cached_checkpoint
    metadata::wal3::tests::collect_wal_deletes_orphaned_shards_and_retains_live_state
    metadata::wal3::tests::collect_wal_honors_an_older_named_cursor
    metadata::wal3::tests::collect_wal_replaces_the_delta_tail_with_a_latest_fence
    metadata::wal3::tests::commit_conditions_on_the_manifest_that_supplied_its_state
    metadata::wal3::tests::coordination_metadata_deletion_recovery_uses_its_own_ledger
    metadata::wal3::tests::gc_fences_collection_shards_uploaded_before_publication
    metadata::wal3::tests::metadata_deletion_recovery_keeps_claims_through_cancelled_io
    metadata::wal3::tests::metadata_gc_retains_pinned_lazy_snapshot_shards_and_collects_unrelated_files
    metadata::wal3::tests::newer_gc_lease_fences_an_older_maintenance_runner
    metadata::wal3::tests::racing_initializers_publish_exactly_one_initial_checkpoint
    metadata::wal3::tests::remote_abandoned_holds_survive_reopen_and_recovery_is_token_specific
    metadata::wal3::tests::remote_admission_serializes_collectors_but_allows_online_pins
    metadata::wal3::tests::remote_cancelled_admission_releases_only_after_its_cas_completes
    metadata::wal3::tests::remote_cancelled_commit_keeps_its_hold_until_publication_finishes
    metadata::wal3::tests::remote_cancelled_physical_collection_keeps_claims_until_io_settles
    metadata::wal3::tests::remote_catalog_maintenance_retains_admission_through_publish_or_discard
    metadata::wal3::tests::remote_coordination_gc_cancellation_releases_ownership_after_io
    metadata::wal3::tests::remote_coordination_gc_preserves_lazy_diagnostic_snapshot
    metadata::wal3::tests::remote_exact_collection_recovery_preserves_live_pins
    metadata::wal3::tests::remote_gc_preserves_an_old_retained_read_after_root_removal
    metadata::wal3::tests::remote_gc_preserves_online_staging_and_refreshes_its_catalog
    metadata::wal3::tests::remote_online_snapshot_excludes_future_garbage
    metadata::wal3::tests::remote_rejected_logical_prune_releases_collection_hold
    metadata::wal3::tests::remote_state_log_gc_runs_with_repository_readers
    metadata::wal3::tests::rustfs_metadata_handles_share_online_pins_without_logical_commits
    metadata::wal3::tests::rustfs_racing_repositories_rebase_state_catalog_without_losing_packs
    metadata::wal3::tests::rustfs_serializes_racing_writers_with_the_wal_manifest
    metadata::wal3::tests::rustfs_transfers_payloads_and_publishes_the_root_between_s3_prefixes
    metadata::wal3::tests::steady_checkpoint_barrier_costs_one_get_and_two_puts
    metadata::wal3::tests::tail_checkpoint_is_selected_from_a_multi_record_fragment
    metadata::wal3::tests::unchanged_manifest_reuses_the_validated_checkpoint

test result: FAILED. 683 passed; 34 failed; 35 ignored; 0 measured; 0 filtered out; finished in 143.88s

error: test failed, to rerun pass `-p casita --lib`
