
running 59 tests
test metadata::wal3::tests::delta_recovery_classifies_invalid_validation_as_corruption ... ok
test metadata::wal3::tests::empty_state_encoding_round_trips ... ok
test metadata::wal3::tests::checkpoint_rewrites_only_the_object_shard_touched_by_an_insert ... ok
test metadata::wal3::tests::checkpoint_rewrites_only_the_root_shard_touched_by_a_change ... ok
test metadata::wal3::tests::dense_collection_puts_only_the_shard_containing_a_deletion ... ok
test metadata::wal3::tests::legacy_checkpoints_receive_generation_zero ... ok
test metadata::wal3::tests::cloned_handle_serializes_same_revision_commits ... ok
test metadata::wal3::tests::duplicate_idempotent_objects_produce_a_canonical_reopenable_delta ... ok
test metadata::wal3::tests::high_fanout_cloned_commits_have_one_durable_winner ... ok
test metadata::wal3::tests::no_op_collection_validates_but_reuses_every_object_shard ... ok
test metadata::wal3::tests::ninth_commit_shards_objects_and_reopen_loads_them_lazily ... ok
test metadata::wal3::tests::cumulative_delta_tail_is_bounded_and_independent_of_checkpoint_size ... ok
test metadata::wal3::tests::collection_pages_retained_state_without_materializing_a_global_set ... ok
test metadata::wal3::tests::collect_wal_honors_an_older_named_cursor ... ok
test metadata::wal3::tests::collect_wal_deletes_orphaned_shards_and_retains_live_state ... ok
test metadata::wal3::tests::commit_conditions_on_the_manifest_that_supplied_its_state ... ok
test metadata::wal3::tests::coordination_metadata_deletion_recovery_uses_its_own_ledger ... ok
test metadata::wal3::tests::gc_fences_collection_shards_uploaded_before_publication ... ok
test metadata::wal3::tests::collect_wal_replaces_the_delta_tail_with_a_latest_fence ... ok
test metadata::wal3::tests::cancelled_metadata_gc_keeps_its_claim_until_deletion_settles ... ok
test metadata::wal3::tests::cancelled_checkpoint_keeps_its_write_pin_until_publication_settles ... ok
test metadata::wal3::tests::changed_manifest_refreshes_the_cached_checkpoint ... ok
test metadata::wal3::tests::metadata_gc_retains_pinned_lazy_snapshot_shards_and_collects_unrelated_files ... ok
test metadata::wal3::tests::metadata_deletion_recovery_keeps_claims_through_cancelled_io ... ok
test metadata::wal3::tests::newer_gc_lease_fences_an_older_maintenance_runner ... ok
test metadata::wal3::tests::reopen_replays_at_most_eight_deltas_then_ninth_commit_checkpoints ... ok
test metadata::wal3::tests::root_shard_tombstones_survive_checkpoint_and_reopen ... ok
test metadata::wal3::tests::racing_initializers_publish_exactly_one_initial_checkpoint ... ok
test metadata::wal3::tests::remote_abandoned_holds_survive_reopen_and_recovery_is_token_specific ... ok
test metadata::wal3::tests::remote_admission_serializes_collectors_but_allows_online_pins ... ok
test metadata::wal3::tests::remote_cancelled_admission_releases_only_after_its_cas_completes ... ok
test metadata::wal3::tests::separate_handles_recover_the_shared_state_and_detect_staleness ... ok
test metadata::wal3::tests::simulated_500_tb_clean_checkpoint_performs_zero_shard_io ... ok
test metadata::wal3::tests::snapshot_rejects_valid_fragment_with_the_wrong_setsum ... ok
test metadata::wal3::tests::state_encoding_rejects_truncation ... ok
test metadata::wal3::tests::state_encoding_rejects_unknown_format ... ok
test metadata::wal3::tests::state_encoding_round_trips_payload_catalog ... ok
test metadata::wal3::tests::remote_cancelled_commit_keeps_its_hold_until_publication_finishes ... ok
test metadata::wal3::tests::remote_cancelled_physical_collection_keeps_claims_until_io_settles ... ok
test metadata::wal3::tests::remote_catalog_maintenance_retains_admission_through_publish_or_discard ... ok
test metadata::wal3::tests::validation_witnesses_cost_one_bit_per_object ... ok
test metadata::wal3::tests::wal3_errors_preserve_retry_and_corruption_semantics ... ok
test metadata::wal3::tests::wal_snapshot_generations_survive_replay_and_checkpoint ... ok
test metadata::wal3::tests::wal_snapshot_replay_and_commit_read_shards_through_a_logical_prune_fence ... ok
test metadata::wal3::tests::remote_coordination_gc_cancellation_releases_ownership_after_io ... ok
test metadata::wal3::tests::remote_coordination_gc_preserves_lazy_diagnostic_snapshot ... ok
test metadata::wal3::tests::remote_exact_collection_recovery_preserves_live_pins ... ok
test metadata::wal3::tests::remote_gc_preserves_an_old_retained_read_after_root_removal ... ok
test metadata::wal3::tests::remote_gc_preserves_online_staging_and_refreshes_its_catalog ... ok
test metadata::wal3::tests::remote_online_snapshot_excludes_future_garbage ... ok
test metadata::wal3::tests::remote_rejected_logical_prune_releases_collection_hold ... ok
test metadata::wal3::tests::remote_state_log_gc_runs_with_repository_readers ... ok
test metadata::wal3::tests::rustfs_metadata_handles_share_online_pins_without_logical_commits ... ok
test metadata::wal3::tests::rustfs_racing_repositories_rebase_state_catalog_without_losing_packs ... ok
test metadata::wal3::tests::rustfs_serializes_racing_writers_with_the_wal_manifest ... ok
test metadata::wal3::tests::rustfs_transfers_payloads_and_publishes_the_root_between_s3_prefixes ... ok
test metadata::wal3::tests::steady_checkpoint_barrier_costs_one_get_and_two_puts ... ok
test metadata::wal3::tests::tail_checkpoint_is_selected_from_a_multi_record_fragment ... ok
test metadata::wal3::tests::unchanged_manifest_reuses_the_validated_checkpoint ... ok

test result: ok. 59 passed; 0 failed; 0 ignored; 0 measured; 693 filtered out; finished in 110.61s

