   Device Identifier:         disk3s1
   Device Node:               /dev/disk3s1
   Whole:                     No
   Part of Whole:             disk3

   Volume Name:               Macintosh HD - Data
   Mounted:                   Yes
   Mount Point:               /System/Volumes/Data

   Partition Type:            41504653-0000-11AA-AA11-00306543ECAC
   File System Personality:   APFS
   Type (Bundle):             apfs
   Name (User Visible):       APFS
   Owners:                    Enabled

   OS Can Be Installed:       Yes
   Booter Disk:               disk3s4
   Recovery Disk:             disk3s5
   Media Type:                Generic
   Protocol:                  Apple Fabric
   SMART Status:              Verified
   Volume UUID:               8CB80267-A24B-4307-90C3-2ABFD150B566
   Disk / Partition UUID:     8CB80267-A24B-4307-90C3-2ABFD150B566

   Disk Size:                 245.1 GB (245107195904 Bytes) (exactly 478724992 512-Byte-Units)
   Device Block Size:         4096 Bytes

   Volume Used Space:         108.1 GB (108079181824 Bytes) (exactly 211092152 512-Byte-Units)
   Container Total Space:     245.1 GB (245107195904 Bytes) (exactly 478724992 512-Byte-Units)
   Container Free Space:      66.0 GB (65997688832 Bytes) (exactly 128901736 512-Byte-Units)
   Allocation Block Size:     4096 Bytes

   Media OS Use Only:         No
   Media Read-Only:           No
   Volume Read-Only:          No

   Device Location:           Internal
   Removable Media:           Fixed

   Solid State:               Yes
   Hardware AES Support:      Yes

   This disk is an APFS Volume.  APFS Information:
   APFS Container:            disk3
   APFS Physical Store:       disk0s2
   APFS Volume Group:         8CB80267-A24B-4307-90C3-2ABFD150B566
   FileVault:                 No
   Sealed:                    No
   Locked:                    No
