@nix {"action":"msg","level":3,"msg":"these 32 derivations will be built:"}
@nix {"action":"msg","level":3,"msg":"  /Users/hetzner/obrador-shared-pins-20260909/round-1-baseline/chain-round-1-jobs-8/store/1m19vl8prpkn9575k1m347wzllnv8ayn-leaf-0.drv.drv"}
@nix {"action":"msg","level":3,"msg":"  /Users/hetzner/obrador-shared-pins-20260909/round-1-baseline/chain-round-1-jobs-8/store/p2yl2pz52h8vzp69mwywk2gmq651fwp8-leaf-1.drv.drv"}
@nix {"action":"msg","level":3,"msg":"  /Users/hetzner/obrador-shared-pins-20260909/round-1-baseline/chain-round-1-jobs-8/store/y0djlcasds4fva7cbzwdr2nrqs3ax6gw-leaf-2.drv.drv"}
@nix {"action":"msg","level":3,"msg":"  /Users/hetzner/obrador-shared-pins-20260909/round-1-baseline/chain-round-1-jobs-8/store/8hv32yvginf6blfggbpcw88fpvbw9l8m-leaf-3.drv.drv"}
@nix {"action":"msg","level":3,"msg":"  /Users/hetzner/obrador-shared-pins-20260909/round-1-baseline/chain-round-1-jobs-8/store/z5v7k78q99b4akd4g81cb58fzyghwhf7-leaf-4.drv.drv"}
@nix {"action":"msg","level":3,"msg":"  /Users/hetzner/obrador-shared-pins-20260909/round-1-baseline/chain-round-1-jobs-8/store/4z9p7ara2649ss1j5a662y6w64w4fwsb-leaf-5.drv.drv"}
@nix {"action":"msg","level":3,"msg":"  /Users/hetzner/obrador-shared-pins-20260909/round-1-baseline/chain-round-1-jobs-8/store/95w2lhd5f31m54i673hfvm0c3av8vr13-leaf-6.drv.drv"}
@nix {"action":"msg","level":3,"msg":"  /Users/hetzner/obrador-shared-pins-20260909/round-1-baseline/chain-round-1-jobs-8/store/kvxvm2rdh0w874rcv0286smhy813p7za-leaf-7.drv.drv"}
@nix {"action":"msg","level":3,"msg":"  /Users/hetzner/obrador-shared-pins-20260909/round-1-baseline/chain-round-1-jobs-8/store/55qwmvg5qm6v9mnyb1g1n1a35ffschm7-leaf-8.drv.drv"}
@nix {"action":"msg","level":3,"msg":"  /Users/hetzner/obrador-shared-pins-20260909/round-1-baseline/chain-round-1-jobs-8/store/g8z7ml7iwq6a2z6m5qm3cbsyqhc2m0hq-leaf-9.drv.drv"}
@nix {"action":"msg","level":3,"msg":"  /Users/hetzner/obrador-shared-pins-20260909/round-1-baseline/chain-round-1-jobs-8/store/50fd229fadghx83j38v935lc0b2zafws-leaf-10.drv.drv"}
@nix {"action":"msg","level":3,"msg":"  /Users/hetzner/obrador-shared-pins-20260909/round-1-baseline/chain-round-1-jobs-8/store/2wa64wfs1l8b812i9qcr70sd0lnxhj1y-leaf-11.drv.drv"}
@nix {"action":"msg","level":3,"msg":"  /Users/hetzner/obrador-shared-pins-20260909/round-1-baseline/chain-round-1-jobs-8/store/lvi047wh453z5qhplxhf6qlxzmx3xccb-leaf-12.drv.drv"}
@nix {"action":"msg","level":3,"msg":"  /Users/hetzner/obrador-shared-pins-20260909/round-1-baseline/chain-round-1-jobs-8/store/554l956gqz7hblcdak86jn92yygajdkq-leaf-13.drv.drv"}
@nix {"action":"msg","level":3,"msg":"  /Users/hetzner/obrador-shared-pins-20260909/round-1-baseline/chain-round-1-jobs-8/store/1fkw9cgsgqzar3gyhggb27fc862vyi82-leaf-14.drv.drv"}
@nix {"action":"msg","level":3,"msg":"  /Users/hetzner/obrador-shared-pins-20260909/round-1-baseline/chain-round-1-jobs-8/store/1i2kkvrw7mw6pxm10wwa9bfk822acqpc-leaf-15.drv.drv"}
@nix {"action":"msg","level":3,"msg":"  /Users/hetzner/obrador-shared-pins-20260909/round-1-baseline/chain-round-1-jobs-8/store/rrq3v3x49jv5pwl97zpinvqm0ihzsgh4-leaf-16.drv.drv"}
@nix {"action":"msg","level":3,"msg":"  /Users/hetzner/obrador-shared-pins-20260909/round-1-baseline/chain-round-1-jobs-8/store/l8f0pchkzfqsbg588hcgskcvnp4rv80m-leaf-17.drv.drv"}
@nix {"action":"msg","level":3,"msg":"  /Users/hetzner/obrador-shared-pins-20260909/round-1-baseline/chain-round-1-jobs-8/store/d6yil5fa5d3s0ijkyx6gg75d91p5d666-leaf-18.drv.drv"}
@nix {"action":"msg","level":3,"msg":"  /Users/hetzner/obrador-shared-pins-20260909/round-1-baseline/chain-round-1-jobs-8/store/mkacal8bw67ww59afs8phriw9aksshx1-leaf-19.drv.drv"}
@nix {"action":"msg","level":3,"msg":"  /Users/hetzner/obrador-shared-pins-20260909/round-1-baseline/chain-round-1-jobs-8/store/kmym2a6lyd3yagcgv2rm8qlqdpaf6d81-leaf-20.drv.drv"}
@nix {"action":"msg","level":3,"msg":"  /Users/hetzner/obrador-shared-pins-20260909/round-1-baseline/chain-round-1-jobs-8/store/6l74f6513dsqjiyxvk4mzh12ahak52if-leaf-21.drv.drv"}
@nix {"action":"msg","level":3,"msg":"  /Users/hetzner/obrador-shared-pins-20260909/round-1-baseline/chain-round-1-jobs-8/store/qfj2k3ay01wx4sf5wqsx1lq12bc0ijyd-leaf-22.drv.drv"}
@nix {"action":"msg","level":3,"msg":"  /Users/hetzner/obrador-shared-pins-20260909/round-1-baseline/chain-round-1-jobs-8/store/mw17155ss4cpvj77siyxaay7bllcbscc-leaf-23.drv.drv"}
@nix {"action":"msg","level":3,"msg":"  /Users/hetzner/obrador-shared-pins-20260909/round-1-baseline/chain-round-1-jobs-8/store/nn274z552v6qzlk4389lqiw6xr6i9xab-leaf-24.drv.drv"}
@nix {"action":"msg","level":3,"msg":"  /Users/hetzner/obrador-shared-pins-20260909/round-1-baseline/chain-round-1-jobs-8/store/6jh52s4lvk3jyz3mk8vjvkinwwmgyfzs-leaf-25.drv.drv"}
@nix {"action":"msg","level":3,"msg":"  /Users/hetzner/obrador-shared-pins-20260909/round-1-baseline/chain-round-1-jobs-8/store/2jfgf97a5an8c72ygqmxvbqabn2ymx5n-leaf-26.drv.drv"}
@nix {"action":"msg","level":3,"msg":"  /Users/hetzner/obrador-shared-pins-20260909/round-1-baseline/chain-round-1-jobs-8/store/1zsp9lsq67rhgnb5awlx4vaalwzr6sfa-leaf-27.drv.drv"}
@nix {"action":"msg","level":3,"msg":"  /Users/hetzner/obrador-shared-pins-20260909/round-1-baseline/chain-round-1-jobs-8/store/120as0d1vvhawv8hzwjrs1a7wh3kvkg6-leaf-28.drv.drv"}
@nix {"action":"msg","level":3,"msg":"  /Users/hetzner/obrador-shared-pins-20260909/round-1-baseline/chain-round-1-jobs-8/store/dqrqhzqxsikch49cbsihhnzyaww1l5mz-leaf-29.drv.drv"}
@nix {"action":"msg","level":3,"msg":"  /Users/hetzner/obrador-shared-pins-20260909/round-1-baseline/chain-round-1-jobs-8/store/n1m53fqy962fc10q6vw9i29ifzvq9gy2-leaf-30.drv.drv"}
@nix {"action":"msg","level":3,"msg":"  /Users/hetzner/obrador-shared-pins-20260909/round-1-baseline/chain-round-1-jobs-8/store/ls8zs35da5f4g7mv7vaz5cgm6j8bipp6-leaf-31.drv.drv"}
@nix {"action":"start","fields":["/Users/hetzner/obrador-shared-pins-20260909/round-1-baseline/chain-round-1-jobs-8/store/1m19vl8prpkn9575k1m347wzllnv8ayn-leaf-0.drv.drv","",1,1],"id":233010565742592,"level":3,"parent":0,"text":"building 'leaf-0.drv.drv'","type":105}
@nix {"action":"stop","id":233010565742592}
@nix {"action":"start","fields":["/Users/hetzner/obrador-shared-pins-20260909/round-1-baseline/chain-round-1-jobs-8/store/16zq9l1194m1n4sjbx5yhv5s7v0lbsi6-leaf-0.drv","",1,1],"id":233010565742593,"level":3,"parent":0,"text":"building 'leaf-0.drv'","type":105}
@nix {"action":"stop","id":233010565742593}
@nix {"action":"start","fields":["/Users/hetzner/obrador-shared-pins-20260909/round-1-baseline/chain-round-1-jobs-8/store/s9v9ff6ccshh760ygxwpxx59jwpx4998-leaf-1.drv.drv","",1,1],"id":233010565742594,"level":3,"parent":0,"text":"building 'leaf-1.drv.drv'","type":105}
@nix {"action":"stop","id":233010565742594}
@nix {"action":"start","fields":["/Users/hetzner/obrador-shared-pins-20260909/round-1-baseline/chain-round-1-jobs-8/store/xyfcqvmc4wrgmnv8rc4zqxijm9a2s5mi-leaf-1.drv","",1,1],"id":233010565742595,"level":3,"parent":0,"text":"building 'leaf-1.drv'","type":105}
@nix {"action":"stop","id":233010565742595}
@nix {"action":"start","fields":["/Users/hetzner/obrador-shared-pins-20260909/round-1-baseline/chain-round-1-jobs-8/store/nx6i5qlg66l8rrcgphl3q19dnmqqjanz-leaf-2.drv.drv","",1,1],"id":233010565742596,"level":3,"parent":0,"text":"building 'leaf-2.drv.drv'","type":105}
@nix {"action":"stop","id":233010565742596}
@nix {"action":"start","fields":["/Users/hetzner/obrador-shared-pins-20260909/round-1-baseline/chain-round-1-jobs-8/store/1my80k4gk4cppkby998i8hp0m986yv65-leaf-2.drv","",1,1],"id":233010565742597,"level":3,"parent":0,"text":"building 'leaf-2.drv'","type":105}
@nix {"action":"stop","id":233010565742597}
@nix {"action":"start","fields":["/Users/hetzner/obrador-shared-pins-20260909/round-1-baseline/chain-round-1-jobs-8/store/8bhrbml819m3m7km8r9v50k5sdjfbq6v-leaf-3.drv.drv","",1,1],"id":233010565742598,"level":3,"parent":0,"text":"building 'leaf-3.drv.drv'","type":105}
@nix {"action":"stop","id":233010565742598}
@nix {"action":"start","fields":["/Users/hetzner/obrador-shared-pins-20260909/round-1-baseline/chain-round-1-jobs-8/store/7n5jf7iq10hn1zk8qb8iwcg00ibji89r-leaf-3.drv","",1,1],"id":233010565742599,"level":3,"parent":0,"text":"building 'leaf-3.drv'","type":105}
@nix {"action":"stop","id":233010565742599}
@nix {"action":"start","fields":["/Users/hetzner/obrador-shared-pins-20260909/round-1-baseline/chain-round-1-jobs-8/store/k5vha7vszsy20wjd3nx6p582z5723cwj-leaf-4.drv.drv","",1,1],"id":233010565742600,"level":3,"parent":0,"text":"building 'leaf-4.drv.drv'","type":105}
@nix {"action":"stop","id":233010565742600}
@nix {"action":"start","fields":["/Users/hetzner/obrador-shared-pins-20260909/round-1-baseline/chain-round-1-jobs-8/store/s03snvfd50f8jhz21aqfv67p87ycn03l-leaf-4.drv","",1,1],"id":233010565742601,"level":3,"parent":0,"text":"building 'leaf-4.drv'","type":105}
@nix {"action":"stop","id":233010565742601}
@nix {"action":"start","fields":["/Users/hetzner/obrador-shared-pins-20260909/round-1-baseline/chain-round-1-jobs-8/store/9h8kc6hsrgcfx1vxrc77b1a9dq7w087p-leaf-5.drv.drv","",1,1],"id":233010565742602,"level":3,"parent":0,"text":"building 'leaf-5.drv.drv'","type":105}
@nix {"action":"stop","id":233010565742602}
@nix {"action":"start","fields":["/Users/hetzner/obrador-shared-pins-20260909/round-1-baseline/chain-round-1-jobs-8/store/911r57zrx6rr5qmll09kv9i0gdzpxs2v-leaf-5.drv","",1,1],"id":233010565742603,"level":3,"parent":0,"text":"building 'leaf-5.drv'","type":105}
@nix {"action":"stop","id":233010565742603}
@nix {"action":"start","fields":["/Users/hetzner/obrador-shared-pins-20260909/round-1-baseline/chain-round-1-jobs-8/store/xfscyy7qb122y3q0wfk242vca49ng4pk-leaf-6.drv.drv","",1,1],"id":233010565742604,"level":3,"parent":0,"text":"building 'leaf-6.drv.drv'","type":105}
@nix {"action":"stop","id":233010565742604}
@nix {"action":"start","fields":["/Users/hetzner/obrador-shared-pins-20260909/round-1-baseline/chain-round-1-jobs-8/store/bnaf42x6c44g4ygxzn2k5w06i38d29qk-leaf-6.drv","",1,1],"id":233010565742605,"level":3,"parent":0,"text":"building 'leaf-6.drv'","type":105}
@nix {"action":"stop","id":233010565742605}
@nix {"action":"start","fields":["/Users/hetzner/obrador-shared-pins-20260909/round-1-baseline/chain-round-1-jobs-8/store/l454czlfdhii26hi3qx9crvyfznp978a-leaf-7.drv.drv","",1,1],"id":233010565742606,"level":3,"parent":0,"text":"building 'leaf-7.drv.drv'","type":105}
@nix {"action":"stop","id":233010565742606}
@nix {"action":"start","fields":["/Users/hetzner/obrador-shared-pins-20260909/round-1-baseline/chain-round-1-jobs-8/store/9f6jw9vida88fy7q8h10v2vab28cmbyn-leaf-7.drv","",1,1],"id":233010565742607,"level":3,"parent":0,"text":"building 'leaf-7.drv'","type":105}
@nix {"action":"stop","id":233010565742607}
@nix {"action":"start","fields":["/Users/hetzner/obrador-shared-pins-20260909/round-1-baseline/chain-round-1-jobs-8/store/fbx65ivwpvg2hximrvpqx8i7nmlmqcs2-leaf-8.drv.drv","",1,1],"id":233010565742608,"level":3,"parent":0,"text":"building 'leaf-8.drv.drv'","type":105}
@nix {"action":"stop","id":233010565742608}
@nix {"action":"start","fields":["/Users/hetzner/obrador-shared-pins-20260909/round-1-baseline/chain-round-1-jobs-8/store/qycw69mjm1ysrf9yq4szz6g42lbmsdbr-leaf-8.drv","",1,1],"id":233010565742609,"level":3,"parent":0,"text":"building 'leaf-8.drv'","type":105}
@nix {"action":"stop","id":233010565742609}
@nix {"action":"start","fields":["/Users/hetzner/obrador-shared-pins-20260909/round-1-baseline/chain-round-1-jobs-8/store/7vl2m0vdrl2pdwrl7n6wg2sgjq2w1bfn-leaf-9.drv.drv","",1,1],"id":233010565742610,"level":3,"parent":0,"text":"building 'leaf-9.drv.drv'","type":105}
@nix {"action":"stop","id":233010565742610}
@nix {"action":"start","fields":["/Users/hetzner/obrador-shared-pins-20260909/round-1-baseline/chain-round-1-jobs-8/store/crdm3nwqx2i5i4minls1v1hicsydqm64-leaf-9.drv","",1,1],"id":233010565742611,"level":3,"parent":0,"text":"building 'leaf-9.drv'","type":105}
@nix {"action":"stop","id":233010565742611}
@nix {"action":"start","fields":["/Users/hetzner/obrador-shared-pins-20260909/round-1-baseline/chain-round-1-jobs-8/store/nhnv3v0sn1ggwiywhka802sdwp9g1zsn-leaf-10.drv.drv","",1,1],"id":233010565742612,"level":3,"parent":0,"text":"building 'leaf-10.drv.drv'","type":105}
@nix {"action":"stop","id":233010565742612}
@nix {"action":"start","fields":["/Users/hetzner/obrador-shared-pins-20260909/round-1-baseline/chain-round-1-jobs-8/store/x47gw63mkrwh9kgf177xci9whs75hxww-leaf-10.drv","",1,1],"id":233010565742613,"level":3,"parent":0,"text":"building 'leaf-10.drv'","type":105}
@nix {"action":"stop","id":233010565742613}
@nix {"action":"start","fields":["/Users/hetzner/obrador-shared-pins-20260909/round-1-baseline/chain-round-1-jobs-8/store/2ki2gwb3pf619vxhh2ji2rd7xdr8l6rq-leaf-11.drv.drv","",1,1],"id":233010565742614,"level":3,"parent":0,"text":"building 'leaf-11.drv.drv'","type":105}
@nix {"action":"stop","id":233010565742614}
@nix {"action":"start","fields":["/Users/hetzner/obrador-shared-pins-20260909/round-1-baseline/chain-round-1-jobs-8/store/0aln00dk54m3rh4p6cwsr186v8w1g9li-leaf-11.drv","",1,1],"id":233010565742615,"level":3,"parent":0,"text":"building 'leaf-11.drv'","type":105}
@nix {"action":"stop","id":233010565742615}
@nix {"action":"start","fields":["/Users/hetzner/obrador-shared-pins-20260909/round-1-baseline/chain-round-1-jobs-8/store/w655jdcnf2b4bmafcs20yndx5in2d4zf-leaf-12.drv.drv","",1,1],"id":233010565742616,"level":3,"parent":0,"text":"building 'leaf-12.drv.drv'","type":105}
@nix {"action":"stop","id":233010565742616}
@nix {"action":"start","fields":["/Users/hetzner/obrador-shared-pins-20260909/round-1-baseline/chain-round-1-jobs-8/store/5yk9iyha2sicf21d7w88jxk5gjfr5d21-leaf-12.drv","",1,1],"id":233010565742617,"level":3,"parent":0,"text":"building 'leaf-12.drv'","type":105}
@nix {"action":"stop","id":233010565742617}
@nix {"action":"start","fields":["/Users/hetzner/obrador-shared-pins-20260909/round-1-baseline/chain-round-1-jobs-8/store/0fr1k588fryjcw8bi9m3ikxqn74fqxbb-leaf-13.drv.drv","",1,1],"id":233010565742618,"level":3,"parent":0,"text":"building 'leaf-13.drv.drv'","type":105}
@nix {"action":"stop","id":233010565742618}
@nix {"action":"start","fields":["/Users/hetzner/obrador-shared-pins-20260909/round-1-baseline/chain-round-1-jobs-8/store/dri2ck9kfnaqwkvi0lgf8xpl364nnlbs-leaf-13.drv","",1,1],"id":233010565742619,"level":3,"parent":0,"text":"building 'leaf-13.drv'","type":105}
@nix {"action":"stop","id":233010565742619}
@nix {"action":"start","fields":["/Users/hetzner/obrador-shared-pins-20260909/round-1-baseline/chain-round-1-jobs-8/store/nfkz079xh6sx0ajnp5a29s92wgcarrgf-leaf-14.drv.drv","",1,1],"id":233010565742620,"level":3,"parent":0,"text":"building 'leaf-14.drv.drv'","type":105}
@nix {"action":"stop","id":233010565742620}
@nix {"action":"start","fields":["/Users/hetzner/obrador-shared-pins-20260909/round-1-baseline/chain-round-1-jobs-8/store/jrgwjw9l7qg2anmjrrvgp5vw1flvldq6-leaf-14.drv","",1,1],"id":233010565742621,"level":3,"parent":0,"text":"building 'leaf-14.drv'","type":105}
@nix {"action":"stop","id":233010565742621}
@nix {"action":"start","fields":["/Users/hetzner/obrador-shared-pins-20260909/round-1-baseline/chain-round-1-jobs-8/store/h40zzqpa68bj8jnmbzw6xgkaskvfpwam-leaf-15.drv.drv","",1,1],"id":233010565742622,"level":3,"parent":0,"text":"building 'leaf-15.drv.drv'","type":105}
@nix {"action":"stop","id":233010565742622}
@nix {"action":"start","fields":["/Users/hetzner/obrador-shared-pins-20260909/round-1-baseline/chain-round-1-jobs-8/store/hs8l6ky88m0j1z25fp8wc8z0mscjpdd7-leaf-15.drv","",1,1],"id":233010565742623,"level":3,"parent":0,"text":"building 'leaf-15.drv'","type":105}
@nix {"action":"stop","id":233010565742623}
@nix {"action":"start","fields":["/Users/hetzner/obrador-shared-pins-20260909/round-1-baseline/chain-round-1-jobs-8/store/gxdx0xklgqcbx44d81j7vnyj3idw42rr-leaf-16.drv.drv","",1,1],"id":233010565742624,"level":3,"parent":0,"text":"building 'leaf-16.drv.drv'","type":105}
@nix {"action":"stop","id":233010565742624}
@nix {"action":"start","fields":["/Users/hetzner/obrador-shared-pins-20260909/round-1-baseline/chain-round-1-jobs-8/store/q72agyknf63y8817djkqfsqsgxax3j8d-leaf-16.drv","",1,1],"id":233010565742625,"level":3,"parent":0,"text":"building 'leaf-16.drv'","type":105}
@nix {"action":"stop","id":233010565742625}
@nix {"action":"start","fields":["/Users/hetzner/obrador-shared-pins-20260909/round-1-baseline/chain-round-1-jobs-8/store/kid9a75cnr804fl9xwf9vr7c74ggk3zf-leaf-17.drv.drv","",1,1],"id":233010565742626,"level":3,"parent":0,"text":"building 'leaf-17.drv.drv'","type":105}
@nix {"action":"stop","id":233010565742626}
@nix {"action":"start","fields":["/Users/hetzner/obrador-shared-pins-20260909/round-1-baseline/chain-round-1-jobs-8/store/yjdpcsmv7gqphviav451h712jrc5j741-leaf-17.drv","",1,1],"id":233010565742627,"level":3,"parent":0,"text":"building 'leaf-17.drv'","type":105}
@nix {"action":"stop","id":233010565742627}
@nix {"action":"start","fields":["/Users/hetzner/obrador-shared-pins-20260909/round-1-baseline/chain-round-1-jobs-8/store/bs1mdmhgmjjnknh5dnx0q9a3y5jrykip-leaf-18.drv.drv","",1,1],"id":233010565742628,"level":3,"parent":0,"text":"building 'leaf-18.drv.drv'","type":105}
@nix {"action":"stop","id":233010565742628}
@nix {"action":"start","fields":["/Users/hetzner/obrador-shared-pins-20260909/round-1-baseline/chain-round-1-jobs-8/store/mqn7g057aprjk74cmxm92swgkzhp9biw-leaf-18.drv","",1,1],"id":233010565742629,"level":3,"parent":0,"text":"building 'leaf-18.drv'","type":105}
@nix {"action":"stop","id":233010565742629}
@nix {"action":"start","fields":["/Users/hetzner/obrador-shared-pins-20260909/round-1-baseline/chain-round-1-jobs-8/store/67krf4hzn5njwr317ya3kf7m7snz2fhh-leaf-19.drv.drv","",1,1],"id":233010565742630,"level":3,"parent":0,"text":"building 'leaf-19.drv.drv'","type":105}
@nix {"action":"stop","id":233010565742630}
@nix {"action":"start","fields":["/Users/hetzner/obrador-shared-pins-20260909/round-1-baseline/chain-round-1-jobs-8/store/67nlm7dw16lwk8vizy2kv62rxf1fg71y-leaf-19.drv","",1,1],"id":233010565742631,"level":3,"parent":0,"text":"building 'leaf-19.drv'","type":105}
@nix {"action":"stop","id":233010565742631}
@nix {"action":"start","fields":["/Users/hetzner/obrador-shared-pins-20260909/round-1-baseline/chain-round-1-jobs-8/store/i7fv2raii1xi6rdps8r9plp6xnkcj90k-leaf-20.drv.drv","",1,1],"id":233010565742632,"level":3,"parent":0,"text":"building 'leaf-20.drv.drv'","type":105}
@nix {"action":"stop","id":233010565742632}
@nix {"action":"start","fields":["/Users/hetzner/obrador-shared-pins-20260909/round-1-baseline/chain-round-1-jobs-8/store/kf9mvplrvfd3jg6pm5nxbfl0wckjycjr-leaf-20.drv","",1,1],"id":233010565742633,"level":3,"parent":0,"text":"building 'leaf-20.drv'","type":105}
@nix {"action":"stop","id":233010565742633}
@nix {"action":"start","fields":["/Users/hetzner/obrador-shared-pins-20260909/round-1-baseline/chain-round-1-jobs-8/store/5hnfdq56bvnnbwcksz1dkrxqb0yz95d3-leaf-21.drv.drv","",1,1],"id":233010565742634,"level":3,"parent":0,"text":"building 'leaf-21.drv.drv'","type":105}
@nix {"action":"stop","id":233010565742634}
@nix {"action":"start","fields":["/Users/hetzner/obrador-shared-pins-20260909/round-1-baseline/chain-round-1-jobs-8/store/j586w696avcscnfp0790lhp4q5p19qva-leaf-21.drv","",1,1],"id":233010565742635,"level":3,"parent":0,"text":"building 'leaf-21.drv'","type":105}
@nix {"action":"stop","id":233010565742635}
@nix {"action":"start","fields":["/Users/hetzner/obrador-shared-pins-20260909/round-1-baseline/chain-round-1-jobs-8/store/rzys3f1kmjyw20kf5mxhf18nl2j9ifca-leaf-22.drv.drv","",1,1],"id":233010565742636,"level":3,"parent":0,"text":"building 'leaf-22.drv.drv'","type":105}
@nix {"action":"stop","id":233010565742636}
@nix {"action":"start","fields":["/Users/hetzner/obrador-shared-pins-20260909/round-1-baseline/chain-round-1-jobs-8/store/x42067rxjp1bi36bfrsmdswannv3a70n-leaf-22.drv","",1,1],"id":233010565742637,"level":3,"parent":0,"text":"building 'leaf-22.drv'","type":105}
@nix {"action":"stop","id":233010565742637}
@nix {"action":"start","fields":["/Users/hetzner/obrador-shared-pins-20260909/round-1-baseline/chain-round-1-jobs-8/store/8hgr2fhck0ln06lm2kbk5kbs6bm2rcfp-leaf-23.drv.drv","",1,1],"id":233010565742638,"level":3,"parent":0,"text":"building 'leaf-23.drv.drv'","type":105}
@nix {"action":"stop","id":233010565742638}
@nix {"action":"start","fields":["/Users/hetzner/obrador-shared-pins-20260909/round-1-baseline/chain-round-1-jobs-8/store/rcjy5h1g14in5nk2ml2vqi0aa8fcw0j8-leaf-23.drv","",1,1],"id":233010565742639,"level":3,"parent":0,"text":"building 'leaf-23.drv'","type":105}
@nix {"action":"stop","id":233010565742639}
@nix {"action":"start","fields":["/Users/hetzner/obrador-shared-pins-20260909/round-1-baseline/chain-round-1-jobs-8/store/b041qaddb6c0hmgp7ycvbgn80rn38mrf-leaf-24.drv.drv","",1,1],"id":233010565742640,"level":3,"parent":0,"text":"building 'leaf-24.drv.drv'","type":105}
@nix {"action":"stop","id":233010565742640}
@nix {"action":"start","fields":["/Users/hetzner/obrador-shared-pins-20260909/round-1-baseline/chain-round-1-jobs-8/store/mfva8bpyspivl8ckqayi3cq0xxw4q2a7-leaf-24.drv","",1,1],"id":233010565742641,"level":3,"parent":0,"text":"building 'leaf-24.drv'","type":105}
@nix {"action":"stop","id":233010565742641}
@nix {"action":"start","fields":["/Users/hetzner/obrador-shared-pins-20260909/round-1-baseline/chain-round-1-jobs-8/store/ykws6plikb41avsi04s8md7mzw7sgcl9-leaf-25.drv.drv","",1,1],"id":233010565742642,"level":3,"parent":0,"text":"building 'leaf-25.drv.drv'","type":105}
@nix {"action":"stop","id":233010565742642}
@nix {"action":"start","fields":["/Users/hetzner/obrador-shared-pins-20260909/round-1-baseline/chain-round-1-jobs-8/store/50l9gdr6bragjj1qavvvjrc4ilqkd052-leaf-25.drv","",1,1],"id":233010565742643,"level":3,"parent":0,"text":"building 'leaf-25.drv'","type":105}
@nix {"action":"stop","id":233010565742643}
@nix {"action":"start","fields":["/Users/hetzner/obrador-shared-pins-20260909/round-1-baseline/chain-round-1-jobs-8/store/7l4pbq3lsq9dc1nn72gldlb84yvvxhcy-leaf-26.drv.drv","",1,1],"id":233010565742644,"level":3,"parent":0,"text":"building 'leaf-26.drv.drv'","type":105}
@nix {"action":"stop","id":233010565742644}
@nix {"action":"start","fields":["/Users/hetzner/obrador-shared-pins-20260909/round-1-baseline/chain-round-1-jobs-8/store/a43c4cavgjbpfdp1i34m9qkgfj52677l-leaf-26.drv","",1,1],"id":233010565742645,"level":3,"parent":0,"text":"building 'leaf-26.drv'","type":105}
@nix {"action":"stop","id":233010565742645}
@nix {"action":"start","fields":["/Users/hetzner/obrador-shared-pins-20260909/round-1-baseline/chain-round-1-jobs-8/store/hbc5rlrgm8hkpri0b17pad2wkpiq1fhb-leaf-27.drv.drv","",1,1],"id":233010565742646,"level":3,"parent":0,"text":"building 'leaf-27.drv.drv'","type":105}
@nix {"action":"stop","id":233010565742646}
@nix {"action":"start","fields":["/Users/hetzner/obrador-shared-pins-20260909/round-1-baseline/chain-round-1-jobs-8/store/priqkqxf3jzy4bfvga0jnx7bi0bzz7by-leaf-27.drv","",1,1],"id":233010565742647,"level":3,"parent":0,"text":"building 'leaf-27.drv'","type":105}
@nix {"action":"stop","id":233010565742647}
@nix {"action":"start","fields":["/Users/hetzner/obrador-shared-pins-20260909/round-1-baseline/chain-round-1-jobs-8/store/w76dd399agcf281dcas83nknvxr61wrc-leaf-28.drv.drv","",1,1],"id":233010565742648,"level":3,"parent":0,"text":"building 'leaf-28.drv.drv'","type":105}
@nix {"action":"stop","id":233010565742648}
@nix {"action":"start","fields":["/Users/hetzner/obrador-shared-pins-20260909/round-1-baseline/chain-round-1-jobs-8/store/k7qxr5ibzn6pkh9i6l8s71ax1lgxdwls-leaf-28.drv","",1,1],"id":233010565742649,"level":3,"parent":0,"text":"building 'leaf-28.drv'","type":105}
@nix {"action":"stop","id":233010565742649}
@nix {"action":"start","fields":["/Users/hetzner/obrador-shared-pins-20260909/round-1-baseline/chain-round-1-jobs-8/store/ydrdav2maxw7by3a5livchbzc9259v4l-leaf-29.drv.drv","",1,1],"id":233010565742650,"level":3,"parent":0,"text":"building 'leaf-29.drv.drv'","type":105}
@nix {"action":"stop","id":233010565742650}
@nix {"action":"start","fields":["/Users/hetzner/obrador-shared-pins-20260909/round-1-baseline/chain-round-1-jobs-8/store/a6wc52y77wix03r33wdccml0w4li9r9x-leaf-29.drv","",1,1],"id":233010565742651,"level":3,"parent":0,"text":"building 'leaf-29.drv'","type":105}
@nix {"action":"stop","id":233010565742651}
@nix {"action":"start","fields":["/Users/hetzner/obrador-shared-pins-20260909/round-1-baseline/chain-round-1-jobs-8/store/fp0vmx9j40bkbbxjn2vsv2blq4wn2gcn-leaf-30.drv.drv","",1,1],"id":233010565742652,"level":3,"parent":0,"text":"building 'leaf-30.drv.drv'","type":105}
@nix {"action":"stop","id":233010565742652}
@nix {"action":"start","fields":["/Users/hetzner/obrador-shared-pins-20260909/round-1-baseline/chain-round-1-jobs-8/store/7cr1x3ak3yq010ml81v1jwn1yry17s8c-leaf-30.drv","",1,1],"id":233010565742653,"level":3,"parent":0,"text":"building 'leaf-30.drv'","type":105}
@nix {"action":"stop","id":233010565742653}
@nix {"action":"start","fields":["/Users/hetzner/obrador-shared-pins-20260909/round-1-baseline/chain-round-1-jobs-8/store/6dvf7zlrs5r1xpk1xdbmm2iyiisfx0qs-leaf-31.drv.drv","",1,1],"id":233010565742654,"level":3,"parent":0,"text":"building 'leaf-31.drv.drv'","type":105}
@nix {"action":"stop","id":233010565742654}
@nix {"action":"start","fields":["/Users/hetzner/obrador-shared-pins-20260909/round-1-baseline/chain-round-1-jobs-8/store/mdqd16id5741lvxzcms1al67k13d1p8p-leaf-31.drv","",1,1],"id":233010565742655,"level":3,"parent":0,"text":"building 'leaf-31.drv'","type":105}
@nix {"action":"stop","id":233010565742655}
