@nix {"action":"msg","level":3,"msg":"these 32 derivations will be built:"}
@nix {"action":"msg","level":3,"msg":"  /Users/hetzner/obrador-shared-pins-20260909/round-2-baseline/wide-round-1-jobs-8/store/0ffmnqvpv9vpl08pql5rc3am27504cgb-leaf-10.drv.drv"}
@nix {"action":"msg","level":3,"msg":"  /Users/hetzner/obrador-shared-pins-20260909/round-2-baseline/wide-round-1-jobs-8/store/1kkc3idqi29gczcifllw63rbb3plqlyf-leaf-14.drv.drv"}
@nix {"action":"msg","level":3,"msg":"  /Users/hetzner/obrador-shared-pins-20260909/round-2-baseline/wide-round-1-jobs-8/store/2jhzr6n5kr4yc375878ga4cam1b4f1kv-leaf-6.drv.drv"}
@nix {"action":"msg","level":3,"msg":"  /Users/hetzner/obrador-shared-pins-20260909/round-2-baseline/wide-round-1-jobs-8/store/3759cjr03xjgvbwi6m34kgcrna2l219c-leaf-16.drv.drv"}
@nix {"action":"msg","level":3,"msg":"  /Users/hetzner/obrador-shared-pins-20260909/round-2-baseline/wide-round-1-jobs-8/store/47wic7cmh2vd05d1gaxfxlvmqcikp3h9-leaf-22.drv.drv"}
@nix {"action":"msg","level":3,"msg":"  /Users/hetzner/obrador-shared-pins-20260909/round-2-baseline/wide-round-1-jobs-8/store/4my1asyafsdychkfw9r53g2plxkvgv3w-leaf-13.drv.drv"}
@nix {"action":"msg","level":3,"msg":"  /Users/hetzner/obrador-shared-pins-20260909/round-2-baseline/wide-round-1-jobs-8/store/5a4czpsx643v0cvdz019m5x5jbwyrp7m-leaf-30.drv.drv"}
@nix {"action":"msg","level":3,"msg":"  /Users/hetzner/obrador-shared-pins-20260909/round-2-baseline/wide-round-1-jobs-8/store/5chnp8ks7db94hsv2kfnsg2xdgh86811-leaf-9.drv.drv"}
@nix {"action":"msg","level":3,"msg":"  /Users/hetzner/obrador-shared-pins-20260909/round-2-baseline/wide-round-1-jobs-8/store/5v442siam382ck3yh59zapmfsfpj41w4-leaf-29.drv.drv"}
@nix {"action":"msg","level":3,"msg":"  /Users/hetzner/obrador-shared-pins-20260909/round-2-baseline/wide-round-1-jobs-8/store/64bldm4k11jp1bl56zrqljazvz3yk05q-leaf-20.drv.drv"}
@nix {"action":"msg","level":3,"msg":"  /Users/hetzner/obrador-shared-pins-20260909/round-2-baseline/wide-round-1-jobs-8/store/6phm6db44bksf7an6r5fz8kfb04518fd-leaf-5.drv.drv"}
@nix {"action":"msg","level":3,"msg":"  /Users/hetzner/obrador-shared-pins-20260909/round-2-baseline/wide-round-1-jobs-8/store/72d95qm69p6qji82sq1wx5nnylx0zsqa-leaf-0.drv.drv"}
@nix {"action":"msg","level":3,"msg":"  /Users/hetzner/obrador-shared-pins-20260909/round-2-baseline/wide-round-1-jobs-8/store/73vqrwsmh4zw7rbh01y5gnp8nrym68ch-leaf-15.drv.drv"}
@nix {"action":"msg","level":3,"msg":"  /Users/hetzner/obrador-shared-pins-20260909/round-2-baseline/wide-round-1-jobs-8/store/9jp775mnrllkcpw5dbasbw91k6fa00wl-leaf-11.drv.drv"}
@nix {"action":"msg","level":3,"msg":"  /Users/hetzner/obrador-shared-pins-20260909/round-2-baseline/wide-round-1-jobs-8/store/a9wfvb06v40sqflxzrngnv10c6rxq149-leaf-18.drv.drv"}
@nix {"action":"msg","level":3,"msg":"  /Users/hetzner/obrador-shared-pins-20260909/round-2-baseline/wide-round-1-jobs-8/store/dfyfzf1nwd2qcq25p70flb0x0djppw3p-leaf-1.drv.drv"}
@nix {"action":"msg","level":3,"msg":"  /Users/hetzner/obrador-shared-pins-20260909/round-2-baseline/wide-round-1-jobs-8/store/gdvj2n1kgjgry0dndcsmglc8d8cb3iaf-leaf-3.drv.drv"}
@nix {"action":"msg","level":3,"msg":"  /Users/hetzner/obrador-shared-pins-20260909/round-2-baseline/wide-round-1-jobs-8/store/jfid6xrcqc7yp89w4pdiq67lhmnzajmj-leaf-19.drv.drv"}
@nix {"action":"msg","level":3,"msg":"  /Users/hetzner/obrador-shared-pins-20260909/round-2-baseline/wide-round-1-jobs-8/store/la7y8i7f2p3dggclap1k3688fhi1zzcy-leaf-4.drv.drv"}
@nix {"action":"msg","level":3,"msg":"  /Users/hetzner/obrador-shared-pins-20260909/round-2-baseline/wide-round-1-jobs-8/store/n14hp71jwfqkw1jvxykw34cimhlgq137-leaf-28.drv.drv"}
@nix {"action":"msg","level":3,"msg":"  /Users/hetzner/obrador-shared-pins-20260909/round-2-baseline/wide-round-1-jobs-8/store/n4p0f26rh0xnmyfl3vlmrk04yd82bglr-leaf-2.drv.drv"}
@nix {"action":"msg","level":3,"msg":"  /Users/hetzner/obrador-shared-pins-20260909/round-2-baseline/wide-round-1-jobs-8/store/ndlpjy91qa7vwanvbyw0b91gdhdnbv1b-leaf-21.drv.drv"}
@nix {"action":"msg","level":3,"msg":"  /Users/hetzner/obrador-shared-pins-20260909/round-2-baseline/wide-round-1-jobs-8/store/nsg8fjidwcdnwmia6z5f1xv14ifn3z3k-leaf-31.drv.drv"}
@nix {"action":"msg","level":3,"msg":"  /Users/hetzner/obrador-shared-pins-20260909/round-2-baseline/wide-round-1-jobs-8/store/p09gbijyh29mdynj97ynh2zqfis4xfr2-leaf-7.drv.drv"}
@nix {"action":"msg","level":3,"msg":"  /Users/hetzner/obrador-shared-pins-20260909/round-2-baseline/wide-round-1-jobs-8/store/pkhkchpvhlrpvhaxh4vn41h2d6w9myg5-leaf-8.drv.drv"}
@nix {"action":"msg","level":3,"msg":"  /Users/hetzner/obrador-shared-pins-20260909/round-2-baseline/wide-round-1-jobs-8/store/r892279j3lcc8flqndixmnnxhhdkkiw9-leaf-17.drv.drv"}
@nix {"action":"msg","level":3,"msg":"  /Users/hetzner/obrador-shared-pins-20260909/round-2-baseline/wide-round-1-jobs-8/store/rk1f79v8bv6mx84k2xwwx43xa55gzf7l-leaf-26.drv.drv"}
@nix {"action":"msg","level":3,"msg":"  /Users/hetzner/obrador-shared-pins-20260909/round-2-baseline/wide-round-1-jobs-8/store/s3pxx5jmfk660qzybzn2mbcqxzs02bqv-leaf-12.drv.drv"}
@nix {"action":"msg","level":3,"msg":"  /Users/hetzner/obrador-shared-pins-20260909/round-2-baseline/wide-round-1-jobs-8/store/w2q0j97jaad5q4ij358gl318bzz5lax4-leaf-27.drv.drv"}
@nix {"action":"msg","level":3,"msg":"  /Users/hetzner/obrador-shared-pins-20260909/round-2-baseline/wide-round-1-jobs-8/store/wf8pi0l8qx02ky8kcsnni4wnqdrwi26m-leaf-24.drv.drv"}
@nix {"action":"msg","level":3,"msg":"  /Users/hetzner/obrador-shared-pins-20260909/round-2-baseline/wide-round-1-jobs-8/store/yq0limig789brksrxlqkw4cc72qcazan-leaf-25.drv.drv"}
@nix {"action":"msg","level":3,"msg":"  /Users/hetzner/obrador-shared-pins-20260909/round-2-baseline/wide-round-1-jobs-8/store/zagwjdssdgd8kmp53isi9v3y1jbsmzsl-leaf-23.drv.drv"}
@nix {"action":"start","fields":["/Users/hetzner/obrador-shared-pins-20260909/round-2-baseline/wide-round-1-jobs-8/store/72d95qm69p6qji82sq1wx5nnylx0zsqa-leaf-0.drv.drv","",1,1],"id":241059334455296,"level":3,"parent":0,"text":"building 'leaf-0.drv.drv'","type":105}
@nix {"action":"start","fields":["/Users/hetzner/obrador-shared-pins-20260909/round-2-baseline/wide-round-1-jobs-8/store/dfyfzf1nwd2qcq25p70flb0x0djppw3p-leaf-1.drv.drv","",1,1],"id":241059334455297,"level":3,"parent":0,"text":"building 'leaf-1.drv.drv'","type":105}
@nix {"action":"start","fields":["/Users/hetzner/obrador-shared-pins-20260909/round-2-baseline/wide-round-1-jobs-8/store/n4p0f26rh0xnmyfl3vlmrk04yd82bglr-leaf-2.drv.drv","",1,1],"id":241059334455298,"level":3,"parent":0,"text":"building 'leaf-2.drv.drv'","type":105}
@nix {"action":"start","fields":["/Users/hetzner/obrador-shared-pins-20260909/round-2-baseline/wide-round-1-jobs-8/store/gdvj2n1kgjgry0dndcsmglc8d8cb3iaf-leaf-3.drv.drv","",1,1],"id":241059334455299,"level":3,"parent":0,"text":"building 'leaf-3.drv.drv'","type":105}
@nix {"action":"start","fields":["/Users/hetzner/obrador-shared-pins-20260909/round-2-baseline/wide-round-1-jobs-8/store/la7y8i7f2p3dggclap1k3688fhi1zzcy-leaf-4.drv.drv","",1,1],"id":241059334455300,"level":3,"parent":0,"text":"building 'leaf-4.drv.drv'","type":105}
@nix {"action":"start","fields":["/Users/hetzner/obrador-shared-pins-20260909/round-2-baseline/wide-round-1-jobs-8/store/6phm6db44bksf7an6r5fz8kfb04518fd-leaf-5.drv.drv","",1,1],"id":241059334455301,"level":3,"parent":0,"text":"building 'leaf-5.drv.drv'","type":105}
@nix {"action":"start","fields":["/Users/hetzner/obrador-shared-pins-20260909/round-2-baseline/wide-round-1-jobs-8/store/2jhzr6n5kr4yc375878ga4cam1b4f1kv-leaf-6.drv.drv","",1,1],"id":241059334455302,"level":3,"parent":0,"text":"building 'leaf-6.drv.drv'","type":105}
@nix {"action":"start","fields":["/Users/hetzner/obrador-shared-pins-20260909/round-2-baseline/wide-round-1-jobs-8/store/p09gbijyh29mdynj97ynh2zqfis4xfr2-leaf-7.drv.drv","",1,1],"id":241059334455303,"level":3,"parent":0,"text":"building 'leaf-7.drv.drv'","type":105}
@nix {"action":"stop","id":241059334455300}
@nix {"action":"stop","id":241059334455298}
@nix {"action":"stop","id":241059334455296}
@nix {"action":"stop","id":241059334455297}
@nix {"action":"stop","id":241059334455302}
@nix {"action":"stop","id":241059334455303}
@nix {"action":"stop","id":241059334455301}
@nix {"action":"stop","id":241059334455299}
@nix {"action":"start","fields":["/Users/hetzner/obrador-shared-pins-20260909/round-2-baseline/wide-round-1-jobs-8/store/rh88xcrmfvx9n5xy7my9pcz6slbx6lbg-leaf-4.drv","",1,1],"id":241059334455304,"level":3,"parent":0,"text":"building 'leaf-4.drv'","type":105}
@nix {"action":"stop","id":241059334455304}
@nix {"action":"start","fields":["/Users/hetzner/obrador-shared-pins-20260909/round-2-baseline/wide-round-1-jobs-8/store/xw677qqh5llz9yzpp3lq2dmypi19hm13-leaf-2.drv","",1,1],"id":241059334455305,"level":3,"parent":0,"text":"building 'leaf-2.drv'","type":105}
@nix {"action":"stop","id":241059334455305}
@nix {"action":"start","fields":["/Users/hetzner/obrador-shared-pins-20260909/round-2-baseline/wide-round-1-jobs-8/store/p9a363ji04m4jnbpxya1qc6jipy6p3zx-leaf-0.drv","",1,1],"id":241059334455306,"level":3,"parent":0,"text":"building 'leaf-0.drv'","type":105}
@nix {"action":"start","fields":["/Users/hetzner/obrador-shared-pins-20260909/round-2-baseline/wide-round-1-jobs-8/store/nxnj1k6mn5xnaa2bsx7xzqn3q7qim51s-leaf-1.drv","",1,1],"id":241059334455307,"level":3,"parent":0,"text":"building 'leaf-1.drv'","type":105}
@nix {"action":"stop","id":241059334455306}
@nix {"action":"start","fields":["/Users/hetzner/obrador-shared-pins-20260909/round-2-baseline/wide-round-1-jobs-8/store/5zxd4f14ga9j6s1rdd6i76h80zvbqn8y-leaf-6.drv","",1,1],"id":241059334455308,"level":3,"parent":0,"text":"building 'leaf-6.drv'","type":105}
@nix {"action":"stop","id":241059334455307}
@nix {"action":"start","fields":["/Users/hetzner/obrador-shared-pins-20260909/round-2-baseline/wide-round-1-jobs-8/store/b6wy7nmpjnf88pja496bq1fmgx8kwj3p-leaf-7.drv","",1,1],"id":241059334455309,"level":3,"parent":0,"text":"building 'leaf-7.drv'","type":105}
@nix {"action":"stop","id":241059334455308}
@nix {"action":"start","fields":["/Users/hetzner/obrador-shared-pins-20260909/round-2-baseline/wide-round-1-jobs-8/store/24cj7fzijikzzrnif3ixzaaigw89d42q-leaf-5.drv","",1,1],"id":241059334455310,"level":3,"parent":0,"text":"building 'leaf-5.drv'","type":105}
@nix {"action":"stop","id":241059334455309}
@nix {"action":"stop","id":241059334455310}
@nix {"action":"start","fields":["/Users/hetzner/obrador-shared-pins-20260909/round-2-baseline/wide-round-1-jobs-8/store/5rn1m0mjfx65192i8rqzmbgg0cv6sx8k-leaf-3.drv","",1,1],"id":241059334455311,"level":3,"parent":0,"text":"building 'leaf-3.drv'","type":105}
@nix {"action":"stop","id":241059334455311}
@nix {"action":"start","fields":["/Users/hetzner/obrador-shared-pins-20260909/round-2-baseline/wide-round-1-jobs-8/store/pkhkchpvhlrpvhaxh4vn41h2d6w9myg5-leaf-8.drv.drv","",1,1],"id":241059334455312,"level":3,"parent":0,"text":"building 'leaf-8.drv.drv'","type":105}
@nix {"action":"stop","id":241059334455312}
@nix {"action":"start","fields":["/Users/hetzner/obrador-shared-pins-20260909/round-2-baseline/wide-round-1-jobs-8/store/5chnp8ks7db94hsv2kfnsg2xdgh86811-leaf-9.drv.drv","",1,1],"id":241059334455313,"level":3,"parent":0,"text":"building 'leaf-9.drv.drv'","type":105}
@nix {"action":"start","fields":["/Users/hetzner/obrador-shared-pins-20260909/round-2-baseline/wide-round-1-jobs-8/store/0ffmnqvpv9vpl08pql5rc3am27504cgb-leaf-10.drv.drv","",1,1],"id":241059334455314,"level":3,"parent":0,"text":"building 'leaf-10.drv.drv'","type":105}
@nix {"action":"stop","id":241059334455313}
@nix {"action":"stop","id":241059334455314}
@nix {"action":"start","fields":["/Users/hetzner/obrador-shared-pins-20260909/round-2-baseline/wide-round-1-jobs-8/store/9jp775mnrllkcpw5dbasbw91k6fa00wl-leaf-11.drv.drv","",1,1],"id":241059334455315,"level":3,"parent":0,"text":"building 'leaf-11.drv.drv'","type":105}
@nix {"action":"start","fields":["/Users/hetzner/obrador-shared-pins-20260909/round-2-baseline/wide-round-1-jobs-8/store/s3pxx5jmfk660qzybzn2mbcqxzs02bqv-leaf-12.drv.drv","",1,1],"id":241059334455316,"level":3,"parent":0,"text":"building 'leaf-12.drv.drv'","type":105}
@nix {"action":"start","fields":["/Users/hetzner/obrador-shared-pins-20260909/round-2-baseline/wide-round-1-jobs-8/store/4my1asyafsdychkfw9r53g2plxkvgv3w-leaf-13.drv.drv","",1,1],"id":241059334455317,"level":3,"parent":0,"text":"building 'leaf-13.drv.drv'","type":105}
@nix {"action":"start","fields":["/Users/hetzner/obrador-shared-pins-20260909/round-2-baseline/wide-round-1-jobs-8/store/1kkc3idqi29gczcifllw63rbb3plqlyf-leaf-14.drv.drv","",1,1],"id":241059334455318,"level":3,"parent":0,"text":"building 'leaf-14.drv.drv'","type":105}
@nix {"action":"start","fields":["/Users/hetzner/obrador-shared-pins-20260909/round-2-baseline/wide-round-1-jobs-8/store/73vqrwsmh4zw7rbh01y5gnp8nrym68ch-leaf-15.drv.drv","",1,1],"id":241059334455319,"level":3,"parent":0,"text":"building 'leaf-15.drv.drv'","type":105}
@nix {"action":"start","fields":["/Users/hetzner/obrador-shared-pins-20260909/round-2-baseline/wide-round-1-jobs-8/store/x7yps48hddwp0qkrrjcahw21wcb5ry29-leaf-8.drv","",1,1],"id":241059334455320,"level":3,"parent":0,"text":"building 'leaf-8.drv'","type":105}
@nix {"action":"stop","id":241059334455315}
@nix {"action":"stop","id":241059334455317}
@nix {"action":"stop","id":241059334455316}
@nix {"action":"stop","id":241059334455318}
@nix {"action":"stop","id":241059334455319}
@nix {"action":"start","fields":["/Users/hetzner/obrador-shared-pins-20260909/round-2-baseline/wide-round-1-jobs-8/store/wz1m4pk3n97hzdxmrgmxy98zg18hzwx9-leaf-9.drv","",1,1],"id":241059334455321,"level":3,"parent":0,"text":"building 'leaf-9.drv'","type":105}
@nix {"action":"stop","id":241059334455320}
@nix {"action":"stop","id":241059334455321}
@nix {"action":"start","fields":["/Users/hetzner/obrador-shared-pins-20260909/round-2-baseline/wide-round-1-jobs-8/store/9i8jj3mbdygqs9wz2z3b1k585rzawkrx-leaf-10.drv","",1,1],"id":241059334455322,"level":3,"parent":0,"text":"building 'leaf-10.drv'","type":105}
@nix {"action":"stop","id":241059334455322}
@nix {"action":"start","fields":["/Users/hetzner/obrador-shared-pins-20260909/round-2-baseline/wide-round-1-jobs-8/store/8rfrzq8hcf1wn868aajwlawxpdxipcfq-leaf-11.drv","",1,1],"id":241059334455323,"level":3,"parent":0,"text":"building 'leaf-11.drv'","type":105}
@nix {"action":"start","fields":["/Users/hetzner/obrador-shared-pins-20260909/round-2-baseline/wide-round-1-jobs-8/store/9nc8m3100dsgcb9i9rfw4vpxz5wadgiq-leaf-13.drv","",1,1],"id":241059334455324,"level":3,"parent":0,"text":"building 'leaf-13.drv'","type":105}
@nix {"action":"stop","id":241059334455323}
@nix {"action":"start","fields":["/Users/hetzner/obrador-shared-pins-20260909/round-2-baseline/wide-round-1-jobs-8/store/dg4aqkav21wk3pjggvzgrrk7x75c9ds2-leaf-12.drv","",1,1],"id":241059334455325,"level":3,"parent":0,"text":"building 'leaf-12.drv'","type":105}
@nix {"action":"stop","id":241059334455324}
@nix {"action":"start","fields":["/Users/hetzner/obrador-shared-pins-20260909/round-2-baseline/wide-round-1-jobs-8/store/62halh18flab0ma9k37m7107kk60m57x-leaf-14.drv","",1,1],"id":241059334455326,"level":3,"parent":0,"text":"building 'leaf-14.drv'","type":105}
@nix {"action":"start","fields":["/Users/hetzner/obrador-shared-pins-20260909/round-2-baseline/wide-round-1-jobs-8/store/vwvlvbmfsvqv2lppd93x0abfhvd12d1i-leaf-15.drv","",1,1],"id":241059334455327,"level":3,"parent":0,"text":"building 'leaf-15.drv'","type":105}
@nix {"action":"stop","id":241059334455325}
@nix {"action":"stop","id":241059334455326}
@nix {"action":"stop","id":241059334455327}
@nix {"action":"start","fields":["/Users/hetzner/obrador-shared-pins-20260909/round-2-baseline/wide-round-1-jobs-8/store/3759cjr03xjgvbwi6m34kgcrna2l219c-leaf-16.drv.drv","",1,1],"id":241059334455328,"level":3,"parent":0,"text":"building 'leaf-16.drv.drv'","type":105}
@nix {"action":"stop","id":241059334455328}
@nix {"action":"start","fields":["/Users/hetzner/obrador-shared-pins-20260909/round-2-baseline/wide-round-1-jobs-8/store/r892279j3lcc8flqndixmnnxhhdkkiw9-leaf-17.drv.drv","",1,1],"id":241059334455329,"level":3,"parent":0,"text":"building 'leaf-17.drv.drv'","type":105}
@nix {"action":"start","fields":["/Users/hetzner/obrador-shared-pins-20260909/round-2-baseline/wide-round-1-jobs-8/store/a9wfvb06v40sqflxzrngnv10c6rxq149-leaf-18.drv.drv","",1,1],"id":241059334455330,"level":3,"parent":0,"text":"building 'leaf-18.drv.drv'","type":105}
@nix {"action":"stop","id":241059334455329}
@nix {"action":"start","fields":["/Users/hetzner/obrador-shared-pins-20260909/round-2-baseline/wide-round-1-jobs-8/store/jfid6xrcqc7yp89w4pdiq67lhmnzajmj-leaf-19.drv.drv","",1,1],"id":241059334455331,"level":3,"parent":0,"text":"building 'leaf-19.drv.drv'","type":105}
@nix {"action":"stop","id":241059334455330}
@nix {"action":"stop","id":241059334455331}
@nix {"action":"start","fields":["/Users/hetzner/obrador-shared-pins-20260909/round-2-baseline/wide-round-1-jobs-8/store/64bldm4k11jp1bl56zrqljazvz3yk05q-leaf-20.drv.drv","",1,1],"id":241059334455332,"level":3,"parent":0,"text":"building 'leaf-20.drv.drv'","type":105}
@nix {"action":"start","fields":["/Users/hetzner/obrador-shared-pins-20260909/round-2-baseline/wide-round-1-jobs-8/store/ndlpjy91qa7vwanvbyw0b91gdhdnbv1b-leaf-21.drv.drv","",1,1],"id":241059334455333,"level":3,"parent":0,"text":"building 'leaf-21.drv.drv'","type":105}
@nix {"action":"stop","id":241059334455332}
@nix {"action":"start","fields":["/Users/hetzner/obrador-shared-pins-20260909/round-2-baseline/wide-round-1-jobs-8/store/47wic7cmh2vd05d1gaxfxlvmqcikp3h9-leaf-22.drv.drv","",1,1],"id":241059334455334,"level":3,"parent":0,"text":"building 'leaf-22.drv.drv'","type":105}
@nix {"action":"start","fields":["/Users/hetzner/obrador-shared-pins-20260909/round-2-baseline/wide-round-1-jobs-8/store/zagwjdssdgd8kmp53isi9v3y1jbsmzsl-leaf-23.drv.drv","",1,1],"id":241059334455335,"level":3,"parent":0,"text":"building 'leaf-23.drv.drv'","type":105}
@nix {"action":"stop","id":241059334455333}
@nix {"action":"stop","id":241059334455334}
@nix {"action":"start","fields":["/Users/hetzner/obrador-shared-pins-20260909/round-2-baseline/wide-round-1-jobs-8/store/lwazankbr3j8b9y7xqgmz1qrqcynxpvh-leaf-16.drv","",1,1],"id":241059334455336,"level":3,"parent":0,"text":"building 'leaf-16.drv'","type":105}
@nix {"action":"stop","id":241059334455335}
@nix {"action":"stop","id":241059334455336}
@nix {"action":"start","fields":["/Users/hetzner/obrador-shared-pins-20260909/round-2-baseline/wide-round-1-jobs-8/store/wyqc2saxd5dhi6wrwgnp3c80bhwb8i5g-leaf-17.drv","",1,1],"id":241059334455337,"level":3,"parent":0,"text":"building 'leaf-17.drv'","type":105}
@nix {"action":"stop","id":241059334455337}
@nix {"action":"start","fields":["/Users/hetzner/obrador-shared-pins-20260909/round-2-baseline/wide-round-1-jobs-8/store/zi4g8q11mzv5lcfw2kj6wlv2w55r1h4j-leaf-18.drv","",1,1],"id":241059334455338,"level":3,"parent":0,"text":"building 'leaf-18.drv'","type":105}
@nix {"action":"start","fields":["/Users/hetzner/obrador-shared-pins-20260909/round-2-baseline/wide-round-1-jobs-8/store/nxz9zbqsn14a2ppck8785d3zgjsldm75-leaf-19.drv","",1,1],"id":241059334455339,"level":3,"parent":0,"text":"building 'leaf-19.drv'","type":105}
@nix {"action":"stop","id":241059334455338}
@nix {"action":"start","fields":["/Users/hetzner/obrador-shared-pins-20260909/round-2-baseline/wide-round-1-jobs-8/store/7wms0837j5v50x1lwampbz588cm1gc3i-leaf-20.drv","",1,1],"id":241059334455340,"level":3,"parent":0,"text":"building 'leaf-20.drv'","type":105}
@nix {"action":"stop","id":241059334455339}
@nix {"action":"start","fields":["/Users/hetzner/obrador-shared-pins-20260909/round-2-baseline/wide-round-1-jobs-8/store/f810691zmzakybaaq3ixd0mhc4hi0rg7-leaf-21.drv","",1,1],"id":241059334455341,"level":3,"parent":0,"text":"building 'leaf-21.drv'","type":105}
@nix {"action":"stop","id":241059334455340}
@nix {"action":"stop","id":241059334455341}
@nix {"action":"start","fields":["/Users/hetzner/obrador-shared-pins-20260909/round-2-baseline/wide-round-1-jobs-8/store/azf8cgvhnlb58ns13nkj2p1a0wyq39zg-leaf-22.drv","",1,1],"id":241059334455342,"level":3,"parent":0,"text":"building 'leaf-22.drv'","type":105}
@nix {"action":"stop","id":241059334455342}
@nix {"action":"start","fields":["/Users/hetzner/obrador-shared-pins-20260909/round-2-baseline/wide-round-1-jobs-8/store/bf08v1hc10ras8hkmh5a98m43w5islfb-leaf-23.drv","",1,1],"id":241059334455343,"level":3,"parent":0,"text":"building 'leaf-23.drv'","type":105}
@nix {"action":"start","fields":["/Users/hetzner/obrador-shared-pins-20260909/round-2-baseline/wide-round-1-jobs-8/store/wf8pi0l8qx02ky8kcsnni4wnqdrwi26m-leaf-24.drv.drv","",1,1],"id":241059334455344,"level":3,"parent":0,"text":"building 'leaf-24.drv.drv'","type":105}
@nix {"action":"stop","id":241059334455343}
@nix {"action":"start","fields":["/Users/hetzner/obrador-shared-pins-20260909/round-2-baseline/wide-round-1-jobs-8/store/yq0limig789brksrxlqkw4cc72qcazan-leaf-25.drv.drv","",1,1],"id":241059334455345,"level":3,"parent":0,"text":"building 'leaf-25.drv.drv'","type":105}
@nix {"action":"stop","id":241059334455344}
@nix {"action":"stop","id":241059334455345}
@nix {"action":"start","fields":["/Users/hetzner/obrador-shared-pins-20260909/round-2-baseline/wide-round-1-jobs-8/store/rk1f79v8bv6mx84k2xwwx43xa55gzf7l-leaf-26.drv.drv","",1,1],"id":241059334455346,"level":3,"parent":0,"text":"building 'leaf-26.drv.drv'","type":105}
@nix {"action":"stop","id":241059334455346}
@nix {"action":"start","fields":["/Users/hetzner/obrador-shared-pins-20260909/round-2-baseline/wide-round-1-jobs-8/store/w2q0j97jaad5q4ij358gl318bzz5lax4-leaf-27.drv.drv","",1,1],"id":241059334455347,"level":3,"parent":0,"text":"building 'leaf-27.drv.drv'","type":105}
@nix {"action":"stop","id":241059334455347}
@nix {"action":"start","fields":["/Users/hetzner/obrador-shared-pins-20260909/round-2-baseline/wide-round-1-jobs-8/store/n14hp71jwfqkw1jvxykw34cimhlgq137-leaf-28.drv.drv","",1,1],"id":241059334455348,"level":3,"parent":0,"text":"building 'leaf-28.drv.drv'","type":105}
@nix {"action":"stop","id":241059334455348}
@nix {"action":"start","fields":["/Users/hetzner/obrador-shared-pins-20260909/round-2-baseline/wide-round-1-jobs-8/store/5v442siam382ck3yh59zapmfsfpj41w4-leaf-29.drv.drv","",1,1],"id":241059334455349,"level":3,"parent":0,"text":"building 'leaf-29.drv.drv'","type":105}
@nix {"action":"stop","id":241059334455349}
@nix {"action":"start","fields":["/Users/hetzner/obrador-shared-pins-20260909/round-2-baseline/wide-round-1-jobs-8/store/5a4czpsx643v0cvdz019m5x5jbwyrp7m-leaf-30.drv.drv","",1,1],"id":241059334455350,"level":3,"parent":0,"text":"building 'leaf-30.drv.drv'","type":105}
@nix {"action":"stop","id":241059334455350}
@nix {"action":"start","fields":["/Users/hetzner/obrador-shared-pins-20260909/round-2-baseline/wide-round-1-jobs-8/store/nsg8fjidwcdnwmia6z5f1xv14ifn3z3k-leaf-31.drv.drv","",1,1],"id":241059334455351,"level":3,"parent":0,"text":"building 'leaf-31.drv.drv'","type":105}
@nix {"action":"stop","id":241059334455351}
@nix {"action":"start","fields":["/Users/hetzner/obrador-shared-pins-20260909/round-2-baseline/wide-round-1-jobs-8/store/z2pskh1mqnp5ibjfvxddf5dnmx31jfg3-leaf-24.drv","",1,1],"id":241059334455352,"level":3,"parent":0,"text":"building 'leaf-24.drv'","type":105}
@nix {"action":"stop","id":241059334455352}
@nix {"action":"start","fields":["/Users/hetzner/obrador-shared-pins-20260909/round-2-baseline/wide-round-1-jobs-8/store/vm0hl2z8zcml526g9zakdbgdxskcinlp-leaf-25.drv","",1,1],"id":241059334455353,"level":3,"parent":0,"text":"building 'leaf-25.drv'","type":105}
@nix {"action":"stop","id":241059334455353}
@nix {"action":"start","fields":["/Users/hetzner/obrador-shared-pins-20260909/round-2-baseline/wide-round-1-jobs-8/store/8rwxd1wsfr4n7d1da15jbjhkraqy32x6-leaf-26.drv","",1,1],"id":241059334455354,"level":3,"parent":0,"text":"building 'leaf-26.drv'","type":105}
@nix {"action":"stop","id":241059334455354}
@nix {"action":"start","fields":["/Users/hetzner/obrador-shared-pins-20260909/round-2-baseline/wide-round-1-jobs-8/store/4682vp8hlym7cki0f5q53yg3gr014vn5-leaf-27.drv","",1,1],"id":241059334455355,"level":3,"parent":0,"text":"building 'leaf-27.drv'","type":105}
@nix {"action":"stop","id":241059334455355}
@nix {"action":"start","fields":["/Users/hetzner/obrador-shared-pins-20260909/round-2-baseline/wide-round-1-jobs-8/store/y9w2783iv35zxjwlj9v77xa5ckvvzxlj-leaf-28.drv","",1,1],"id":241059334455356,"level":3,"parent":0,"text":"building 'leaf-28.drv'","type":105}
@nix {"action":"stop","id":241059334455356}
@nix {"action":"start","fields":["/Users/hetzner/obrador-shared-pins-20260909/round-2-baseline/wide-round-1-jobs-8/store/6n0rm40kisbww692xqhpip8fyi7ivcmk-leaf-29.drv","",1,1],"id":241059334455357,"level":3,"parent":0,"text":"building 'leaf-29.drv'","type":105}
@nix {"action":"stop","id":241059334455357}
@nix {"action":"start","fields":["/Users/hetzner/obrador-shared-pins-20260909/round-2-baseline/wide-round-1-jobs-8/store/97zpx7chpahf9py70i5bqjb9pq42snml-leaf-30.drv","",1,1],"id":241059334455358,"level":3,"parent":0,"text":"building 'leaf-30.drv'","type":105}
@nix {"action":"stop","id":241059334455358}
@nix {"action":"start","fields":["/Users/hetzner/obrador-shared-pins-20260909/round-2-baseline/wide-round-1-jobs-8/store/sq8kzrrnbm2i0642m9pi5i4jqwfxq6in-leaf-31.drv","",1,1],"id":241059334455359,"level":3,"parent":0,"text":"building 'leaf-31.drv'","type":105}
@nix {"action":"stop","id":241059334455359}
