copying 32 paths...
copying path '/Users/hetzner/obrador-shared-pins-20260909/round-2-baseline/wide-round-1-jobs-8/store/46a7cgc32c9g8rnhcwayxlzd4rbdbkl0-leaf-29-result' from 'obrador+local:///Users/hetzner/obrador-shared-pins-20260909/round-2-baseline/wide-round-1-jobs-8/obrador/state'...
copying path '/Users/hetzner/obrador-shared-pins-20260909/round-2-baseline/wide-round-1-jobs-8/store/3ri8b9gykpl1kifl3zzy4b4rspmjwr8p-leaf-12-result' from 'obrador+local:///Users/hetzner/obrador-shared-pins-20260909/round-2-baseline/wide-round-1-jobs-8/obrador/state'...
copying path '/Users/hetzner/obrador-shared-pins-20260909/round-2-baseline/wide-round-1-jobs-8/store/38xbd073y2n7vfx6xhinzmng5n3z4pmk-leaf-14-result' from 'obrador+local:///Users/hetzner/obrador-shared-pins-20260909/round-2-baseline/wide-round-1-jobs-8/obrador/state'...
copying path '/Users/hetzner/obrador-shared-pins-20260909/round-2-baseline/wide-round-1-jobs-8/store/5s3f9mzv9nkb8vyypmhhfzyk3mzx9n7k-leaf-5-result' from 'obrador+local:///Users/hetzner/obrador-shared-pins-20260909/round-2-baseline/wide-round-1-jobs-8/obrador/state'...
copying path '/Users/hetzner/obrador-shared-pins-20260909/round-2-baseline/wide-round-1-jobs-8/store/12lg31dq2c23xl4d3r1zs6dw4k2sdh1n-leaf-4-result' from 'obrador+local:///Users/hetzner/obrador-shared-pins-20260909/round-2-baseline/wide-round-1-jobs-8/obrador/state'...
copying path '/Users/hetzner/obrador-shared-pins-20260909/round-2-baseline/wide-round-1-jobs-8/store/5zlp0dh9imry73dp0bc989vsph9mrly9-leaf-22-result' from 'obrador+local:///Users/hetzner/obrador-shared-pins-20260909/round-2-baseline/wide-round-1-jobs-8/obrador/state'...
copying path '/Users/hetzner/obrador-shared-pins-20260909/round-2-baseline/wide-round-1-jobs-8/store/3x0gl3w7mz97kbqq8v3dfh6zmn6ydmgj-leaf-27-result' from 'obrador+local:///Users/hetzner/obrador-shared-pins-20260909/round-2-baseline/wide-round-1-jobs-8/obrador/state'...
copying path '/Users/hetzner/obrador-shared-pins-20260909/round-2-baseline/wide-round-1-jobs-8/store/443y2zwmg55j8k3jh4yvndv0znzp7zn8-leaf-24-result' from 'obrador+local:///Users/hetzner/obrador-shared-pins-20260909/round-2-baseline/wide-round-1-jobs-8/obrador/state'...
copying path '/Users/hetzner/obrador-shared-pins-20260909/round-2-baseline/wide-round-1-jobs-8/store/6jhnpgis7v2j5afg1a4vg9i67a7nayws-leaf-31-result' from 'obrador+local:///Users/hetzner/obrador-shared-pins-20260909/round-2-baseline/wide-round-1-jobs-8/obrador/state'...
copying path '/Users/hetzner/obrador-shared-pins-20260909/round-2-baseline/wide-round-1-jobs-8/store/798swjipjvl6di7mijh4490bsv28j7cb-leaf-26-result' from 'obrador+local:///Users/hetzner/obrador-shared-pins-20260909/round-2-baseline/wide-round-1-jobs-8/obrador/state'...
copying path '/Users/hetzner/obrador-shared-pins-20260909/round-2-baseline/wide-round-1-jobs-8/store/7nhwph5dgqjk6q7d5ln42a3z51vrxyq7-leaf-3-result' from 'obrador+local:///Users/hetzner/obrador-shared-pins-20260909/round-2-baseline/wide-round-1-jobs-8/obrador/state'...
copying path '/Users/hetzner/obrador-shared-pins-20260909/round-2-baseline/wide-round-1-jobs-8/store/7sh8jmx39xj6j27wdjbidm8pskpy59y9-leaf-23-result' from 'obrador+local:///Users/hetzner/obrador-shared-pins-20260909/round-2-baseline/wide-round-1-jobs-8/obrador/state'...
copying path '/Users/hetzner/obrador-shared-pins-20260909/round-2-baseline/wide-round-1-jobs-8/store/cmb64nfs762xs88269aa8yw3azn5i13l-leaf-19-result' from 'obrador+local:///Users/hetzner/obrador-shared-pins-20260909/round-2-baseline/wide-round-1-jobs-8/obrador/state'...
copying path '/Users/hetzner/obrador-shared-pins-20260909/round-2-baseline/wide-round-1-jobs-8/store/fnj2bwzc2jwiganf72yaplxip55rn49c-leaf-18-result' from 'obrador+local:///Users/hetzner/obrador-shared-pins-20260909/round-2-baseline/wide-round-1-jobs-8/obrador/state'...
copying path '/Users/hetzner/obrador-shared-pins-20260909/round-2-baseline/wide-round-1-jobs-8/store/k6214fg129pkyyl1vimm8b11zxq3rd54-leaf-13-result' from 'obrador+local:///Users/hetzner/obrador-shared-pins-20260909/round-2-baseline/wide-round-1-jobs-8/obrador/state'...
copying path '/Users/hetzner/obrador-shared-pins-20260909/round-2-baseline/wide-round-1-jobs-8/store/l3m4abpnb8q2pg8902hgzx7k0dzmvxj6-leaf-11-result' from 'obrador+local:///Users/hetzner/obrador-shared-pins-20260909/round-2-baseline/wide-round-1-jobs-8/obrador/state'...
copying path '/Users/hetzner/obrador-shared-pins-20260909/round-2-baseline/wide-round-1-jobs-8/store/m9lqb2vr3hxjl6d9x3qc9rp160frdgyl-leaf-2-result' from 'obrador+local:///Users/hetzner/obrador-shared-pins-20260909/round-2-baseline/wide-round-1-jobs-8/obrador/state'...
copying path '/Users/hetzner/obrador-shared-pins-20260909/round-2-baseline/wide-round-1-jobs-8/store/my35amsv6k5yrj58y8ax5jscxfkzkwvc-leaf-21-result' from 'obrador+local:///Users/hetzner/obrador-shared-pins-20260909/round-2-baseline/wide-round-1-jobs-8/obrador/state'...
copying path '/Users/hetzner/obrador-shared-pins-20260909/round-2-baseline/wide-round-1-jobs-8/store/n03hgc79kbcbr2jdqnwpz953rmcksj39-leaf-16-result' from 'obrador+local:///Users/hetzner/obrador-shared-pins-20260909/round-2-baseline/wide-round-1-jobs-8/obrador/state'...
copying path '/Users/hetzner/obrador-shared-pins-20260909/round-2-baseline/wide-round-1-jobs-8/store/n0zq9ld3hr5l8n87pi27j01f54rcdadi-leaf-28-result' from 'obrador+local:///Users/hetzner/obrador-shared-pins-20260909/round-2-baseline/wide-round-1-jobs-8/obrador/state'...
copying path '/Users/hetzner/obrador-shared-pins-20260909/round-2-baseline/wide-round-1-jobs-8/store/nhfirzwgx5n1wli1g8cahr3q0gqmr55p-leaf-6-result' from 'obrador+local:///Users/hetzner/obrador-shared-pins-20260909/round-2-baseline/wide-round-1-jobs-8/obrador/state'...
copying path '/Users/hetzner/obrador-shared-pins-20260909/round-2-baseline/wide-round-1-jobs-8/store/qlb5rm6pd6rikc8583jh9g24f1zy5wvk-leaf-9-result' from 'obrador+local:///Users/hetzner/obrador-shared-pins-20260909/round-2-baseline/wide-round-1-jobs-8/obrador/state'...
copying path '/Users/hetzner/obrador-shared-pins-20260909/round-2-baseline/wide-round-1-jobs-8/store/r0p1hf2yrampdk6j0kqw35fmyrk39zax-leaf-7-result' from 'obrador+local:///Users/hetzner/obrador-shared-pins-20260909/round-2-baseline/wide-round-1-jobs-8/obrador/state'...
copying path '/Users/hetzner/obrador-shared-pins-20260909/round-2-baseline/wide-round-1-jobs-8/store/rzjk725x0ws49fmzfrfyqcd7kz2z8bl7-leaf-0-result' from 'obrador+local:///Users/hetzner/obrador-shared-pins-20260909/round-2-baseline/wide-round-1-jobs-8/obrador/state'...
copying path '/Users/hetzner/obrador-shared-pins-20260909/round-2-baseline/wide-round-1-jobs-8/store/vil9fsb071vgnap3jq0slkpcaag9y5hc-leaf-25-result' from 'obrador+local:///Users/hetzner/obrador-shared-pins-20260909/round-2-baseline/wide-round-1-jobs-8/obrador/state'...
copying path '/Users/hetzner/obrador-shared-pins-20260909/round-2-baseline/wide-round-1-jobs-8/store/vvrf614hs40n75q3p3sad99sk9n35bkx-leaf-15-result' from 'obrador+local:///Users/hetzner/obrador-shared-pins-20260909/round-2-baseline/wide-round-1-jobs-8/obrador/state'...
copying path '/Users/hetzner/obrador-shared-pins-20260909/round-2-baseline/wide-round-1-jobs-8/store/vvryfii132chkblx7089yhv1031wfavd-leaf-10-result' from 'obrador+local:///Users/hetzner/obrador-shared-pins-20260909/round-2-baseline/wide-round-1-jobs-8/obrador/state'...
copying path '/Users/hetzner/obrador-shared-pins-20260909/round-2-baseline/wide-round-1-jobs-8/store/xc8pvg54wx1kwra3jfnqcx8xykq6yzb8-leaf-17-result' from 'obrador+local:///Users/hetzner/obrador-shared-pins-20260909/round-2-baseline/wide-round-1-jobs-8/obrador/state'...
copying path '/Users/hetzner/obrador-shared-pins-20260909/round-2-baseline/wide-round-1-jobs-8/store/y0981yvmw0m17nnrpza4y9cjvwq68gzn-leaf-30-result' from 'obrador+local:///Users/hetzner/obrador-shared-pins-20260909/round-2-baseline/wide-round-1-jobs-8/obrador/state'...
copying path '/Users/hetzner/obrador-shared-pins-20260909/round-2-baseline/wide-round-1-jobs-8/store/ybw4s2pz1hvc6n87nmc9g5p3rzlx65vd-leaf-1-result' from 'obrador+local:///Users/hetzner/obrador-shared-pins-20260909/round-2-baseline/wide-round-1-jobs-8/obrador/state'...
copying path '/Users/hetzner/obrador-shared-pins-20260909/round-2-baseline/wide-round-1-jobs-8/store/z54jxms7jniibz8awlyyfzf76ba0vp2x-leaf-8-result' from 'obrador+local:///Users/hetzner/obrador-shared-pins-20260909/round-2-baseline/wide-round-1-jobs-8/obrador/state'...
copying path '/Users/hetzner/obrador-shared-pins-20260909/round-2-baseline/wide-round-1-jobs-8/store/zrk8j3nsy08b7hhijr85dn8xygydkl7c-leaf-20-result' from 'obrador+local:///Users/hetzner/obrador-shared-pins-20260909/round-2-baseline/wide-round-1-jobs-8/obrador/state'...
