copying 33 paths...
copying path '/Users/hetzner/obrador-shared-pins-20260909/round-1-baseline/chain-round-1-jobs-8/store/25g355wc8p3951l4108x3gbndd8cc605-seed' to 'local://'...
copying path '/Users/hetzner/obrador-shared-pins-20260909/round-1-baseline/chain-round-1-jobs-8/store/1m19vl8prpkn9575k1m347wzllnv8ayn-leaf-0.drv.drv' to 'local://'...
copying path '/Users/hetzner/obrador-shared-pins-20260909/round-1-baseline/chain-round-1-jobs-8/store/p2yl2pz52h8vzp69mwywk2gmq651fwp8-leaf-1.drv.drv' to 'local://'...
copying path '/Users/hetzner/obrador-shared-pins-20260909/round-1-baseline/chain-round-1-jobs-8/store/y0djlcasds4fva7cbzwdr2nrqs3ax6gw-leaf-2.drv.drv' to 'local://'...
copying path '/Users/hetzner/obrador-shared-pins-20260909/round-1-baseline/chain-round-1-jobs-8/store/8hv32yvginf6blfggbpcw88fpvbw9l8m-leaf-3.drv.drv' to 'local://'...
copying path '/Users/hetzner/obrador-shared-pins-20260909/round-1-baseline/chain-round-1-jobs-8/store/z5v7k78q99b4akd4g81cb58fzyghwhf7-leaf-4.drv.drv' to 'local://'...
copying path '/Users/hetzner/obrador-shared-pins-20260909/round-1-baseline/chain-round-1-jobs-8/store/4z9p7ara2649ss1j5a662y6w64w4fwsb-leaf-5.drv.drv' to 'local://'...
copying path '/Users/hetzner/obrador-shared-pins-20260909/round-1-baseline/chain-round-1-jobs-8/store/95w2lhd5f31m54i673hfvm0c3av8vr13-leaf-6.drv.drv' to 'local://'...
copying path '/Users/hetzner/obrador-shared-pins-20260909/round-1-baseline/chain-round-1-jobs-8/store/kvxvm2rdh0w874rcv0286smhy813p7za-leaf-7.drv.drv' to 'local://'...
copying path '/Users/hetzner/obrador-shared-pins-20260909/round-1-baseline/chain-round-1-jobs-8/store/55qwmvg5qm6v9mnyb1g1n1a35ffschm7-leaf-8.drv.drv' to 'local://'...
copying path '/Users/hetzner/obrador-shared-pins-20260909/round-1-baseline/chain-round-1-jobs-8/store/g8z7ml7iwq6a2z6m5qm3cbsyqhc2m0hq-leaf-9.drv.drv' to 'local://'...
copying path '/Users/hetzner/obrador-shared-pins-20260909/round-1-baseline/chain-round-1-jobs-8/store/50fd229fadghx83j38v935lc0b2zafws-leaf-10.drv.drv' to 'local://'...
copying path '/Users/hetzner/obrador-shared-pins-20260909/round-1-baseline/chain-round-1-jobs-8/store/2wa64wfs1l8b812i9qcr70sd0lnxhj1y-leaf-11.drv.drv' to 'local://'...
copying path '/Users/hetzner/obrador-shared-pins-20260909/round-1-baseline/chain-round-1-jobs-8/store/lvi047wh453z5qhplxhf6qlxzmx3xccb-leaf-12.drv.drv' to 'local://'...
copying path '/Users/hetzner/obrador-shared-pins-20260909/round-1-baseline/chain-round-1-jobs-8/store/554l956gqz7hblcdak86jn92yygajdkq-leaf-13.drv.drv' to 'local://'...
copying path '/Users/hetzner/obrador-shared-pins-20260909/round-1-baseline/chain-round-1-jobs-8/store/1fkw9cgsgqzar3gyhggb27fc862vyi82-leaf-14.drv.drv' to 'local://'...
copying path '/Users/hetzner/obrador-shared-pins-20260909/round-1-baseline/chain-round-1-jobs-8/store/1i2kkvrw7mw6pxm10wwa9bfk822acqpc-leaf-15.drv.drv' to 'local://'...
copying path '/Users/hetzner/obrador-shared-pins-20260909/round-1-baseline/chain-round-1-jobs-8/store/rrq3v3x49jv5pwl97zpinvqm0ihzsgh4-leaf-16.drv.drv' to 'local://'...
copying path '/Users/hetzner/obrador-shared-pins-20260909/round-1-baseline/chain-round-1-jobs-8/store/l8f0pchkzfqsbg588hcgskcvnp4rv80m-leaf-17.drv.drv' to 'local://'...
copying path '/Users/hetzner/obrador-shared-pins-20260909/round-1-baseline/chain-round-1-jobs-8/store/d6yil5fa5d3s0ijkyx6gg75d91p5d666-leaf-18.drv.drv' to 'local://'...
copying path '/Users/hetzner/obrador-shared-pins-20260909/round-1-baseline/chain-round-1-jobs-8/store/mkacal8bw67ww59afs8phriw9aksshx1-leaf-19.drv.drv' to 'local://'...
copying path '/Users/hetzner/obrador-shared-pins-20260909/round-1-baseline/chain-round-1-jobs-8/store/kmym2a6lyd3yagcgv2rm8qlqdpaf6d81-leaf-20.drv.drv' to 'local://'...
copying path '/Users/hetzner/obrador-shared-pins-20260909/round-1-baseline/chain-round-1-jobs-8/store/6l74f6513dsqjiyxvk4mzh12ahak52if-leaf-21.drv.drv' to 'local://'...
copying path '/Users/hetzner/obrador-shared-pins-20260909/round-1-baseline/chain-round-1-jobs-8/store/qfj2k3ay01wx4sf5wqsx1lq12bc0ijyd-leaf-22.drv.drv' to 'local://'...
copying path '/Users/hetzner/obrador-shared-pins-20260909/round-1-baseline/chain-round-1-jobs-8/store/mw17155ss4cpvj77siyxaay7bllcbscc-leaf-23.drv.drv' to 'local://'...
copying path '/Users/hetzner/obrador-shared-pins-20260909/round-1-baseline/chain-round-1-jobs-8/store/nn274z552v6qzlk4389lqiw6xr6i9xab-leaf-24.drv.drv' to 'local://'...
copying path '/Users/hetzner/obrador-shared-pins-20260909/round-1-baseline/chain-round-1-jobs-8/store/6jh52s4lvk3jyz3mk8vjvkinwwmgyfzs-leaf-25.drv.drv' to 'local://'...
copying path '/Users/hetzner/obrador-shared-pins-20260909/round-1-baseline/chain-round-1-jobs-8/store/2jfgf97a5an8c72ygqmxvbqabn2ymx5n-leaf-26.drv.drv' to 'local://'...
copying path '/Users/hetzner/obrador-shared-pins-20260909/round-1-baseline/chain-round-1-jobs-8/store/1zsp9lsq67rhgnb5awlx4vaalwzr6sfa-leaf-27.drv.drv' to 'local://'...
copying path '/Users/hetzner/obrador-shared-pins-20260909/round-1-baseline/chain-round-1-jobs-8/store/120as0d1vvhawv8hzwjrs1a7wh3kvkg6-leaf-28.drv.drv' to 'local://'...
copying path '/Users/hetzner/obrador-shared-pins-20260909/round-1-baseline/chain-round-1-jobs-8/store/dqrqhzqxsikch49cbsihhnzyaww1l5mz-leaf-29.drv.drv' to 'local://'...
copying path '/Users/hetzner/obrador-shared-pins-20260909/round-1-baseline/chain-round-1-jobs-8/store/n1m53fqy962fc10q6vw9i29ifzvq9gy2-leaf-30.drv.drv' to 'local://'...
copying path '/Users/hetzner/obrador-shared-pins-20260909/round-1-baseline/chain-round-1-jobs-8/store/ls8zs35da5f4g7mv7vaz5cgm6j8bipp6-leaf-31.drv.drv' to 'local://'...
