@nix {"action":"msg","level":3,"msg":"these 32 derivations will be built:"}
@nix {"action":"msg","level":3,"msg":"  /Users/hetzner/obrador-shared-pins-20260909/round-3-baseline/chain-round-1-jobs-8/store/sz1ng1g1sw36ap6qx6p28gr24vgn81qb-leaf-0.drv.drv"}
@nix {"action":"msg","level":3,"msg":"  /Users/hetzner/obrador-shared-pins-20260909/round-3-baseline/chain-round-1-jobs-8/store/g3fys7lzc20b79j2s8i0afj6r6a70hg0-leaf-1.drv.drv"}
@nix {"action":"msg","level":3,"msg":"  /Users/hetzner/obrador-shared-pins-20260909/round-3-baseline/chain-round-1-jobs-8/store/vawvm1sr0nq5n652q9p4s687wmm8zngl-leaf-2.drv.drv"}
@nix {"action":"msg","level":3,"msg":"  /Users/hetzner/obrador-shared-pins-20260909/round-3-baseline/chain-round-1-jobs-8/store/2wldqyfa9vni4jn0f7wn8m1yavmyy0rd-leaf-3.drv.drv"}
@nix {"action":"msg","level":3,"msg":"  /Users/hetzner/obrador-shared-pins-20260909/round-3-baseline/chain-round-1-jobs-8/store/374q96nmy85bi29z8hzsa9djkwv9wy0w-leaf-4.drv.drv"}
@nix {"action":"msg","level":3,"msg":"  /Users/hetzner/obrador-shared-pins-20260909/round-3-baseline/chain-round-1-jobs-8/store/zppscpvyb2x1dzgwy1jak0gfhwc1qyx1-leaf-5.drv.drv"}
@nix {"action":"msg","level":3,"msg":"  /Users/hetzner/obrador-shared-pins-20260909/round-3-baseline/chain-round-1-jobs-8/store/dp9k96f1vd734xbf5faf4q86f3sb2nlg-leaf-6.drv.drv"}
@nix {"action":"msg","level":3,"msg":"  /Users/hetzner/obrador-shared-pins-20260909/round-3-baseline/chain-round-1-jobs-8/store/p7cgr74li5d9sm6yjamic41w3shzj98y-leaf-7.drv.drv"}
@nix {"action":"msg","level":3,"msg":"  /Users/hetzner/obrador-shared-pins-20260909/round-3-baseline/chain-round-1-jobs-8/store/prryfic1dchl79kxjsgd65k1srhhqddb-leaf-8.drv.drv"}
@nix {"action":"msg","level":3,"msg":"  /Users/hetzner/obrador-shared-pins-20260909/round-3-baseline/chain-round-1-jobs-8/store/fr844mzvdb9d3hccg8wzgv6c8wvgqs2m-leaf-9.drv.drv"}
@nix {"action":"msg","level":3,"msg":"  /Users/hetzner/obrador-shared-pins-20260909/round-3-baseline/chain-round-1-jobs-8/store/3wmq12ljyzv0x8al486vnnbsryjmrdf0-leaf-10.drv.drv"}
@nix {"action":"msg","level":3,"msg":"  /Users/hetzner/obrador-shared-pins-20260909/round-3-baseline/chain-round-1-jobs-8/store/krk81qk64hbffz6qd9wnvh5i7qd2h07b-leaf-11.drv.drv"}
@nix {"action":"msg","level":3,"msg":"  /Users/hetzner/obrador-shared-pins-20260909/round-3-baseline/chain-round-1-jobs-8/store/sjz8hd86w0y5c5jdyry0m9bl9xzpxa12-leaf-12.drv.drv"}
@nix {"action":"msg","level":3,"msg":"  /Users/hetzner/obrador-shared-pins-20260909/round-3-baseline/chain-round-1-jobs-8/store/gs9ykhxh1x8fxaadrqgg3sq8nf5lw5xy-leaf-13.drv.drv"}
@nix {"action":"msg","level":3,"msg":"  /Users/hetzner/obrador-shared-pins-20260909/round-3-baseline/chain-round-1-jobs-8/store/3h0fshq2dplnq2da9yk2c0lycp4cb22k-leaf-14.drv.drv"}
@nix {"action":"msg","level":3,"msg":"  /Users/hetzner/obrador-shared-pins-20260909/round-3-baseline/chain-round-1-jobs-8/store/x0arqwhn9n11kmmhrmrskbx1dwpdj8kk-leaf-15.drv.drv"}
@nix {"action":"msg","level":3,"msg":"  /Users/hetzner/obrador-shared-pins-20260909/round-3-baseline/chain-round-1-jobs-8/store/qvrgj0w2qn7pyvz3mc5yy6r85hyvk71g-leaf-16.drv.drv"}
@nix {"action":"msg","level":3,"msg":"  /Users/hetzner/obrador-shared-pins-20260909/round-3-baseline/chain-round-1-jobs-8/store/ya2k07ijiicxc2v425900s0y47vfmah9-leaf-17.drv.drv"}
@nix {"action":"msg","level":3,"msg":"  /Users/hetzner/obrador-shared-pins-20260909/round-3-baseline/chain-round-1-jobs-8/store/lf0cppsvaq880iqmhilwqzdkhsjhq3pw-leaf-18.drv.drv"}
@nix {"action":"msg","level":3,"msg":"  /Users/hetzner/obrador-shared-pins-20260909/round-3-baseline/chain-round-1-jobs-8/store/pnnwq6jkr2srd9yjrcjqz69d38yhxvsy-leaf-19.drv.drv"}
@nix {"action":"msg","level":3,"msg":"  /Users/hetzner/obrador-shared-pins-20260909/round-3-baseline/chain-round-1-jobs-8/store/b95325nix4cf3a1ypqc31wxd7zgzvyq4-leaf-20.drv.drv"}
@nix {"action":"msg","level":3,"msg":"  /Users/hetzner/obrador-shared-pins-20260909/round-3-baseline/chain-round-1-jobs-8/store/hcxw5l4mh1psixpsv8jbbh9kpxc3w9wb-leaf-21.drv.drv"}
@nix {"action":"msg","level":3,"msg":"  /Users/hetzner/obrador-shared-pins-20260909/round-3-baseline/chain-round-1-jobs-8/store/48r1xqxargihsrn1yqjamx6smm2nvvcz-leaf-22.drv.drv"}
@nix {"action":"msg","level":3,"msg":"  /Users/hetzner/obrador-shared-pins-20260909/round-3-baseline/chain-round-1-jobs-8/store/fa417zxgh5llvbw4v9y2z4rh4zxbmz6k-leaf-23.drv.drv"}
@nix {"action":"msg","level":3,"msg":"  /Users/hetzner/obrador-shared-pins-20260909/round-3-baseline/chain-round-1-jobs-8/store/jzajm670dc7xd7nbi5k4ds4bjbv41fni-leaf-24.drv.drv"}
@nix {"action":"msg","level":3,"msg":"  /Users/hetzner/obrador-shared-pins-20260909/round-3-baseline/chain-round-1-jobs-8/store/ar422y9vd83b1zsqx9pi2j593vhcwavs-leaf-25.drv.drv"}
@nix {"action":"msg","level":3,"msg":"  /Users/hetzner/obrador-shared-pins-20260909/round-3-baseline/chain-round-1-jobs-8/store/y13x0faycg1gmjskkbhnvxz5ccpqp2qn-leaf-26.drv.drv"}
@nix {"action":"msg","level":3,"msg":"  /Users/hetzner/obrador-shared-pins-20260909/round-3-baseline/chain-round-1-jobs-8/store/fihf999pay2ymxk26v3xg76c1ihrkx5b-leaf-27.drv.drv"}
@nix {"action":"msg","level":3,"msg":"  /Users/hetzner/obrador-shared-pins-20260909/round-3-baseline/chain-round-1-jobs-8/store/dv2aggc8gml7q27jnjc5ii58m6x49wrz-leaf-28.drv.drv"}
@nix {"action":"msg","level":3,"msg":"  /Users/hetzner/obrador-shared-pins-20260909/round-3-baseline/chain-round-1-jobs-8/store/hsyadykb6klkb1ln1lzxg1953jlqqdgm-leaf-29.drv.drv"}
@nix {"action":"msg","level":3,"msg":"  /Users/hetzner/obrador-shared-pins-20260909/round-3-baseline/chain-round-1-jobs-8/store/f95hqcaijm97cfvmn6kyw4yqmcy6c2yj-leaf-30.drv.drv"}
@nix {"action":"msg","level":3,"msg":"  /Users/hetzner/obrador-shared-pins-20260909/round-3-baseline/chain-round-1-jobs-8/store/q4hk2dhwyvkx838j64ri6y9iws7wr8kw-leaf-31.drv.drv"}
@nix {"action":"start","fields":["/Users/hetzner/obrador-shared-pins-20260909/round-3-baseline/chain-round-1-jobs-8/store/sz1ng1g1sw36ap6qx6p28gr24vgn81qb-leaf-0.drv.drv","",1,1],"id":242163141050368,"level":3,"parent":0,"text":"building 'leaf-0.drv.drv'","type":105}
@nix {"action":"stop","id":242163141050368}
@nix {"action":"start","fields":["/Users/hetzner/obrador-shared-pins-20260909/round-3-baseline/chain-round-1-jobs-8/store/4fkdx5ffyn3qsg08ssy6lgx9svln0f96-leaf-0.drv","",1,1],"id":242163141050369,"level":3,"parent":0,"text":"building 'leaf-0.drv'","type":105}
@nix {"action":"stop","id":242163141050369}
@nix {"action":"start","fields":["/Users/hetzner/obrador-shared-pins-20260909/round-3-baseline/chain-round-1-jobs-8/store/3dqd8n9gq4iscjz0rgmiaq7lxmkpij6k-leaf-1.drv.drv","",1,1],"id":242163141050370,"level":3,"parent":0,"text":"building 'leaf-1.drv.drv'","type":105}
@nix {"action":"stop","id":242163141050370}
@nix {"action":"start","fields":["/Users/hetzner/obrador-shared-pins-20260909/round-3-baseline/chain-round-1-jobs-8/store/lflg90vc5ybdpwysq9f0338pl054n2yv-leaf-1.drv","",1,1],"id":242163141050371,"level":3,"parent":0,"text":"building 'leaf-1.drv'","type":105}
@nix {"action":"stop","id":242163141050371}
@nix {"action":"start","fields":["/Users/hetzner/obrador-shared-pins-20260909/round-3-baseline/chain-round-1-jobs-8/store/f4mh3c29z6hg2zkhs1fdba5j6lf2blcy-leaf-2.drv.drv","",1,1],"id":242163141050372,"level":3,"parent":0,"text":"building 'leaf-2.drv.drv'","type":105}
@nix {"action":"stop","id":242163141050372}
@nix {"action":"start","fields":["/Users/hetzner/obrador-shared-pins-20260909/round-3-baseline/chain-round-1-jobs-8/store/sllgv42yrchgx1pfhyrsfdbhsrqsr3qx-leaf-2.drv","",1,1],"id":242163141050373,"level":3,"parent":0,"text":"building 'leaf-2.drv'","type":105}
@nix {"action":"stop","id":242163141050373}
@nix {"action":"start","fields":["/Users/hetzner/obrador-shared-pins-20260909/round-3-baseline/chain-round-1-jobs-8/store/q1cb32maw58jj2nnr3kmmafwb9hmxq1f-leaf-3.drv.drv","",1,1],"id":242163141050374,"level":3,"parent":0,"text":"building 'leaf-3.drv.drv'","type":105}
@nix {"action":"stop","id":242163141050374}
@nix {"action":"start","fields":["/Users/hetzner/obrador-shared-pins-20260909/round-3-baseline/chain-round-1-jobs-8/store/yypx3r4ckpkx51fj6583n8l8bkxg0cxq-leaf-3.drv","",1,1],"id":242163141050375,"level":3,"parent":0,"text":"building 'leaf-3.drv'","type":105}
@nix {"action":"stop","id":242163141050375}
@nix {"action":"start","fields":["/Users/hetzner/obrador-shared-pins-20260909/round-3-baseline/chain-round-1-jobs-8/store/a1waksqghbqarrgvkixyq9ybjj827qc0-leaf-4.drv.drv","",1,1],"id":242163141050376,"level":3,"parent":0,"text":"building 'leaf-4.drv.drv'","type":105}
@nix {"action":"stop","id":242163141050376}
@nix {"action":"start","fields":["/Users/hetzner/obrador-shared-pins-20260909/round-3-baseline/chain-round-1-jobs-8/store/lfyirnv14q44nhi35wsjdnhw16n779gc-leaf-4.drv","",1,1],"id":242163141050377,"level":3,"parent":0,"text":"building 'leaf-4.drv'","type":105}
@nix {"action":"stop","id":242163141050377}
@nix {"action":"start","fields":["/Users/hetzner/obrador-shared-pins-20260909/round-3-baseline/chain-round-1-jobs-8/store/7vnngi9py28dqr2ysd6c954c2gz5yz0k-leaf-5.drv.drv","",1,1],"id":242163141050378,"level":3,"parent":0,"text":"building 'leaf-5.drv.drv'","type":105}
@nix {"action":"stop","id":242163141050378}
@nix {"action":"start","fields":["/Users/hetzner/obrador-shared-pins-20260909/round-3-baseline/chain-round-1-jobs-8/store/x884xbr8781nj72rd6qvv96mia5p5i4f-leaf-5.drv","",1,1],"id":242163141050379,"level":3,"parent":0,"text":"building 'leaf-5.drv'","type":105}
@nix {"action":"stop","id":242163141050379}
@nix {"action":"start","fields":["/Users/hetzner/obrador-shared-pins-20260909/round-3-baseline/chain-round-1-jobs-8/store/8sjl5dcgw2hvgk18w6b987fjpksdwks7-leaf-6.drv.drv","",1,1],"id":242163141050380,"level":3,"parent":0,"text":"building 'leaf-6.drv.drv'","type":105}
@nix {"action":"stop","id":242163141050380}
@nix {"action":"start","fields":["/Users/hetzner/obrador-shared-pins-20260909/round-3-baseline/chain-round-1-jobs-8/store/sx67flfd5bbsv2g8rpf4h42vpy63biqz-leaf-6.drv","",1,1],"id":242163141050381,"level":3,"parent":0,"text":"building 'leaf-6.drv'","type":105}
@nix {"action":"stop","id":242163141050381}
@nix {"action":"start","fields":["/Users/hetzner/obrador-shared-pins-20260909/round-3-baseline/chain-round-1-jobs-8/store/gkdm0rqgii1ac6h2gvp9qvbgcm26hx6s-leaf-7.drv.drv","",1,1],"id":242163141050382,"level":3,"parent":0,"text":"building 'leaf-7.drv.drv'","type":105}
@nix {"action":"stop","id":242163141050382}
@nix {"action":"start","fields":["/Users/hetzner/obrador-shared-pins-20260909/round-3-baseline/chain-round-1-jobs-8/store/mlg8qzci5kzias4hcg56pai1q0sssxwj-leaf-7.drv","",1,1],"id":242163141050383,"level":3,"parent":0,"text":"building 'leaf-7.drv'","type":105}
@nix {"action":"stop","id":242163141050383}
@nix {"action":"start","fields":["/Users/hetzner/obrador-shared-pins-20260909/round-3-baseline/chain-round-1-jobs-8/store/7wisd7ir0cf74daprhfhcscgd121z6f6-leaf-8.drv.drv","",1,1],"id":242163141050384,"level":3,"parent":0,"text":"building 'leaf-8.drv.drv'","type":105}
@nix {"action":"stop","id":242163141050384}
@nix {"action":"start","fields":["/Users/hetzner/obrador-shared-pins-20260909/round-3-baseline/chain-round-1-jobs-8/store/ij52ppvmlnzbl7pxz88n2m8a2r17nxxf-leaf-8.drv","",1,1],"id":242163141050385,"level":3,"parent":0,"text":"building 'leaf-8.drv'","type":105}
@nix {"action":"stop","id":242163141050385}
@nix {"action":"start","fields":["/Users/hetzner/obrador-shared-pins-20260909/round-3-baseline/chain-round-1-jobs-8/store/qqa698qxl1n7d5s0n3c5h6vkihg25v38-leaf-9.drv.drv","",1,1],"id":242163141050386,"level":3,"parent":0,"text":"building 'leaf-9.drv.drv'","type":105}
@nix {"action":"stop","id":242163141050386}
@nix {"action":"start","fields":["/Users/hetzner/obrador-shared-pins-20260909/round-3-baseline/chain-round-1-jobs-8/store/8vbkml0liflrhj64mbwfh81j0vsi4s8z-leaf-9.drv","",1,1],"id":242163141050387,"level":3,"parent":0,"text":"building 'leaf-9.drv'","type":105}
@nix {"action":"stop","id":242163141050387}
@nix {"action":"start","fields":["/Users/hetzner/obrador-shared-pins-20260909/round-3-baseline/chain-round-1-jobs-8/store/n4jjkyq3374jpdyf92z48cqp2pyjlglj-leaf-10.drv.drv","",1,1],"id":242163141050388,"level":3,"parent":0,"text":"building 'leaf-10.drv.drv'","type":105}
@nix {"action":"stop","id":242163141050388}
@nix {"action":"start","fields":["/Users/hetzner/obrador-shared-pins-20260909/round-3-baseline/chain-round-1-jobs-8/store/aq3l3n4rqqf98d60y0pm9pmp8aq9vw0z-leaf-10.drv","",1,1],"id":242163141050389,"level":3,"parent":0,"text":"building 'leaf-10.drv'","type":105}
@nix {"action":"stop","id":242163141050389}
@nix {"action":"start","fields":["/Users/hetzner/obrador-shared-pins-20260909/round-3-baseline/chain-round-1-jobs-8/store/xmw720bg5ji6j3pxn4w72ynzm4kzm76d-leaf-11.drv.drv","",1,1],"id":242163141050390,"level":3,"parent":0,"text":"building 'leaf-11.drv.drv'","type":105}
@nix {"action":"stop","id":242163141050390}
@nix {"action":"start","fields":["/Users/hetzner/obrador-shared-pins-20260909/round-3-baseline/chain-round-1-jobs-8/store/2zzkccvqir1020dv6imbq13ps2jhzyxb-leaf-11.drv","",1,1],"id":242163141050391,"level":3,"parent":0,"text":"building 'leaf-11.drv'","type":105}
@nix {"action":"stop","id":242163141050391}
@nix {"action":"start","fields":["/Users/hetzner/obrador-shared-pins-20260909/round-3-baseline/chain-round-1-jobs-8/store/l7mbpagdzw48lydl91jwx9wvznfcf04f-leaf-12.drv.drv","",1,1],"id":242163141050392,"level":3,"parent":0,"text":"building 'leaf-12.drv.drv'","type":105}
@nix {"action":"stop","id":242163141050392}
@nix {"action":"start","fields":["/Users/hetzner/obrador-shared-pins-20260909/round-3-baseline/chain-round-1-jobs-8/store/h9yzxn03k5g4234nnvg66p9vpw38d6iq-leaf-12.drv","",1,1],"id":242163141050393,"level":3,"parent":0,"text":"building 'leaf-12.drv'","type":105}
@nix {"action":"stop","id":242163141050393}
@nix {"action":"start","fields":["/Users/hetzner/obrador-shared-pins-20260909/round-3-baseline/chain-round-1-jobs-8/store/ymikhfcrz62iipxvlamli40fybz9k4dp-leaf-13.drv.drv","",1,1],"id":242163141050394,"level":3,"parent":0,"text":"building 'leaf-13.drv.drv'","type":105}
@nix {"action":"stop","id":242163141050394}
@nix {"action":"start","fields":["/Users/hetzner/obrador-shared-pins-20260909/round-3-baseline/chain-round-1-jobs-8/store/4gmahd8ylpmiq8ikr8vh0i5pnxbjri7k-leaf-13.drv","",1,1],"id":242163141050395,"level":3,"parent":0,"text":"building 'leaf-13.drv'","type":105}
@nix {"action":"stop","id":242163141050395}
@nix {"action":"start","fields":["/Users/hetzner/obrador-shared-pins-20260909/round-3-baseline/chain-round-1-jobs-8/store/z0gf3l2mz4aqiz37jqw3bxf8j89arnaa-leaf-14.drv.drv","",1,1],"id":242163141050396,"level":3,"parent":0,"text":"building 'leaf-14.drv.drv'","type":105}
@nix {"action":"stop","id":242163141050396}
@nix {"action":"start","fields":["/Users/hetzner/obrador-shared-pins-20260909/round-3-baseline/chain-round-1-jobs-8/store/5z36ynw63gsalfr4mvzvyp6zm6ld2srd-leaf-14.drv","",1,1],"id":242163141050397,"level":3,"parent":0,"text":"building 'leaf-14.drv'","type":105}
@nix {"action":"stop","id":242163141050397}
@nix {"action":"start","fields":["/Users/hetzner/obrador-shared-pins-20260909/round-3-baseline/chain-round-1-jobs-8/store/19p034n8pklp8bnpnmab1izvhmsjwp8a-leaf-15.drv.drv","",1,1],"id":242163141050398,"level":3,"parent":0,"text":"building 'leaf-15.drv.drv'","type":105}
@nix {"action":"stop","id":242163141050398}
@nix {"action":"start","fields":["/Users/hetzner/obrador-shared-pins-20260909/round-3-baseline/chain-round-1-jobs-8/store/x6r07ka44kjj6kcgw2b9n4xkaiy4jvan-leaf-15.drv","",1,1],"id":242163141050399,"level":3,"parent":0,"text":"building 'leaf-15.drv'","type":105}
@nix {"action":"stop","id":242163141050399}
@nix {"action":"start","fields":["/Users/hetzner/obrador-shared-pins-20260909/round-3-baseline/chain-round-1-jobs-8/store/6l0hmqklnsm4wx3na47f0j5n11j5acvc-leaf-16.drv.drv","",1,1],"id":242163141050400,"level":3,"parent":0,"text":"building 'leaf-16.drv.drv'","type":105}
@nix {"action":"stop","id":242163141050400}
@nix {"action":"start","fields":["/Users/hetzner/obrador-shared-pins-20260909/round-3-baseline/chain-round-1-jobs-8/store/50gbkvcpvymwb1nbpi6iz8y9wysakigr-leaf-16.drv","",1,1],"id":242163141050401,"level":3,"parent":0,"text":"building 'leaf-16.drv'","type":105}
@nix {"action":"stop","id":242163141050401}
@nix {"action":"start","fields":["/Users/hetzner/obrador-shared-pins-20260909/round-3-baseline/chain-round-1-jobs-8/store/lkbfwf8rds1nmzk0w8hwj9h8frzqzv8q-leaf-17.drv.drv","",1,1],"id":242163141050402,"level":3,"parent":0,"text":"building 'leaf-17.drv.drv'","type":105}
@nix {"action":"stop","id":242163141050402}
@nix {"action":"start","fields":["/Users/hetzner/obrador-shared-pins-20260909/round-3-baseline/chain-round-1-jobs-8/store/cwa1lq5p6nbpmh04kw8i5lb7mb0p3l4x-leaf-17.drv","",1,1],"id":242163141050403,"level":3,"parent":0,"text":"building 'leaf-17.drv'","type":105}
@nix {"action":"stop","id":242163141050403}
@nix {"action":"start","fields":["/Users/hetzner/obrador-shared-pins-20260909/round-3-baseline/chain-round-1-jobs-8/store/0gy4bvhwlc7ji3fgj5j9pybx2x6gg9kb-leaf-18.drv.drv","",1,1],"id":242163141050404,"level":3,"parent":0,"text":"building 'leaf-18.drv.drv'","type":105}
@nix {"action":"stop","id":242163141050404}
@nix {"action":"start","fields":["/Users/hetzner/obrador-shared-pins-20260909/round-3-baseline/chain-round-1-jobs-8/store/fgxa55zz3yv9x91im8slkwbrc0w2ps5w-leaf-18.drv","",1,1],"id":242163141050405,"level":3,"parent":0,"text":"building 'leaf-18.drv'","type":105}
@nix {"action":"stop","id":242163141050405}
@nix {"action":"start","fields":["/Users/hetzner/obrador-shared-pins-20260909/round-3-baseline/chain-round-1-jobs-8/store/gd2k790q22czrb5z9384ipdf2lhqimpf-leaf-19.drv.drv","",1,1],"id":242163141050406,"level":3,"parent":0,"text":"building 'leaf-19.drv.drv'","type":105}
@nix {"action":"stop","id":242163141050406}
@nix {"action":"start","fields":["/Users/hetzner/obrador-shared-pins-20260909/round-3-baseline/chain-round-1-jobs-8/store/c4vy9rrm6qgzdid64zckzp10wjb5lnz3-leaf-19.drv","",1,1],"id":242163141050407,"level":3,"parent":0,"text":"building 'leaf-19.drv'","type":105}
@nix {"action":"stop","id":242163141050407}
@nix {"action":"start","fields":["/Users/hetzner/obrador-shared-pins-20260909/round-3-baseline/chain-round-1-jobs-8/store/m92b32f1pdrlpmi870ljd8xzbqh0d0g6-leaf-20.drv.drv","",1,1],"id":242163141050408,"level":3,"parent":0,"text":"building 'leaf-20.drv.drv'","type":105}
@nix {"action":"stop","id":242163141050408}
@nix {"action":"start","fields":["/Users/hetzner/obrador-shared-pins-20260909/round-3-baseline/chain-round-1-jobs-8/store/y4n576vw51c2rwmbqfl3h0iy10wdyvg9-leaf-20.drv","",1,1],"id":242163141050409,"level":3,"parent":0,"text":"building 'leaf-20.drv'","type":105}
@nix {"action":"stop","id":242163141050409}
@nix {"action":"start","fields":["/Users/hetzner/obrador-shared-pins-20260909/round-3-baseline/chain-round-1-jobs-8/store/i3ksg344rk1y08w9cz4g3wm493ya2nsi-leaf-21.drv.drv","",1,1],"id":242163141050410,"level":3,"parent":0,"text":"building 'leaf-21.drv.drv'","type":105}
@nix {"action":"stop","id":242163141050410}
@nix {"action":"start","fields":["/Users/hetzner/obrador-shared-pins-20260909/round-3-baseline/chain-round-1-jobs-8/store/60x58zrgdq6p2d0ahxmfhxwbgqppv92x-leaf-21.drv","",1,1],"id":242163141050411,"level":3,"parent":0,"text":"building 'leaf-21.drv'","type":105}
@nix {"action":"stop","id":242163141050411}
@nix {"action":"start","fields":["/Users/hetzner/obrador-shared-pins-20260909/round-3-baseline/chain-round-1-jobs-8/store/scv91vj4c4y508iiq3iv3j73vz6gall9-leaf-22.drv.drv","",1,1],"id":242163141050412,"level":3,"parent":0,"text":"building 'leaf-22.drv.drv'","type":105}
@nix {"action":"stop","id":242163141050412}
@nix {"action":"start","fields":["/Users/hetzner/obrador-shared-pins-20260909/round-3-baseline/chain-round-1-jobs-8/store/755sj1hhmsma1s1bd3lw83lm5416j47a-leaf-22.drv","",1,1],"id":242163141050413,"level":3,"parent":0,"text":"building 'leaf-22.drv'","type":105}
@nix {"action":"stop","id":242163141050413}
@nix {"action":"start","fields":["/Users/hetzner/obrador-shared-pins-20260909/round-3-baseline/chain-round-1-jobs-8/store/rs2qxmlwkmkyx3j0sxzj4q4m0gi9qrip-leaf-23.drv.drv","",1,1],"id":242163141050414,"level":3,"parent":0,"text":"building 'leaf-23.drv.drv'","type":105}
@nix {"action":"stop","id":242163141050414}
@nix {"action":"start","fields":["/Users/hetzner/obrador-shared-pins-20260909/round-3-baseline/chain-round-1-jobs-8/store/fqld4h4mfdxmyhva54s6vdpp33wc1g2q-leaf-23.drv","",1,1],"id":242163141050415,"level":3,"parent":0,"text":"building 'leaf-23.drv'","type":105}
@nix {"action":"stop","id":242163141050415}
@nix {"action":"start","fields":["/Users/hetzner/obrador-shared-pins-20260909/round-3-baseline/chain-round-1-jobs-8/store/rbbj7sjifwnksnhgdvxajjfymply602j-leaf-24.drv.drv","",1,1],"id":242163141050416,"level":3,"parent":0,"text":"building 'leaf-24.drv.drv'","type":105}
@nix {"action":"stop","id":242163141050416}
@nix {"action":"start","fields":["/Users/hetzner/obrador-shared-pins-20260909/round-3-baseline/chain-round-1-jobs-8/store/aav9vf0bz6723515c0kxhviihli1cz82-leaf-24.drv","",1,1],"id":242163141050417,"level":3,"parent":0,"text":"building 'leaf-24.drv'","type":105}
@nix {"action":"stop","id":242163141050417}
@nix {"action":"start","fields":["/Users/hetzner/obrador-shared-pins-20260909/round-3-baseline/chain-round-1-jobs-8/store/wmi2khilrc88kn1jh3wb4fmlmrcy4sgq-leaf-25.drv.drv","",1,1],"id":242163141050418,"level":3,"parent":0,"text":"building 'leaf-25.drv.drv'","type":105}
@nix {"action":"stop","id":242163141050418}
@nix {"action":"start","fields":["/Users/hetzner/obrador-shared-pins-20260909/round-3-baseline/chain-round-1-jobs-8/store/n7pp1d9569a68v6v6ybsip3295jhknka-leaf-25.drv","",1,1],"id":242163141050419,"level":3,"parent":0,"text":"building 'leaf-25.drv'","type":105}
@nix {"action":"stop","id":242163141050419}
@nix {"action":"start","fields":["/Users/hetzner/obrador-shared-pins-20260909/round-3-baseline/chain-round-1-jobs-8/store/yq2yl72842iv55cpyfb8i7bvjirqkvz9-leaf-26.drv.drv","",1,1],"id":242163141050420,"level":3,"parent":0,"text":"building 'leaf-26.drv.drv'","type":105}
@nix {"action":"stop","id":242163141050420}
@nix {"action":"start","fields":["/Users/hetzner/obrador-shared-pins-20260909/round-3-baseline/chain-round-1-jobs-8/store/2zn5z315v6lp8zmiahxq1sck2xn9q17m-leaf-26.drv","",1,1],"id":242163141050421,"level":3,"parent":0,"text":"building 'leaf-26.drv'","type":105}
@nix {"action":"stop","id":242163141050421}
@nix {"action":"start","fields":["/Users/hetzner/obrador-shared-pins-20260909/round-3-baseline/chain-round-1-jobs-8/store/2ibdci9lfry1pffpydh9wy36m0lp0x3m-leaf-27.drv.drv","",1,1],"id":242163141050422,"level":3,"parent":0,"text":"building 'leaf-27.drv.drv'","type":105}
@nix {"action":"stop","id":242163141050422}
@nix {"action":"start","fields":["/Users/hetzner/obrador-shared-pins-20260909/round-3-baseline/chain-round-1-jobs-8/store/g14b8vl022y9y7bya7smlm4nabs2f560-leaf-27.drv","",1,1],"id":242163141050423,"level":3,"parent":0,"text":"building 'leaf-27.drv'","type":105}
@nix {"action":"stop","id":242163141050423}
@nix {"action":"start","fields":["/Users/hetzner/obrador-shared-pins-20260909/round-3-baseline/chain-round-1-jobs-8/store/d85c05nriaay3dxv6sw682qx87rijp4x-leaf-28.drv.drv","",1,1],"id":242163141050424,"level":3,"parent":0,"text":"building 'leaf-28.drv.drv'","type":105}
@nix {"action":"stop","id":242163141050424}
@nix {"action":"start","fields":["/Users/hetzner/obrador-shared-pins-20260909/round-3-baseline/chain-round-1-jobs-8/store/w7jwzisddfcq311gwmmb19112xrxhn67-leaf-28.drv","",1,1],"id":242163141050425,"level":3,"parent":0,"text":"building 'leaf-28.drv'","type":105}
@nix {"action":"stop","id":242163141050425}
@nix {"action":"start","fields":["/Users/hetzner/obrador-shared-pins-20260909/round-3-baseline/chain-round-1-jobs-8/store/wq3z2iqnrsazfq5ygrg9yd6zlwk6cq15-leaf-29.drv.drv","",1,1],"id":242163141050426,"level":3,"parent":0,"text":"building 'leaf-29.drv.drv'","type":105}
@nix {"action":"stop","id":242163141050426}
@nix {"action":"start","fields":["/Users/hetzner/obrador-shared-pins-20260909/round-3-baseline/chain-round-1-jobs-8/store/rb0k2w42kf53sp01ni1nwiq039p9f25w-leaf-29.drv","",1,1],"id":242163141050427,"level":3,"parent":0,"text":"building 'leaf-29.drv'","type":105}
@nix {"action":"stop","id":242163141050427}
@nix {"action":"start","fields":["/Users/hetzner/obrador-shared-pins-20260909/round-3-baseline/chain-round-1-jobs-8/store/mp2mfxvyk8kal89jb4hv3z9cn2w6b662-leaf-30.drv.drv","",1,1],"id":242163141050428,"level":3,"parent":0,"text":"building 'leaf-30.drv.drv'","type":105}
@nix {"action":"stop","id":242163141050428}
@nix {"action":"start","fields":["/Users/hetzner/obrador-shared-pins-20260909/round-3-baseline/chain-round-1-jobs-8/store/s0ii5mdd5cs5apgbdidsm0k789l3irn2-leaf-30.drv","",1,1],"id":242163141050429,"level":3,"parent":0,"text":"building 'leaf-30.drv'","type":105}
@nix {"action":"stop","id":242163141050429}
@nix {"action":"start","fields":["/Users/hetzner/obrador-shared-pins-20260909/round-3-baseline/chain-round-1-jobs-8/store/mvmwrnmixwj9qp94k8yk6922758b9ijx-leaf-31.drv.drv","",1,1],"id":242163141050430,"level":3,"parent":0,"text":"building 'leaf-31.drv.drv'","type":105}
@nix {"action":"stop","id":242163141050430}
@nix {"action":"start","fields":["/Users/hetzner/obrador-shared-pins-20260909/round-3-baseline/chain-round-1-jobs-8/store/6jkxpfn3krxk981sqsrqzs85fcnsggcb-leaf-31.drv","",1,1],"id":242163141050431,"level":3,"parent":0,"text":"building 'leaf-31.drv'","type":105}
@nix {"action":"stop","id":242163141050431}
