copying 33 paths...
copying path '/Users/hetzner/obrador-shared-pins-20260909/round-3-baseline/chain-round-1-jobs-8/store/pj7s6r5walkzh1hgpfmaq4q1zglb44yk-seed' to 'obrador+local:///Users/hetzner/obrador-shared-pins-20260909/round-3-baseline/chain-round-1-jobs-8/obrador/state'...
copying path '/Users/hetzner/obrador-shared-pins-20260909/round-3-baseline/chain-round-1-jobs-8/store/sz1ng1g1sw36ap6qx6p28gr24vgn81qb-leaf-0.drv.drv' to 'obrador+local:///Users/hetzner/obrador-shared-pins-20260909/round-3-baseline/chain-round-1-jobs-8/obrador/state'...
copying path '/Users/hetzner/obrador-shared-pins-20260909/round-3-baseline/chain-round-1-jobs-8/store/g3fys7lzc20b79j2s8i0afj6r6a70hg0-leaf-1.drv.drv' to 'obrador+local:///Users/hetzner/obrador-shared-pins-20260909/round-3-baseline/chain-round-1-jobs-8/obrador/state'...
copying path '/Users/hetzner/obrador-shared-pins-20260909/round-3-baseline/chain-round-1-jobs-8/store/vawvm1sr0nq5n652q9p4s687wmm8zngl-leaf-2.drv.drv' to 'obrador+local:///Users/hetzner/obrador-shared-pins-20260909/round-3-baseline/chain-round-1-jobs-8/obrador/state'...
copying path '/Users/hetzner/obrador-shared-pins-20260909/round-3-baseline/chain-round-1-jobs-8/store/2wldqyfa9vni4jn0f7wn8m1yavmyy0rd-leaf-3.drv.drv' to 'obrador+local:///Users/hetzner/obrador-shared-pins-20260909/round-3-baseline/chain-round-1-jobs-8/obrador/state'...
copying path '/Users/hetzner/obrador-shared-pins-20260909/round-3-baseline/chain-round-1-jobs-8/store/374q96nmy85bi29z8hzsa9djkwv9wy0w-leaf-4.drv.drv' to 'obrador+local:///Users/hetzner/obrador-shared-pins-20260909/round-3-baseline/chain-round-1-jobs-8/obrador/state'...
copying path '/Users/hetzner/obrador-shared-pins-20260909/round-3-baseline/chain-round-1-jobs-8/store/zppscpvyb2x1dzgwy1jak0gfhwc1qyx1-leaf-5.drv.drv' to 'obrador+local:///Users/hetzner/obrador-shared-pins-20260909/round-3-baseline/chain-round-1-jobs-8/obrador/state'...
copying path '/Users/hetzner/obrador-shared-pins-20260909/round-3-baseline/chain-round-1-jobs-8/store/dp9k96f1vd734xbf5faf4q86f3sb2nlg-leaf-6.drv.drv' to 'obrador+local:///Users/hetzner/obrador-shared-pins-20260909/round-3-baseline/chain-round-1-jobs-8/obrador/state'...
copying path '/Users/hetzner/obrador-shared-pins-20260909/round-3-baseline/chain-round-1-jobs-8/store/p7cgr74li5d9sm6yjamic41w3shzj98y-leaf-7.drv.drv' to 'obrador+local:///Users/hetzner/obrador-shared-pins-20260909/round-3-baseline/chain-round-1-jobs-8/obrador/state'...
copying path '/Users/hetzner/obrador-shared-pins-20260909/round-3-baseline/chain-round-1-jobs-8/store/prryfic1dchl79kxjsgd65k1srhhqddb-leaf-8.drv.drv' to 'obrador+local:///Users/hetzner/obrador-shared-pins-20260909/round-3-baseline/chain-round-1-jobs-8/obrador/state'...
copying path '/Users/hetzner/obrador-shared-pins-20260909/round-3-baseline/chain-round-1-jobs-8/store/fr844mzvdb9d3hccg8wzgv6c8wvgqs2m-leaf-9.drv.drv' to 'obrador+local:///Users/hetzner/obrador-shared-pins-20260909/round-3-baseline/chain-round-1-jobs-8/obrador/state'...
copying path '/Users/hetzner/obrador-shared-pins-20260909/round-3-baseline/chain-round-1-jobs-8/store/3wmq12ljyzv0x8al486vnnbsryjmrdf0-leaf-10.drv.drv' to 'obrador+local:///Users/hetzner/obrador-shared-pins-20260909/round-3-baseline/chain-round-1-jobs-8/obrador/state'...
copying path '/Users/hetzner/obrador-shared-pins-20260909/round-3-baseline/chain-round-1-jobs-8/store/krk81qk64hbffz6qd9wnvh5i7qd2h07b-leaf-11.drv.drv' to 'obrador+local:///Users/hetzner/obrador-shared-pins-20260909/round-3-baseline/chain-round-1-jobs-8/obrador/state'...
copying path '/Users/hetzner/obrador-shared-pins-20260909/round-3-baseline/chain-round-1-jobs-8/store/sjz8hd86w0y5c5jdyry0m9bl9xzpxa12-leaf-12.drv.drv' to 'obrador+local:///Users/hetzner/obrador-shared-pins-20260909/round-3-baseline/chain-round-1-jobs-8/obrador/state'...
copying path '/Users/hetzner/obrador-shared-pins-20260909/round-3-baseline/chain-round-1-jobs-8/store/gs9ykhxh1x8fxaadrqgg3sq8nf5lw5xy-leaf-13.drv.drv' to 'obrador+local:///Users/hetzner/obrador-shared-pins-20260909/round-3-baseline/chain-round-1-jobs-8/obrador/state'...
copying path '/Users/hetzner/obrador-shared-pins-20260909/round-3-baseline/chain-round-1-jobs-8/store/3h0fshq2dplnq2da9yk2c0lycp4cb22k-leaf-14.drv.drv' to 'obrador+local:///Users/hetzner/obrador-shared-pins-20260909/round-3-baseline/chain-round-1-jobs-8/obrador/state'...
copying path '/Users/hetzner/obrador-shared-pins-20260909/round-3-baseline/chain-round-1-jobs-8/store/x0arqwhn9n11kmmhrmrskbx1dwpdj8kk-leaf-15.drv.drv' to 'obrador+local:///Users/hetzner/obrador-shared-pins-20260909/round-3-baseline/chain-round-1-jobs-8/obrador/state'...
copying path '/Users/hetzner/obrador-shared-pins-20260909/round-3-baseline/chain-round-1-jobs-8/store/qvrgj0w2qn7pyvz3mc5yy6r85hyvk71g-leaf-16.drv.drv' to 'obrador+local:///Users/hetzner/obrador-shared-pins-20260909/round-3-baseline/chain-round-1-jobs-8/obrador/state'...
copying path '/Users/hetzner/obrador-shared-pins-20260909/round-3-baseline/chain-round-1-jobs-8/store/ya2k07ijiicxc2v425900s0y47vfmah9-leaf-17.drv.drv' to 'obrador+local:///Users/hetzner/obrador-shared-pins-20260909/round-3-baseline/chain-round-1-jobs-8/obrador/state'...
copying path '/Users/hetzner/obrador-shared-pins-20260909/round-3-baseline/chain-round-1-jobs-8/store/lf0cppsvaq880iqmhilwqzdkhsjhq3pw-leaf-18.drv.drv' to 'obrador+local:///Users/hetzner/obrador-shared-pins-20260909/round-3-baseline/chain-round-1-jobs-8/obrador/state'...
copying path '/Users/hetzner/obrador-shared-pins-20260909/round-3-baseline/chain-round-1-jobs-8/store/pnnwq6jkr2srd9yjrcjqz69d38yhxvsy-leaf-19.drv.drv' to 'obrador+local:///Users/hetzner/obrador-shared-pins-20260909/round-3-baseline/chain-round-1-jobs-8/obrador/state'...
copying path '/Users/hetzner/obrador-shared-pins-20260909/round-3-baseline/chain-round-1-jobs-8/store/b95325nix4cf3a1ypqc31wxd7zgzvyq4-leaf-20.drv.drv' to 'obrador+local:///Users/hetzner/obrador-shared-pins-20260909/round-3-baseline/chain-round-1-jobs-8/obrador/state'...
copying path '/Users/hetzner/obrador-shared-pins-20260909/round-3-baseline/chain-round-1-jobs-8/store/hcxw5l4mh1psixpsv8jbbh9kpxc3w9wb-leaf-21.drv.drv' to 'obrador+local:///Users/hetzner/obrador-shared-pins-20260909/round-3-baseline/chain-round-1-jobs-8/obrador/state'...
copying path '/Users/hetzner/obrador-shared-pins-20260909/round-3-baseline/chain-round-1-jobs-8/store/48r1xqxargihsrn1yqjamx6smm2nvvcz-leaf-22.drv.drv' to 'obrador+local:///Users/hetzner/obrador-shared-pins-20260909/round-3-baseline/chain-round-1-jobs-8/obrador/state'...
copying path '/Users/hetzner/obrador-shared-pins-20260909/round-3-baseline/chain-round-1-jobs-8/store/fa417zxgh5llvbw4v9y2z4rh4zxbmz6k-leaf-23.drv.drv' to 'obrador+local:///Users/hetzner/obrador-shared-pins-20260909/round-3-baseline/chain-round-1-jobs-8/obrador/state'...
copying path '/Users/hetzner/obrador-shared-pins-20260909/round-3-baseline/chain-round-1-jobs-8/store/jzajm670dc7xd7nbi5k4ds4bjbv41fni-leaf-24.drv.drv' to 'obrador+local:///Users/hetzner/obrador-shared-pins-20260909/round-3-baseline/chain-round-1-jobs-8/obrador/state'...
copying path '/Users/hetzner/obrador-shared-pins-20260909/round-3-baseline/chain-round-1-jobs-8/store/ar422y9vd83b1zsqx9pi2j593vhcwavs-leaf-25.drv.drv' to 'obrador+local:///Users/hetzner/obrador-shared-pins-20260909/round-3-baseline/chain-round-1-jobs-8/obrador/state'...
copying path '/Users/hetzner/obrador-shared-pins-20260909/round-3-baseline/chain-round-1-jobs-8/store/y13x0faycg1gmjskkbhnvxz5ccpqp2qn-leaf-26.drv.drv' to 'obrador+local:///Users/hetzner/obrador-shared-pins-20260909/round-3-baseline/chain-round-1-jobs-8/obrador/state'...
copying path '/Users/hetzner/obrador-shared-pins-20260909/round-3-baseline/chain-round-1-jobs-8/store/fihf999pay2ymxk26v3xg76c1ihrkx5b-leaf-27.drv.drv' to 'obrador+local:///Users/hetzner/obrador-shared-pins-20260909/round-3-baseline/chain-round-1-jobs-8/obrador/state'...
copying path '/Users/hetzner/obrador-shared-pins-20260909/round-3-baseline/chain-round-1-jobs-8/store/dv2aggc8gml7q27jnjc5ii58m6x49wrz-leaf-28.drv.drv' to 'obrador+local:///Users/hetzner/obrador-shared-pins-20260909/round-3-baseline/chain-round-1-jobs-8/obrador/state'...
copying path '/Users/hetzner/obrador-shared-pins-20260909/round-3-baseline/chain-round-1-jobs-8/store/hsyadykb6klkb1ln1lzxg1953jlqqdgm-leaf-29.drv.drv' to 'obrador+local:///Users/hetzner/obrador-shared-pins-20260909/round-3-baseline/chain-round-1-jobs-8/obrador/state'...
copying path '/Users/hetzner/obrador-shared-pins-20260909/round-3-baseline/chain-round-1-jobs-8/store/f95hqcaijm97cfvmn6kyw4yqmcy6c2yj-leaf-30.drv.drv' to 'obrador+local:///Users/hetzner/obrador-shared-pins-20260909/round-3-baseline/chain-round-1-jobs-8/obrador/state'...
copying path '/Users/hetzner/obrador-shared-pins-20260909/round-3-baseline/chain-round-1-jobs-8/store/q4hk2dhwyvkx838j64ri6y9iws7wr8kw-leaf-31.drv.drv' to 'obrador+local:///Users/hetzner/obrador-shared-pins-20260909/round-3-baseline/chain-round-1-jobs-8/obrador/state'...
