@nix {"action":"msg","level":3,"msg":"these 32 derivations will be built:"}
@nix {"action":"msg","level":3,"msg":"  /Users/hetzner/obrador-shared-pins-20260909/trace-baseline/chain-round-1-jobs-8/store/ja3zqaawcxq6gfsc3i4fixhg3sxc5jjw-leaf-0.drv.drv"}
@nix {"action":"msg","level":3,"msg":"  /Users/hetzner/obrador-shared-pins-20260909/trace-baseline/chain-round-1-jobs-8/store/v5km3785yczvnn0mgkpghgsqpnl824kj-leaf-1.drv.drv"}
@nix {"action":"msg","level":3,"msg":"  /Users/hetzner/obrador-shared-pins-20260909/trace-baseline/chain-round-1-jobs-8/store/j7njzwkshmcnbw5b1v350m6bc4hsa7d0-leaf-2.drv.drv"}
@nix {"action":"msg","level":3,"msg":"  /Users/hetzner/obrador-shared-pins-20260909/trace-baseline/chain-round-1-jobs-8/store/r99pr9bmcjw36ybfqccvrbqhkidcqd7z-leaf-3.drv.drv"}
@nix {"action":"msg","level":3,"msg":"  /Users/hetzner/obrador-shared-pins-20260909/trace-baseline/chain-round-1-jobs-8/store/x7b4a0iw2mid401s3gg7pgsmk59ssv60-leaf-4.drv.drv"}
@nix {"action":"msg","level":3,"msg":"  /Users/hetzner/obrador-shared-pins-20260909/trace-baseline/chain-round-1-jobs-8/store/rz1f08asjqbp2bn6bnx2czav2vbgbjyv-leaf-5.drv.drv"}
@nix {"action":"msg","level":3,"msg":"  /Users/hetzner/obrador-shared-pins-20260909/trace-baseline/chain-round-1-jobs-8/store/zx8cqdmkrfc6cs83rrwaixx8fajlypjh-leaf-6.drv.drv"}
@nix {"action":"msg","level":3,"msg":"  /Users/hetzner/obrador-shared-pins-20260909/trace-baseline/chain-round-1-jobs-8/store/56svw0qxbjrrbw5rfwn037ablrnrs9zp-leaf-7.drv.drv"}
@nix {"action":"msg","level":3,"msg":"  /Users/hetzner/obrador-shared-pins-20260909/trace-baseline/chain-round-1-jobs-8/store/689499lkirhfx18czs7w12mcc8c4sw7c-leaf-8.drv.drv"}
@nix {"action":"msg","level":3,"msg":"  /Users/hetzner/obrador-shared-pins-20260909/trace-baseline/chain-round-1-jobs-8/store/gqj0c2x9w1lr49dsslq7a5qv0fym56gf-leaf-9.drv.drv"}
@nix {"action":"msg","level":3,"msg":"  /Users/hetzner/obrador-shared-pins-20260909/trace-baseline/chain-round-1-jobs-8/store/0dkci67x4rn2wd0q3vdzc70p0mxd1g2f-leaf-10.drv.drv"}
@nix {"action":"msg","level":3,"msg":"  /Users/hetzner/obrador-shared-pins-20260909/trace-baseline/chain-round-1-jobs-8/store/zprc2s8pbkflcgbjs2i0bkqwwj0pi9wr-leaf-11.drv.drv"}
@nix {"action":"msg","level":3,"msg":"  /Users/hetzner/obrador-shared-pins-20260909/trace-baseline/chain-round-1-jobs-8/store/r0sh406rfk1m7i8pzaf6yghy0qm78b70-leaf-12.drv.drv"}
@nix {"action":"msg","level":3,"msg":"  /Users/hetzner/obrador-shared-pins-20260909/trace-baseline/chain-round-1-jobs-8/store/pswam9zghkablfmb3isw5fbmav0yi6mm-leaf-13.drv.drv"}
@nix {"action":"msg","level":3,"msg":"  /Users/hetzner/obrador-shared-pins-20260909/trace-baseline/chain-round-1-jobs-8/store/d4dyahmz3fqm8jn5mc88pfr0xz5a243y-leaf-14.drv.drv"}
@nix {"action":"msg","level":3,"msg":"  /Users/hetzner/obrador-shared-pins-20260909/trace-baseline/chain-round-1-jobs-8/store/05n3qjn8g777dyazpw9hqjpm6r3x6gvi-leaf-15.drv.drv"}
@nix {"action":"msg","level":3,"msg":"  /Users/hetzner/obrador-shared-pins-20260909/trace-baseline/chain-round-1-jobs-8/store/4lf8qv3awp0b684l0yrb2015j9jf2dgr-leaf-16.drv.drv"}
@nix {"action":"msg","level":3,"msg":"  /Users/hetzner/obrador-shared-pins-20260909/trace-baseline/chain-round-1-jobs-8/store/wq5vjn1simmpbybrkjpn4h4w3029d6qs-leaf-17.drv.drv"}
@nix {"action":"msg","level":3,"msg":"  /Users/hetzner/obrador-shared-pins-20260909/trace-baseline/chain-round-1-jobs-8/store/2qw3195zq31z7z6z56vjn98bb670khxj-leaf-18.drv.drv"}
@nix {"action":"msg","level":3,"msg":"  /Users/hetzner/obrador-shared-pins-20260909/trace-baseline/chain-round-1-jobs-8/store/jxvc2a8lnbcinwi39n7k4r2cdlhjx56g-leaf-19.drv.drv"}
@nix {"action":"msg","level":3,"msg":"  /Users/hetzner/obrador-shared-pins-20260909/trace-baseline/chain-round-1-jobs-8/store/gdy4zf6qz668z7d49firy59qmpqa97ad-leaf-20.drv.drv"}
@nix {"action":"msg","level":3,"msg":"  /Users/hetzner/obrador-shared-pins-20260909/trace-baseline/chain-round-1-jobs-8/store/3rrydsdg18p81blwdqmwdlnbf2aq3nif-leaf-21.drv.drv"}
@nix {"action":"msg","level":3,"msg":"  /Users/hetzner/obrador-shared-pins-20260909/trace-baseline/chain-round-1-jobs-8/store/dc7jiqvlkaz0fs980nsyh0p045wj7a7z-leaf-22.drv.drv"}
@nix {"action":"msg","level":3,"msg":"  /Users/hetzner/obrador-shared-pins-20260909/trace-baseline/chain-round-1-jobs-8/store/8f42zf9ks5g3hvph0sv0f4dl3l6j55fl-leaf-23.drv.drv"}
@nix {"action":"msg","level":3,"msg":"  /Users/hetzner/obrador-shared-pins-20260909/trace-baseline/chain-round-1-jobs-8/store/hq0gmi434dmcgwjxdkddvd72zdn0zw52-leaf-24.drv.drv"}
@nix {"action":"msg","level":3,"msg":"  /Users/hetzner/obrador-shared-pins-20260909/trace-baseline/chain-round-1-jobs-8/store/a60n4kf8173082g9avcb36vz9x4784q4-leaf-25.drv.drv"}
@nix {"action":"msg","level":3,"msg":"  /Users/hetzner/obrador-shared-pins-20260909/trace-baseline/chain-round-1-jobs-8/store/hb8r31vzgxl3kywc6vwn6mdayp7zjpcn-leaf-26.drv.drv"}
@nix {"action":"msg","level":3,"msg":"  /Users/hetzner/obrador-shared-pins-20260909/trace-baseline/chain-round-1-jobs-8/store/50d1ryydwp6xhi5h5lhf9y5z7cwni83f-leaf-27.drv.drv"}
@nix {"action":"msg","level":3,"msg":"  /Users/hetzner/obrador-shared-pins-20260909/trace-baseline/chain-round-1-jobs-8/store/fzy0dbw9kir77hcyr8yl03kp2ywj8qsg-leaf-28.drv.drv"}
@nix {"action":"msg","level":3,"msg":"  /Users/hetzner/obrador-shared-pins-20260909/trace-baseline/chain-round-1-jobs-8/store/3hvkdsmrmrcqkvz4gylz05hqwk5xpyka-leaf-29.drv.drv"}
@nix {"action":"msg","level":3,"msg":"  /Users/hetzner/obrador-shared-pins-20260909/trace-baseline/chain-round-1-jobs-8/store/r0i6lhxjmvh08kx2da8iavqvry7sb91j-leaf-30.drv.drv"}
@nix {"action":"msg","level":3,"msg":"  /Users/hetzner/obrador-shared-pins-20260909/trace-baseline/chain-round-1-jobs-8/store/zhjqmy5zxikk0mhfc44n3ypq24pmr4qn-leaf-31.drv.drv"}
@nix {"action":"start","fields":["/Users/hetzner/obrador-shared-pins-20260909/trace-baseline/chain-round-1-jobs-8/store/ja3zqaawcxq6gfsc3i4fixhg3sxc5jjw-leaf-0.drv.drv","",1,1],"id":246221885145088,"level":3,"parent":0,"text":"building 'leaf-0.drv.drv'","type":105}
@nix {"action":"stop","id":246221885145088}
@nix {"action":"start","fields":["/Users/hetzner/obrador-shared-pins-20260909/trace-baseline/chain-round-1-jobs-8/store/q1r4f8rvfdcyqqy6gsjvdr8iq5sqgp6d-leaf-0.drv","",1,1],"id":246221885145089,"level":3,"parent":0,"text":"building 'leaf-0.drv'","type":105}
@nix {"action":"stop","id":246221885145089}
@nix {"action":"start","fields":["/Users/hetzner/obrador-shared-pins-20260909/trace-baseline/chain-round-1-jobs-8/store/ag7bvjv5sl61s85x96s0a4kp4m4qgalf-leaf-1.drv.drv","",1,1],"id":246221885145090,"level":3,"parent":0,"text":"building 'leaf-1.drv.drv'","type":105}
@nix {"action":"stop","id":246221885145090}
@nix {"action":"start","fields":["/Users/hetzner/obrador-shared-pins-20260909/trace-baseline/chain-round-1-jobs-8/store/fpch02j76z5ll12qg677gqhizzckka4m-leaf-1.drv","",1,1],"id":246221885145091,"level":3,"parent":0,"text":"building 'leaf-1.drv'","type":105}
@nix {"action":"stop","id":246221885145091}
@nix {"action":"start","fields":["/Users/hetzner/obrador-shared-pins-20260909/trace-baseline/chain-round-1-jobs-8/store/l49rzzvy311nyx1ynbw0b90g3nzcv7x9-leaf-2.drv.drv","",1,1],"id":246221885145092,"level":3,"parent":0,"text":"building 'leaf-2.drv.drv'","type":105}
@nix {"action":"stop","id":246221885145092}
@nix {"action":"start","fields":["/Users/hetzner/obrador-shared-pins-20260909/trace-baseline/chain-round-1-jobs-8/store/n2dlqmdx2mi6w44p649456qgygshz7a6-leaf-2.drv","",1,1],"id":246221885145093,"level":3,"parent":0,"text":"building 'leaf-2.drv'","type":105}
@nix {"action":"stop","id":246221885145093}
@nix {"action":"start","fields":["/Users/hetzner/obrador-shared-pins-20260909/trace-baseline/chain-round-1-jobs-8/store/82l0jddjvkmwz5vycj2k93gmw7pmfhhj-leaf-3.drv.drv","",1,1],"id":246221885145094,"level":3,"parent":0,"text":"building 'leaf-3.drv.drv'","type":105}
@nix {"action":"stop","id":246221885145094}
@nix {"action":"start","fields":["/Users/hetzner/obrador-shared-pins-20260909/trace-baseline/chain-round-1-jobs-8/store/n0knnjalgrq5l356h7llk9pbkm4alwvp-leaf-3.drv","",1,1],"id":246221885145095,"level":3,"parent":0,"text":"building 'leaf-3.drv'","type":105}
@nix {"action":"stop","id":246221885145095}
@nix {"action":"start","fields":["/Users/hetzner/obrador-shared-pins-20260909/trace-baseline/chain-round-1-jobs-8/store/6sz0qx1i964ja68xxjpmhkjnn0psmyl0-leaf-4.drv.drv","",1,1],"id":246221885145096,"level":3,"parent":0,"text":"building 'leaf-4.drv.drv'","type":105}
@nix {"action":"stop","id":246221885145096}
@nix {"action":"start","fields":["/Users/hetzner/obrador-shared-pins-20260909/trace-baseline/chain-round-1-jobs-8/store/rqxcdpw2adg51i9nfrskk9wxcy9mmpr6-leaf-4.drv","",1,1],"id":246221885145097,"level":3,"parent":0,"text":"building 'leaf-4.drv'","type":105}
@nix {"action":"stop","id":246221885145097}
@nix {"action":"start","fields":["/Users/hetzner/obrador-shared-pins-20260909/trace-baseline/chain-round-1-jobs-8/store/4y9snqizsc6pia29cgd02jxmvqk0lf3d-leaf-5.drv.drv","",1,1],"id":246221885145098,"level":3,"parent":0,"text":"building 'leaf-5.drv.drv'","type":105}
@nix {"action":"stop","id":246221885145098}
@nix {"action":"start","fields":["/Users/hetzner/obrador-shared-pins-20260909/trace-baseline/chain-round-1-jobs-8/store/5akn3zw8nfg97pca2f0a4c9rdcvz5848-leaf-5.drv","",1,1],"id":246221885145099,"level":3,"parent":0,"text":"building 'leaf-5.drv'","type":105}
@nix {"action":"stop","id":246221885145099}
@nix {"action":"start","fields":["/Users/hetzner/obrador-shared-pins-20260909/trace-baseline/chain-round-1-jobs-8/store/b9dmib4cd33plamamiprndl5ysnd1chl-leaf-6.drv.drv","",1,1],"id":246221885145100,"level":3,"parent":0,"text":"building 'leaf-6.drv.drv'","type":105}
@nix {"action":"stop","id":246221885145100}
@nix {"action":"start","fields":["/Users/hetzner/obrador-shared-pins-20260909/trace-baseline/chain-round-1-jobs-8/store/1qysklg4jnvxv3y5cp7041bmd5xmvn16-leaf-6.drv","",1,1],"id":246221885145101,"level":3,"parent":0,"text":"building 'leaf-6.drv'","type":105}
@nix {"action":"stop","id":246221885145101}
@nix {"action":"start","fields":["/Users/hetzner/obrador-shared-pins-20260909/trace-baseline/chain-round-1-jobs-8/store/bqdd2rjmr1nvpm09vjqpsmcjv159bfc5-leaf-7.drv.drv","",1,1],"id":246221885145102,"level":3,"parent":0,"text":"building 'leaf-7.drv.drv'","type":105}
@nix {"action":"stop","id":246221885145102}
@nix {"action":"start","fields":["/Users/hetzner/obrador-shared-pins-20260909/trace-baseline/chain-round-1-jobs-8/store/7qyfap37zy8jqvr1fyjisvpyl3m5n9fv-leaf-7.drv","",1,1],"id":246221885145103,"level":3,"parent":0,"text":"building 'leaf-7.drv'","type":105}
@nix {"action":"stop","id":246221885145103}
@nix {"action":"start","fields":["/Users/hetzner/obrador-shared-pins-20260909/trace-baseline/chain-round-1-jobs-8/store/nzvn91vznsnxx1wjs737xiywi7hrbx3h-leaf-8.drv.drv","",1,1],"id":246221885145104,"level":3,"parent":0,"text":"building 'leaf-8.drv.drv'","type":105}
@nix {"action":"stop","id":246221885145104}
@nix {"action":"start","fields":["/Users/hetzner/obrador-shared-pins-20260909/trace-baseline/chain-round-1-jobs-8/store/f6wklnk58w0acami6a4f72l6z3ryzl8f-leaf-8.drv","",1,1],"id":246221885145105,"level":3,"parent":0,"text":"building 'leaf-8.drv'","type":105}
@nix {"action":"stop","id":246221885145105}
@nix {"action":"start","fields":["/Users/hetzner/obrador-shared-pins-20260909/trace-baseline/chain-round-1-jobs-8/store/1h717zl05p06m98c1j2fy0vyq1vlhlv9-leaf-9.drv.drv","",1,1],"id":246221885145106,"level":3,"parent":0,"text":"building 'leaf-9.drv.drv'","type":105}
@nix {"action":"stop","id":246221885145106}
@nix {"action":"start","fields":["/Users/hetzner/obrador-shared-pins-20260909/trace-baseline/chain-round-1-jobs-8/store/v3fba24248171siliwxc851iz1kbs92l-leaf-9.drv","",1,1],"id":246221885145107,"level":3,"parent":0,"text":"building 'leaf-9.drv'","type":105}
@nix {"action":"stop","id":246221885145107}
@nix {"action":"start","fields":["/Users/hetzner/obrador-shared-pins-20260909/trace-baseline/chain-round-1-jobs-8/store/cvdx6jcjjs9iy3w5qkpnxlrcyyiipwmd-leaf-10.drv.drv","",1,1],"id":246221885145108,"level":3,"parent":0,"text":"building 'leaf-10.drv.drv'","type":105}
@nix {"action":"stop","id":246221885145108}
@nix {"action":"start","fields":["/Users/hetzner/obrador-shared-pins-20260909/trace-baseline/chain-round-1-jobs-8/store/jxhynb7jj395zvpicpi4vr2va6yw8lqm-leaf-10.drv","",1,1],"id":246221885145109,"level":3,"parent":0,"text":"building 'leaf-10.drv'","type":105}
@nix {"action":"stop","id":246221885145109}
@nix {"action":"start","fields":["/Users/hetzner/obrador-shared-pins-20260909/trace-baseline/chain-round-1-jobs-8/store/l7h5x4ssxixpr58zmn259gvrmqd5p62r-leaf-11.drv.drv","",1,1],"id":246221885145110,"level":3,"parent":0,"text":"building 'leaf-11.drv.drv'","type":105}
@nix {"action":"stop","id":246221885145110}
@nix {"action":"start","fields":["/Users/hetzner/obrador-shared-pins-20260909/trace-baseline/chain-round-1-jobs-8/store/a4j48397wfr5hb16rvpcaj61r7ha4z6m-leaf-11.drv","",1,1],"id":246221885145111,"level":3,"parent":0,"text":"building 'leaf-11.drv'","type":105}
@nix {"action":"stop","id":246221885145111}
@nix {"action":"start","fields":["/Users/hetzner/obrador-shared-pins-20260909/trace-baseline/chain-round-1-jobs-8/store/ik63i0ppr7ydpa6ljsppnhbfcmyyy7fw-leaf-12.drv.drv","",1,1],"id":246221885145112,"level":3,"parent":0,"text":"building 'leaf-12.drv.drv'","type":105}
@nix {"action":"stop","id":246221885145112}
@nix {"action":"start","fields":["/Users/hetzner/obrador-shared-pins-20260909/trace-baseline/chain-round-1-jobs-8/store/3zxpk75z9m5c3ji9zmj026rxb66zgjmv-leaf-12.drv","",1,1],"id":246221885145113,"level":3,"parent":0,"text":"building 'leaf-12.drv'","type":105}
@nix {"action":"stop","id":246221885145113}
@nix {"action":"start","fields":["/Users/hetzner/obrador-shared-pins-20260909/trace-baseline/chain-round-1-jobs-8/store/1ssi1qz1gya7yxq7crjl6vhpkfsap22h-leaf-13.drv.drv","",1,1],"id":246221885145114,"level":3,"parent":0,"text":"building 'leaf-13.drv.drv'","type":105}
@nix {"action":"stop","id":246221885145114}
@nix {"action":"start","fields":["/Users/hetzner/obrador-shared-pins-20260909/trace-baseline/chain-round-1-jobs-8/store/fq06rlv1immw8z5bcvq7vjpq8r46r2jy-leaf-13.drv","",1,1],"id":246221885145115,"level":3,"parent":0,"text":"building 'leaf-13.drv'","type":105}
@nix {"action":"stop","id":246221885145115}
@nix {"action":"start","fields":["/Users/hetzner/obrador-shared-pins-20260909/trace-baseline/chain-round-1-jobs-8/store/pvnjfin26masi1j005x47kwjpl3220lb-leaf-14.drv.drv","",1,1],"id":246221885145116,"level":3,"parent":0,"text":"building 'leaf-14.drv.drv'","type":105}
@nix {"action":"stop","id":246221885145116}
@nix {"action":"start","fields":["/Users/hetzner/obrador-shared-pins-20260909/trace-baseline/chain-round-1-jobs-8/store/1nn7cm6b020d4dbyzvx08n58vbp31i9n-leaf-14.drv","",1,1],"id":246221885145117,"level":3,"parent":0,"text":"building 'leaf-14.drv'","type":105}
@nix {"action":"stop","id":246221885145117}
@nix {"action":"start","fields":["/Users/hetzner/obrador-shared-pins-20260909/trace-baseline/chain-round-1-jobs-8/store/pbij870fyjz0yldb41rs69d1hpdlfsml-leaf-15.drv.drv","",1,1],"id":246221885145118,"level":3,"parent":0,"text":"building 'leaf-15.drv.drv'","type":105}
@nix {"action":"stop","id":246221885145118}
@nix {"action":"start","fields":["/Users/hetzner/obrador-shared-pins-20260909/trace-baseline/chain-round-1-jobs-8/store/v5aw2z7s50l4bqmymqp8l8c5bb0pwzv7-leaf-15.drv","",1,1],"id":246221885145119,"level":3,"parent":0,"text":"building 'leaf-15.drv'","type":105}
@nix {"action":"stop","id":246221885145119}
@nix {"action":"start","fields":["/Users/hetzner/obrador-shared-pins-20260909/trace-baseline/chain-round-1-jobs-8/store/a0v95cvq1rdskdv3g92q43b3x9jrn41v-leaf-16.drv.drv","",1,1],"id":246221885145120,"level":3,"parent":0,"text":"building 'leaf-16.drv.drv'","type":105}
@nix {"action":"stop","id":246221885145120}
@nix {"action":"start","fields":["/Users/hetzner/obrador-shared-pins-20260909/trace-baseline/chain-round-1-jobs-8/store/67v4izp184n9ll6yds6sr29vg0b6pagd-leaf-16.drv","",1,1],"id":246221885145121,"level":3,"parent":0,"text":"building 'leaf-16.drv'","type":105}
@nix {"action":"stop","id":246221885145121}
@nix {"action":"start","fields":["/Users/hetzner/obrador-shared-pins-20260909/trace-baseline/chain-round-1-jobs-8/store/gmpamwd1iq9l6xg7m6kh02mdx38mmjss-leaf-17.drv.drv","",1,1],"id":246221885145122,"level":3,"parent":0,"text":"building 'leaf-17.drv.drv'","type":105}
@nix {"action":"stop","id":246221885145122}
@nix {"action":"start","fields":["/Users/hetzner/obrador-shared-pins-20260909/trace-baseline/chain-round-1-jobs-8/store/mr6wlxn7y4ghmfhf8kjlvn674khar7nm-leaf-17.drv","",1,1],"id":246221885145123,"level":3,"parent":0,"text":"building 'leaf-17.drv'","type":105}
@nix {"action":"stop","id":246221885145123}
@nix {"action":"start","fields":["/Users/hetzner/obrador-shared-pins-20260909/trace-baseline/chain-round-1-jobs-8/store/z17jw49k5pp8fy0m7vs9880vv4i92xvl-leaf-18.drv.drv","",1,1],"id":246221885145124,"level":3,"parent":0,"text":"building 'leaf-18.drv.drv'","type":105}
@nix {"action":"stop","id":246221885145124}
@nix {"action":"start","fields":["/Users/hetzner/obrador-shared-pins-20260909/trace-baseline/chain-round-1-jobs-8/store/nld747aggd1s848mynwv8z41sf89vg16-leaf-18.drv","",1,1],"id":246221885145125,"level":3,"parent":0,"text":"building 'leaf-18.drv'","type":105}
@nix {"action":"stop","id":246221885145125}
@nix {"action":"start","fields":["/Users/hetzner/obrador-shared-pins-20260909/trace-baseline/chain-round-1-jobs-8/store/qmm275jrqg0vb6jkpcg0190chxpvya56-leaf-19.drv.drv","",1,1],"id":246221885145126,"level":3,"parent":0,"text":"building 'leaf-19.drv.drv'","type":105}
@nix {"action":"stop","id":246221885145126}
@nix {"action":"start","fields":["/Users/hetzner/obrador-shared-pins-20260909/trace-baseline/chain-round-1-jobs-8/store/gh4ayssvnss4vfrsxw5jz59hmnvwkyhf-leaf-19.drv","",1,1],"id":246221885145127,"level":3,"parent":0,"text":"building 'leaf-19.drv'","type":105}
@nix {"action":"stop","id":246221885145127}
@nix {"action":"start","fields":["/Users/hetzner/obrador-shared-pins-20260909/trace-baseline/chain-round-1-jobs-8/store/xhvav5ijxl68i2y4z05dvcck0jf6ybnh-leaf-20.drv.drv","",1,1],"id":246221885145128,"level":3,"parent":0,"text":"building 'leaf-20.drv.drv'","type":105}
@nix {"action":"stop","id":246221885145128}
@nix {"action":"start","fields":["/Users/hetzner/obrador-shared-pins-20260909/trace-baseline/chain-round-1-jobs-8/store/g3v10nqnmrvf4i45r4kdyqbwmq0ah7mj-leaf-20.drv","",1,1],"id":246221885145129,"level":3,"parent":0,"text":"building 'leaf-20.drv'","type":105}
@nix {"action":"stop","id":246221885145129}
@nix {"action":"start","fields":["/Users/hetzner/obrador-shared-pins-20260909/trace-baseline/chain-round-1-jobs-8/store/pyq9nfs0qshk42k9s6l8vpkzr18l6gz7-leaf-21.drv.drv","",1,1],"id":246221885145130,"level":3,"parent":0,"text":"building 'leaf-21.drv.drv'","type":105}
@nix {"action":"stop","id":246221885145130}
@nix {"action":"start","fields":["/Users/hetzner/obrador-shared-pins-20260909/trace-baseline/chain-round-1-jobs-8/store/7g4m76y09m8qrhb1w354qznn74m4j02d-leaf-21.drv","",1,1],"id":246221885145131,"level":3,"parent":0,"text":"building 'leaf-21.drv'","type":105}
@nix {"action":"stop","id":246221885145131}
@nix {"action":"start","fields":["/Users/hetzner/obrador-shared-pins-20260909/trace-baseline/chain-round-1-jobs-8/store/kvfnfjhp1yry9ny8fb2s5z47nhwrhdnw-leaf-22.drv.drv","",1,1],"id":246221885145132,"level":3,"parent":0,"text":"building 'leaf-22.drv.drv'","type":105}
@nix {"action":"stop","id":246221885145132}
@nix {"action":"start","fields":["/Users/hetzner/obrador-shared-pins-20260909/trace-baseline/chain-round-1-jobs-8/store/axm4316irr5dd07460nmry1v0hrf2v81-leaf-22.drv","",1,1],"id":246221885145133,"level":3,"parent":0,"text":"building 'leaf-22.drv'","type":105}
@nix {"action":"stop","id":246221885145133}
@nix {"action":"start","fields":["/Users/hetzner/obrador-shared-pins-20260909/trace-baseline/chain-round-1-jobs-8/store/c59m1j1vn839gki3mhlacagjbfj4s8bz-leaf-23.drv.drv","",1,1],"id":246221885145134,"level":3,"parent":0,"text":"building 'leaf-23.drv.drv'","type":105}
@nix {"action":"stop","id":246221885145134}
@nix {"action":"start","fields":["/Users/hetzner/obrador-shared-pins-20260909/trace-baseline/chain-round-1-jobs-8/store/236x0zmbdaljz11v56shm0k3y06k7ajc-leaf-23.drv","",1,1],"id":246221885145135,"level":3,"parent":0,"text":"building 'leaf-23.drv'","type":105}
@nix {"action":"stop","id":246221885145135}
@nix {"action":"start","fields":["/Users/hetzner/obrador-shared-pins-20260909/trace-baseline/chain-round-1-jobs-8/store/gm7qsbx4v0iy32b2vrn8663i98512cqc-leaf-24.drv.drv","",1,1],"id":246221885145136,"level":3,"parent":0,"text":"building 'leaf-24.drv.drv'","type":105}
@nix {"action":"stop","id":246221885145136}
@nix {"action":"start","fields":["/Users/hetzner/obrador-shared-pins-20260909/trace-baseline/chain-round-1-jobs-8/store/yf10imd7bjianafpwhbcjv0j2n8nycbx-leaf-24.drv","",1,1],"id":246221885145137,"level":3,"parent":0,"text":"building 'leaf-24.drv'","type":105}
@nix {"action":"stop","id":246221885145137}
@nix {"action":"start","fields":["/Users/hetzner/obrador-shared-pins-20260909/trace-baseline/chain-round-1-jobs-8/store/0za4p2bjbiri6a3ic5xcn0ydscwpnibh-leaf-25.drv.drv","",1,1],"id":246221885145138,"level":3,"parent":0,"text":"building 'leaf-25.drv.drv'","type":105}
@nix {"action":"stop","id":246221885145138}
@nix {"action":"start","fields":["/Users/hetzner/obrador-shared-pins-20260909/trace-baseline/chain-round-1-jobs-8/store/0xnd9pvp4h46px6kgkxd70l4g2zy42ch-leaf-25.drv","",1,1],"id":246221885145139,"level":3,"parent":0,"text":"building 'leaf-25.drv'","type":105}
@nix {"action":"stop","id":246221885145139}
@nix {"action":"start","fields":["/Users/hetzner/obrador-shared-pins-20260909/trace-baseline/chain-round-1-jobs-8/store/84lslh7f8gn22mas6sji21r8j8igpwiz-leaf-26.drv.drv","",1,1],"id":246221885145140,"level":3,"parent":0,"text":"building 'leaf-26.drv.drv'","type":105}
@nix {"action":"stop","id":246221885145140}
@nix {"action":"start","fields":["/Users/hetzner/obrador-shared-pins-20260909/trace-baseline/chain-round-1-jobs-8/store/0wmmm85rr3grkr96xikyh5yfxiyrpl76-leaf-26.drv","",1,1],"id":246221885145141,"level":3,"parent":0,"text":"building 'leaf-26.drv'","type":105}
@nix {"action":"stop","id":246221885145141}
@nix {"action":"start","fields":["/Users/hetzner/obrador-shared-pins-20260909/trace-baseline/chain-round-1-jobs-8/store/rn6nc3c6rkbaa85kcxji0rgfshczgmx2-leaf-27.drv.drv","",1,1],"id":246221885145142,"level":3,"parent":0,"text":"building 'leaf-27.drv.drv'","type":105}
@nix {"action":"stop","id":246221885145142}
@nix {"action":"start","fields":["/Users/hetzner/obrador-shared-pins-20260909/trace-baseline/chain-round-1-jobs-8/store/0r2gk04jbhm86w3xbid8ldj727cbd1aw-leaf-27.drv","",1,1],"id":246221885145143,"level":3,"parent":0,"text":"building 'leaf-27.drv'","type":105}
@nix {"action":"stop","id":246221885145143}
@nix {"action":"start","fields":["/Users/hetzner/obrador-shared-pins-20260909/trace-baseline/chain-round-1-jobs-8/store/md7g08vxmhwiha6wamhakbhq1hip5gsy-leaf-28.drv.drv","",1,1],"id":246221885145144,"level":3,"parent":0,"text":"building 'leaf-28.drv.drv'","type":105}
@nix {"action":"stop","id":246221885145144}
@nix {"action":"start","fields":["/Users/hetzner/obrador-shared-pins-20260909/trace-baseline/chain-round-1-jobs-8/store/12jdglphv0k4ri1xaavcc2609j185mkl-leaf-28.drv","",1,1],"id":246221885145145,"level":3,"parent":0,"text":"building 'leaf-28.drv'","type":105}
@nix {"action":"stop","id":246221885145145}
@nix {"action":"start","fields":["/Users/hetzner/obrador-shared-pins-20260909/trace-baseline/chain-round-1-jobs-8/store/xi4i7r4rzakdjirx0s6kds3wvc4zjypb-leaf-29.drv.drv","",1,1],"id":246221885145146,"level":3,"parent":0,"text":"building 'leaf-29.drv.drv'","type":105}
@nix {"action":"stop","id":246221885145146}
@nix {"action":"start","fields":["/Users/hetzner/obrador-shared-pins-20260909/trace-baseline/chain-round-1-jobs-8/store/304rcz0aj5pn9vg4b1vim3abrnknyihq-leaf-29.drv","",1,1],"id":246221885145147,"level":3,"parent":0,"text":"building 'leaf-29.drv'","type":105}
@nix {"action":"stop","id":246221885145147}
@nix {"action":"start","fields":["/Users/hetzner/obrador-shared-pins-20260909/trace-baseline/chain-round-1-jobs-8/store/h1dj9nxdxkprrbjgjk4xmz3z244pw0g8-leaf-30.drv.drv","",1,1],"id":246221885145148,"level":3,"parent":0,"text":"building 'leaf-30.drv.drv'","type":105}
@nix {"action":"stop","id":246221885145148}
@nix {"action":"start","fields":["/Users/hetzner/obrador-shared-pins-20260909/trace-baseline/chain-round-1-jobs-8/store/dvpz0iaz4x7dglr9297qfvv4p9kdg5j9-leaf-30.drv","",1,1],"id":246221885145149,"level":3,"parent":0,"text":"building 'leaf-30.drv'","type":105}
@nix {"action":"stop","id":246221885145149}
@nix {"action":"start","fields":["/Users/hetzner/obrador-shared-pins-20260909/trace-baseline/chain-round-1-jobs-8/store/ngdpsl42zmp9rn53c9rjzfs4a29kv9q1-leaf-31.drv.drv","",1,1],"id":246221885145150,"level":3,"parent":0,"text":"building 'leaf-31.drv.drv'","type":105}
@nix {"action":"stop","id":246221885145150}
@nix {"action":"start","fields":["/Users/hetzner/obrador-shared-pins-20260909/trace-baseline/chain-round-1-jobs-8/store/qqdcgm0j0gv7pq3vic061h0nkf41wlpi-leaf-31.drv","",1,1],"id":246221885145151,"level":3,"parent":0,"text":"building 'leaf-31.drv'","type":105}
@nix {"action":"stop","id":246221885145151}
