copying 33 paths...
copying path '/Users/hetzner/obrador-shared-pins-20260909/trace-baseline/chain-round-1-jobs-8/store/jicwrrf1vv9ws7wi5l3vyjml77vvqqpc-seed' to 'obrador+local:///Users/hetzner/obrador-shared-pins-20260909/trace-baseline/chain-round-1-jobs-8/obrador/state'...
copying path '/Users/hetzner/obrador-shared-pins-20260909/trace-baseline/chain-round-1-jobs-8/store/ja3zqaawcxq6gfsc3i4fixhg3sxc5jjw-leaf-0.drv.drv' to 'obrador+local:///Users/hetzner/obrador-shared-pins-20260909/trace-baseline/chain-round-1-jobs-8/obrador/state'...
copying path '/Users/hetzner/obrador-shared-pins-20260909/trace-baseline/chain-round-1-jobs-8/store/v5km3785yczvnn0mgkpghgsqpnl824kj-leaf-1.drv.drv' to 'obrador+local:///Users/hetzner/obrador-shared-pins-20260909/trace-baseline/chain-round-1-jobs-8/obrador/state'...
copying path '/Users/hetzner/obrador-shared-pins-20260909/trace-baseline/chain-round-1-jobs-8/store/j7njzwkshmcnbw5b1v350m6bc4hsa7d0-leaf-2.drv.drv' to 'obrador+local:///Users/hetzner/obrador-shared-pins-20260909/trace-baseline/chain-round-1-jobs-8/obrador/state'...
copying path '/Users/hetzner/obrador-shared-pins-20260909/trace-baseline/chain-round-1-jobs-8/store/r99pr9bmcjw36ybfqccvrbqhkidcqd7z-leaf-3.drv.drv' to 'obrador+local:///Users/hetzner/obrador-shared-pins-20260909/trace-baseline/chain-round-1-jobs-8/obrador/state'...
copying path '/Users/hetzner/obrador-shared-pins-20260909/trace-baseline/chain-round-1-jobs-8/store/x7b4a0iw2mid401s3gg7pgsmk59ssv60-leaf-4.drv.drv' to 'obrador+local:///Users/hetzner/obrador-shared-pins-20260909/trace-baseline/chain-round-1-jobs-8/obrador/state'...
copying path '/Users/hetzner/obrador-shared-pins-20260909/trace-baseline/chain-round-1-jobs-8/store/rz1f08asjqbp2bn6bnx2czav2vbgbjyv-leaf-5.drv.drv' to 'obrador+local:///Users/hetzner/obrador-shared-pins-20260909/trace-baseline/chain-round-1-jobs-8/obrador/state'...
copying path '/Users/hetzner/obrador-shared-pins-20260909/trace-baseline/chain-round-1-jobs-8/store/zx8cqdmkrfc6cs83rrwaixx8fajlypjh-leaf-6.drv.drv' to 'obrador+local:///Users/hetzner/obrador-shared-pins-20260909/trace-baseline/chain-round-1-jobs-8/obrador/state'...
copying path '/Users/hetzner/obrador-shared-pins-20260909/trace-baseline/chain-round-1-jobs-8/store/56svw0qxbjrrbw5rfwn037ablrnrs9zp-leaf-7.drv.drv' to 'obrador+local:///Users/hetzner/obrador-shared-pins-20260909/trace-baseline/chain-round-1-jobs-8/obrador/state'...
copying path '/Users/hetzner/obrador-shared-pins-20260909/trace-baseline/chain-round-1-jobs-8/store/689499lkirhfx18czs7w12mcc8c4sw7c-leaf-8.drv.drv' to 'obrador+local:///Users/hetzner/obrador-shared-pins-20260909/trace-baseline/chain-round-1-jobs-8/obrador/state'...
copying path '/Users/hetzner/obrador-shared-pins-20260909/trace-baseline/chain-round-1-jobs-8/store/gqj0c2x9w1lr49dsslq7a5qv0fym56gf-leaf-9.drv.drv' to 'obrador+local:///Users/hetzner/obrador-shared-pins-20260909/trace-baseline/chain-round-1-jobs-8/obrador/state'...
copying path '/Users/hetzner/obrador-shared-pins-20260909/trace-baseline/chain-round-1-jobs-8/store/0dkci67x4rn2wd0q3vdzc70p0mxd1g2f-leaf-10.drv.drv' to 'obrador+local:///Users/hetzner/obrador-shared-pins-20260909/trace-baseline/chain-round-1-jobs-8/obrador/state'...
copying path '/Users/hetzner/obrador-shared-pins-20260909/trace-baseline/chain-round-1-jobs-8/store/zprc2s8pbkflcgbjs2i0bkqwwj0pi9wr-leaf-11.drv.drv' to 'obrador+local:///Users/hetzner/obrador-shared-pins-20260909/trace-baseline/chain-round-1-jobs-8/obrador/state'...
copying path '/Users/hetzner/obrador-shared-pins-20260909/trace-baseline/chain-round-1-jobs-8/store/r0sh406rfk1m7i8pzaf6yghy0qm78b70-leaf-12.drv.drv' to 'obrador+local:///Users/hetzner/obrador-shared-pins-20260909/trace-baseline/chain-round-1-jobs-8/obrador/state'...
copying path '/Users/hetzner/obrador-shared-pins-20260909/trace-baseline/chain-round-1-jobs-8/store/pswam9zghkablfmb3isw5fbmav0yi6mm-leaf-13.drv.drv' to 'obrador+local:///Users/hetzner/obrador-shared-pins-20260909/trace-baseline/chain-round-1-jobs-8/obrador/state'...
copying path '/Users/hetzner/obrador-shared-pins-20260909/trace-baseline/chain-round-1-jobs-8/store/d4dyahmz3fqm8jn5mc88pfr0xz5a243y-leaf-14.drv.drv' to 'obrador+local:///Users/hetzner/obrador-shared-pins-20260909/trace-baseline/chain-round-1-jobs-8/obrador/state'...
copying path '/Users/hetzner/obrador-shared-pins-20260909/trace-baseline/chain-round-1-jobs-8/store/05n3qjn8g777dyazpw9hqjpm6r3x6gvi-leaf-15.drv.drv' to 'obrador+local:///Users/hetzner/obrador-shared-pins-20260909/trace-baseline/chain-round-1-jobs-8/obrador/state'...
copying path '/Users/hetzner/obrador-shared-pins-20260909/trace-baseline/chain-round-1-jobs-8/store/4lf8qv3awp0b684l0yrb2015j9jf2dgr-leaf-16.drv.drv' to 'obrador+local:///Users/hetzner/obrador-shared-pins-20260909/trace-baseline/chain-round-1-jobs-8/obrador/state'...
copying path '/Users/hetzner/obrador-shared-pins-20260909/trace-baseline/chain-round-1-jobs-8/store/wq5vjn1simmpbybrkjpn4h4w3029d6qs-leaf-17.drv.drv' to 'obrador+local:///Users/hetzner/obrador-shared-pins-20260909/trace-baseline/chain-round-1-jobs-8/obrador/state'...
copying path '/Users/hetzner/obrador-shared-pins-20260909/trace-baseline/chain-round-1-jobs-8/store/2qw3195zq31z7z6z56vjn98bb670khxj-leaf-18.drv.drv' to 'obrador+local:///Users/hetzner/obrador-shared-pins-20260909/trace-baseline/chain-round-1-jobs-8/obrador/state'...
copying path '/Users/hetzner/obrador-shared-pins-20260909/trace-baseline/chain-round-1-jobs-8/store/jxvc2a8lnbcinwi39n7k4r2cdlhjx56g-leaf-19.drv.drv' to 'obrador+local:///Users/hetzner/obrador-shared-pins-20260909/trace-baseline/chain-round-1-jobs-8/obrador/state'...
copying path '/Users/hetzner/obrador-shared-pins-20260909/trace-baseline/chain-round-1-jobs-8/store/gdy4zf6qz668z7d49firy59qmpqa97ad-leaf-20.drv.drv' to 'obrador+local:///Users/hetzner/obrador-shared-pins-20260909/trace-baseline/chain-round-1-jobs-8/obrador/state'...
copying path '/Users/hetzner/obrador-shared-pins-20260909/trace-baseline/chain-round-1-jobs-8/store/3rrydsdg18p81blwdqmwdlnbf2aq3nif-leaf-21.drv.drv' to 'obrador+local:///Users/hetzner/obrador-shared-pins-20260909/trace-baseline/chain-round-1-jobs-8/obrador/state'...
copying path '/Users/hetzner/obrador-shared-pins-20260909/trace-baseline/chain-round-1-jobs-8/store/dc7jiqvlkaz0fs980nsyh0p045wj7a7z-leaf-22.drv.drv' to 'obrador+local:///Users/hetzner/obrador-shared-pins-20260909/trace-baseline/chain-round-1-jobs-8/obrador/state'...
copying path '/Users/hetzner/obrador-shared-pins-20260909/trace-baseline/chain-round-1-jobs-8/store/8f42zf9ks5g3hvph0sv0f4dl3l6j55fl-leaf-23.drv.drv' to 'obrador+local:///Users/hetzner/obrador-shared-pins-20260909/trace-baseline/chain-round-1-jobs-8/obrador/state'...
copying path '/Users/hetzner/obrador-shared-pins-20260909/trace-baseline/chain-round-1-jobs-8/store/hq0gmi434dmcgwjxdkddvd72zdn0zw52-leaf-24.drv.drv' to 'obrador+local:///Users/hetzner/obrador-shared-pins-20260909/trace-baseline/chain-round-1-jobs-8/obrador/state'...
copying path '/Users/hetzner/obrador-shared-pins-20260909/trace-baseline/chain-round-1-jobs-8/store/a60n4kf8173082g9avcb36vz9x4784q4-leaf-25.drv.drv' to 'obrador+local:///Users/hetzner/obrador-shared-pins-20260909/trace-baseline/chain-round-1-jobs-8/obrador/state'...
copying path '/Users/hetzner/obrador-shared-pins-20260909/trace-baseline/chain-round-1-jobs-8/store/hb8r31vzgxl3kywc6vwn6mdayp7zjpcn-leaf-26.drv.drv' to 'obrador+local:///Users/hetzner/obrador-shared-pins-20260909/trace-baseline/chain-round-1-jobs-8/obrador/state'...
copying path '/Users/hetzner/obrador-shared-pins-20260909/trace-baseline/chain-round-1-jobs-8/store/50d1ryydwp6xhi5h5lhf9y5z7cwni83f-leaf-27.drv.drv' to 'obrador+local:///Users/hetzner/obrador-shared-pins-20260909/trace-baseline/chain-round-1-jobs-8/obrador/state'...
copying path '/Users/hetzner/obrador-shared-pins-20260909/trace-baseline/chain-round-1-jobs-8/store/fzy0dbw9kir77hcyr8yl03kp2ywj8qsg-leaf-28.drv.drv' to 'obrador+local:///Users/hetzner/obrador-shared-pins-20260909/trace-baseline/chain-round-1-jobs-8/obrador/state'...
copying path '/Users/hetzner/obrador-shared-pins-20260909/trace-baseline/chain-round-1-jobs-8/store/3hvkdsmrmrcqkvz4gylz05hqwk5xpyka-leaf-29.drv.drv' to 'obrador+local:///Users/hetzner/obrador-shared-pins-20260909/trace-baseline/chain-round-1-jobs-8/obrador/state'...
copying path '/Users/hetzner/obrador-shared-pins-20260909/trace-baseline/chain-round-1-jobs-8/store/r0i6lhxjmvh08kx2da8iavqvry7sb91j-leaf-30.drv.drv' to 'obrador+local:///Users/hetzner/obrador-shared-pins-20260909/trace-baseline/chain-round-1-jobs-8/obrador/state'...
copying path '/Users/hetzner/obrador-shared-pins-20260909/trace-baseline/chain-round-1-jobs-8/store/zhjqmy5zxikk0mhfc44n3ypq24pmr4qn-leaf-31.drv.drv' to 'obrador+local:///Users/hetzner/obrador-shared-pins-20260909/trace-baseline/chain-round-1-jobs-8/obrador/state'...
