 Downloading crates ...
  Downloaded proc-macro-error-attr3 v3.1.1
  Downloaded proc-macro-error3 v3.1.1
  Downloaded aws-smithy-http v0.64.1
  Downloaded aws-config v1.12.0
  Downloaded aws-smithy-runtime-api v1.18.0
  Downloaded aws-sigv4 v1.6.0
  Downloaded aws-runtime v1.10.0
  Downloaded aws-smithy-types v1.8.1
  Downloaded aws-sdk-sso v1.112.0
  Downloaded aws-sdk-ssooidc v1.114.0
  Downloaded aws-smithy-runtime v1.15.0
  Downloaded aws-sdk-sts v1.117.0
  Downloaded crc-fast v1.10.0
   Compiling unicode-ident v1.0.26
    Checking cfg-if v1.0.5
    Checking smallvec v1.16.2
   Compiling proc-macro2 v1.0.107
    Checking parking_lot_core v0.9.12
    Checking getrandom v0.2.17
   Compiling quote v1.0.47
   Compiling syn v2.0.119
   Compiling syn v3.0.6
   Compiling zeroize_derive v1.5.0
   Compiling serde_derive v1.0.229
    Checking zeroize v1.9.0
   Compiling find-msvc-tools v0.1.14
   Compiling cc v1.5.1
    Checking rand_core v0.6.4
    Checking generic-array v0.14.7
    Checking serde v1.0.229
   Compiling tokio-macros v2.7.2
    Checking lock_api v0.4.14
    Checking parking_lot v0.12.5
    Checking bytes v1.12.1
    Checking crypto-common v0.1.7
   Compiling tracing-attributes v0.1.31
    Checking tokio v1.53.1
    Checking tracing v0.1.44
   Compiling futures-macro v0.3.34
    Checking futures-util v0.3.34
    Checking tokio-util v0.7.19
    Checking http v1.5.0
    Checking getrandom v0.4.3
    Checking crc32fast v1.5.2
   Compiling thiserror v2.0.21
   Compiling thiserror-impl v2.0.21
    Checking http-body v1.1.0
    Checking block-buffer v0.10.4
    Checking digest v0.10.7
    Checking http-body-util v0.1.5
   Compiling synstructure v0.14.0
   Compiling zerocopy v0.8.58
   Compiling ring v0.17.14
   Compiling zerocopy-derive v0.8.58
   Compiling zerofrom-derive v0.1.8
    Checking zerofrom v0.1.8
   Compiling yoke-derive v0.8.3
   Compiling cmake v0.1.58
    Checking yoke v0.8.3
   Compiling aws-lc-sys v0.45.0
   Compiling zerovec-derive v0.11.6
    Checking zerovec v0.11.8
   Compiling displaydoc v0.2.7
    Checking rustls-pki-types v1.15.1
    Checking tinystr v0.8.4
    Checking icu_locale_core v2.3.0
    Checking potential_utf v0.1.6
    Checking zerotrie v0.2.5
   Compiling rustix v1.1.5
    Checking h2 v0.4.19
    Checking icu_provider v2.3.1
    Checking icu_collections v2.3.0
    Checking hyper v1.11.1
    Checking base64 v0.23.1
    Checking hyper-util v0.1.21
    Checking tower v0.5.3
    Checking sha2 v0.11.0
    Checking gix-path v0.12.6
    Checking getrandom v0.3.4
    Checking http v0.2.12
    Checking icu_normalizer v2.3.0
    Checking icu_properties v2.3.0
    Checking gix-utils v0.3.6
    Checking http-body v0.4.6
    Checking prodash v31.0.0
    Checking chrono v0.4.45
    Checking gix-features v0.48.1
    Checking bytes-utils v0.1.4
    Checking aws-smithy-types v1.8.1
    Checking sha1 v0.10.7
   Compiling faster-hex v0.10.1
    Checking aws-smithy-async v1.3.0
   Compiling aws-smithy-runtime-api-macros v1.1.0
    Checking aws-smithy-runtime-api v1.18.0
    Checking chacha20 v0.10.2
    Checking rustls-native-certs v0.8.4
    Checking rand v0.10.3
    Checking idna_adapter v1.2.2
    Checking tempfile v3.27.0
   Compiling prost-derive v0.14.4
    Checking idna v1.1.0
    Checking sha1-checked v0.10.0
   Compiling async-trait v0.1.92
    Checking gix-hash v0.25.1
    Checking url v2.5.8
    Checking half v2.7.1
    Checking der v0.7.10
   Compiling pin-project-internal v1.1.13
    Checking pin-project v1.1.13
    Checking spki v0.7.3
    Checking flate2 v1.1.10
   Compiling bytemuck_derive v1.12.1
    Checking simdutf8 v0.1.5
    Checking uuid v1.26.1
    Checking bytemuck v1.25.2
    Checking pkcs8 v0.10.2
    Checking arrow-buffer v55.2.0
   Compiling prettyplease v0.2.37
    Checking gix-hashtable v0.15.2
    Checking ppv-lite86 v0.2.21
    Checking signature v2.2.0
    Checking tokio-stream v0.1.19
    Checking ff v0.13.1
   Compiling rustls v0.21.12
    Checking sec1 v0.7.3
    Checking arrow-data v55.2.0
    Checking group v0.13.0
    Checking gix-object v0.62.0
    Checking ahash v0.8.12
    Checking axum-core v0.5.6
    Checking aws-smithy-schema v0.2.1
    Checking sct v0.7.1
    Checking rustls-webpki v0.101.7
    Checking crypto-bigint v0.5.5
    Checking axum v0.8.9
    Checking arrow-array v55.2.0
    Checking elliptic-curve v0.13.8
    Checking aws-smithy-eventstream v0.61.4
    Checking h2 v0.3.27
    Checking rand_core v0.9.5
    Checking hyper-timeout v0.5.2
    Checking webpki-roots v1.0.9
    Checking hmac v0.12.1
    Checking hyper v0.14.32
    Checking rfc6979 v0.4.0
    Checking aws-smithy-http v0.64.1
    Checking tokio-rustls v0.24.1
    Checking prost v0.14.4
    Checking sha2 v0.10.9
   Compiling thiserror-impl v1.0.69
   Compiling darling_core v0.23.0
    Checking thiserror v1.0.69
    Checking hyper-rustls v0.24.2
    Checking ecdsa v0.16.9
    Checking primeorder v0.13.6
    Checking aws-credential-types v1.3.0
    Checking gix-fs v0.21.2
    Checking p256 v0.13.2
   Compiling syn v1.0.109
   Compiling darling_macro v0.23.0
    Checking rand_chacha v0.9.0
    Checking tower-http v0.6.11
    Checking aws-smithy-observability v0.3.0
    Checking serde_urlencoded v0.7.1
    Checking tracing-serde v0.2.0
    Checking inout v0.1.4
   Compiling proc-macro-error-attr3 v3.1.1
    Checking thread_local v1.1.10
    Checking tracing-subscriber v0.3.23
   Compiling aws-lc-rs v1.18.1
   Compiling rustls v0.23.45
   Compiling proc-macro-error3 v3.1.1
    Checking cipher v0.4.4
    Checking aws-sigv4 v1.6.0
    Checking rustls-webpki v0.103.15
    Checking rand v0.9.5
   Compiling darling v0.23.0
   Compiling syn-mid v0.5.4
    Checking aws-types v1.6.0
    Checking gix-tempfile v23.0.2
    Checking arrow-select v55.2.0
    Checking twox-hash v2.1.4
    Checking tokio-rustls v0.26.5
   Compiling encoding_rs v0.8.42
    Checking hyper-rustls v0.27.10
    Checking tonic v0.14.6
    Checking aws-smithy-http-client v1.4.2
    Checking aws-smithy-runtime v1.15.0
    Checking universal-hash v0.5.1
   Compiling once_cell v1.21.4
   Compiling ciborium-ll v0.2.2
    Checking aws-runtime v1.10.0
    Checking polyval v0.6.2
    Checking gix-lock v23.0.1
    Checking icu_locale_fallback v2.3.0
   Compiling proc-macro-error-attr v0.4.12
   Compiling validator_derive v0.20.1
    Checking bigdecimal v0.4.10
   Compiling prost-types v0.14.4
    Checking aws-smithy-json v0.63.1
   Compiling strum_macros v0.26.4
   Compiling libloading v0.8.9
   Compiling zstd-sys v2.1.0+zstd.1.5.7
    Checking futures-executor v0.3.34
   Compiling simsimd v6.5.16
   Compiling aegis v0.9.20
   Compiling turso_macros v0.8.0-pre.7 (https://github.com/cachix/turso.git?rev=dca55133caa690f90dcdd58d3c4329fb0703659c#dca55133)
   Compiling miette-derive v7.6.0
    Checking core_detect v1.0.0
   Compiling multiversion_no_op v1.0.0
   Compiling home v0.5.12
    Checking aws-smithy-xml v0.62.1
    Checking miette v7.6.0
   Compiling which v4.4.2
   Compiling proc-macro2-diagnostics v0.10.1
   Compiling prost-build v0.14.4
    Checking strum v0.26.3
   Compiling clang-sys v1.9.1
    Checking validator v0.20.0
   Compiling proc-macro-error v0.4.12
    Checking ghash v0.5.1
   Compiling tinytemplate v1.2.1
   Compiling ciborium v0.2.2
    Checking tonic-prost v0.14.6
    Checking rustls-platform-verifier v0.7.1
    Checking aes v0.8.4
    Checking ctr v0.9.2
    Checking gix-commitgraph v0.37.1
   Compiling tonic-build v0.14.6
   Compiling flatbuffers v25.12.19
   Compiling itertools v0.12.1
    Checking aead v0.5.2
    Checking atoi v2.0.0
   Compiling aristo-macros v0.4.1
    Checking softaes v0.1.6
   Compiling anes v0.1.6
    Checking rawpointer v0.2.1
   Compiling io-lifetimes v3.0.1
    Checking rustc-hash v2.1.3
   Compiling io-lifetimes v2.0.4
   Compiling shlex v1.3.0
    Checking spin v0.10.1
    Checking siphasher v1.0.4
   Compiling lazy_static v1.5.0
   Compiling oorandom v11.1.5
   Compiling lazycell v1.3.0
   Compiling rustc-hash v1.1.0
   Compiling crunchy v0.2.4
   Compiling bindgen v0.69.5
   Compiling criterion v0.7.0
    Checking fastbloom v0.14.1
    Checking crc-fast v1.10.0
    Checking matrixmultiply v0.3.11
    Checking aristo v0.4.1
    Checking arrow-cast v55.2.0
    Checking aes-gcm v0.10.3
   Compiling tonic-prost-build v0.14.6
    Checking rayon-core v1.13.0
   Compiling turso_core v0.8.0-pre.7 (https://github.com/cachix/turso.git?rev=dca55133caa690f90dcdd58d3c4329fb0703659c#dca55133)
    Checking gix-revwalk v0.33.0
    Checking reqwest v0.13.5
    Checking icu_collator v2.3.1
    Checking icu_locale v2.3.1
   Compiling genawaiter-proc-macro v0.99.1
    Checking intrusive-collections v0.9.7
    Checking chroma-error v0.15.0 (https://github.com/domenkozar/chroma?rev=888ddd2e69c74a5539a9144dafeefc917334b45d#888ddd2e)
    Checking crc32c v0.6.8
    Checking branches v0.4.6
    Checking turso_parser v0.8.0-pre.7 (https://github.com/cachix/turso.git?rev=dca55133caa690f90dcdd58d3c4329fb0703659c#dca55133)
    Checking num-complex v0.2.4
    Checking turso_ext v0.8.0-pre.7 (https://github.com/cachix/turso.git?rev=dca55133caa690f90dcdd58d3c4329fb0703659c#dca55133)
   Compiling pear_codegen v0.2.9
    Checking io-uring v0.7.15
    Checking opentelemetry v0.27.1
    Checking rand_chacha v0.3.1
    Checking pack1 v1.1.0
    Checking roaring v0.11.5
    Checking token-source v1.0.0
    Checking gix-quote v0.7.2
    Checking rapidhash v4.5.1
    Checking polling v3.11.0
    Checking md-5 v0.11.0
    Checking gix-sec v0.14.2
    Checking approx v0.3.2
   Compiling figment v0.10.19
    Checking cfg_block v0.1.1
    Checking bumpalo v3.20.3
   Compiling io-extras v0.19.0
    Checking unsafe-libyaml v0.2.11
    Checking fallible-iterator v0.3.0
   Compiling gcloud-googleapis v1.3.0 (https://github.com/yoshidan/google-cloud-rust?tag=v20260319#bd8ec958)
    Checking alloc-no-stdlib v2.0.4
    Checking genawaiter-macro v0.99.1
   Compiling pastey v0.2.3
    Checking inlinable_string v0.1.15
    Checking yansi v1.0.1
   Compiling zstd-safe v7.3.0
    Checking allocator-api2 v0.4.0
    Checking pear v0.2.9
    Checking genawaiter v0.99.1
    Checking alloc-stdlib v0.2.4
    Checking serde_yaml v0.9.34+deprecated
    Checking alga v0.9.3
    Checking rand v0.8.8
    Checking rayon v1.12.0
   Compiling chroma-types v0.15.0 (https://github.com/domenkozar/chroma?rev=888ddd2e69c74a5539a9144dafeefc917334b45d#888ddd2e)
    Checking ndarray v0.17.2
   Compiling turso_sdk_kit v0.8.0-pre.7 (https://github.com/cachix/turso.git?rev=dca55133caa690f90dcdd58d3c4329fb0703659c#dca55133)
    Checking aws-smithy-query v0.62.1
    Checking futures v0.3.34
    Checking gix-ref v0.65.0
    Checking tokio-retry2 v0.6.2
    Checking pem v3.0.6
    Checking simple_asn1 v0.6.4
    Checking sha1 v0.11.0
    Checking env_filter v2.0.0
    Checking hashbrown v0.16.1
    Checking csv-core v0.1.13
    Checking num_cpus v1.17.0
    Checking utf8parse v0.2.2
   Compiling snap v1.1.2
   Compiling ref-cast v1.0.27
    Checking shell-words v1.1.1
    Checking humantime v2.4.0
   Compiling cap-primitives v4.0.3
   Compiling paste v1.0.15
    Checking symlink v0.1.0
    Checking tracing-appender v0.2.5
    Checking gix-command v0.9.2
    Checking anstyle-parse v1.0.0
    Checking sprs v0.11.5
    Checking csv v1.4.0
    Checking clru v0.6.3
    Checking env_logger v0.11.11
    Checking aws-smithy-checksums v0.65.0
    Checking jsonwebtoken v10.4.0
    Checking gcloud-gax v1.4.0 (https://github.com/yoshidan/google-cloud-rust?tag=v20260319#bd8ec958)
    Checking aws-sdk-sts v1.117.0
    Checking bitpacking v0.9.3
    Checking fs-set-times v0.20.3
    Checking arrow-ipc v55.2.0
    Checking brotli-decompressor v5.0.3
    Checking chroma-api-types v0.15.0 (https://github.com/domenkozar/chroma?rev=888ddd2e69c74a5539a9144dafeefc917334b45d#888ddd2e)
    Checking gcloud-metadata v1.0.2 (https://github.com/yoshidan/google-cloud-rust?tag=v20260319#bd8ec958)
    Checking aws-sdk-sso v1.112.0
    Checking aws-sdk-ssooidc v1.114.0
    Checking reqwest v0.12.28
   Compiling nix v0.31.3
    Checking roaring v0.10.12
    Checking gix-packetline v0.21.5
    Checking gix-glob v0.26.1
    Checking gix-url v0.36.2
    Checking rustix-linux-procfs v0.1.1
    Checking rustls-pemfile v2.2.0
    Checking itertools v0.14.0
    Checking itertools v0.13.0
    Checking lru v0.18.5
    Checking quick-xml v0.38.4
    Checking ordered-float v2.10.1
   Compiling blake3 v1.8.7
   Compiling ref-cast-impl v1.0.27
   Compiling turso_sdk_kit_macros v0.8.0-pre.7 (https://github.com/cachix/turso.git?rev=dca55133caa690f90dcdd58d3c4329fb0703659c#dca55133)
   Compiling portable-atomic v1.15.0
    Checking keccak v0.1.6
    Checking colorchoice v1.0.5
    Checking is_terminal_polyfill v1.70.2
    Checking maybe-owned v0.3.4
   Compiling cap-std v4.0.3
    Checking anstyle-query v1.1.5
    Checking murmur3 v0.5.2
    Checking ambient-authority v0.0.2
    Checking integer-encoding v3.0.4
    Checking anstyle v1.0.14
    Checking glob v0.3.4
    Checking parking v2.2.1
    Checking opentelemetry_sdk v0.27.1
    Checking futures-lite v2.6.1
    Checking anstream v1.0.0
    Checking thrift v0.17.0
    Checking chroma-config v0.1.0 (https://github.com/domenkozar/chroma?rev=888ddd2e69c74a5539a9144dafeefc917334b45d#888ddd2e)
    Checking gcloud-auth v1.3.0 (https://github.com/yoshidan/google-cloud-rust?tag=v20260319#bd8ec958)
    Checking sha3 v0.10.9
    Checking object_store v0.12.5
    Checking aws-sdk-s3 v1.144.0
    Checking gix-transport v0.57.2
    Checking aws-config v1.12.0
    Checking gcloud-longrunning v1.4.0 (https://github.com/yoshidan/google-cloud-rust?tag=v20260319#bd8ec958)
    Checking brotli v8.0.4
    Checking turso_sync_engine v0.8.0-pre.7 (https://github.com/cachix/turso.git?rev=dca55133caa690f90dcdd58d3c4329fb0703659c#dca55133)
    Checking zstd v0.13.3
    Checking gix-pack v0.72.0
    Checking arrow-csv v55.2.0
    Checking chroma-metrics v0.1.0 (https://github.com/domenkozar/chroma?rev=888ddd2e69c74a5539a9144dafeefc917334b45d#888ddd2e)
    Checking gix-revision v0.47.0
    Checking gix-traverse v0.59.0
    Checking arrow-json v55.2.0
    Checking gix-shallow v0.12.1
    Checking lz4_flex v0.11.6
    Checking arrow-string v55.2.0
    Checking arrow-ord v55.2.0
    Checking arrow-arith v55.2.0
    Checking arrow-row v55.2.0
    Checking safe_arch v0.7.4
    Checking gix-bitmap v0.3.3
    Checking gix-config-value v0.18.1
    Checking backon v1.6.0
   Compiling async-stream-impl v0.3.6
   Compiling maybe-async v0.2.11
    Checking inplace-vec-builder v0.1.1
    Checking filetime v0.2.29
    Checking strsim v0.11.1
    Checking arrayvec v0.7.8
    Checking clap_lex v1.1.1
    Checking constant_time_eq v0.4.2
    Checking unicode-bom v2.0.3
    Checking option-ext v0.2.0
    Checking winnow v1.0.4
   Compiling seq-macro v0.3.6
    Checking binary-merge v0.1.2
   Compiling cap-fs-ext v4.0.3
    Checking compression-core v0.4.33
    Checking compression-codecs v0.4.43
    Checking parquet v55.2.0
    Checking range-collections v0.4.6
    Checking toml_parser v1.1.3+spec-1.1.0
    Checking dirs-sys v0.5.0
    Checking gix-config v0.58.0
    Checking clap_builder v4.6.7
    Checking gix-index v0.53.0
    Checking gix-protocol v0.63.0
    Checking async-stream v0.3.6
    Checking chroma-storage v0.1.0 (https://github.com/domenkozar/chroma?rev=888ddd2e69c74a5539a9144dafeefc917334b45d#888ddd2e)
    Checking wide v0.7.33
    Checking arrow v55.2.0
    Checking turso_sync_sdk_kit v0.8.0-pre.7 (https://github.com/cachix/turso.git?rev=dca55133caa690f90dcdd58d3c4329fb0703659c#dca55133)
    Checking gix-refspec v0.43.0
    Checking gix-odb v0.82.0
    Checking gcloud-spanner v1.8.0 (https://github.com/yoshidan/google-cloud-rust?tag=v20260319#bd8ec958)
    Checking setsum v0.7.0
    Checking tracing-opentelemetry v0.28.0
    Checking iroh-io v0.6.2
    Checking gix-discover v0.53.0
    Checking rand_xoshiro v0.7.0
    Checking gix-diff v0.65.0
   Compiling clap_derive v4.6.7
    Checking itertools v0.15.0
    Checking quick-xml v0.41.0
    Checking serde_spanned v1.1.1
    Checking toml_datetime v0.7.5+spec-1.1.0
    Checking positioned-io v0.3.5
    Checking self_cell v1.3.0
    Checking winnow v0.7.15
    Checking imbl-sized-chunks v0.2.0
    Checking archery v1.2.3
    Checking imbl v7.0.2
    Checking toml v0.9.12+spec-1.1.0
    Checking bao-tree v0.16.1
    Checking object_store v0.14.2
    Checking clap v4.6.7
    Checking gix v0.85.0
    Checking wal3 v0.1.0 (https://github.com/domenkozar/chroma?rev=888ddd2e69c74a5539a9144dafeefc917334b45d#888ddd2e)
    Checking astral-tokio-tar v0.6.4
    Checking turso v0.8.0-pre.7 (https://github.com/cachix/turso.git?rev=dca55133caa690f90dcdd58d3c4329fb0703659c#dca55133)
    Checking fastcdc v5.0.0
    Checking dirs v6.0.0
    Checking async-compression v0.4.48
    Checking nix-archive v0.6.0
    Checking jsonrpc-core v18.0.0
    Checking fs4 v1.1.0
   Compiling auto_impl v1.3.0
    Checking data-encoding v2.11.1
    Checking casita v0.1.0 (/tmp/casita-current-main-20260925/crates/casita)
    Finished `dev` profile [unoptimized + debuginfo] target(s) in 6m 37s
