copying 33 paths...
copying path '/tmp/obrador-shared-pins-linux/round-3-retry-baseline/chain-round-1-jobs-8/store/vp3fny61bljhfhj2mi1vh6qdg6cx9isy-seed' to 'obrador+local:///tmp/obrador-shared-pins-linux/round-3-retry-baseline/chain-round-1-jobs-8/obrador/state'...
copying path '/tmp/obrador-shared-pins-linux/round-3-retry-baseline/chain-round-1-jobs-8/store/lxy5b7ly7ia358xr42w4c90h9mjpy24w-leaf-0.drv.drv' to 'obrador+local:///tmp/obrador-shared-pins-linux/round-3-retry-baseline/chain-round-1-jobs-8/obrador/state'...
copying path '/tmp/obrador-shared-pins-linux/round-3-retry-baseline/chain-round-1-jobs-8/store/p43a0zv96ky6bmfsx47f5saq9ly33apx-leaf-1.drv.drv' to 'obrador+local:///tmp/obrador-shared-pins-linux/round-3-retry-baseline/chain-round-1-jobs-8/obrador/state'...
copying path '/tmp/obrador-shared-pins-linux/round-3-retry-baseline/chain-round-1-jobs-8/store/fnqdp4r786f3drhhn3amawqlc7k3vcly-leaf-2.drv.drv' to 'obrador+local:///tmp/obrador-shared-pins-linux/round-3-retry-baseline/chain-round-1-jobs-8/obrador/state'...
copying path '/tmp/obrador-shared-pins-linux/round-3-retry-baseline/chain-round-1-jobs-8/store/shl1i45wzbzn1kayzf44wzjjzgsz4nnk-leaf-3.drv.drv' to 'obrador+local:///tmp/obrador-shared-pins-linux/round-3-retry-baseline/chain-round-1-jobs-8/obrador/state'...
copying path '/tmp/obrador-shared-pins-linux/round-3-retry-baseline/chain-round-1-jobs-8/store/631amz5vhmky1d7y36v5656hqb43x9bs-leaf-4.drv.drv' to 'obrador+local:///tmp/obrador-shared-pins-linux/round-3-retry-baseline/chain-round-1-jobs-8/obrador/state'...
copying path '/tmp/obrador-shared-pins-linux/round-3-retry-baseline/chain-round-1-jobs-8/store/pxwjw411g6sbfa2ma4my0vnz75i0zkza-leaf-5.drv.drv' to 'obrador+local:///tmp/obrador-shared-pins-linux/round-3-retry-baseline/chain-round-1-jobs-8/obrador/state'...
copying path '/tmp/obrador-shared-pins-linux/round-3-retry-baseline/chain-round-1-jobs-8/store/zifwkmm6hd4q951nmld1f373vlm2sk00-leaf-6.drv.drv' to 'obrador+local:///tmp/obrador-shared-pins-linux/round-3-retry-baseline/chain-round-1-jobs-8/obrador/state'...
copying path '/tmp/obrador-shared-pins-linux/round-3-retry-baseline/chain-round-1-jobs-8/store/6zfkvm5kjgy6q5kick2990k83sbg2xl9-leaf-7.drv.drv' to 'obrador+local:///tmp/obrador-shared-pins-linux/round-3-retry-baseline/chain-round-1-jobs-8/obrador/state'...
copying path '/tmp/obrador-shared-pins-linux/round-3-retry-baseline/chain-round-1-jobs-8/store/ikqizfxj8qrmn4hywkl24f7hg6rp7gnf-leaf-8.drv.drv' to 'obrador+local:///tmp/obrador-shared-pins-linux/round-3-retry-baseline/chain-round-1-jobs-8/obrador/state'...
copying path '/tmp/obrador-shared-pins-linux/round-3-retry-baseline/chain-round-1-jobs-8/store/m490dmagg6z283zshhjp0c0kwvn8ib7j-leaf-9.drv.drv' to 'obrador+local:///tmp/obrador-shared-pins-linux/round-3-retry-baseline/chain-round-1-jobs-8/obrador/state'...
copying path '/tmp/obrador-shared-pins-linux/round-3-retry-baseline/chain-round-1-jobs-8/store/yb2swl8z87b66dq79ia57v0v9p72yzg9-leaf-10.drv.drv' to 'obrador+local:///tmp/obrador-shared-pins-linux/round-3-retry-baseline/chain-round-1-jobs-8/obrador/state'...
copying path '/tmp/obrador-shared-pins-linux/round-3-retry-baseline/chain-round-1-jobs-8/store/8sajdasxlrhc4sw8f5i8vnxszi1s0rws-leaf-11.drv.drv' to 'obrador+local:///tmp/obrador-shared-pins-linux/round-3-retry-baseline/chain-round-1-jobs-8/obrador/state'...
copying path '/tmp/obrador-shared-pins-linux/round-3-retry-baseline/chain-round-1-jobs-8/store/sw5c5af133k8rnv7hdqxgqsf51f8cgwn-leaf-12.drv.drv' to 'obrador+local:///tmp/obrador-shared-pins-linux/round-3-retry-baseline/chain-round-1-jobs-8/obrador/state'...
copying path '/tmp/obrador-shared-pins-linux/round-3-retry-baseline/chain-round-1-jobs-8/store/gqc5g4c1nny1zk46q3mp85kgmnv0c9fv-leaf-13.drv.drv' to 'obrador+local:///tmp/obrador-shared-pins-linux/round-3-retry-baseline/chain-round-1-jobs-8/obrador/state'...
copying path '/tmp/obrador-shared-pins-linux/round-3-retry-baseline/chain-round-1-jobs-8/store/kbv7jy5llv6asp6qfsxcg5cgdlh3h092-leaf-14.drv.drv' to 'obrador+local:///tmp/obrador-shared-pins-linux/round-3-retry-baseline/chain-round-1-jobs-8/obrador/state'...
copying path '/tmp/obrador-shared-pins-linux/round-3-retry-baseline/chain-round-1-jobs-8/store/y8z3hnqc7gdyvg7kvsgb6475i5xx63ml-leaf-15.drv.drv' to 'obrador+local:///tmp/obrador-shared-pins-linux/round-3-retry-baseline/chain-round-1-jobs-8/obrador/state'...
copying path '/tmp/obrador-shared-pins-linux/round-3-retry-baseline/chain-round-1-jobs-8/store/ckrcqxpfnryh4lfyxjb1acymsvr8az4w-leaf-16.drv.drv' to 'obrador+local:///tmp/obrador-shared-pins-linux/round-3-retry-baseline/chain-round-1-jobs-8/obrador/state'...
copying path '/tmp/obrador-shared-pins-linux/round-3-retry-baseline/chain-round-1-jobs-8/store/kxmp1kp1y23k9qanlxvj3aa1zx9jgjsr-leaf-17.drv.drv' to 'obrador+local:///tmp/obrador-shared-pins-linux/round-3-retry-baseline/chain-round-1-jobs-8/obrador/state'...
copying path '/tmp/obrador-shared-pins-linux/round-3-retry-baseline/chain-round-1-jobs-8/store/75j14k5p9ra52h75qvnpd9zplwnwpvy5-leaf-18.drv.drv' to 'obrador+local:///tmp/obrador-shared-pins-linux/round-3-retry-baseline/chain-round-1-jobs-8/obrador/state'...
copying path '/tmp/obrador-shared-pins-linux/round-3-retry-baseline/chain-round-1-jobs-8/store/83xygr1n9xddp70hr5vdck3fh9dl2cj5-leaf-19.drv.drv' to 'obrador+local:///tmp/obrador-shared-pins-linux/round-3-retry-baseline/chain-round-1-jobs-8/obrador/state'...
copying path '/tmp/obrador-shared-pins-linux/round-3-retry-baseline/chain-round-1-jobs-8/store/r9bb0p59szivk4lz2nj80jk4mpkac9fs-leaf-20.drv.drv' to 'obrador+local:///tmp/obrador-shared-pins-linux/round-3-retry-baseline/chain-round-1-jobs-8/obrador/state'...
copying path '/tmp/obrador-shared-pins-linux/round-3-retry-baseline/chain-round-1-jobs-8/store/9hk6dv29ichsa9p2hddiwxzf4gwdl50l-leaf-21.drv.drv' to 'obrador+local:///tmp/obrador-shared-pins-linux/round-3-retry-baseline/chain-round-1-jobs-8/obrador/state'...
copying path '/tmp/obrador-shared-pins-linux/round-3-retry-baseline/chain-round-1-jobs-8/store/f7padfw1ai5bdk8ansms80xbxnyvynrg-leaf-22.drv.drv' to 'obrador+local:///tmp/obrador-shared-pins-linux/round-3-retry-baseline/chain-round-1-jobs-8/obrador/state'...
copying path '/tmp/obrador-shared-pins-linux/round-3-retry-baseline/chain-round-1-jobs-8/store/yvvk2x0cvcq62a6xsnbvr9b5acwhgh7q-leaf-23.drv.drv' to 'obrador+local:///tmp/obrador-shared-pins-linux/round-3-retry-baseline/chain-round-1-jobs-8/obrador/state'...
copying path '/tmp/obrador-shared-pins-linux/round-3-retry-baseline/chain-round-1-jobs-8/store/r40z69v76m34qh5c3m2ikbgr14q67bfq-leaf-24.drv.drv' to 'obrador+local:///tmp/obrador-shared-pins-linux/round-3-retry-baseline/chain-round-1-jobs-8/obrador/state'...
copying path '/tmp/obrador-shared-pins-linux/round-3-retry-baseline/chain-round-1-jobs-8/store/nq27lwrzwrlh43p6m2zymp3qlyldfnr9-leaf-25.drv.drv' to 'obrador+local:///tmp/obrador-shared-pins-linux/round-3-retry-baseline/chain-round-1-jobs-8/obrador/state'...
copying path '/tmp/obrador-shared-pins-linux/round-3-retry-baseline/chain-round-1-jobs-8/store/1i5x1rcb2q3z1w45ypmqa6mp1p20yv8k-leaf-26.drv.drv' to 'obrador+local:///tmp/obrador-shared-pins-linux/round-3-retry-baseline/chain-round-1-jobs-8/obrador/state'...
copying path '/tmp/obrador-shared-pins-linux/round-3-retry-baseline/chain-round-1-jobs-8/store/dd2dhhjlalsa8hrp1jwkn4a4pk6hm96c-leaf-27.drv.drv' to 'obrador+local:///tmp/obrador-shared-pins-linux/round-3-retry-baseline/chain-round-1-jobs-8/obrador/state'...
copying path '/tmp/obrador-shared-pins-linux/round-3-retry-baseline/chain-round-1-jobs-8/store/5pdr2c14dzw1ld6m7mgbmh3fdb720sbx-leaf-28.drv.drv' to 'obrador+local:///tmp/obrador-shared-pins-linux/round-3-retry-baseline/chain-round-1-jobs-8/obrador/state'...
copying path '/tmp/obrador-shared-pins-linux/round-3-retry-baseline/chain-round-1-jobs-8/store/949w1ygsmjmsb4ln01kcj71lgrza4gmm-leaf-29.drv.drv' to 'obrador+local:///tmp/obrador-shared-pins-linux/round-3-retry-baseline/chain-round-1-jobs-8/obrador/state'...
copying path '/tmp/obrador-shared-pins-linux/round-3-retry-baseline/chain-round-1-jobs-8/store/2bj5b7173nc3mrwyq0x89w6r5w5g1d1g-leaf-30.drv.drv' to 'obrador+local:///tmp/obrador-shared-pins-linux/round-3-retry-baseline/chain-round-1-jobs-8/obrador/state'...
copying path '/tmp/obrador-shared-pins-linux/round-3-retry-baseline/chain-round-1-jobs-8/store/qkidsglw8gndq2jph4gcnhbskx4yq9zr-leaf-31.drv.drv' to 'obrador+local:///tmp/obrador-shared-pins-linux/round-3-retry-baseline/chain-round-1-jobs-8/obrador/state'...
