copying 33 paths...
copying path '/tmp/obrador-shared-pins-linux/round-3-after/chain-round-1-jobs-8/store/rvrwljdl8nb7majmlpfx6d5hd8qjg6g4-seed' to 'local://'...
copying path '/tmp/obrador-shared-pins-linux/round-3-after/chain-round-1-jobs-8/store/cf34qcwm4n47b1wxlc1jjlqy153x9nb5-leaf-0.drv.drv' to 'local://'...
copying path '/tmp/obrador-shared-pins-linux/round-3-after/chain-round-1-jobs-8/store/np6cnyjc1yrbbc52b35f2cg01mbwgpwy-leaf-1.drv.drv' to 'local://'...
copying path '/tmp/obrador-shared-pins-linux/round-3-after/chain-round-1-jobs-8/store/gv9hql94nx4bbn67kaz789m1wy7c8pqz-leaf-2.drv.drv' to 'local://'...
copying path '/tmp/obrador-shared-pins-linux/round-3-after/chain-round-1-jobs-8/store/yjwqlqk5b6ly3ic4i8wlkw79v710zmzn-leaf-3.drv.drv' to 'local://'...
copying path '/tmp/obrador-shared-pins-linux/round-3-after/chain-round-1-jobs-8/store/xhxcgj3hwj0x421hqhrs1a23sc9ksw5i-leaf-4.drv.drv' to 'local://'...
copying path '/tmp/obrador-shared-pins-linux/round-3-after/chain-round-1-jobs-8/store/r1d76a6pjh9bwp65qyx98bzzqqklm1c9-leaf-5.drv.drv' to 'local://'...
copying path '/tmp/obrador-shared-pins-linux/round-3-after/chain-round-1-jobs-8/store/z7r0l60538aadvxd8pb9bmzalidy1jad-leaf-6.drv.drv' to 'local://'...
copying path '/tmp/obrador-shared-pins-linux/round-3-after/chain-round-1-jobs-8/store/yp0cf5jbh5x8fb68whjvnrxb161zslxd-leaf-7.drv.drv' to 'local://'...
copying path '/tmp/obrador-shared-pins-linux/round-3-after/chain-round-1-jobs-8/store/9ay1fiyxd8940f1017crp1c91xka6h0x-leaf-8.drv.drv' to 'local://'...
copying path '/tmp/obrador-shared-pins-linux/round-3-after/chain-round-1-jobs-8/store/f0wb8cjgl4lx2sqvcdnpi4s49pkadwqd-leaf-9.drv.drv' to 'local://'...
copying path '/tmp/obrador-shared-pins-linux/round-3-after/chain-round-1-jobs-8/store/wpr825zjlzz1d6q5w2qn34vr1n08m3sd-leaf-10.drv.drv' to 'local://'...
copying path '/tmp/obrador-shared-pins-linux/round-3-after/chain-round-1-jobs-8/store/xc1612lr5aavf6lkcb7r4xl5sf0a76x1-leaf-11.drv.drv' to 'local://'...
copying path '/tmp/obrador-shared-pins-linux/round-3-after/chain-round-1-jobs-8/store/r104anbx1m1fk8sn0k2zaz2m8rkqp8ak-leaf-12.drv.drv' to 'local://'...
copying path '/tmp/obrador-shared-pins-linux/round-3-after/chain-round-1-jobs-8/store/1y98mq3zfj5s219awbj9c9f5jrs63kxc-leaf-13.drv.drv' to 'local://'...
copying path '/tmp/obrador-shared-pins-linux/round-3-after/chain-round-1-jobs-8/store/b70cm7nq5h3g62prmbmrvnqhn8qq733v-leaf-14.drv.drv' to 'local://'...
copying path '/tmp/obrador-shared-pins-linux/round-3-after/chain-round-1-jobs-8/store/g49z1kmv4apsc7xn3dfpac4q3qdmci1f-leaf-15.drv.drv' to 'local://'...
copying path '/tmp/obrador-shared-pins-linux/round-3-after/chain-round-1-jobs-8/store/5gv55bhnajav71scb4hmnfyc0scdy4is-leaf-16.drv.drv' to 'local://'...
copying path '/tmp/obrador-shared-pins-linux/round-3-after/chain-round-1-jobs-8/store/bhj7hiddx25gb544j6n2z3r5p6ddddws-leaf-17.drv.drv' to 'local://'...
copying path '/tmp/obrador-shared-pins-linux/round-3-after/chain-round-1-jobs-8/store/a0pzzjj7bnaz2wrs0wysy6n1j139lfza-leaf-18.drv.drv' to 'local://'...
copying path '/tmp/obrador-shared-pins-linux/round-3-after/chain-round-1-jobs-8/store/bg6nlf8b5ng0gdcf5syf0zqfvi2zynsf-leaf-19.drv.drv' to 'local://'...
copying path '/tmp/obrador-shared-pins-linux/round-3-after/chain-round-1-jobs-8/store/l0rl5hg1if30zasc67r5d5jg6lk4qd0l-leaf-20.drv.drv' to 'local://'...
copying path '/tmp/obrador-shared-pins-linux/round-3-after/chain-round-1-jobs-8/store/jh64x4f2k16ga2b5gnnw3jm8xcrfjl26-leaf-21.drv.drv' to 'local://'...
copying path '/tmp/obrador-shared-pins-linux/round-3-after/chain-round-1-jobs-8/store/4bqvhzq8xplwa3vap2rz5prh2l1g8nri-leaf-22.drv.drv' to 'local://'...
copying path '/tmp/obrador-shared-pins-linux/round-3-after/chain-round-1-jobs-8/store/3hz7sdvkaz27ml9qv0inrfk5spqpw0yp-leaf-23.drv.drv' to 'local://'...
copying path '/tmp/obrador-shared-pins-linux/round-3-after/chain-round-1-jobs-8/store/b989rlnqvwc2zrbxkb2l5wl73khh2ik0-leaf-24.drv.drv' to 'local://'...
copying path '/tmp/obrador-shared-pins-linux/round-3-after/chain-round-1-jobs-8/store/mfnar8v5by0zqkfdss4lb1xviqcnk4zf-leaf-25.drv.drv' to 'local://'...
copying path '/tmp/obrador-shared-pins-linux/round-3-after/chain-round-1-jobs-8/store/4w615dmkpy98fvlczkmibh43ag8h2qxx-leaf-26.drv.drv' to 'local://'...
copying path '/tmp/obrador-shared-pins-linux/round-3-after/chain-round-1-jobs-8/store/csh90bsr793lgbbh03n2ks5sxc3gw7sq-leaf-27.drv.drv' to 'local://'...
copying path '/tmp/obrador-shared-pins-linux/round-3-after/chain-round-1-jobs-8/store/znp3cykk0i0g77vq6m4bf6wspm127lz1-leaf-28.drv.drv' to 'local://'...
copying path '/tmp/obrador-shared-pins-linux/round-3-after/chain-round-1-jobs-8/store/miq2csdw0p8hqj7s0j54blcs1sg3py9m-leaf-29.drv.drv' to 'local://'...
copying path '/tmp/obrador-shared-pins-linux/round-3-after/chain-round-1-jobs-8/store/7dfsq73jcz16jsm1xnkli6cp3q9rk27b-leaf-30.drv.drv' to 'local://'...
copying path '/tmp/obrador-shared-pins-linux/round-3-after/chain-round-1-jobs-8/store/s54xbigvp5jk4wkf96wmp043z39gvgql-leaf-31.drv.drv' to 'local://'...
