 Downloading crates ...
  Downloaded toml_edit v0.25.15+spec-1.1.0
   Compiling proc-macro2 v1.0.107
   Compiling quote v1.0.47
   Compiling libc v0.2.189
   Compiling bitflags v2.13.2
   Compiling find-msvc-tools v0.1.12
   Compiling typenum v1.20.1
   Compiling smallvec v1.16.1
   Compiling writeable v0.6.4
   Compiling generic-array v0.14.7
   Compiling serde_core v1.0.229
   Compiling syn v2.0.119
   Compiling syn v3.0.5
   Compiling errno v0.3.14
   Compiling jobserver v0.1.35
   Compiling getrandom v0.2.17
   Compiling cc v1.4.5
   Compiling rand_core v0.6.4
   Compiling crypto-common v0.1.7
   Compiling futures-core v0.3.34
   Compiling litemap v0.8.3
   Compiling serde v1.0.229
   Compiling synstructure v0.13.2
   Compiling either v1.18.0
   Compiling cfg_aliases v0.2.2
   Compiling rustix v1.1.4
   Compiling icu_normalizer_data v2.3.0
   Compiling zerovec-derive v0.11.6
   Compiling displaydoc v0.2.7
   Compiling zerofrom-derive v0.1.7
   Compiling yoke-derive v0.8.2
   Compiling serde_derive v1.0.229
   Compiling zerofrom v0.1.8
   Compiling icu_properties_data v2.3.0
   Compiling yoke v0.8.3
   Compiling cpufeatures v0.2.17
   Compiling semver v1.0.28
   Compiling zerovec v0.11.8
   Compiling zerotrie v0.2.5
   Compiling rustc_version v0.4.1
   Compiling aho-corasick v1.1.5
   Compiling tinystr v0.8.4
   Compiling potential_utf v0.1.6
   Compiling icu_locale_core v2.3.0
   Compiling icu_collections v2.3.0
   Compiling log v0.4.34
   Compiling icu_provider v2.3.1
   Compiling bytes v1.12.1
   Compiling zerocopy v0.8.57
   Compiling regex-automata v0.4.18
   Compiling icu_normalizer v2.3.0
   Compiling icu_properties v2.3.0
   Compiling getrandom v0.4.3
   Compiling zerocopy-derive v0.8.57
   Compiling glob v0.3.4
   Compiling crossbeam-utils v0.8.23
   Compiling thiserror v2.0.20
   Compiling icu_locale_fallback_data v2.3.0
   Compiling clang-sys v1.9.1
   Compiling getrandom v0.3.4
   Compiling syn v1.0.109
   Compiling tracing-attributes v0.1.31
   Compiling thiserror-impl v2.0.20
   Compiling inout v0.1.4
   Compiling pkg-config v0.3.34
   Compiling futures-sink v0.3.34
   Compiling fastrand v2.5.0
   Compiling universal-hash v0.5.1
   Compiling cipher v0.4.4
   Compiling syn-mid v0.5.4
   Compiling tracing v0.1.44
   Compiling parking_lot_core v0.9.12
   Compiling tokio-macros v2.7.2
   Compiling bytemuck_derive v1.12.1
   Compiling signal-hook-registry v1.4.8
   Compiling mio v1.2.3
   Compiling icu_locale_data v2.3.0
   Compiling icu_collator_data v2.3.0
   Compiling tokio v1.53.1
   Compiling bytemuck v1.25.2
   Compiling polyval v0.6.2
   Compiling strum_macros v0.26.4
   Compiling rustix v0.38.44
   Compiling icu_locale_fallback v2.3.0
   Compiling parking_lot v0.12.5
   Compiling proc-macro-error-attr v0.4.12
   Compiling ppv-lite86 v0.2.21
   Compiling rand_core v0.9.5
   Compiling matchers v0.2.0
   Compiling tracing-log v0.2.0
   Compiling num-integer v0.1.47
   Compiling crc32c v0.6.8
   Compiling branches v0.4.6
   Compiling chacha20 v0.10.2
   Compiling turso_macros v0.8.0-pre.7 (https://github.com/cachix/turso.git?rev=dca55133caa690f90dcdd58d3c4329fb0703659c#dca55133)
   Compiling miette-derive v7.6.0
   Compiling aegis v0.9.15
   Compiling simsimd v6.5.16
   Compiling crossbeam-epoch v0.9.21
   Compiling home v0.5.11
   Compiling anyhow v1.0.104
   Compiling futures-io v0.3.34
   Compiling tracing-subscriber v0.3.23
   Compiling miette v7.6.0
   Compiling which v4.4.2
   Compiling bindgen v0.69.5
   Compiling rand v0.10.2
   Compiling num-bigint v0.4.8
   Compiling rand_chacha v0.9.0
   Compiling proc-macro-error v0.4.12
   Compiling strum v0.26.3
   Compiling regex v1.13.1
   Compiling ghash v0.5.1
   Compiling aes v0.8.4
   Compiling ctr v0.9.2
   Compiling prettyplease v0.2.37
   Compiling aristo-macros v0.4.1
   Compiling turso_core v0.8.0-pre.7 (https://github.com/cachix/turso.git?rev=dca55133caa690f90dcdd58d3c4329fb0703659c#dca55133)
   Compiling itertools v0.12.1
   Compiling aead v0.5.2
   Compiling zmij v1.0.23
   Compiling uuid v1.26.1
   Compiling roaring v0.11.3
   Compiling fastbloom v0.14.1
   Compiling aes-gcm v0.10.3
   Compiling aristo v0.4.1
   Compiling icu_locale v2.3.1
   Compiling turso_parser v0.8.0-pre.7 (https://github.com/cachix/turso.git?rev=dca55133caa690f90dcdd58d3c4329fb0703659c#dca55133)
   Compiling icu_collator v2.3.1
   Compiling genawaiter-proc-macro v0.99.1
   Compiling bigdecimal v0.4.10
   Compiling rand v0.9.5
   Compiling twox-hash v2.1.4
   Compiling turso_ext v0.8.0-pre.7 (https://github.com/cachix/turso.git?rev=dca55133caa690f90dcdd58d3c4329fb0703659c#dca55133)
   Compiling pack1 v1.1.0
   Compiling zstd-sys v2.1.0+zstd.1.5.7
   Compiling tempfile v3.27.0
   Compiling polling v3.11.0
   Compiling itertools v0.14.0
   Compiling equivalent v1.0.2
   Compiling serde_json v1.0.151
   Compiling ref-cast v1.0.27
   Compiling hashbrown v0.17.1
   Compiling indexmap v2.14.2
   Compiling time v0.3.55
   Compiling prost-derive v0.14.4
   Compiling genawaiter v0.99.1
   Compiling toml_parser v1.1.3+spec-1.1.0
   Compiling turso_sdk_kit v0.8.0-pre.7 (https://github.com/cachix/turso.git?rev=dca55133caa690f90dcdd58d3c4329fb0703659c#dca55133)
   Compiling http v1.5.0
   Compiling crossbeam-channel v0.5.17
   Compiling futures-channel v0.3.34
   Compiling env_filter v2.0.0
   Compiling futures-macro v0.3.34
   Compiling ref-cast-impl v1.0.27
   Compiling block-buffer v0.10.4
   Compiling const-oid v0.9.6
   Compiling futures-task v0.3.34
   Compiling digest v0.10.7
   Compiling futures-util v0.3.34
   Compiling toml_edit v0.25.15+spec-1.1.0
   Compiling tracing-appender v0.2.5
   Compiling env_logger v0.11.11
   Compiling fs-set-times v0.20.3
   Compiling prost v0.14.4
   Compiling tokio-util v0.7.19
   Compiling idna_adapter v1.2.1
   Compiling turso_sdk_kit_macros v0.8.0-pre.7 (https://github.com/cachix/turso.git?rev=dca55133caa690f90dcdd58d3c4329fb0703659c#dca55133)
   Compiling pin-project-internal v1.1.13
   Compiling nix v0.31.3
   Compiling blake3 v1.8.7
   Compiling ipnet v2.12.2
   Compiling portable-atomic v1.15.0
   Compiling zstd-safe v7.3.0
   Compiling form_urlencoded v1.2.2
   Compiling cap-primitives v4.0.3
   Compiling futures-lite v2.6.1
   Compiling pin-project v1.1.13
   Compiling tokio-stream v0.1.19
   Compiling idna v1.1.0
   Compiling proc-macro-crate v3.5.0
   Compiling async-stream-impl v0.3.6
   Compiling nix v0.30.1
   Compiling inplace-vec-builder v0.1.1
   Compiling range-collections v0.4.6
   Compiling async-stream v0.3.6
   Compiling num_enum_derive v0.7.6
   Compiling url v2.5.8
   Compiling iroh-io v0.6.2
   Compiling cap-std v4.0.3
   Compiling futures-executor v0.3.34
   Compiling sha1 v0.10.7
   Compiling fuser v0.17.0 (/Users/hetzner/casita-final-pins-20260912/vendor/fuser)
   Compiling async-trait v0.1.92
   Compiling itertools v0.15.0
   Compiling positioned-io v0.3.5
   Compiling self_cell v1.3.0
   Compiling bao-tree v0.16.1
   Compiling object_store v0.14.1
   Compiling sha1-checked v0.10.0
   Compiling futures v0.3.34
   Compiling astral-tokio-tar v0.6.4
   Compiling zstd v0.13.3
   Compiling cap-fs-ext v4.0.3
   Compiling num_enum v0.7.6
   Compiling fastcdc v5.0.0
   Compiling sha2 v0.10.9
   Compiling bstr v1.13.1
   Compiling fs4 v1.1.0
   Compiling auto_impl v1.3.0
   Compiling page_size v0.6.0
   Compiling data-encoding v2.11.1
   Compiling turso_sync_engine v0.8.0-pre.7 (https://github.com/cachix/turso.git?rev=dca55133caa690f90dcdd58d3c4329fb0703659c#dca55133)
warning: struct `cuse_init_in` is never constructed
   --> vendor/fuser/src/ll/fuse_abi.rs:539:19
    |
539 | pub(crate) struct cuse_init_in {
    |                   ^^^^^^^^^^^^
    |
    = note: `#[warn(dead_code)]` (part of `#[warn(unused)]`) on by default

warning: struct `cuse_init_out` is never constructed
   --> vendor/fuser/src/ll/fuse_abi.rs:548:19
    |
548 | pub(crate) struct cuse_init_out {
    |                   ^^^^^^^^^^^^^

warning: struct `fuse_ioctl_iovec` is never constructed
   --> vendor/fuser/src/ll/fuse_abi.rs:593:19
    |
593 | pub(crate) struct fuse_ioctl_iovec {
    |                   ^^^^^^^^^^^^^^^^

warning: struct `fuse_notify_retrieve_out` is never constructed
   --> vendor/fuser/src/ll/fuse_abi.rs:714:19
    |
714 | pub(crate) struct fuse_notify_retrieve_out {
    |                   ^^^^^^^^^^^^^^^^^^^^^^^^

warning: struct `fuse_notify_retrieve_in` is never constructed
   --> vendor/fuser/src/ll/fuse_abi.rs:724:19
    |
724 | pub(crate) struct fuse_notify_retrieve_in {
    |                   ^^^^^^^^^^^^^^^^^^^^^^^

warning: `fuser` (lib) generated 5 warnings
   Compiling turso_sync_sdk_kit v0.8.0-pre.7 (https://github.com/cachix/turso.git?rev=dca55133caa690f90dcdd58d3c4329fb0703659c#dca55133)
   Compiling turso v0.8.0-pre.7 (https://github.com/cachix/turso.git?rev=dca55133caa690f90dcdd58d3c4329fb0703659c#dca55133)
   Compiling casita v0.1.0 (/Users/hetzner/casita-final-pins-20260912)
   Compiling casita-fs v0.1.0 (/Users/hetzner/casita-final-pins-20260912/casita-fs)
    Finished `test` profile [unoptimized + debuginfo] target(s) in 3m 05s
     Running unittests src/lib.rs (/Users/hetzner/native-final-build-20260912/debug/deps/casita_fs-e9d91232c548c34f)

running 1 test
{"correctness":"passed","iterations":1000000,"native":true,"native_first_ensure_ns":8022916,"ns_per_call":14.612583,"platform":"macos","profile":"test","scenario":"memory_reuse","schema_version":1}
{"correctness":"passed","iterations":2000,"ns_per_call":58680.75,"platform":"macos","profile":"test","scenario":"receipt_reuse","schema_version":1}
{"correctness":"passed","iterations":2000,"ns_per_call":58352.6665,"platform":"macos","profile":"test","scenario":"receipt_reuse_after_settings_replacement","schema_version":1}
test darwin::setup::tests::benchmark_reuse ... ok

test result: ok. 1 passed; 0 failed; 0 ignored; 0 measured; 16 filtered out; finished in 0.27s

