    Blocking waiting for file lock on build directory
   Compiling serde_core v1.0.229
   Compiling serde v1.0.229
    Checking smallvec v1.16.1
    Checking futures-core v0.3.34
    Checking subtle v2.6.1
   Compiling num-traits v0.2.19
    Checking typenum v1.20.1
    Checking libc v0.2.189
    Checking futures-sink v0.3.34
   Compiling generic-array v0.14.7
    Checking allocator-api2 v0.2.21
    Checking foldhash v0.2.0
    Checking tracing v0.1.44
    Checking aho-corasick v1.1.5
    Checking futures-io v0.3.34
    Checking slab v0.4.12
    Checking futures-task v0.3.34
    Checking futures-channel v0.3.34
    Checking fnv v1.0.7
    Checking bitflags v2.13.2
   Compiling crc32fast v1.5.1
    Checking fastrand v2.5.0
    Checking thiserror v2.0.20
    Checking log v0.4.34
    Checking cpufeatures v0.3.1
    Checking either v1.18.0
   Compiling ring v0.17.14
    Checking crossbeam-utils v0.8.23
    Checking futures-util v0.3.34
    Checking zerofrom v0.1.8
    Checking hashbrown v0.17.1
   Compiling cmake v0.1.58
   Compiling fs_extra v1.3.0
   Compiling dunce v1.0.5
    Checking zlib-rs v0.6.7
    Checking yoke v0.8.3
    Checking zerocopy v0.8.57
   Compiling num-conv v0.2.2
   Compiling aws-lc-rs v1.18.1
    Checking zerovec v0.11.8
   Compiling time-core v0.1.9
    Checking cmov v0.5.4
   Compiling aws-lc-sys v0.45.0
    Checking rustls-pki-types v1.15.1
   Compiling time-macros v0.2.32
    Checking hybrid-array v0.4.15
    Checking regex-automata v0.4.18
    Checking indexmap v2.14.2
    Checking ctutils v0.4.2
    Checking const-oid v0.10.2
    Checking writeable v0.6.4
    Checking num-integer v0.1.47
    Checking untrusted v0.7.1
    Checking block-buffer v0.10.4
    Checking block-buffer v0.12.1
    Checking crypto-common v0.2.2
    Checking ipnet v2.12.2
    Checking parking_lot_core v0.9.12
    Checking getrandom v0.2.17
    Checking errno v0.3.14
    Checking socket2 v0.6.5
    Checking mio v1.2.3
    Checking getrandom v0.4.3
    Checking signal-hook-registry v1.4.8
    Checking tinystr v0.8.4
    Checking rand_core v0.6.4
    Checking httpdate v1.0.3
    Checking litemap v0.8.3
    Checking potential_utf v0.1.6
    Checking zerotrie v0.2.5
   Compiling rustls v0.23.44
    Checking crypto-common v0.1.7
    Checking rustix v1.1.4
    Checking sync_wrapper v1.0.2
    Checking icu_collections v2.3.0
    Checking icu_locale_core v2.3.0
    Checking digest v0.10.7
    Checking getrandom v0.3.4
    Checking tinyvec_macros v0.1.1
    Checking gix-trace v0.1.21
    Checking crossbeam-channel v0.5.17
    Checking zmij v1.0.23
    Checking tinyvec v1.13.2
    Checking digest v0.11.3
    Checking icu_properties_data v2.3.0
    Checking icu_normalizer_data v2.3.0
    Checking num-bigint v0.4.8
    Checking vsimd v0.8.0
    Checking sha2 v0.11.0
    Checking outref v0.5.2
    Checking pin-utils v0.1.0
   Compiling heapless v0.8.0
    Checking hash32 v0.3.1
    Checking unicode-normalization v0.1.25
   Compiling aws-smithy-runtime-api-macros v1.1.0
    Checking time v0.3.55
    Checking serde_json v1.0.151
    Checking base64-simd v0.8.0
    Checking num-complex v0.4.6
    Checking icu_provider v2.3.1
    Checking chacha20 v0.10.2
    Checking gix-utils v0.3.6
    Checking openssl-probe v0.2.1
   Compiling memchr v2.8.3
    Checking lock_api v0.4.14
    Checking bytes v1.12.1
    Checking chrono v0.4.45
    Checking icu_normalizer v2.3.0
    Checking icu_properties v2.3.0
    Checking rand v0.10.2
    Checking bstr v1.13.1
    Checking rustls-native-certs v0.8.4
    Checking sha1 v0.10.7
    Checking parking_lot v0.12.5
   Compiling itertools v0.14.0
    Checking faster-hex v0.10.0
    Checking sha1-checked v0.10.0
    Checking prodash v31.0.0
    Checking tokio v1.53.1
    Checking http v1.5.0
    Checking http v0.2.12
    Checking bytes-utils v0.1.4
    Checking gix-validate v0.11.4
    Checking gix-error v0.2.5
    Checking base64ct v1.8.3
    Checking mime v0.3.17
    Checking jiff-core v0.1.1
    Checking num-rational v0.4.2
    Checking gix-path v0.12.6
    Checking pem-rfc7468 v0.7.0
    Checking regex v1.13.1
    Checking num-iter v0.1.46
    Checking der v0.7.10
    Checking gix-features v0.48.1
    Checking half v2.7.1
   Compiling regex-syntax v0.8.11
    Checking num v0.4.3
    Checking http-body v1.1.0
    Checking idna_adapter v1.2.1
    Checking pin-project v1.1.13
    Checking http-body v0.4.6
    Checking ppv-lite86 v0.2.21
    Checking http-body-util v0.1.5
   Compiling ahash v0.8.12
    Checking gix-hash v0.25.1
    Checking idna v1.1.0
    Checking miniz_oxide v0.9.1
    Checking uuid v1.26.1
    Checking arrow-buffer v55.2.0
    Checking gix-hashtable v0.15.2
    Checking bytemuck v1.25.2
    Checking url v2.5.8
    Checking signature v2.2.0
    Checking rand_core v0.9.5
    Checking jiff v0.2.37
    Checking ff v0.13.1
   Compiling rustls v0.21.12
    Checking arrow-schema v55.2.0
    Checking base16ct v0.2.0
   Compiling crossbeam-deque v0.8.8
    Checking flate2 v1.1.10
    Checking group v0.13.0
    Checking spki v0.7.3
   Compiling prost-derive v0.14.4
    Checking axum-core v0.5.6
    Checking crypto-bigint v0.5.5
    Checking memmap2 v0.9.11
   Compiling once_cell v1.21.4
    Checking pkcs8 v0.10.2
    Checking hashbrown v0.15.5
    Checking matchit v0.8.4
    Checking crossbeam-epoch v0.9.21
    Checking arrow-data v55.2.0
    Checking sec1 v0.7.3
    Checking hmac v0.12.1
    Checking socket2 v0.5.10
    Checking webpki-roots v1.0.9
    Checking rfc6979 v0.4.0
   Compiling ident_case v1.0.1
   Compiling strsim v0.11.1
    Checking lexical-util v1.0.7
   Compiling darling_core v0.20.11
    Checking arrow-array v55.2.0
    Checking rand_chacha v0.9.0
    Checking gix-fs v0.21.2
    Checking sha2 v0.10.9
   Compiling aws-types v1.6.0
   Compiling thiserror-impl v1.0.69
    Checking elliptic-curve v0.13.8
   Compiling pulldown-cmark v0.13.4
    Checking sct v0.7.1
    Checking rustls-webpki v0.101.7
    Checking primeorder v0.13.6
    Checking ecdsa v0.16.9
    Checking rand v0.9.5
    Checking prost v0.14.4
    Checking gix-chunk v0.7.3
    Checking gix-date v0.15.6
    Checking matchers v0.2.0
    Checking p256 v0.13.2
    Checking serde_urlencoded v0.7.1
    Checking gix-actor v0.41.2
    Checking tracing-serde v0.2.0
    Checking gix-object v0.62.0
    Checking hmac v0.13.0
    Checking tempfile v3.27.0
    Checking inout v0.1.4
    Checking tracing-log v0.2.0
    Checking tokio-util v0.7.19
    Checking aws-smithy-async v1.3.0
   Compiling proc-macro-error-attr2 v2.0.0
   Compiling bigdecimal v0.4.10
   Compiling linux-raw-sys v0.12.1
   Compiling foldhash v0.1.5
   Compiling unicase v2.9.0
    Checking thiserror v1.0.69
    Checking nonempty v0.12.0
    Checking tracing-subscriber v0.3.23
    Checking h2 v0.4.19
    Checking tower v0.5.3
    Checking aws-smithy-types v1.6.3
    Checking tokio-stream v0.1.19
    Checking h2 v0.3.27
   Compiling proc-macro-error2 v2.0.1
   Compiling darling_macro v0.20.11
    Checking gix-tempfile v23.0.2
    Checking cipher v0.4.4
    Checking arrow-select v55.2.0
    Checking tokio-rustls v0.24.1
    Checking icu_locale_fallback_data v2.3.0
    Checking aws-smithy-runtime-api v1.16.0
    Checking aws-smithy-eventstream v0.61.2
    Checking lexical-parse-integer v1.0.6
    Checking lexical-write-integer v1.0.6
    Checking axum v0.8.9
    Checking tower-http v0.6.11
    Checking twox-hash v2.1.4
    Checking futures-executor v0.3.34
    Checking universal-hash v0.5.1
   Compiling darling v0.20.11
   Compiling proc-macro2-diagnostics v0.10.1
   Compiling plotters-backend v0.3.7
   Compiling fixedbitset v0.5.7
   Compiling clap_lex v1.1.0
   Compiling anstyle v1.0.14
   Compiling itoa v1.0.18
   Compiling ciborium-io v0.2.2
   Compiling plotters-svg v0.3.7
   Compiling petgraph v0.8.3
    Checking polyval v0.6.2
   Compiling nom v7.1.3
   Compiling validator_derive v0.20.0
   Compiling rustix v0.38.44
   Compiling clap_builder v4.6.6
    Checking lexical-write-float v1.0.6
    Checking lexical-parse-float v1.0.6
    Checking aws-smithy-schema v0.2.0
    Checking aws-smithy-http v0.64.0
    Checking aws-credential-types v1.3.0
    Checking aws-smithy-observability v0.3.0
   Compiling rayon-core v1.13.0
    Checking aws-sigv4 v1.5.1
    Checking aws-smithy-json v0.63.0
    Checking hyper v1.11.1
    Checking icu_locale_fallback v2.3.0
   Compiling pulldown-cmark-to-cmark v22.0.1
    Checking gix-lock v23.0.1
    Checking hyper v0.14.32
   Compiling prost-types v0.14.4
   Compiling itertools v0.13.0
   Compiling num-complex v0.2.4
   Compiling matrixmultiply v0.3.11
   Compiling same-file v1.0.6
   Compiling multimap v0.10.1
    Checking urlencoding v2.1.3
    Checking regex-lite v0.1.9
   Compiling cast v0.3.0
    Checking crc-catalog v2.5.0
    Checking xmlparser v0.13.6
   Compiling pin-project-lite v0.2.17
    Checking hyper-util v0.1.20
   Compiling yansi v1.0.1
    Checking miette v7.6.0
   Compiling which v4.4.2
    Checking crc v3.3.0
    Checking aws-smithy-xml v0.62.0
   Compiling clap v4.6.6
   Compiling prost-build v0.14.4
   Compiling ciborium-ll v0.2.2
   Compiling plotters v0.3.7
    Checking validator v0.20.0
   Compiling walkdir v2.5.0
   Compiling cexpr v0.6.0
   Compiling clang-sys v1.9.1
    Checking strum v0.26.3
   Compiling ciborium v0.2.2
   Compiling rayon v1.12.0
   Compiling tinytemplate v1.2.1
    Checking lexical-core v1.0.6
    Checking ghash v0.5.1
    Checking icu_collator_data v2.3.0
    Checking icu_locale_data v2.3.0
   Compiling criterion-plot v0.6.0
    Checking ctr v0.9.2
    Checking aes v0.8.4
    Checking gix-commitgraph v0.37.1
   Compiling tonic-build v0.14.5
   Compiling flatbuffers v25.12.19
   Compiling itertools v0.12.1
    Checking aead v0.5.2
    Checking atoi v2.0.0
    Checking hyper-timeout v0.5.2
    Checking encoding_rs v0.8.35
   Compiling anes v0.1.6
    Checking rawpointer v0.2.1
    Checking base64 v0.23.1
   Compiling crunchy v0.2.4
   Compiling oorandom v11.1.5
    Checking spin v0.10.1
    Checking hyper-rustls v0.24.2
    Checking fastbloom v0.14.1
    Checking crc-fast v1.9.0
   Compiling tonic-prost-build v0.14.5
    Checking aegis v0.9.15
    Checking arrow-cast v55.2.0
    Checking aes-gcm v0.10.3
    Checking aristo v0.4.1
    Checking gix-revwalk v0.33.0
    Checking icu_locale v2.3.1
    Checking icu_collator v2.3.1
   Compiling pear_codegen v0.2.9
    Checking turso_parser v0.8.0-pre.7 (https://github.com/cachix/turso.git?rev=dca55133caa690f90dcdd58d3c4329fb0703659c#dca55133)
    Checking branches v0.4.6
    Checking simsimd v6.5.16
    Checking turso_ext v0.8.0-pre.7 (https://github.com/cachix/turso.git?rev=dca55133caa690f90dcdd58d3c4329fb0703659c#dca55133)
    Checking io-uring v0.7.15
    Checking futures v0.3.34
    Checking polling v3.11.0
    Checking roaring v0.11.3
    Checking pack1 v1.1.0
    Checking rand_chacha v0.3.1
    Checking gix-quote v0.7.2
   Compiling bindgen v0.69.5
    Checking token-source v1.0.0
    Checking md-5 v0.11.0
    Checking gix-sec v0.14.2
    Checking approx v0.3.2
   Compiling figment v0.10.19
    Checking alloc-no-stdlib v2.0.4
    Checking utf8parse v0.2.2
   Compiling gcloud-googleapis v1.3.0 (https://github.com/yoshidan/google-cloud-rust?tag=v20260319#bd8ec958)
    Checking inlinable_string v0.1.15
   Compiling criterion v0.7.0
    Checking serde_yaml v0.9.34+deprecated
    Checking genawaiter v0.99.1
    Checking anstyle-parse v1.0.0
    Checking alloc-stdlib v0.2.4
    Checking alga v0.9.3
    Checking rand v0.8.8
    Checking ndarray v0.17.2
    Checking aws-smithy-query v0.62.0
    Checking pear v0.2.9
    Checking zstd-sys v2.1.0+zstd.1.5.7
    Checking gix-ref v0.65.0
    Checking opentelemetry v0.27.1
    Checking tokio-retry2 v0.6.0
    Checking simple_asn1 v0.6.4
    Checking sha1 v0.11.0
    Checking num_cpus v1.17.0
    Checking env_filter v2.0.0
    Checking hashbrown v0.16.1
    Checking pem v3.0.6
    Checking csv-core v0.1.13
    Checking colorchoice v1.0.5
   Compiling snap v1.1.2
   Compiling paste v1.0.15
    Checking shell-words v1.1.1
    Checking anstyle-query v1.1.5
    Checking is_terminal_polyfill v1.70.2
    Checking env_logger v0.11.11
    Checking gix-command v0.9.2
    Checking tracing-appender v0.2.5
    Checking anstream v1.0.0
    Checking csv v1.4.0
    Checking aws-smithy-checksums v0.65.0
    Checking arrow-ipc v55.2.0
    Checking turso_core v0.8.0-pre.7 (https://github.com/cachix/turso.git?rev=dca55133caa690f90dcdd58d3c4329fb0703659c#dca55133)
    Checking clru v0.6.3
    Checking zstd-safe v7.3.0
    Checking fs-set-times v0.20.3
    Checking bitpacking v0.9.3
    Checking brotli-decompressor v5.0.3
    Checking aws-smithy-http v0.62.5
    Checking aws-smithy-json v0.61.7
    Checking rustix-linux-procfs v0.1.1
    Checking roaring v0.10.12
    Checking gix-glob v0.26.1
    Checking gix-url v0.36.2
    Checking gix-packetline v0.21.5
    Checking quick-xml v0.38.4
    Checking ordered-float v2.10.1
    Checking rustls-pemfile v2.2.0
    Checking lru v0.18.4
    Checking murmur3 v0.5.2
    Checking integer-encoding v3.0.4
    Checking glob v0.3.4
    Checking home v0.5.11
    Checking keccak v0.1.6
    Checking thrift v0.17.0
    Checking futures-lite v2.6.1
    Checking brotli v8.0.4
    Checking opentelemetry_sdk v0.27.1
    Checking sha3 v0.10.9
    Checking cap-primitives v4.0.3
    Checking ref-cast v1.0.27
    Checking gix-transport v0.57.2
    Checking arrow-csv v55.2.0
    Checking zstd v0.13.3
    Checking gix-pack v0.72.0
    Checking arrow-json v55.2.0
    Checking gix-traverse v0.59.0
    Checking gix-revision v0.47.0
    Checking gix-shallow v0.12.1
    Checking lz4_flex v0.11.6
    Checking arrow-string v55.2.0
    Checking arrow-ord v55.2.0
    Checking backon v1.6.0
    Checking arrow-row v55.2.0
    Checking arrow-arith v55.2.0
    Checking safe_arch v0.7.4
    Checking gix-config-value v0.18.1
    Checking gix-bitmap v0.3.3
   Compiling clap_derive v4.6.4
    Checking filetime v0.2.29
    Checking inplace-vec-builder v0.1.1
   Compiling maybe-async v0.2.11
    Checking winnow v1.0.4
    Checking unicode-bom v2.0.3
   Compiling seq-macro v0.3.6
    Checking range-collections v0.4.6
    Checking gix-index v0.53.0
    Checking sprs v0.11.4
    Checking gix-config v0.58.0
    Checking dirs-sys v0.5.0
    Checking blake3 v1.8.7
    Checking wide v0.7.33
    Checking toml_parser v1.1.3+spec-1.1.0
   Compiling chroma-types v0.15.0 (https://github.com/domenkozar/chroma?rev=cf0c6959192248eee331c40fa1d13e9d8265c336#cf0c6959)
    Checking arrow v55.2.0
    Checking async-stream v0.3.6
    Checking gix-odb v0.82.0
    Checking gix-refspec v0.43.0
    Checking tracing-opentelemetry v0.28.0
    Checking iroh-io v0.6.2
    Checking cap-std v4.0.3
    Checking gix-protocol v0.63.0
    Checking nix v0.31.3
    Checking setsum v0.7.0
    Checking portable-atomic v1.15.0
    Checking parquet v55.2.0
    Checking gix-discover v0.53.0
    Checking gix-diff v0.65.0
    Checking rand_xoshiro v0.7.0
    Checking quick-xml v0.41.0
    Checking toml_datetime v0.7.5+spec-1.1.0
    Checking serde_spanned v1.1.1
   Compiling turso_sdk_kit v0.8.0-pre.7 (https://github.com/cachix/turso.git?rev=dca55133caa690f90dcdd58d3c4329fb0703659c#dca55133)
    Checking positioned-io v0.3.5
    Checking itertools v0.15.0
    Checking self_cell v1.3.0
    Checking winnow v0.7.15
    Checking gix v0.85.0
    Checking bao-tree v0.16.1
    Checking cap-fs-ext v4.0.3
    Checking fastcdc v5.0.0
    Checking astral-tokio-tar v0.6.4
    Checking imbl v7.0.2
    Checking dirs v6.0.0
    Checking fs4 v1.1.0
    Checking jsonrpc-core v18.0.0
    Checking wait-timeout v0.2.1
    Checking itertools v0.10.5
    Checking bit-vec v0.8.0
    Checking quick-error v1.2.3
    Checking data-encoding v2.11.1
    Checking rusty-fork v0.3.1
    Checking rand_xorshift v0.4.0
    Checking bit-set v0.8.0
    Checking is-terminal v0.4.17
    Checking unarray v0.1.4
    Checking proptest v1.11.0
    Checking toml v0.9.12+spec-1.1.0
    Checking criterion-plot v0.5.0
    Checking criterion v0.5.1
    Checking rustls-webpki v0.103.15
    Checking jsonwebtoken v10.3.0
    Checking tokio-rustls v0.26.5
    Checking rustls-platform-verifier v0.7.0
    Checking hyper-rustls v0.27.9
    Checking tonic v0.14.5
    Checking aws-smithy-http-client v1.4.0
    Checking reqwest v0.13.5
    Checking reqwest v0.12.28
    Checking aws-smithy-runtime v1.14.0
    Checking object_store v0.12.5
    Checking gcloud-metadata v1.0.2 (https://github.com/yoshidan/google-cloud-rust?tag=v20260319#bd8ec958)
    Checking object_store v0.14.1
    Checking gcloud-auth v1.3.0 (https://github.com/yoshidan/google-cloud-rust?tag=v20260319#bd8ec958)
    Checking tonic-prost v0.14.5
    Checking chroma-error v0.15.0 (https://github.com/domenkozar/chroma?rev=cf0c6959192248eee331c40fa1d13e9d8265c336#cf0c6959)
    Checking gcloud-gax v1.4.0 (https://github.com/yoshidan/google-cloud-rust?tag=v20260319#bd8ec958)
    Checking chroma-api-types v0.15.0 (https://github.com/domenkozar/chroma?rev=cf0c6959192248eee331c40fa1d13e9d8265c336#cf0c6959)
    Checking chroma-config v0.1.0 (https://github.com/domenkozar/chroma?rev=cf0c6959192248eee331c40fa1d13e9d8265c336#cf0c6959)
    Checking aws-runtime v1.9.2
    Checking aws-sdk-sso v1.109.0
    Checking aws-sdk-sts v1.114.0
    Checking aws-sdk-ssooidc v1.111.0
    Checking aws-sdk-s3 v1.144.0
    Checking gcloud-longrunning v1.4.0 (https://github.com/yoshidan/google-cloud-rust?tag=v20260319#bd8ec958)
    Checking gcloud-spanner v1.8.0 (https://github.com/yoshidan/google-cloud-rust?tag=v20260319#bd8ec958)
    Checking aws-config v1.8.11
    Checking turso_sync_engine v0.8.0-pre.7 (https://github.com/cachix/turso.git?rev=dca55133caa690f90dcdd58d3c4329fb0703659c#dca55133)
    Checking turso_sync_sdk_kit v0.8.0-pre.7 (https://github.com/cachix/turso.git?rev=dca55133caa690f90dcdd58d3c4329fb0703659c#dca55133)
    Checking turso v0.8.0-pre.7 (https://github.com/cachix/turso.git?rev=dca55133caa690f90dcdd58d3c4329fb0703659c#dca55133)
    Checking chroma-storage v0.1.0 (https://github.com/domenkozar/chroma?rev=cf0c6959192248eee331c40fa1d13e9d8265c336#cf0c6959)
    Checking wal3 v0.1.0 (https://github.com/domenkozar/chroma?rev=cf0c6959192248eee331c40fa1d13e9d8265c336#cf0c6959)
    Checking casita v0.1.0 (/home/domen/dev/casita-small-file-import)
    Finished `dev` profile [unoptimized + debuginfo] target(s) in 5m 39s
