   Compiling proc-macro2 v1.0.106
   Compiling quote v1.0.46
   Compiling unicode-ident v1.0.24
   Compiling libc v0.2.186
   Compiling cfg-if v1.0.4
   Compiling version_check v0.9.5
   Compiling serde_core v1.0.228
   Compiling serde v1.0.228
   Compiling pin-project-lite v0.2.17
   Compiling shlex v2.0.1
   Compiling autocfg v1.5.1
   Compiling find-msvc-tools v0.1.9
   Compiling typenum v1.20.1
   Compiling bitflags v2.13.0
   Compiling memchr v2.8.3
   Compiling stable_deref_trait v1.2.1
   Compiling once_cell v1.21.4
   Compiling futures-core v0.3.32
   Compiling smallvec v1.15.2
   Compiling rustix v1.1.4
   Compiling linux-raw-sys v0.12.1
   Compiling generic-array v0.14.7
   Compiling writeable v0.6.3
   Compiling litemap v0.8.2
   Compiling zerocopy v0.8.54
   Compiling num-traits v0.2.19
   Compiling getrandom v0.4.3
   Compiling utf8_iter v1.0.4
   Compiling rand_core v0.10.1
   Compiling regex-syntax v0.8.11
   Compiling itoa v1.0.18
   Compiling zmij v1.0.22
   Compiling icu_normalizer_data v2.2.0
   Compiling getrandom v0.3.4
   Compiling icu_properties_data v2.2.0
   Compiling aho-corasick v1.1.4
   Compiling either v1.16.0
   Compiling cpufeatures v0.2.17
   Compiling semver v1.0.28
   Compiling rustversion v1.0.23
   Compiling serde_json v1.0.150
   Compiling rustc_version v0.4.1
   Compiling tracing-core v0.1.36
   Compiling syn v1.0.109
   Compiling syn v2.0.118
   Compiling futures-sink v0.3.32
   Compiling log v0.4.33
   Compiling cfg_aliases v0.2.1
   Compiling jobserver v0.1.35
   Compiling fastrand v2.4.1
   Compiling utf16_iter v1.0.5
   Compiling heck v0.5.0
   Compiling write16 v1.0.0
   Compiling cpufeatures v0.3.0
   Compiling crossbeam-utils v0.8.22
   Compiling cc v1.2.67
   Compiling glob v0.3.3
   Compiling thiserror v2.0.18
   Compiling inout v0.1.4
   Compiling proc-macro-error-attr v0.4.12
   Compiling rustix v0.38.44
   Compiling icu_locale_data v2.2.0
   Compiling libm v0.2.16
   Compiling parking_lot_core v0.9.12
   Compiling clang-sys v1.8.1
   Compiling subtle v2.6.1
   Compiling futures-io v0.3.32
   Compiling getrandom v0.2.17
   Compiling errno v0.3.14
   Compiling socket2 v0.6.4
   Compiling mio v1.2.1
   Compiling prettyplease v0.2.37
   Compiling rand_core v0.6.4
   Compiling rand_core v0.9.5
   Compiling signal-hook-registry v1.4.8
   Compiling crypto-common v0.1.7
   Compiling memoffset v0.9.1
   Compiling proc-macro-error v0.4.12
   Compiling proc-macro-hack v0.5.20+deprecated
   Compiling cipher v0.4.4
   Compiling regex-automata v0.4.15
   Compiling universal-hash v0.5.1
   Compiling lazy_static v1.5.0
   Compiling scopeguard v1.2.0
   Compiling iana-time-zone v0.1.65
   Compiling icu_collator_data v2.2.0
   Compiling minimal-lexical v0.2.1
   Compiling linux-raw-sys v0.4.15
   Compiling opaque-debug v0.3.1
   Compiling polyval v0.6.2
   Compiling chrono v0.4.45
   Compiling libloading v0.8.9
   Compiling lock_api v0.4.14
   Compiling nom v7.1.3
   Compiling sharded-slab v0.1.7
   Compiling simsimd v6.5.16
   Compiling aegis v0.9.15
   Compiling chacha20 v0.10.1
   Compiling tracing-log v0.2.0
   Compiling num-integer v0.1.46
   Compiling branches v0.4.4
   Compiling crc32c v0.6.8
   Compiling syn-mid v0.5.4
   Compiling bigdecimal v0.4.10
   Compiling uncased v0.9.10
   Compiling thread_local v1.1.10
   Compiling turso_ext v0.8.0-pre.9
   Compiling home v0.5.12
   Compiling io-uring v0.7.13
   Compiling nu-ansi-term v0.50.3
   Compiling bindgen v0.69.5
   Compiling crossbeam-epoch v0.9.20
   Compiling synstructure v0.13.2
   Compiling unicode-width v0.1.14
   Compiling anyhow v1.0.103
   Compiling which v4.4.2
   Compiling cexpr v0.6.0
   Compiling num-bigint v0.4.8
   Compiling rand v0.10.2
   Compiling parking_lot v0.12.5
   Compiling regex v1.13.0
   Compiling matchers v0.2.0
   Compiling ghash v0.5.1
   Compiling ctr v0.9.2
   Compiling aes v0.8.4
   Compiling aead v0.5.2
   Compiling turso_core v0.8.0-pre.9
   Compiling futures-channel v0.3.32
   Compiling itertools v0.10.5
   Compiling siphasher v1.0.3
   Compiling serde_derive v1.0.228
   Compiling zerofrom-derive v0.1.7
   Compiling yoke-derive v0.8.2
   Compiling zerovec-derive v0.11.3
   Compiling displaydoc v0.2.6
   Compiling zerocopy-derive v0.8.54
   Compiling tracing-attributes v0.1.31
   Compiling tokio-macros v2.7.0
   Compiling thiserror-impl v2.0.18
   Compiling bytemuck_derive v1.11.0
   Compiling strum_macros v0.26.4
   Compiling miette-derive v7.6.0
   Compiling zerofrom v0.1.8
   Compiling turso_macros v0.8.0-pre.9
   Compiling yoke v0.8.3
   Compiling futures-macro v0.3.32
   Compiling tracing v0.1.44
   Compiling zerovec v0.11.6
   Compiling zerotrie v0.2.4
   Compiling tempfile v3.27.0
   Compiling bytemuck v1.25.2
   Compiling aristo-macros v0.4.1
   Compiling miette v7.6.0
   Compiling sha1_smol v1.0.1
   Compiling futures-task v0.3.32
   Compiling pkg-config v0.3.33
   Compiling lazycell v1.3.0
   Compiling slab v0.4.12
   Compiling softaes v0.1.5
   Compiling tinystr v0.8.3
   Compiling potential_utf v0.1.5
   Compiling rustc-hash v1.1.0
   Compiling rustc-hash v2.1.3
   Compiling io-lifetimes v2.0.4
   Compiling icu_locale_core v2.2.0
   Compiling icu_collections v2.2.0
   Compiling io-lifetimes v3.0.1
   Compiling shlex v1.3.0
   Compiling strum v0.26.3
   Compiling byteorder v1.5.0
   Compiling zstd-sys v2.0.16+zstd.1.5.7
   Compiling futures-util v0.3.32
   Compiling aristo v0.4.1
   Compiling roaring v0.11.4
   Compiling uuid v1.23.5
   Compiling pack1 v1.1.0
   Compiling polling v3.11.0
   Compiling turso_parser v0.8.0-pre.9
   Compiling bytes v1.12.1
   Compiling tracing-serde v0.2.0
   Compiling tracing-subscriber v0.3.23
   Compiling aes-gcm v0.10.3
   Compiling fastbloom v0.14.1
   Compiling icu_provider v2.2.0
   Compiling genawaiter-proc-macro v0.99.1
   Compiling tokio v1.52.3
   Compiling twox-hash v2.1.3
   Compiling icu_normalizer v2.2.0
   Compiling icu_properties v2.2.0
   Compiling icu_locale v2.2.0
   Compiling intrusive-collections v0.9.7
   Compiling ppv-lite86 v0.2.21
   Compiling icu_collator v2.2.1
   Compiling rand_chacha v0.9.0
   Compiling arc-swap v1.9.2
   Compiling rand v0.9.5
   Compiling rapidhash v4.5.1
   Compiling itertools v0.14.0
   Compiling pastey v0.2.3
   Compiling ryu v1.0.23
   Compiling simdutf8 v0.1.5
   Compiling fallible-iterator v0.3.0
   Compiling cfg_block v0.1.1
   Compiling genawaiter-macro v0.99.1
   Compiling powerfmt v0.2.0
   Compiling utf8parse v0.2.2
   Compiling bumpalo v3.20.3
   Compiling hex v0.4.3
   Compiling num-conv v0.2.2
   Compiling deranged v0.5.8
   Compiling allocator-api2 v0.4.0
   Compiling time-core v0.1.9
   Compiling io-extras v0.19.0
   Compiling anstyle-parse v1.0.0
   Compiling genawaiter v0.99.1
   Compiling http v1.4.2
   Compiling crossbeam-channel v0.5.16
   Compiling block-buffer v0.10.4
   Compiling prost-derive v0.14.4
   Compiling env_filter v2.0.0
   Compiling time v0.3.53
   Compiling colorchoice v1.0.5
   Compiling const-oid v0.9.6
   Compiling cap-primitives v4.0.3
   Compiling symlink v0.1.0
   Compiling anstyle-query v1.1.5
   Compiling is_terminal_polyfill v1.70.2
   Compiling ref-cast v1.0.25
   Compiling turso_sdk_kit v0.8.0-pre.9
   Compiling anstyle v1.0.14
   Compiling anstream v1.0.0
   Compiling digest v0.10.7
   Compiling env_logger v0.11.11
   Compiling fs-set-times v0.20.3
   Compiling half v2.7.1
   Compiling idna_adapter v1.2.2
   Compiling rustix-linux-procfs v0.1.1
   Compiling pin-project-internal v1.1.13
   Compiling prost v0.14.4
   Compiling ref-cast-impl v1.0.25
   Compiling turso_sdk_kit_macros v0.8.0-pre.9
   Compiling blake3 v1.8.5
   Compiling nix v0.31.3
   Compiling tokio-util v0.7.18
   Compiling clap_lex v1.1.0
   Compiling strsim v0.11.1
   Compiling same-file v1.0.6
   Compiling parking v2.2.1
   Compiling ciborium-io v0.2.2
   Compiling base64 v0.22.1
   Compiling zstd-safe v7.2.4
   Compiling portable-atomic v1.13.1
   Compiling ipnet v2.12.0
   Compiling cap-std v4.0.3
   Compiling ambient-authority v0.0.2
   Compiling maybe-owned v0.3.4
   Compiling percent-encoding v2.3.2
   Compiling form_urlencoded v1.2.2
   Compiling pin-project v1.1.13
   Compiling tracing-appender v0.2.5
   Compiling tokio-stream v0.1.18
   Compiling clap_builder v4.6.0
   Compiling futures-lite v2.6.1
   Compiling ciborium-ll v0.2.2
   Compiling walkdir v2.5.0
   Compiling idna v1.1.0
   Compiling futures-executor v0.3.32
   Compiling clap_derive v4.6.1
   Compiling async-stream-impl v0.3.6
   Compiling wait-timeout v0.2.1
   Compiling inplace-vec-builder v0.1.1
   Compiling fnv v1.0.7
   Compiling arrayvec v0.7.8
   Compiling bit-vec v0.8.0
   Compiling arrayref v0.3.9
   Compiling cast v0.3.0
   Compiling quick-error v1.2.3
   Compiling constant_time_eq v0.4.2
   Compiling cap-fs-ext v4.0.3
   Compiling option-ext v0.2.0
   Compiling binary-merge v0.1.2
   Compiling dirs-sys v0.5.0
   Compiling range-collections v0.4.6
   Compiling bit-set v0.8.0
   Compiling rusty-fork v0.3.1
   Compiling async-stream v0.3.6
   Compiling iroh-io v0.6.2
   Compiling url v2.5.8
   Compiling futures v0.3.32
   Compiling ciborium v0.2.2
   Compiling sha1 v0.10.7
   Compiling tinytemplate v1.2.1
   Compiling criterion-plot v0.5.0
   Compiling async-trait v0.1.89
   Compiling rand_xorshift v0.4.0
   Compiling clap v4.6.1
   Compiling positioned-io v0.3.5
   Compiling is-terminal v0.4.17
   Compiling itertools v0.15.0
   Compiling oorandom v11.1.5
   Compiling self_cell v1.2.2
   Compiling humantime v2.4.0
   Compiling unarray v0.1.4
   Compiling anes v0.1.6
   Compiling proptest v1.11.0
   Compiling criterion v0.5.1
   Compiling astral-tokio-tar v0.6.4
   Compiling bao-tree v0.16.0
   Compiling sha1-checked v0.10.0
   Compiling fastcdc v3.2.1
   Compiling dirs v6.0.0
   Compiling sha2 v0.10.9
   Compiling jsonrpc-core v18.0.0
   Compiling fs4 v1.1.0
   Compiling auto_impl v1.3.0
   Compiling bstr v1.12.3
   Compiling data-encoding v2.11.0
   Compiling object_store v0.14.1
   Compiling zstd v0.13.3
   Compiling turso_sync_engine v0.8.0-pre.9
   Compiling turso_sync_sdk_kit v0.8.0-pre.9
   Compiling turso v0.8.0-pre.4
   Compiling casita v0.1.0 (/home/domen/dev/casita4)
warning: struct `CountingCompactState` is never constructed
    --> src/git_repository.rs:1033:12
     |
1033 |     struct CountingCompactState {
     |            ^^^^^^^^^^^^^^^^^^^^
     |
     = note: `#[warn(dead_code)]` (part of `#[warn(unused)]`) on by default

warning: `casita` (lib test) generated 1 warning
    Finished `release` profile [optimized] target(s) in 4m 08s
  Executable unittests src/lib.rs (/home/domen/.cargo/build/72/b52283b34cb0c3/release/deps/casita-fd5262c3a9cf6244)
