   Compiling proc-macro2 v1.0.106
   Compiling quote v1.0.46
   Compiling unicode-ident v1.0.24
   Compiling cfg-if v1.0.4
   Compiling libc v0.2.186
   Compiling version_check v0.9.5
   Compiling bitflags v2.13.0
   Compiling find-msvc-tools v0.1.9
   Compiling shlex v2.0.1
   Compiling pin-project-lite v0.2.17
   Compiling autocfg v1.5.1
   Compiling typenum v1.20.1
   Compiling stable_deref_trait v1.2.1
   Compiling serde_core v1.0.228
   Compiling memchr v2.8.3
   Compiling smallvec v1.15.2
   Compiling serde v1.0.228
   Compiling once_cell v1.21.4
   Compiling either v1.16.0
   Compiling futures-core v0.3.32
   Compiling rustix v1.1.4
   Compiling linux-raw-sys v0.12.1
   Compiling writeable v0.6.3
   Compiling litemap v0.8.2
   Compiling generic-array v0.14.7
   Compiling zerocopy v0.8.54
   Compiling rand_core v0.10.1
   Compiling num-traits v0.2.19
   Compiling getrandom v0.4.3
   Compiling utf8_iter v1.0.4
   Compiling getrandom v0.3.4
   Compiling regex-syntax v0.8.11
   Compiling icu_properties_data v2.2.0
   Compiling icu_normalizer_data v2.2.0
   Compiling aho-corasick v1.1.4
   Compiling semver v1.0.28
   Compiling cpufeatures v0.2.17
   Compiling rustversion v1.0.23
   Compiling cfg_aliases v0.2.1
   Compiling utf16_iter v1.0.5
   Compiling fastrand v2.4.1
   Compiling rustc_version v0.4.1
   Compiling syn v1.0.109
   Compiling write16 v1.0.0
   Compiling lazy_static v1.5.0
   Compiling tracing-core v0.1.36
   Compiling glob v0.3.3
   Compiling log v0.4.33
   Compiling thiserror v2.0.18
   Compiling crossbeam-utils v0.8.22
   Compiling futures-sink v0.3.32
   Compiling cpufeatures v0.3.0
   Compiling clang-sys v1.8.1
   Compiling syn v2.0.118
   Compiling inout v0.1.4
   Compiling proc-macro-error-attr v0.4.12
   Compiling jobserver v0.1.35
   Compiling libloading v0.8.9
   Compiling icu_locale_data v2.2.0
   Compiling rustix v0.38.44
   Compiling prettyplease v0.2.37
   Compiling parking_lot_core v0.9.12
   Compiling cc v1.2.67
   Compiling libm v0.2.16
   Compiling subtle v2.6.1
   Compiling memoffset v0.9.1
   Compiling proc-macro-error v0.4.12
   Compiling itoa v1.0.18
   Compiling iana-time-zone v0.1.65
   Compiling getrandom v0.2.17
   Compiling rand_core v0.6.4
   Compiling errno v0.3.14
   Compiling mio v1.2.1
   Compiling rand_core v0.9.5
   Compiling opaque-debug v0.3.1
   Compiling linux-raw-sys v0.4.15
   Compiling crypto-common v0.1.7
   Compiling regex-automata v0.4.15
   Compiling signal-hook-registry v1.4.8
   Compiling futures-io v0.3.32
   Compiling cipher v0.4.4
   Compiling universal-hash v0.5.1
   Compiling heck v0.5.0
   Compiling scopeguard v1.2.0
   Compiling zmij v1.0.22
   Compiling proc-macro-hack v0.5.20+deprecated
   Compiling icu_collator_data v2.2.0
   Compiling minimal-lexical v0.2.1
   Compiling lock_api v0.4.14
   Compiling polyval v0.6.2
   Compiling nom v7.1.3
   Compiling chrono v0.4.45
   Compiling num-integer v0.1.46
   Compiling tracing-log v0.2.0
   Compiling chacha20 v0.10.1
   Compiling crc32c v0.6.8
   Compiling aegis v0.9.15
   Compiling simsimd v6.5.16
   Compiling branches v0.4.4
   Compiling sharded-slab v0.1.7
   Compiling bigdecimal v0.4.10
   Compiling uncased v0.9.10
   Compiling thread_local v1.1.10
   Compiling home v0.5.12
   Compiling anyhow v1.0.103
   Compiling bindgen v0.69.5
   Compiling nu-ansi-term v0.50.3
   Compiling crossbeam-epoch v0.9.20
   Compiling turso_ext v0.8.0-pre.9
   Compiling syn-mid v0.5.4
   Compiling serde_json v1.0.150
   Compiling unicode-width v0.1.14
   Compiling io-uring v0.7.13
   Compiling rand v0.10.2
   Compiling num-bigint v0.4.8
   Compiling parking_lot v0.12.5
   Compiling cexpr v0.6.0
   Compiling which v4.4.2
   Compiling ghash v0.5.1
   Compiling ctr v0.9.2
   Compiling aes v0.8.4
   Compiling aead v0.5.2
   Compiling turso_core v0.8.0-pre.9
   Compiling itertools v0.10.5
   Compiling rustc-hash v1.1.0
   Compiling regex v1.13.0
   Compiling lazycell v1.3.0
   Compiling pkg-config v0.3.33
   Compiling byteorder v1.5.0
   Compiling synstructure v0.13.2
   Compiling softaes v0.1.5
   Compiling rustc-hash v2.1.3
   Compiling io-lifetimes v3.0.1
   Compiling sha1_smol v1.0.1
   Compiling matchers v0.2.0
   Compiling io-lifetimes v2.0.4
   Compiling shlex v1.3.0
   Compiling siphasher v1.0.3
   Compiling zstd-sys v2.0.16+zstd.1.5.7
   Compiling fastbloom v0.14.1
   Compiling uuid v1.23.5
   Compiling aes-gcm v0.10.3
   Compiling twox-hash v2.1.3
   Compiling intrusive-collections v0.9.7
   Compiling rapidhash v4.5.1
   Compiling arc-swap v1.9.2
   Compiling futures-channel v0.3.32
   Compiling itertools v0.14.0
   Compiling simdutf8 v0.1.5
   Compiling num-conv v0.2.2
   Compiling genawaiter-proc-macro v0.99.1
   Compiling io-extras v0.19.0
   Compiling allocator-api2 v0.4.0
   Compiling futures-task v0.3.32
   Compiling ryu v1.0.23
   Compiling genawaiter-macro v0.99.1
   Compiling slab v0.4.12
   Compiling cfg_block v0.1.1
   Compiling hex v0.4.3
   Compiling pastey v0.2.3
   Compiling bumpalo v3.20.3
   Compiling zerofrom-derive v0.1.7
   Compiling yoke-derive v0.8.2
   Compiling zerovec-derive v0.11.3
   Compiling serde_derive v1.0.228
   Compiling displaydoc v0.2.6
   Compiling zerocopy-derive v0.8.54
   Compiling tokio-macros v2.7.0
   Compiling tracing-attributes v0.1.31
   Compiling thiserror-impl v2.0.18
   Compiling bytemuck_derive v1.11.0
   Compiling miette-derive v7.6.0
   Compiling turso_macros v0.8.0-pre.9
   Compiling tempfile v3.27.0
   Compiling strum_macros v0.26.4
   Compiling aristo-macros v0.4.1
   Compiling zerofrom v0.1.8
   Compiling yoke v0.8.3
   Compiling polling v3.11.0
   Compiling futures-macro v0.3.32
   Compiling zerovec v0.11.6
   Compiling zerotrie v0.2.4
   Compiling aristo v0.4.1
   Compiling fallible-iterator v0.3.0
   Compiling tracing v0.1.44
   Compiling deranged v0.5.8
   Compiling bytemuck v1.25.2
   Compiling powerfmt v0.2.0
   Compiling tracing-subscriber v0.3.23
   Compiling pack1 v1.1.0
   Compiling roaring v0.11.4
   Compiling time-core v0.1.9
   Compiling prost-derive v0.14.4
   Compiling miette v7.6.0
   Compiling genawaiter v0.99.1
   Compiling futures-util v0.3.32
   Compiling crossbeam-channel v0.5.16
   Compiling block-buffer v0.10.4
   Compiling env_filter v2.0.0
   Compiling tinystr v0.8.3
   Compiling potential_utf v0.1.5
   Compiling icu_locale_core v2.2.0
   Compiling icu_collections v2.2.0
   Compiling ref-cast v1.0.25
   Compiling cap-primitives v4.0.3
   Compiling symlink v0.1.0
   Compiling time v0.3.53
   Compiling const-oid v0.9.6
   Compiling strum v0.26.3
   Compiling digest v0.10.7
   Compiling env_logger v0.11.11
   Compiling fs-set-times v0.20.3
   Compiling rustix-linux-procfs v0.1.1
   Compiling pin-project-internal v1.1.13
   Compiling ref-cast-impl v1.0.25
   Compiling turso_sdk_kit_macros v0.8.0-pre.9
   Compiling blake3 v1.8.5
   Compiling turso_parser v0.8.0-pre.9
   Compiling nix v0.31.3
   Compiling ambient-authority v0.0.2
   Compiling icu_provider v2.2.0
   Compiling same-file v1.0.6
   Compiling ipnet v2.12.0
   Compiling clap_lex v1.1.0
   Compiling bytes v1.12.1
   Compiling portable-atomic v1.13.1
   Compiling maybe-owned v0.3.4
   Compiling cap-std v4.0.3
   Compiling icu_properties v2.2.0
   Compiling icu_normalizer v2.2.0
   Compiling icu_locale v2.2.0
   Compiling ciborium-io v0.2.2
   Compiling percent-encoding v2.3.2
   Compiling anstyle v1.0.14
   Compiling parking v2.2.1
   Compiling tokio v1.52.3
   Compiling http v1.4.2
   Compiling prost v0.14.4
   Compiling zstd-safe v7.2.4
   Compiling base64 v0.22.1
   Compiling pin-project v1.1.13
   Compiling clap_builder v4.6.0
   Compiling futures-lite v2.6.1
   Compiling form_urlencoded v1.2.2
   Compiling tracing-appender v0.2.5
   Compiling futures-executor v0.3.32
   Compiling icu_collator v2.2.1
   Compiling idna_adapter v1.2.2
   Compiling walkdir v2.5.0
   Compiling async-stream-impl v0.3.6
   Compiling idna v1.1.0
   Compiling turso_sdk_kit v0.8.0-pre.9
   Compiling wait-timeout v0.2.1
   Compiling inplace-vec-builder v0.1.1
   Compiling binary-merge v0.1.2
   Compiling cap-fs-ext v4.0.3
   Compiling cast v0.3.0
   Compiling arrayref v0.3.9
   Compiling bit-vec v0.8.0
   Compiling arrayvec v0.7.8
   Compiling constant_time_eq v0.4.2
   Compiling ppv-lite86 v0.2.21
   Compiling half v2.7.1
   Compiling fnv v1.0.7
   Compiling quick-error v1.2.3
   Compiling rusty-fork v0.3.1
   Compiling async-stream v0.3.6
   Compiling bit-set v0.8.0
   Compiling url v2.5.8
   Compiling range-collections v0.4.6
   Compiling futures v0.3.32
   Compiling ciborium-ll v0.2.2
   Compiling rand_chacha v0.9.0
   Compiling tinytemplate v1.2.1
   Compiling ciborium v0.2.2
   Compiling sha1 v0.10.7
   Compiling async-trait v0.1.89
   Compiling rand_xorshift v0.4.0
   Compiling rand v0.9.5
   Compiling is-terminal v0.4.17
   Compiling clap v4.6.1
   Compiling positioned-io v0.3.5
   Compiling itertools v0.15.0
   Compiling humantime v2.4.0
   Compiling oorandom v11.1.5
   Compiling self_cell v1.2.2
   Compiling anes v0.1.6
   Compiling unarray v0.1.4
   Compiling criterion-plot v0.5.0
   Compiling sha1-checked v0.10.0
   Compiling sha2 v0.10.9
   Compiling fs4 v1.1.0
   Compiling auto_impl v1.3.0
   Compiling bstr v1.12.3
   Compiling data-encoding v2.11.0
   Compiling proptest v1.11.0
   Compiling zstd v0.13.3
   Compiling tokio-util v0.7.18
   Compiling iroh-io v0.6.2
   Compiling criterion v0.5.1
   Compiling object_store v0.14.1
   Compiling bao-tree v0.16.0
   Compiling tokio-stream v0.1.18
   Compiling fastcdc v3.2.1
   Compiling astral-tokio-tar v0.6.4
   Compiling turso_sync_engine v0.8.0-pre.9
   Compiling turso_sync_sdk_kit v0.8.0-pre.9
   Compiling turso v0.8.0-pre.4
   Compiling casita v0.1.0 (/home/domen/dev/casita4)
    Finished `test` profile [unoptimized + debuginfo] target(s) in 2m 43s
     Running unittests src/lib.rs (/home/domen/.cargo/build/72/b52283b34cb0c3/debug/deps/casita-6a4edae0eb8b0ff4)

running 69 tests
test metadata::pins::persistent::benchmarks::benchmark_durable_ledger ... ignored, permanent durable ledger benchmark; run benchmark durable-ledger
test metadata::pins::persistent::journal::tests::benchmark_journal_boundaries ... ignored, permanent journal checkpoint, batch, and space boundaries; run benchmark ledger-boundaries
test metadata::pins::persistent::journal::tests::ledger_process_worker ... ignored, subprocess worker for killed ledger publishers
test metadata::pins::persistent::journal::tests::physically_full_volume_preserves_acknowledged_state_and_recovers ... ignored, requires CASITA_LEDGER_FULL_DIR on a disposable filesystem smaller than 512 MiB
test metadata::pins::persistent::readers::tests::benchmark_reader_coordination ... ignored, permanent reader coordination benchmark; run benchmark reader-coordination
test metadata::pins::persistent::journal::tests::encoded_size_matches_the_wire_codec ... ok
test metadata::pins::persistent::journal::incremental::tests::indexed_edits_match_memory_arbitration_and_exact_replay ... ok
test metadata::pins::persistent::journal::tests::corrupt_frame_epoch_does_not_silently_discard_acknowledged_protection ... ok
test metadata::pins::persistent::journal::tests::ordered_group_has_one_barrier_and_checked_operations_keep_one_winner ... ok
test metadata::pins::persistent::journal::tests::appends_replay_exactly_and_reject_complete_corruption ... ok
test metadata::pins::persistent::journal::incremental::tests::grouped_net_changes_and_shared_resources_keep_exact_counts ... ok
test metadata::pins::persistent::readers::tests::reader_format_fences_legacy_collectors_and_survives_empty_owners ... ok
test metadata::pins::persistent::readers::tests::reader_inventory_encoding_is_bounded_and_rejects_durable_recovery_records ... ok
test metadata::pins::persistent::journal::tests::full_inventory_gc_transitions_share_the_journal_and_replay ... ok
test metadata::pins::persistent::readers::tests::fork_inherited_store_cannot_release_parent_protection ... ok
test metadata::pins::persistent::tests::cancelled_claim_keeps_protection_when_remote_commit_finishes_late ... ok
test metadata::pins::persistent::tests::cancelled_runtime_admission_releases_its_late_pin ... ok
test metadata::pins::persistent::tests::conditional_write_loser_reloads_and_preserves_the_winner ... ok
test metadata::pins::persistent::journal::tests::unsupported_exchange_preserves_legacy_and_active_journal ... ok
test metadata::pins::persistent::tests::file_slots_migrate_the_existing_ledger_without_losing_pins ... ok
test metadata::pins::persistent::journal::tests::full_legacy_ledger_can_collect_before_journal_upgrade ... ok
test metadata::pins::runtime::tests::a_cancelled_writer_keeps_its_pin_until_storage_settles ... ok
test metadata::pins::runtime::tests::last_owner_releases_only_its_pin ... ok
test metadata::pins::runtime::tests::nested_writer_scope_selects_its_owner_and_restores_the_parent ... ok
test metadata::pins::runtime::tests::storage_is_not_called_until_a_conflicting_deletion_settles ... ok
test metadata::pins::runtime::tests::write_scope_is_backend_specific_and_inherited_by_tracked_tasks ... ok
test metadata::pins::persistent::tests::file_slots_reuse_inodes_and_ignore_an_interrupted_spare_write ... ok
test metadata::pins::tests::codec_roundtrip_and_all_truncations_fail_closed ... ok
test metadata::pins::persistent::tests::independent_file_handles_preserve_concurrent_pin_updates ... ok
test metadata::pins::persistent::journal::tests::cancelled_acquisition_waits_for_journal_sync_before_releasing_its_token ... ok
test metadata::pins::persistent::journal::tests::failed_append_invalidates_tentative_cache_and_retains_all_acknowledged_pins ... ok
test metadata::pins::tests::covered_roots_do_not_authorize_new_snapshot_generations ... ok
test metadata::pins::tests::deletion_and_pin_registration_have_one_winner ... ok
test metadata::pins::tests::atomic_collector_takeover_keeps_history_and_requires_the_exact_previous_owner ... ok
test metadata::pins::tests::collector_admission_ignores_duplicate_pin_churn ... ok
test metadata::pins::tests::identical_path_cannot_be_recreated_until_deletion_has_settled ... ok
test metadata::pins::tests::identities_in_different_storage_namespaces_do_not_alias ... ok
test metadata::pins::tests::collector_history_keeps_released_writes_live_until_the_pass_finishes ... ok
test metadata::pins::persistent::readers::tests::reader_and_durable_transitions_share_the_prune_and_delete_fences ... ok
test metadata::pins::tests::independent_object_store_clients_share_arbitration ... ok
test metadata::pins::persistent::journal::tests::independent_processes_replay_and_append_without_losing_updates ... ok
test metadata::pins::persistent::readers::tests::warm_reader_admission_protection_and_release_do_not_rewrite_durable_ledger ... ok
test metadata::pins::tests::new_pin_invalidates_mark_and_only_protects_its_own_data ... ok
test metadata::pins::tests::object_store_cas_loser_rechecks_the_winning_pin ... ok
test metadata::pins::tests::empty_writer_churn_does_not_hide_first_protection_or_catalogs ... ok
test metadata::pins::tests::persisted_metadata_scope_cannot_hide_payload_resources ... ok
test metadata::pins::tests::emergency_deletion_requires_the_exact_collector_and_prune_fence ... ok
test metadata::pins::tests::post_prune_read_scopes_do_not_wait_for_unrelated_physical_deletion ... ok
test metadata::pins::tests::pruning_fences_new_scope_and_resources_but_existing_data_stays_usable ... ok
test metadata::pins::tests::released_pin_cannot_be_extended_or_release_another_pin ... ok
test metadata::pins::tests::revision_exhaustion_never_partially_changes_protection ... ok
test metadata::pins::tests::snapshot_generation_codec_round_trips_and_preserves_legacy_protection ... ok
test metadata::pins::tests::duplicate_pins_preserve_marks_but_new_protection_invalidates_them ... ok
test metadata::pins::persistent::readers::tests::last_owner_exit_fences_an_intact_but_stale_reader_clock ... ok
test metadata::pins::tests::independent_file_clients_share_arbitration ... ok
test metadata::pins::persistent::readers::tests::missing_reader_inventory_fails_closed_until_owner_stops_then_fences_old_revisions ... ok
test metadata::pins::tests::logical_mark_ignores_physical_growth_but_tracks_generations_and_objects ... ok
test metadata::pins::tests::persisted_deletion_survives_owner_drop_and_requires_exact_token ... ok
test metadata::pins::persistent::readers::tests::reader_revision_reservation_boundary_preserves_protection ... ok
test metadata::pins::persistent::readers::tests::owners_share_across_handles_and_reader_drop_never_retires_a_broad_scope ... ok
test metadata::pins::tests::metadata_handles_share_online_pins_without_logical_commits ... ok
test metadata::pins::tests::recovery_prune_requires_every_exact_claim_and_keeps_admission_closed ... ok
test metadata::pins::tests::validating_prune_captures_current_pins_with_exact_collector_and_claims ... ok
test metadata::pins::tests::metadata_pins_enter_prune_without_admitting_payloads_or_claimed_files ... ok
test metadata::pins::tests::validated_claims_accept_churn_but_reject_unchecked_or_overlapping_protection ... ok
test metadata::pins::persistent::readers::tests::cancelled_reader_publication_finishes_and_releases_its_late_token ... ok
test metadata::pins::persistent::journal::tests::checkpoint_and_gc_reuse_capacity_when_growth_is_denied ... ok
test metadata::pins::persistent::journal::tests::checkpoint_and_group_boundaries_match_the_production_limits ... ok
test metadata::pins::persistent::journal::tests::killed_publishers_preserve_acknowledged_pins_and_deletion_claims ... ok

test result: ok. 64 passed; 0 failed; 5 ignored; 0 measured; 514 filtered out; finished in 4.16s
